
Merging program properties

Removed property 0xc0000002 to merge binaries/ascdate.o (0x3) and binaries/start.o (not found)
Removed property 0xc0000002 to merge binaries/ascdate.o (not found) and binaries/bufinit.o (0x3)
Removed property 0xc0000002 to merge binaries/ascdate.o (not found) and binaries/chprio.o (0x3)
Removed property 0xc0000002 to merge binaries/ascdate.o (not found) and binaries/clkhandler.o (0x3)
Removed property 0xc0000002 to merge binaries/ascdate.o (not found) and binaries/clkinit.o (0x3)
Removed property 0xc0000002 to merge binaries/ascdate.o (not found) and binaries/close.o (0x3)
Removed property 0xc0000002 to merge binaries/ascdate.o (not found) and binaries/conf.o (0x3)
Removed property 0xc0000002 to merge binaries/ascdate.o (not found) and binaries/control.o (0x3)
Removed property 0xc0000002 to merge binaries/ascdate.o (not found) and binaries/create.o (0x3)
Removed property 0xc0000002 to merge binaries/ascdate.o (not found) and binaries/evec.o (0x3)
Removed property 0xc0000002 to merge binaries/ascdate.o (not found) and binaries/exit.o (0x3)
Removed property 0xc0000002 to merge binaries/ascdate.o (not found) and binaries/freebuf.o (0x3)
Removed property 0xc0000002 to merge binaries/ascdate.o (not found) and binaries/freemem.o (0x3)
Removed property 0xc0000002 to merge binaries/ascdate.o (not found) and binaries/getbuf.o (0x3)
Removed property 0xc0000002 to merge binaries/ascdate.o (not found) and binaries/getc.o (0x3)
Removed property 0xc0000002 to merge binaries/ascdate.o (not found) and binaries/getdev.o (0x3)
Removed property 0xc0000002 to merge binaries/ascdate.o (not found) and binaries/getitem.o (0x3)
Removed property 0xc0000002 to merge binaries/ascdate.o (not found) and binaries/getmem.o (0x3)
Removed property 0xc0000002 to merge binaries/ascdate.o (not found) and binaries/getpid.o (0x3)
Removed property 0xc0000002 to merge binaries/ascdate.o (not found) and binaries/getprio.o (0x3)
Removed property 0xc0000002 to merge binaries/ascdate.o (not found) and binaries/getstk.o (0x3)
Removed property 0xc0000002 to merge binaries/ascdate.o (not found) and binaries/getticks.o (0x3)
Removed property 0xc0000002 to merge binaries/ascdate.o (not found) and binaries/gettime.o (0x3)
Removed property 0xc0000002 to merge binaries/ascdate.o (not found) and binaries/getutime.o (0x3)
Removed property 0xc0000002 to merge binaries/ascdate.o (not found) and binaries/init.o (0x3)
Removed property 0xc0000002 to merge binaries/ascdate.o (not found) and binaries/initialize.o (0x3)
Removed property 0xc0000002 to merge binaries/ascdate.o (not found) and binaries/insert.o (0x3)
Removed property 0xc0000002 to merge binaries/ascdate.o (not found) and binaries/insertd.o (0x3)
Removed property 0xc0000002 to merge binaries/ascdate.o (not found) and binaries/ioerr.o (0x3)
Removed property 0xc0000002 to merge binaries/ascdate.o (not found) and binaries/ionull.o (0x3)
Removed property 0xc0000002 to merge binaries/ascdate.o (not found) and binaries/kill.o (0x3)
Removed property 0xc0000002 to merge binaries/ascdate.o (not found) and binaries/kprintf.o (0x3)
Removed property 0xc0000002 to merge binaries/ascdate.o (not found) and binaries/main.o (0x3)
Removed property 0xc0000002 to merge binaries/ascdate.o (not found) and binaries/mark.o (0x3)
Removed property 0xc0000002 to merge binaries/ascdate.o (not found) and binaries/meminit.o (0x3)
Removed property 0xc0000002 to merge binaries/ascdate.o (not found) and binaries/mkbufpool.o (0x3)
Removed property 0xc0000002 to merge binaries/ascdate.o (not found) and binaries/newqueue.o (0x3)
Removed property 0xc0000002 to merge binaries/ascdate.o (not found) and binaries/open.o (0x3)
Removed property 0xc0000002 to merge binaries/ascdate.o (not found) and binaries/panic.o (0x3)
Removed property 0xc0000002 to merge binaries/ascdate.o (not found) and binaries/platinit.o (0x3)
Removed property 0xc0000002 to merge binaries/ascdate.o (not found) and binaries/ptclear.o (0x3)
Removed property 0xc0000002 to merge binaries/ascdate.o (not found) and binaries/ptcount.o (0x3)
Removed property 0xc0000002 to merge binaries/ascdate.o (not found) and binaries/ptcreate.o (0x3)
Removed property 0xc0000002 to merge binaries/ascdate.o (not found) and binaries/ptdelete.o (0x3)
Removed property 0xc0000002 to merge binaries/ascdate.o (not found) and binaries/ptinit.o (0x3)
Removed property 0xc0000002 to merge binaries/ascdate.o (not found) and binaries/ptrecv.o (0x3)
Removed property 0xc0000002 to merge binaries/ascdate.o (not found) and binaries/ptreset.o (0x3)
Removed property 0xc0000002 to merge binaries/ascdate.o (not found) and binaries/ptsend.o (0x3)
Removed property 0xc0000002 to merge binaries/ascdate.o (not found) and binaries/putc.o (0x3)
Removed property 0xc0000002 to merge binaries/ascdate.o (not found) and binaries/queue.o (0x3)
Removed property 0xc0000002 to merge binaries/ascdate.o (not found) and binaries/read.o (0x3)
[...]
Memory Configuration

Name             Origin             Length             Attributes
*default*        0x0000000000000000 0xffffffffffffffff

Linker script and memory map

                0x0000000000100000                physbase = 0x100000
                0x0000000000100000                . = physbase
                0x0000000000100000                . = ALIGN (0x1000)

.text           0x0000000000100000    0x10000
                0x0000000000100000                text = ABSOLUTE (.)
 *(.text .text.*)
 .text          0x0000000000100000      0x1b4 binaries/start.o
                0x0000000000100024                start
                0x00000000001000f6                inb
                0x00000000001000fe                inw
                0x0000000000100107                inl
                0x000000000010010f                outb
                0x0000000000100119                outw
                0x0000000000100124                outl
                0x000000000010012e                _rtcin
                0x0000000000100139                ___udivsi3
                0x0000000000100144                ___divsi3
                0x0000000000100150                sbzero
                0x0000000000100160                insw
                0x0000000000100176                outsw
                0x000000000010018c                bcopy
                0x00000000001001a0                lidt
                0x00000000001001a8                cpuid
 .text          0x00000000001001b4      0x408 binaries/ascdate.o
                0x00000000001001b4                ascdate
 .text.__x86.get_pc_thunk.cx
                0x00000000001005bc        0x4 binaries/ascdate.o
                0x00000000001005bc                __x86.get_pc_thunk.cx
 .text          0x00000000001005c0       0x24 binaries/bufinit.o
                0x00000000001005c0                bufinit
 .text.__x86.get_pc_thunk.ax
                0x00000000001005e4        0x4 binaries/bufinit.o
                0x00000000001005e4                __x86.get_pc_thunk.ax
 .text          0x00000000001005e8       0xa6 binaries/chprio.o
                0x00000000001005e8                chprio
 .text.__x86.get_pc_thunk.bx
                0x000000000010068e        0x4 binaries/chprio.o
                0x000000000010068e                __x86.get_pc_thunk.bx
 .text          0x0000000000100692       0xe8 binaries/clkhandler.o
                0x0000000000100692                clkhandler
 .text          0x000000000010077a       0xa5 binaries/clkinit.o
                0x000000000010077a                clkinit
 .text          0x000000000010081f       0x8a binaries/close.o
                0x000000000010081f                close
 .text          0x00000000001008a9        0x0 binaries/conf.o
 .text          0x00000000001008a9       0x90 binaries/control.o
                0x00000000001008a9                control
 .text          0x0000000000100939      0x308 binaries/create.o
                0x0000000000100939                create
 .text          0x0000000000100c41      0x4d5 binaries/evec.o
                0x0000000000100c41                initevec
                0x0000000000100d56                set_evec
                0x0000000000100e18                _8259_setirmask
                0x0000000000100e8d                trap
 .text          0x0000000000101116       0x2d binaries/exit.o
                0x0000000000101116                exit
 .text          0x0000000000101143       0xa5 binaries/freebuf.o
                0x0000000000101143                freebuf
 .text          0x00000000001011e8      0x199 binaries/freemem.o
                0x00000000001011e8                freemem
 .text          0x0000000000101381       0xa3 binaries/getbuf.o
                0x0000000000101381                getbuf
 .text          0x0000000000101424       0x8a binaries/getc.o
                0x0000000000101424                getc
 .text          0x00000000001014ae       0x8a binaries/getdev.o
                0x00000000001014ae                getdev
 .text          0x0000000000101538      0x11d binaries/getitem.o
                0x0000000000101538                getfirst
                0x0000000000101592                getlast
                0x00000000001015ee                getitem
 .text.__x86.get_pc_thunk.dx
                0x0000000000101655        0x4 binaries/getitem.o
                0x0000000000101655                __x86.get_pc_thunk.dx
 .text          0x0000000000101659      0x136 binaries/getmem.o
                0x0000000000101659                getmem
 .text          0x000000000010178f       0x1b binaries/getpid.o
                0x000000000010178f                getpid
 .text          0x00000000001017aa       0x90 binaries/getprio.o
                0x00000000001017aa                getprio
 .text          0x000000000010183a      0x11d binaries/getstk.o
                0x000000000010183a                getstk
 .text          0x0000000000101957       0x24 binaries/getticks.o
                0x0000000000101957                getticks
 .text          0x000000000010197b       0x18 binaries/gettime.o
                0x000000000010197b                gettime
 .text          0x0000000000101993       0x18 binaries/getutime.o
                0x0000000000101993                getutime
 .text          0x00000000001019ab       0x8a binaries/init.o
                0x00000000001019ab                init
 .text          0x0000000000101a35      0x3d0 binaries/initialize.o
                0x0000000000101a35                nulluser
                0x0000000000101d8a                stop
                0x0000000000101dc9                delay
 .text          0x0000000000101e05      0x109 binaries/insert.o
                0x0000000000101e05                insert
 .text          0x0000000000101f0e      0x142 binaries/insertd.o
                0x0000000000101f0e                insertd
 .text          0x0000000000102050       0x18 binaries/ioerr.o
                0x0000000000102050                ioerr
 .text          0x0000000000102068       0x18 binaries/ionull.o
                0x0000000000102068                ionull
 .text          0x0000000000102080      0x1cd binaries/kill.o
                0x0000000000102080                kill
 .text          0x000000000010224d      0x1d6 binaries/kprintf.o
                0x000000000010224d                kputc
                0x0000000000102319                kgetc
                0x00000000001023e3                kprintf
 .text          0x0000000000102423      0x11e binaries/main.o
                0x0000000000102423                main
                0x00000000001024cf                sndA
                0x0000000000102508                sndB
 .text          0x0000000000102541       0xf6 binaries/mark.o
                0x0000000000102541                markinit
                0x000000000010257e                mark
 .text          0x0000000000102637      0x329 binaries/meminit.o
                0x0000000000102637                meminit
                0x0000000000102899                setsegs
 .text          0x0000000000102960      0x196 binaries/mkbufpool.o
                0x0000000000102960                mkbufpool
 .text          0x0000000000102af6       0xbf binaries/newqueue.o
                0x0000000000102af6                newqueue
 .text          0x0000000000102bb5       0x90 binaries/open.o
                0x0000000000102bb5                open
 .text          0x0000000000102c45       0x32 binaries/panic.o
                0x0000000000102c45                panic
 .text          0x0000000000102c77       0x31 binaries/platinit.o
                0x0000000000102c77                console_init
                0x0000000000102c8f                platinit
 .text          0x0000000000102ca8      0x109 binaries/ptclear.o
                0x0000000000102ca8                _ptclear
 .text          0x0000000000102db1       0xb3 binaries/ptcount.o
                0x0000000000102db1                ptcount
 .text          0x0000000000102e64      0x138 binaries/ptcreate.o
                0x0000000000102e64                ptcreate
 .text          0x0000000000102f9c       0x98 binaries/ptdelete.o
                0x0000000000102f9c                ptdelete
 .text          0x0000000000103034       0xe9 binaries/ptinit.o
                0x0000000000103034                ptinit
 .text          0x000000000010311d      0x139 binaries/ptrecv.o
                0x000000000010311d                ptrecv
 .text          0x0000000000103256       0x8d binaries/ptreset.o
                0x0000000000103256                ptreset
 .text          0x00000000001032e3      0x15e binaries/ptsend.o
                0x00000000001032e3                ptsend
 .text          0x0000000000103441       0x95 binaries/putc.o
                0x0000000000103441                putc
 .text          0x00000000001034d6      0x14e binaries/queue.o
                0x00000000001034d6                enqueue
                0x000000000010359b                dequeue
 .text          0x0000000000103624       0x90 binaries/read.o
                0x0000000000103624                read
 .text          0x00000000001036b4       0x90 binaries/ready.o
                0x00000000001036b4                ready
 .text          0x0000000000103744       0x78 binaries/receive.o
                0x0000000000103744                receive
 .text          0x00000000001037bc       0x74 binaries/recvclr.o
                0x00000000001037bc                recvclr
 .text          0x0000000000103830       0xd9 binaries/recvtime.o
                0x0000000000103830                recvtime
 .text          0x0000000000103909      0x1d2 binaries/resched.o
                0x0000000000103909                resched
                0x0000000000103a3a                resched_cntl
 .text          0x0000000000103adb       0xc3 binaries/resume.o
                0x0000000000103adb                resume
 .text          0x0000000000103b9e       0x8e binaries/seek.o
                0x0000000000103b9e                seek
 .text          0x0000000000103c2c       0x8b binaries/semcount.o
                0x0000000000103c2c                semcount
 .text          0x0000000000103cb7      0x108 binaries/semcreate.o
                0x0000000000103cb7                semcreate
 .text          0x0000000000103dbf       0xe3 binaries/semdelete.o
                0x0000000000103dbf                semdelete
 .text          0x0000000000103ea2       0xe7 binaries/semreset.o
                0x0000000000103ea2                semreset
 .text          0x0000000000103f89       0xff binaries/send.o
                0x0000000000103f89                send
 .text          0x0000000000104088       0xbe binaries/signal.o
                0x0000000000104088                signal
 .text          0x0000000000104146       0xec binaries/signaln.o
                0x0000000000104146                signaln
 .text          0x0000000000104232      0x116 binaries/sleep.o
                0x0000000000104232                sleep
                0x000000000010428e                sleepms
 .text          0x0000000000104348      0x1b8 binaries/stacktrace.o
                0x0000000000104348                stacktrace
 .text          0x0000000000104500       0xf9 binaries/suspend.o
                0x0000000000104500                suspend
 .text          0x00000000001045f9      0x104 binaries/unsleep.o
                0x00000000001045f9                unsleep
 .text          0x00000000001046fd       0x2d binaries/userret.o
                0x00000000001046fd                userret
 .text          0x000000000010472a       0xf9 binaries/wait.o
                0x000000000010472a                wait
 .text          0x0000000000104823       0x9c binaries/wakeup.o
                0x0000000000104823                wakeup
 .text          0x00000000001048bf       0x90 binaries/write.o
                0x00000000001048bf                write
 .text          0x000000000010494f       0x33 binaries/xdone.o
                0x000000000010494f                xdone
 .text          0x0000000000104982       0x3b binaries/yield.o
                0x0000000000104982                yield
 .text          0x00000000001049bd       0x1f binaries/abs.o
                0x00000000001049bd                abs
 .text          0x00000000001049dc       0x9e binaries/atoi.o
                0x00000000001049dc                atoi
 .text          0x0000000000104a7a       0x9e binaries/atol.o
                0x0000000000104a7a                atol
 .text          0x0000000000104b18       0x40 binaries/bzero.o
                0x0000000000104b18                bzero
 .text          0x0000000000104b58        0x0 binaries/ctype_.o
 .text          0x0000000000104b58      0x96b binaries/doprnt.o
                0x0000000000104b58                _doprnt
 .text          0x00000000001054c3      0x709 binaries/doscan.o
                0x00000000001054c3                _doscan
 .text.__x86.get_pc_thunk.di
                0x0000000000105bcc        0x4 binaries/doscan.o
                0x0000000000105bcc                __x86.get_pc_thunk.di
 .text          0x0000000000105bd0      0x788 binaries/fdoprnt.o
                0x0000000000105bd0                _fdoprnt
 .text          0x0000000000106358       0x3d binaries/fgetc.o
                0x0000000000106358                fgetc
 .text          0x0000000000106395       0x88 binaries/fgets.o
                0x0000000000106395                fgets
 .text          0x000000000010641d       0x40 binaries/fprintf.o
                0x000000000010641d                fprintf
 .text          0x000000000010645d       0x40 binaries/fputc.o
                0x000000000010645d                fputc
 .text          0x000000000010649d       0x56 binaries/fputs.o
                0x000000000010649d                fputs
 .text          0x00000000001064f3       0xc2 binaries/fscanf.o
                0x00000000001064f3                fscanf
 .text          0x00000000001065b5       0x4a binaries/getchar.o
                0x00000000001065b5                getchar
 .text          0x00000000001065ff       0x1f binaries/labs.o
                0x00000000001065ff                labs
 .text          0x000000000010661e        0x0 binaries/memchr.o
 .text          0x000000000010661e       0x5f binaries/memcmp.o
                0x000000000010661e                memcmp
 .text          0x000000000010667d       0x34 binaries/memcpy.o
                0x000000000010667d                memcpy
 .text          0x00000000001066b1       0x3e binaries/memset.o
                0x00000000001066b1                memset
 .text          0x00000000001066ef       0x61 binaries/printf.o
                0x00000000001066ef                printf
 .text          0x0000000000106750       0x4d binaries/putchar.o
                0x0000000000106750                putchar
 .text          0x000000000010679d      0x2bf binaries/qsort.o
                0x000000000010679d                qsort
 .text          0x0000000000106a5c       0x8d binaries/rand.o
                0x0000000000106a5c                rand
                0x0000000000106a84                rand_r
                0x0000000000106acc                srand
 .text          0x0000000000106ae9       0x8a binaries/sprintf.o
                0x0000000000106ae9                sprintf
 .text          0x0000000000106b73       0xa4 binaries/sscanf.o
                0x0000000000106b73                sscanf
 .text          0x0000000000106c17       0x4a binaries/strchr.o
                0x0000000000106c17                strchr
 .text          0x0000000000106c61       0x53 binaries/strcmp.o
                0x0000000000106c61                strcmp
 .text          0x0000000000106cb4       0x35 binaries/strcpy.o
                0x0000000000106cb4                strcpy
 .text          0x0000000000106ce9       0x34 binaries/strlen.o
                0x0000000000106ce9                strlen
 .text          0x0000000000106d1d       0x64 binaries/strncat.o
                0x0000000000106d1d                strncat
 .text          0x0000000000106d81       0x6c binaries/strncmp.o
                0x0000000000106d81                strncmp
 .text          0x0000000000106ded       0x5d binaries/strncpy.o
                0x0000000000106ded                strncpy
 .text          0x0000000000106e4a       0x3c binaries/strnlen.o
                0x0000000000106e4a                strnlen
 .text          0x0000000000106e86       0x53 binaries/strrchr.o
                0x0000000000106e86                strrchr
 .text          0x0000000000106ed9       0x7c binaries/strstr.o
                0x0000000000106ed9                strstr
 .text          0x0000000000106f55      0x100 binaries/ttycontrol.o
                0x0000000000106f55                ttycontrol
 .text          0x0000000000107055       0xaf binaries/ttygetc.o
                0x0000000000107055                ttygetc
 .text          0x0000000000107104      0x73b binaries/ttyhandle_in.o
                0x0000000000107104                ttyhandle_in
 .text          0x000000000010783f      0x1c5 binaries/ttyhandle_out.o
                0x000000000010783f                ttyhandle_out
 .text          0x0000000000107a04       0xec binaries/ttyhandler.o
                0x0000000000107a04                ttyhandler
 .text          0x0000000000107af0      0x241 binaries/ttyinit.o
                0x0000000000107af0                ttyinit
 .text          0x0000000000107d31       0x2f binaries/ttykickout.o
                0x0000000000107d31                ttykickout
 .text          0x0000000000107d60       0xcd binaries/ttyputc.o
                0x0000000000107d60                ttyputc
 .text          0x0000000000107e2d      0x12f binaries/ttyread.o
                0x0000000000107e2d                ttyread
 .text          0x0000000000107f5c       0x60 binaries/ttywrite.o
                0x0000000000107f5c                ttywrite
 .text          0x0000000000107fbc      0x17c binaries/mount.o
                0x0000000000107fbc                mount
                0x00000000001080f4                namlen
 .text          0x0000000000108138      0x224 binaries/naminit.o
                0x0000000000108138                naminit
 .text          0x000000000010835c      0x24f binaries/nammap.o
                0x000000000010835c                nammap
                0x00000000001083fd                namrepl
                0x000000000010854d                namcpy
 .text          0x00000000001085ab       0x61 binaries/namopen.o
                0x00000000001085ab                namopen
 .text          0x000000000010860c       0x18 binaries/ramclose.o
                0x000000000010860c                ramclose
 .text          0x0000000000108624       0x5c binaries/raminit.o
                0x0000000000108624                raminit
 .text          0x0000000000108680       0x18 binaries/ramopen.o
                0x0000000000108680                ramopen
 .text          0x0000000000108698       0x4b binaries/ramread.o
                0x0000000000108698                ramread
 .text          0x00000000001086e3       0x4b binaries/ramwrite.o
                0x00000000001086e3                ramwrite
 .text          0x000000000010872e       0xc8 binaries/lfdballoc.o
                0x000000000010872e                lfdballoc
 .text          0x00000000001087f6       0x70 binaries/lfdbfree.o
                0x00000000001087f6                lfdbfree
 .text          0x0000000000108866       0xe4 binaries/lfflush.o
                0x0000000000108866                lfflush
 .text          0x000000000010894a       0xed binaries/lfgetmode.o
                0x000000000010894a                lfgetmode
 .text          0x0000000000108a37       0x96 binaries/lfiballoc.o
                0x0000000000108a37                lfiballoc
 .text          0x0000000000108acd       0x49 binaries/lfibclear.o
                0x0000000000108acd                lfibclear
 .text          0x0000000000108b16       0xc0 binaries/lfibget.o
                0x0000000000108b16                lfibget
 .text          0x0000000000108bd6       0xef binaries/lfibput.o
                0x0000000000108bd6                lfibput
 .text          0x0000000000108cc5       0xbf binaries/lflclose.o
                0x0000000000108cc5                lflclose
 .text          0x0000000000108d84       0xf1 binaries/lflcontrol.o
                0x0000000000108d84                lflcontrol
 .text          0x0000000000108e75      0x108 binaries/lflgetc.o
                0x0000000000108e75                lflgetc
 .text          0x0000000000108f7d      0x104 binaries/lflinit.o
                0x0000000000108f7d                lflinit
 .text          0x0000000000109081      0x13e binaries/lflputc.o
                0x0000000000109081                lflputc
 .text          0x00000000001091bf       0x83 binaries/lflread.o
                0x00000000001091bf                lflread
 .text          0x0000000000109242       0xc2 binaries/lflseek.o
                0x0000000000109242                lflseek
 .text          0x0000000000109304       0x68 binaries/lflwrite.o
                0x0000000000109304                lflwrite
 .text          0x000000000010936c       0x70 binaries/lfscheck.o
                0x000000000010936c                lfscheck
 .text          0x00000000001093dc      0x198 binaries/lfsckfmt.o
                0x00000000001093dc                lfsckfmt
 .text          0x0000000000109574      0x1c2 binaries/lfscreate.o
                0x0000000000109574                lfscreate
 .text          0x0000000000109736      0x2a7 binaries/lfsetup.o
                0x0000000000109736                lfsetup
 .text          0x00000000001099dd       0x83 binaries/lfsinit.o
                0x00000000001099dd                lfsinit
 .text          0x0000000000109a60      0x415 binaries/lfsopen.o
                0x0000000000109a60                lfsopen
 .text          0x0000000000109e75      0x18e binaries/lftruncate.o
                0x0000000000109e75                lftruncate
 .text          0x000000000010a003      0x151 binaries/addargs.o
                0x000000000010a003                addargs
 .text          0x000000000010a154      0x2df binaries/lexan.o
                0x000000000010a154                lexan
 .text          0x000000000010a433      0x6e1 binaries/shell.o
                0x000000000010a433                shell
 .text          0x000000000010ab14       0x82 binaries/xsh_argecho.o
                0x000000000010ab14                xsh_argecho
 .text          0x000000000010ab96      0x2b2 binaries/xsh_cat.o
                0x000000000010ab96                xsh_cat
 .text          0x000000000010ae48       0x7e binaries/xsh_clear.o
                0x000000000010ae48                xsh_clear
 .text          0x000000000010aec6      0x2e5 binaries/xsh_date.o
                0x000000000010aec6                xsh_date
 .text          0x000000000010b1ab       0xcf binaries/xsh_devdump.o
                0x000000000010b1ab                xsh_devdump
 .text          0x000000000010b27a       0x8b binaries/xsh_echo.o
                0x000000000010b27a                xsh_echo
 .text          0x000000000010b305       0x18 binaries/xsh_exit.o
                0x000000000010b305                xsh_exit
 .text          0x000000000010b31d      0x3ed binaries/xsh_help.o
                0x000000000010b31d                xsh_help
 .text          0x000000000010b70a      0x28b binaries/xsh_kill.o
                0x000000000010b70a                xsh_kill
 .text          0x000000000010b995      0x743 binaries/xsh_lab2.o
                0x000000000010b995                xsh_lab2
                0x000000000010be7c                u2021201780_printf_1
                0x000000000010bef9                u2021201780_printf_2
                0x000000000010bf59                u2021201780_printf_3
                0x000000000010bfa1                u2021201780_delay_run
                0x000000000010c05e                u2021201780_delay_test
 .text          0x000000000010c0d8      0x5b5 binaries/xsh_memdump.o
                0x000000000010c0d8                xsh_memdump
 .text          0x000000000010c68d      0x322 binaries/xsh_memstat.o
                0x000000000010c68d                xsh_memstat
 .text          0x000000000010c9af      0x280 binaries/xsh_ps.o
                0x000000000010c9af                xsh_ps
 .text          0x000000000010cc2f      0x269 binaries/xsh_sleep.o
                0x000000000010cc2f                xsh_sleep
 .text          0x000000000010ce98      0x234 binaries/xsh_uptime.o
                0x000000000010ce98                xsh_uptime
 .text          0x000000000010d0cc        0xe binaries/clkdisp.o
                0x000000000010d0cc                clkdisp
 .text          0x000000000010d0da       0x19 binaries/ctxsw.o
                0x000000000010d0da                ctxsw
 .text          0x000000000010d0f3      0x2ca binaries/intr.o
                0x000000000010d0f3                disable
                0x000000000010d0fc                restore
                0x000000000010d10a                enable
                0x000000000010d10c                pause
                0x000000000010d113                halt
                0x000000000010d116                spurious_irq7
                0x000000000010d11b                spurious_irq15
                0x000000000010d12a                _Xint0
                0x000000000010d132                _Xint1
                0x000000000010d13a                _Xint2
                0x000000000010d142                _Xint3
                0x000000000010d14a                _Xint4
                0x000000000010d152                _Xint5
                0x000000000010d15d                _Xint6
                0x000000000010d165                _Xint7
                0x000000000010d16d                _Xint8
                0x000000000010d175                _Xint9
                0x000000000010d17d                _Xint10
                0x000000000010d185                _Xint11
                0x000000000010d18d                _Xint12
                0x000000000010d195                _Xint13
                0x000000000010d19d                _Xint14
                0x000000000010d1a8                _Xint15
                0x000000000010d1b3                _Xint16
                0x000000000010d1be                _Xint17
                0x000000000010d1c9                _Xint18
                0x000000000010d1d4                _Xint19
                0x000000000010d1df                _Xint20
                0x000000000010d1ea                _Xint21
                0x000000000010d1f5                _Xint22
                0x000000000010d200                _Xint23
                0x000000000010d20b                _Xint24
                0x000000000010d216                _Xint25
                0x000000000010d221                _Xint26
                0x000000000010d22c                _Xint27
                0x000000000010d237                _Xint28
                0x000000000010d242                _Xint29
                0x000000000010d24d                _Xint30
                0x000000000010d258                _Xint31
                0x000000000010d263                _Xint32
                0x000000000010d26e                _Xint33
                0x000000000010d279                _Xint34
                0x000000000010d284                _Xint35
                0x000000000010d28f                _Xint36
                0x000000000010d29a                _Xint37
                0x000000000010d2a5                _Xint38
                0x000000000010d2b0                _Xint40
                0x000000000010d2bb                _Xint41
                0x000000000010d2c6                _Xint42
                0x000000000010d2d1                _Xint43
                0x000000000010d2dc                _Xint44
                0x000000000010d2e7                _Xint45
                0x000000000010d2f2                _Xint46
                0x000000000010d2fd                defevec
 .text          0x000000000010d3bd       0x10 binaries/ttydispatch.o
                0x000000000010d3bd                ttydispatch
 *(.rodata .rodata.*)
 *fill*         0x000000000010d3cd        0x3 
 .rodata        0x000000000010d3d0       0x8e binaries/ascdate.o
 .rodata        0x000000000010d45e       0x52 binaries/conf.o
 .rodata        0x000000000010d4b0        0xe binaries/create.o
 *fill*         0x000000000010d4be        0x2 
 .rodata        0x000000000010d4c0      0x231 binaries/evec.o
 *fill*         0x000000000010d6f1        0x3 
 .rodata        0x000000000010d6f4      0x133 binaries/initialize.o
 *fill*         0x000000000010d827        0x1 
 .rodata        0x000000000010d828       0x20 binaries/kill.o
 .rodata        0x000000000010d848       0x60 binaries/main.o
 .rodata        0x000000000010d8a8       0x3e binaries/meminit.o
 .rodata        0x000000000010d8e6        0xf binaries/panic.o
 .rodata        0x000000000010d8f5       0x1d binaries/ptinit.o
 *fill*         0x000000000010d912        0x2 
 .rodata        0x000000000010d914       0x25 binaries/ptsend.o
 *fill*         0x000000000010d939        0x3 
 .rodata        0x000000000010d93c       0xb7 binaries/stacktrace.o
 *fill*         0x000000000010d9f3        0x1 
 .rodata        0x000000000010d9f4       0x27 binaries/xdone.o
 *fill*         0x000000000010da1b        0x5 
 .rodata        0x000000000010da20       0x81 binaries/ctype_.o
                0x000000000010da20                _ctype_
 *fill*         0x000000000010daa1        0x3 
 .rodata        0x000000000010daa4       0xee binaries/doprnt.o
 *fill*         0x000000000010db92        0x2 
 .rodata        0x000000000010db94       0xae binaries/fdoprnt.o
 *fill*         0x000000000010dc42        0x2 
 .rodata        0x000000000010dc44       0x20 binaries/ttycontrol.o
 .rodata        0x000000000010dc64       0x34 binaries/ttyhandler.o
 .rodata        0x000000000010dc98       0x80 binaries/naminit.o
 .rodata        0x000000000010dd18        0x9 binaries/raminit.o
 *fill*         0x000000000010dd21        0x3 
 .rodata        0x000000000010dd24       0x37 binaries/lfdballoc.o
 .rodata        0x000000000010dd5b       0x14 binaries/lfiballoc.o
 *fill*         0x000000000010dd6f        0x1 
 .rodata        0x000000000010dd70       0x23 binaries/lflcontrol.o
 *fill*         0x000000000010dd93        0x1 
 .rodata        0x000000000010dd94      0x11b binaries/lfsckfmt.o
 *fill*         0x000000000010deaf        0x1 
 .rodata        0x000000000010deb0       0x2a binaries/lfsopen.o
 *fill*         0x000000000010deda        0x2 
 .rodata        0x000000000010dedc      0x29d binaries/shell.o
 .rodata        0x000000000010e179       0x28 binaries/xsh_argecho.o
 *fill*         0x000000000010e1a1        0x3 
 .rodata        0x000000000010e1a4       0xc9 binaries/xsh_cat.o
 .rodata        0x000000000010e26d       0x19 binaries/xsh_clear.o
 *fill*         0x000000000010e286        0x2 
 .rodata        0x000000000010e288      0x1a5 binaries/xsh_date.o
 .rodata        0x000000000010e42d       0x5d binaries/xsh_devdump.o
 .rodata        0x000000000010e48a        0x9 binaries/xsh_echo.o
 *fill*         0x000000000010e493        0x1 
 .rodata        0x000000000010e494      0x169 binaries/xsh_help.o
 *fill*         0x000000000010e5fd        0x3 
 .rodata        0x000000000010e600      0x12e binaries/xsh_kill.o
 *fill*         0x000000000010e72e        0x2 
 .rodata        0x000000000010e730      0x3ad binaries/xsh_lab2.o
 *fill*         0x000000000010eadd        0x3 
 .rodata        0x000000000010eae0      0x266 binaries/xsh_memdump.o
 *fill*         0x000000000010ed46        0x2 
 .rodata        0x000000000010ed48      0x225 binaries/xsh_memstat.o
 *fill*         0x000000000010ef6d        0x3 
 .rodata        0x000000000010ef70      0x1a8 binaries/xsh_ps.o
 .rodata        0x000000000010f118       0xeb binaries/xsh_sleep.o
 *fill*         0x000000000010f203        0x1 
 .rodata        0x000000000010f204      0x105 binaries/xsh_uptime.o
                0x000000000010f309                etext = ABSOLUTE (.)
                0x0000000000110000                . = ALIGN (0x1000)
 *fill*         0x000000000010f309      0xcf7 

.eh_frame       0x0000000000110000     0x2034
 .eh_frame      0x0000000000110000       0x50 binaries/ascdate.o
 .eh_frame      0x0000000000110050       0x34 binaries/bufinit.o
                                         0x4c (size before relaxing)
 .eh_frame      0x0000000000110084       0x38 binaries/chprio.o
                                         0x50 (size before relaxing)
 .eh_frame      0x00000000001100bc       0x24 binaries/clkhandler.o
                                         0x50 (size before relaxing)
 .eh_frame      0x00000000001100e0       0x24 binaries/clkinit.o
                                         0x50 (size before relaxing)
 .eh_frame      0x0000000000110104       0x24 binaries/close.o
                                         0x50 (size before relaxing)
 .eh_frame      0x0000000000110128       0x24 binaries/control.o
                                         0x50 (size before relaxing)
 .eh_frame      0x000000000011014c       0x48 binaries/create.o
                                         0x88 (size before relaxing)
 .eh_frame      0x0000000000110194       0x90 binaries/evec.o
                                         0xd0 (size before relaxing)
 .eh_frame      0x0000000000110224       0x24 binaries/exit.o
                                         0x50 (size before relaxing)
 .eh_frame      0x0000000000110248       0x24 binaries/freebuf.o
                                         0x50 (size before relaxing)
 .eh_frame      0x000000000011026c       0x24 binaries/freemem.o
                                         0x50 (size before relaxing)
 .eh_frame      0x0000000000110290       0x24 binaries/getbuf.o
                                         0x50 (size before relaxing)
 .eh_frame      0x00000000001102b4       0x24 binaries/getc.o
                                         0x50 (size before relaxing)
 .eh_frame      0x00000000001102d8       0x24 binaries/getdev.o
                                         0x50 (size before relaxing)
 .eh_frame      0x00000000001102fc       0x78 binaries/getitem.o
                                         0xa4 (size before relaxing)
 .eh_frame      0x0000000000110374       0x24 binaries/getmem.o
                                         0x50 (size before relaxing)
 .eh_frame      0x0000000000110398       0x20 binaries/getpid.o
                                         0x4c (size before relaxing)
 .eh_frame      0x00000000001103b8       0x24 binaries/getprio.o
                                         0x50 (size before relaxing)
 .eh_frame      0x00000000001103dc       0x24 binaries/getstk.o
                                         0x50 (size before relaxing)
 .eh_frame      0x0000000000110400       0x20 binaries/getticks.o
                                         0x4c (size before relaxing)
 .eh_frame      0x0000000000110420       0x20 binaries/gettime.o
                                         0x4c (size before relaxing)
 .eh_frame      0x0000000000110440       0x20 binaries/getutime.o
                                         0x4c (size before relaxing)
 .eh_frame      0x0000000000110460       0x24 binaries/init.o
                                         0x50 (size before relaxing)
 .eh_frame      0x0000000000110484       0xa4 binaries/initialize.o
                                         0xe4 (size before relaxing)
 .eh_frame      0x0000000000110528       0x24 binaries/insert.o
                                         0x50 (size before relaxing)
 .eh_frame      0x000000000011054c       0x28 binaries/insertd.o
                                         0x54 (size before relaxing)
 .eh_frame      0x0000000000110574       0x20 binaries/ioerr.o
                                         0x4c (size before relaxing)
 .eh_frame      0x0000000000110594       0x20 binaries/ionull.o
                                         0x4c (size before relaxing)
 .eh_frame      0x00000000001105b4       0x2c binaries/kill.o
                                         0x58 (size before relaxing)
 .eh_frame      0x00000000001105e0       0x6c binaries/kprintf.o
                                         0xac (size before relaxing)
 .eh_frame      0x000000000011064c       0x60 binaries/main.o
                                         0x8c (size before relaxing)
 .eh_frame      0x00000000001106ac       0x48 binaries/mark.o
                                         0x74 (size before relaxing)
 .eh_frame      0x00000000001106f4       0x54 binaries/meminit.o
                                         0x94 (size before relaxing)
 .eh_frame      0x0000000000110748       0x24 binaries/mkbufpool.o
                                         0x50 (size before relaxing)
 .eh_frame      0x000000000011076c       0x24 binaries/newqueue.o
                                         0x50 (size before relaxing)
 .eh_frame      0x0000000000110790       0x24 binaries/open.o
                                         0x50 (size before relaxing)
 .eh_frame      0x00000000001107b4       0x1c binaries/panic.o
                                         0x48 (size before relaxing)
 .eh_frame      0x00000000001107d0       0x40 binaries/platinit.o
                                         0x6c (size before relaxing)
 .eh_frame      0x0000000000110810       0x24 binaries/ptclear.o
                                         0x50 (size before relaxing)
 .eh_frame      0x0000000000110834       0x24 binaries/ptcount.o
                                         0x50 (size before relaxing)
 .eh_frame      0x0000000000110858       0x24 binaries/ptcreate.o
                                         0x50 (size before relaxing)
 .eh_frame      0x000000000011087c       0x24 binaries/ptdelete.o
                                         0x50 (size before relaxing)
 .eh_frame      0x00000000001108a0       0x24 binaries/ptinit.o
                                         0x50 (size before relaxing)
 .eh_frame      0x00000000001108c4       0x24 binaries/ptrecv.o
                                         0x50 (size before relaxing)
 .eh_frame      0x00000000001108e8       0x24 binaries/ptreset.o
                                         0x50 (size before relaxing)
 .eh_frame      0x000000000011090c       0x24 binaries/ptsend.o
                                         0x50 (size before relaxing)
 .eh_frame      0x0000000000110930       0x24 binaries/putc.o
                                         0x50 (size before relaxing)
 .eh_frame      0x0000000000110954       0x48 binaries/queue.o
                                         0x88 (size before relaxing)
 .eh_frame      0x000000000011099c       0x24 binaries/read.o
                                         0x50 (size before relaxing)
 .eh_frame      0x00000000001109c0       0x28 binaries/ready.o
                                         0x54 (size before relaxing)
 .eh_frame      0x00000000001109e8       0x24 binaries/receive.o
                                         0x50 (size before relaxing)
 .eh_frame      0x0000000000110a0c       0x24 binaries/recvclr.o
                                         0x50 (size before relaxing)
 .eh_frame      0x0000000000110a30       0x24 binaries/recvtime.o
                                         0x50 (size before relaxing)
 .eh_frame      0x0000000000110a54       0x48 binaries/resched.o
                                         0x88 (size before relaxing)
 .eh_frame      0x0000000000110a9c       0x24 binaries/resume.o
                                         0x50 (size before relaxing)
 .eh_frame      0x0000000000110ac0       0x24 binaries/seek.o
                                         0x50 (size before relaxing)
 .eh_frame      0x0000000000110ae4       0x24 binaries/semcount.o
                                         0x50 (size before relaxing)
 .eh_frame      0x0000000000110b08       0x48 binaries/semcreate.o
                                         0x88 (size before relaxing)
 .eh_frame      0x0000000000110b50       0x24 binaries/semdelete.o
                                         0x50 (size before relaxing)
 .eh_frame      0x0000000000110b74       0x24 binaries/semreset.o
                                         0x50 (size before relaxing)
 .eh_frame      0x0000000000110b98       0x24 binaries/send.o
                                         0x50 (size before relaxing)
 .eh_frame      0x0000000000110bbc       0x24 binaries/signal.o
                                         0x50 (size before relaxing)
 .eh_frame      0x0000000000110be0       0x24 binaries/signaln.o
                                         0x50 (size before relaxing)
 .eh_frame      0x0000000000110c04       0x44 binaries/sleep.o
                                         0x84 (size before relaxing)
 .eh_frame      0x0000000000110c48       0x24 binaries/stacktrace.o
                                         0x50 (size before relaxing)
 .eh_frame      0x0000000000110c6c       0x24 binaries/suspend.o
                                         0x50 (size before relaxing)
 .eh_frame      0x0000000000110c90       0x24 binaries/unsleep.o
                                         0x50 (size before relaxing)
 .eh_frame      0x0000000000110cb4       0x24 binaries/userret.o
                                         0x50 (size before relaxing)
 .eh_frame      0x0000000000110cd8       0x24 binaries/wait.o
                                         0x50 (size before relaxing)
 .eh_frame      0x0000000000110cfc       0x24 binaries/wakeup.o
                                         0x50 (size before relaxing)
 .eh_frame      0x0000000000110d20       0x24 binaries/write.o
                                         0x50 (size before relaxing)
 .eh_frame      0x0000000000110d44       0x24 binaries/xdone.o
                                         0x50 (size before relaxing)
 .eh_frame      0x0000000000110d68       0x24 binaries/yield.o
                                         0x50 (size before relaxing)
 .eh_frame      0x0000000000110d8c       0x20 binaries/abs.o
                                         0x4c (size before relaxing)
 .eh_frame      0x0000000000110dac       0x20 binaries/atoi.o
                                         0x4c (size before relaxing)
 .eh_frame      0x0000000000110dcc       0x20 binaries/atol.o
                                         0x4c (size before relaxing)
 .eh_frame      0x0000000000110dec       0x20 binaries/bzero.o
                                         0x4c (size before relaxing)
 .eh_frame      0x0000000000110e0c       0xec binaries/doprnt.o
                                        0x140 (size before relaxing)
 .eh_frame      0x0000000000110ef8       0xc8 binaries/doscan.o
                                         0xf4 (size before relaxing)
 .eh_frame      0x0000000000110fc0       0xcc binaries/fdoprnt.o
                                        0x10c (size before relaxing)
 .eh_frame      0x000000000011108c       0x24 binaries/fgetc.o
                                         0x50 (size before relaxing)
 .eh_frame      0x00000000001110b0       0x24 binaries/fgets.o
                                         0x50 (size before relaxing)
 .eh_frame      0x00000000001110d4       0x24 binaries/fprintf.o
                                         0x50 (size before relaxing)
 .eh_frame      0x00000000001110f8       0x24 binaries/fputc.o
                                         0x50 (size before relaxing)
 .eh_frame      0x000000000011111c       0x24 binaries/fputs.o
                                         0x50 (size before relaxing)
 .eh_frame      0x0000000000111140       0x68 binaries/fscanf.o
                                         0x94 (size before relaxing)
 .eh_frame      0x00000000001111a8       0x24 binaries/getchar.o
                                         0x50 (size before relaxing)
 .eh_frame      0x00000000001111cc       0x20 binaries/labs.o
                                         0x4c (size before relaxing)
 .eh_frame      0x00000000001111ec       0x20 binaries/memcmp.o
                                         0x4c (size before relaxing)
 .eh_frame      0x000000000011120c       0x28 binaries/memcpy.o
                                         0x54 (size before relaxing)
 .eh_frame      0x0000000000111234       0x24 binaries/memset.o
                                         0x50 (size before relaxing)
 .eh_frame      0x0000000000111258       0x24 binaries/printf.o
                                         0x50 (size before relaxing)
 .eh_frame      0x000000000011127c       0x24 binaries/putchar.o
                                         0x50 (size before relaxing)
 .eh_frame      0x00000000001112a0       0xa4 binaries/qsort.o
                                         0xd0 (size before relaxing)
 .eh_frame      0x0000000000111344       0x60 binaries/rand.o
                                         0x8c (size before relaxing)
 .eh_frame      0x00000000001113a4       0x44 binaries/sprintf.o
                                         0x70 (size before relaxing)
 .eh_frame      0x00000000001113e8       0x64 binaries/sscanf.o
                                         0x90 (size before relaxing)
 .eh_frame      0x000000000011144c       0x20 binaries/strchr.o
                                         0x4c (size before relaxing)
 .eh_frame      0x000000000011146c       0x20 binaries/strcmp.o
                                         0x4c (size before relaxing)
 .eh_frame      0x000000000011148c       0x20 binaries/strcpy.o
                                         0x4c (size before relaxing)
 .eh_frame      0x00000000001114ac       0x20 binaries/strlen.o
                                         0x4c (size before relaxing)
 .eh_frame      0x00000000001114cc       0x20 binaries/strncat.o
                                         0x4c (size before relaxing)
 .eh_frame      0x00000000001114ec       0x20 binaries/strncmp.o
                                         0x4c (size before relaxing)
 .eh_frame      0x000000000011150c       0x28 binaries/strncpy.o
                                         0x54 (size before relaxing)
 .eh_frame      0x0000000000111534       0x20 binaries/strnlen.o
                                         0x4c (size before relaxing)
 .eh_frame      0x0000000000111554       0x20 binaries/strrchr.o
                                         0x4c (size before relaxing)
 .eh_frame      0x0000000000111574       0x20 binaries/strstr.o
                                         0x4c (size before relaxing)
 .eh_frame      0x0000000000111594       0x24 binaries/ttycontrol.o
                                         0x50 (size before relaxing)
 .eh_frame      0x00000000001115b8       0x24 binaries/ttygetc.o
                                         0x50 (size before relaxing)
 .eh_frame      0x00000000001115dc       0x88 binaries/ttyhandle_in.o
                                         0xdc (size before relaxing)
 .eh_frame      0x0000000000111664       0x24 binaries/ttyhandle_out.o
                                         0x50 (size before relaxing)
 .eh_frame      0x0000000000111688       0x24 binaries/ttyhandler.o
                                         0x50 (size before relaxing)
 .eh_frame      0x00000000001116ac       0x24 binaries/ttyinit.o
                                         0x50 (size before relaxing)
 .eh_frame      0x00000000001116d0       0x24 binaries/ttykickout.o
                                         0x50 (size before relaxing)
 .eh_frame      0x00000000001116f4       0x24 binaries/ttyputc.o
                                         0x50 (size before relaxing)
 .eh_frame      0x0000000000111718       0x24 binaries/ttyread.o
                                         0x50 (size before relaxing)
 .eh_frame      0x000000000011173c       0x24 binaries/ttywrite.o
                                         0x50 (size before relaxing)
 .eh_frame      0x0000000000111760       0x44 binaries/mount.o
                                         0x84 (size before relaxing)
 .eh_frame      0x00000000001117a4       0x24 binaries/naminit.o
                                         0x50 (size before relaxing)
 .eh_frame      0x00000000001117c8       0x68 binaries/nammap.o
                                         0xa8 (size before relaxing)
 .eh_frame      0x0000000000111830       0x24 binaries/namopen.o
                                         0x50 (size before relaxing)
 .eh_frame      0x0000000000111854       0x20 binaries/ramclose.o
                                         0x4c (size before relaxing)
 .eh_frame      0x0000000000111874       0x24 binaries/raminit.o
                                         0x50 (size before relaxing)
 .eh_frame      0x0000000000111898       0x20 binaries/ramopen.o
                                         0x4c (size before relaxing)
 .eh_frame      0x00000000001118b8       0x24 binaries/ramread.o
                                         0x50 (size before relaxing)
 .eh_frame      0x00000000001118dc       0x24 binaries/ramwrite.o
                                         0x50 (size before relaxing)
 .eh_frame      0x0000000000111900       0x24 binaries/lfdballoc.o
                                         0x50 (size before relaxing)
 .eh_frame      0x0000000000111924       0x24 binaries/lfdbfree.o
                                         0x50 (size before relaxing)
 .eh_frame      0x0000000000111948       0x24 binaries/lfflush.o
                                         0x50 (size before relaxing)
 .eh_frame      0x000000000011196c       0x20 binaries/lfgetmode.o
                                         0x4c (size before relaxing)
 .eh_frame      0x000000000011198c       0x24 binaries/lfiballoc.o
                                         0x50 (size before relaxing)
 .eh_frame      0x00000000001119b0       0x20 binaries/lfibclear.o
                                         0x4c (size before relaxing)
 .eh_frame      0x00000000001119d0       0x24 binaries/lfibget.o
                                         0x50 (size before relaxing)
 .eh_frame      0x00000000001119f4       0x24 binaries/lfibput.o
                                         0x50 (size before relaxing)
 .eh_frame      0x0000000000111a18       0x24 binaries/lflclose.o
                                         0x50 (size before relaxing)
 .eh_frame      0x0000000000111a3c       0x24 binaries/lflcontrol.o
                                         0x50 (size before relaxing)
 .eh_frame      0x0000000000111a60       0x24 binaries/lflgetc.o
                                         0x50 (size before relaxing)
 .eh_frame      0x0000000000111a84       0x24 binaries/lflinit.o
                                         0x50 (size before relaxing)
 .eh_frame      0x0000000000111aa8       0x24 binaries/lflputc.o
                                         0x50 (size before relaxing)
 .eh_frame      0x0000000000111acc       0x24 binaries/lflread.o
                                         0x50 (size before relaxing)
 .eh_frame      0x0000000000111af0       0x24 binaries/lflseek.o
                                         0x50 (size before relaxing)
 .eh_frame      0x0000000000111b14       0x24 binaries/lflwrite.o
                                         0x50 (size before relaxing)
 .eh_frame      0x0000000000111b38       0x20 binaries/lfscheck.o
                                         0x4c (size before relaxing)
 .eh_frame      0x0000000000111b58       0x24 binaries/lfsckfmt.o
                                         0x50 (size before relaxing)
 .eh_frame      0x0000000000111b7c       0x24 binaries/lfscreate.o
                                         0x50 (size before relaxing)
 .eh_frame      0x0000000000111ba0       0x24 binaries/lfsetup.o
                                         0x50 (size before relaxing)
 .eh_frame      0x0000000000111bc4       0x24 binaries/lfsinit.o
                                         0x50 (size before relaxing)
 .eh_frame      0x0000000000111be8       0x24 binaries/lfsopen.o
                                         0x50 (size before relaxing)
 .eh_frame      0x0000000000111c0c       0x24 binaries/lftruncate.o
                                         0x50 (size before relaxing)
 .eh_frame      0x0000000000111c30       0x24 binaries/addargs.o
                                         0x50 (size before relaxing)
 .eh_frame      0x0000000000111c54       0x20 binaries/lexan.o
                                         0x4c (size before relaxing)
 .eh_frame      0x0000000000111c74       0x2c binaries/shell.o
                                         0x58 (size before relaxing)
 .eh_frame      0x0000000000111ca0       0x24 binaries/xsh_argecho.o
                                         0x50 (size before relaxing)
 .eh_frame      0x0000000000111cc4       0x2c binaries/xsh_cat.o
                                         0x58 (size before relaxing)
 .eh_frame      0x0000000000111cf0       0x28 binaries/xsh_clear.o
                                         0x54 (size before relaxing)
 .eh_frame      0x0000000000111d18       0x2c binaries/xsh_date.o
                                         0x58 (size before relaxing)
 .eh_frame      0x0000000000111d44       0x24 binaries/xsh_devdump.o
                                         0x50 (size before relaxing)
 .eh_frame      0x0000000000111d68       0x24 binaries/xsh_echo.o
                                         0x50 (size before relaxing)
 .eh_frame      0x0000000000111d8c       0x20 binaries/xsh_exit.o
                                         0x4c (size before relaxing)
 .eh_frame      0x0000000000111dac       0x2c binaries/xsh_help.o
                                         0x58 (size before relaxing)
 .eh_frame      0x0000000000111dd8       0x2c binaries/xsh_kill.o
                                         0x58 (size before relaxing)
 .eh_frame      0x0000000000111e04       0xe8 binaries/xsh_lab2.o
                                        0x114 (size before relaxing)
 .eh_frame      0x0000000000111eec       0x4c binaries/xsh_memdump.o
                                         0x8c (size before relaxing)
 .eh_frame      0x0000000000111f38       0x74 binaries/xsh_memstat.o
                                         0xa0 (size before relaxing)
 .eh_frame      0x0000000000111fac       0x30 binaries/xsh_ps.o
                                         0x5c (size before relaxing)
 .eh_frame      0x0000000000111fdc       0x2c binaries/xsh_sleep.o
                                         0x58 (size before relaxing)
 .eh_frame      0x0000000000112008       0x2c binaries/xsh_uptime.o
                                         0x58 (size before relaxing)

.iplt           0x0000000000112034        0x0
 .iplt          0x0000000000112034        0x0 binaries/start.o

.rel.dyn        0x0000000000112034        0x0
 .rel.got       0x0000000000112034        0x0 binaries/start.o
 .rel.iplt      0x0000000000112034        0x0 binaries/start.o
 .rel.text      0x0000000000112034        0x0 binaries/start.o

.data           0x0000000000112040      0xfc0
                0x0000000000112040                data = ABSOLUTE (.)
 *(.data .data.*)
 .data          0x0000000000112040      0x83a binaries/start.o
                0x0000000000112040                gdt
                0x0000000000112070                idt
                0x0000000000112876                cpudelay
 .data          0x000000000011287a        0x0 binaries/ascdate.o
 *fill*         0x000000000011287a        0x6 
 .data.rel.local
                0x0000000000112880       0x88 binaries/ascdate.o
                0x0000000000112880                Date
 .data          0x0000000000112908        0x0 binaries/bufinit.o
 .data          0x0000000000112908        0x0 binaries/chprio.o
 .data          0x0000000000112908        0x0 binaries/clkhandler.o
 .data          0x0000000000112908        0x0 binaries/clkinit.o
 .data          0x0000000000112908        0x0 binaries/close.o
 .data          0x0000000000112908        0x0 binaries/conf.o
 *fill*         0x0000000000112908       0x18 
 .data.rel      0x0000000000112920      0x294 binaries/conf.o
                0x0000000000112920                devtab
 .data          0x0000000000112bb4        0x0 binaries/control.o
 .data          0x0000000000112bb4        0x4 binaries/create.o
 .data          0x0000000000112bb8        0x0 binaries/evec.o
 *fill*         0x0000000000112bb8        0x8 
 .data.rel.local
                0x0000000000112bc0       0x40 binaries/evec.o
                0x0000000000112bc0                inames
 .data          0x0000000000112c00        0x0 binaries/exit.o
 .data          0x0000000000112c00        0x0 binaries/freebuf.o
 .data          0x0000000000112c00        0x0 binaries/freemem.o
 .data          0x0000000000112c00        0x0 binaries/getbuf.o
 .data          0x0000000000112c00        0x0 binaries/getc.o
 .data          0x0000000000112c00        0x0 binaries/getdev.o
 .data          0x0000000000112c00        0x0 binaries/getitem.o
 .data          0x0000000000112c00        0x0 binaries/getmem.o
 .data          0x0000000000112c00        0x0 binaries/getpid.o
 .data          0x0000000000112c00        0x0 binaries/getprio.o
 .data          0x0000000000112c00        0x0 binaries/getstk.o
 .data          0x0000000000112c00        0x0 binaries/getticks.o
 .data          0x0000000000112c00        0x0 binaries/gettime.o
 .data          0x0000000000112c00        0x0 binaries/getutime.o
 .data          0x0000000000112c00        0x0 binaries/init.o
 .data          0x0000000000112c00        0x0 binaries/initialize.o
 .data          0x0000000000112c00        0x0 binaries/insert.o
 .data          0x0000000000112c00        0x0 binaries/insertd.o
 .data          0x0000000000112c00        0x0 binaries/ioerr.o
 .data          0x0000000000112c00        0x0 binaries/ionull.o
 .data          0x0000000000112c00        0x0 binaries/kill.o
 .data          0x0000000000112c00        0x0 binaries/kprintf.o
 .data          0x0000000000112c00        0x0 binaries/main.o
 .data          0x0000000000112c00        0x0 binaries/mark.o
 .data          0x0000000000112c00       0x40 binaries/meminit.o
                0x0000000000112c00                bootsign
                0x0000000000112c04                bootinfo
                0x0000000000112c20                gdt_copy
 .data          0x0000000000112c40        0x0 binaries/mkbufpool.o
 .data          0x0000000000112c40        0x2 binaries/newqueue.o
 .data          0x0000000000112c42        0x0 binaries/open.o
 .data          0x0000000000112c42        0x0 binaries/panic.o
 .data          0x0000000000112c42        0x0 binaries/platinit.o
 .data          0x0000000000112c42        0x0 binaries/ptclear.o
 .data          0x0000000000112c42        0x0 binaries/ptcount.o
 .data          0x0000000000112c42        0x0 binaries/ptcreate.o
 .data          0x0000000000112c42        0x0 binaries/ptdelete.o
 .data          0x0000000000112c42        0x0 binaries/ptinit.o
 .data          0x0000000000112c42        0x0 binaries/ptrecv.o
 .data          0x0000000000112c42        0x0 binaries/ptreset.o
 .data          0x0000000000112c42        0x0 binaries/ptsend.o
 .data          0x0000000000112c42        0x0 binaries/putc.o
 .data          0x0000000000112c42        0x0 binaries/queue.o
 .data          0x0000000000112c42        0x0 binaries/read.o
 .data          0x0000000000112c42        0x0 binaries/ready.o
 .data          0x0000000000112c42        0x0 binaries/receive.o
 .data          0x0000000000112c42        0x0 binaries/recvclr.o
 .data          0x0000000000112c42        0x0 binaries/recvtime.o
 .data          0x0000000000112c42        0x0 binaries/resched.o
 .data          0x0000000000112c42        0x0 binaries/resume.o
 .data          0x0000000000112c42        0x0 binaries/seek.o
 .data          0x0000000000112c42        0x0 binaries/semcount.o
 .data          0x0000000000112c42        0x0 binaries/semcreate.o
 .data          0x0000000000112c42        0x0 binaries/semdelete.o
 .data          0x0000000000112c42        0x0 binaries/semreset.o
 .data          0x0000000000112c42        0x0 binaries/send.o
 .data          0x0000000000112c42        0x0 binaries/signal.o
 .data          0x0000000000112c42        0x0 binaries/signaln.o
 .data          0x0000000000112c42        0x0 binaries/sleep.o
 .data          0x0000000000112c42        0x0 binaries/stacktrace.o
 .data          0x0000000000112c42        0x0 binaries/suspend.o
 .data          0x0000000000112c42        0x0 binaries/unsleep.o
 .data          0x0000000000112c42        0x0 binaries/userret.o
 .data          0x0000000000112c42        0x0 binaries/wait.o
 .data          0x0000000000112c42        0x0 binaries/wakeup.o
 .data          0x0000000000112c42        0x0 binaries/write.o
 .data          0x0000000000112c42        0x0 binaries/xdone.o
 .data          0x0000000000112c42        0x0 binaries/yield.o
 .data          0x0000000000112c42        0x0 binaries/abs.o
 .data          0x0000000000112c42        0x0 binaries/atoi.o
 .data          0x0000000000112c42        0x0 binaries/atol.o
 .data          0x0000000000112c42        0x0 binaries/bzero.o
 .data          0x0000000000112c42        0x0 binaries/ctype_.o
 .data          0x0000000000112c42        0x0 binaries/doprnt.o
 *fill*         0x0000000000112c42       0x1e 
 .data          0x0000000000112c60       0x80 binaries/doscan.o
                0x0000000000112c60                _sctab
 .data          0x0000000000112ce0        0x0 binaries/fdoprnt.o
 .data          0x0000000000112ce0        0x0 binaries/fgetc.o
 .data          0x0000000000112ce0        0x0 binaries/fgets.o
 .data          0x0000000000112ce0        0x0 binaries/fprintf.o
 .data          0x0000000000112ce0        0x0 binaries/fputc.o
 .data          0x0000000000112ce0        0x0 binaries/fputs.o
 .data          0x0000000000112ce0        0x0 binaries/fscanf.o
 .data          0x0000000000112ce0        0x0 binaries/getchar.o
 .data          0x0000000000112ce0        0x0 binaries/labs.o
 .data          0x0000000000112ce0        0x0 binaries/memchr.o
 .data          0x0000000000112ce0        0x0 binaries/memcmp.o
 .data          0x0000000000112ce0        0x0 binaries/memcpy.o
 .data          0x0000000000112ce0        0x0 binaries/memset.o
 .data          0x0000000000112ce0        0x0 binaries/printf.o
 .data          0x0000000000112ce0        0x0 binaries/putchar.o
 .data          0x0000000000112ce0        0x0 binaries/qsort.o
 .data          0x0000000000112ce0        0x4 binaries/rand.o
 .data          0x0000000000112ce4        0x0 binaries/sprintf.o
 .data          0x0000000000112ce4        0x0 binaries/sscanf.o
 .data          0x0000000000112ce4        0x0 binaries/strchr.o
 .data          0x0000000000112ce4        0x0 binaries/strcmp.o
 .data          0x0000000000112ce4        0x0 binaries/strcpy.o
 .data          0x0000000000112ce4        0x0 binaries/strlen.o
 .data          0x0000000000112ce4        0x0 binaries/strncat.o
 .data          0x0000000000112ce4        0x0 binaries/strncmp.o
 .data          0x0000000000112ce4        0x0 binaries/strncpy.o
 .data          0x0000000000112ce4        0x0 binaries/strnlen.o
 .data          0x0000000000112ce4        0x0 binaries/strrchr.o
 .data          0x0000000000112ce4        0x0 binaries/strstr.o
 .data          0x0000000000112ce4        0x0 binaries/ttycontrol.o
 .data          0x0000000000112ce4        0x0 binaries/ttygetc.o
 .data          0x0000000000112ce4        0x0 binaries/ttyhandle_in.o
 .data          0x0000000000112ce4        0x0 binaries/ttyhandle_out.o
 .data          0x0000000000112ce4        0x0 binaries/ttyhandler.o
 .data          0x0000000000112ce4        0x0 binaries/ttyinit.o
 .data          0x0000000000112ce4        0x0 binaries/ttykickout.o
 .data          0x0000000000112ce4        0x0 binaries/ttyputc.o
 .data          0x0000000000112ce4        0x0 binaries/ttyread.o
 .data          0x0000000000112ce4        0x0 binaries/ttywrite.o
 .data          0x0000000000112ce4        0x0 binaries/mount.o
 .data          0x0000000000112ce4        0x0 binaries/naminit.o
 .data          0x0000000000112ce4        0x0 binaries/nammap.o
 .data          0x0000000000112ce4        0x0 binaries/namopen.o
 .data          0x0000000000112ce4        0x0 binaries/ramclose.o
 .data          0x0000000000112ce4        0x0 binaries/raminit.o
 .data          0x0000000000112ce4        0x0 binaries/ramopen.o
 .data          0x0000000000112ce4        0x0 binaries/ramread.o
 .data          0x0000000000112ce4        0x0 binaries/ramwrite.o
 .data          0x0000000000112ce4        0x0 binaries/lfdballoc.o
 .data          0x0000000000112ce4        0x0 binaries/lfdbfree.o
 .data          0x0000000000112ce4        0x0 binaries/lfflush.o
 .data          0x0000000000112ce4        0x0 binaries/lfgetmode.o
 .data          0x0000000000112ce4        0x0 binaries/lfiballoc.o
 .data          0x0000000000112ce4        0x0 binaries/lfibclear.o
 .data          0x0000000000112ce4        0x0 binaries/lfibget.o
 .data          0x0000000000112ce4        0x0 binaries/lfibput.o
 .data          0x0000000000112ce4        0x0 binaries/lflclose.o
 .data          0x0000000000112ce4        0x0 binaries/lflcontrol.o
 .data          0x0000000000112ce4        0x0 binaries/lflgetc.o
 .data          0x0000000000112ce4        0x0 binaries/lflinit.o
 .data          0x0000000000112ce4        0x0 binaries/lflputc.o
 .data          0x0000000000112ce4        0x0 binaries/lflread.o
 .data          0x0000000000112ce4        0x0 binaries/lflseek.o
 .data          0x0000000000112ce4        0x0 binaries/lflwrite.o
 .data          0x0000000000112ce4        0x0 binaries/lfscheck.o
 .data          0x0000000000112ce4        0x0 binaries/lfsckfmt.o
 .data          0x0000000000112ce4        0x0 binaries/lfscreate.o
 .data          0x0000000000112ce4        0x0 binaries/lfsetup.o
 .data          0x0000000000112ce4        0x0 binaries/lfsinit.o
 .data          0x0000000000112ce4        0x0 binaries/lfsopen.o
 .data          0x0000000000112ce4        0x0 binaries/lftruncate.o
 .data          0x0000000000112ce4        0x0 binaries/addargs.o
 .data          0x0000000000112ce4        0x0 binaries/lexan.o
 .data          0x0000000000112ce4        0x4 binaries/shell.o
                0x0000000000112ce4                ncmd
 *fill*         0x0000000000112ce8       0x18 
 .data.rel.ro   0x0000000000112d00       0xc0 binaries/shell.o
                0x0000000000112d00                cmdtab
 .data          0x0000000000112dc0        0x0 binaries/xsh_argecho.o
 .data          0x0000000000112dc0        0x0 binaries/xsh_cat.o
 .data          0x0000000000112dc0        0x0 binaries/xsh_clear.o
 .data          0x0000000000112dc0        0x0 binaries/xsh_date.o
 .data          0x0000000000112dc0        0x0 binaries/xsh_devdump.o
 .data          0x0000000000112dc0        0x0 binaries/xsh_echo.o
 .data          0x0000000000112dc0        0x0 binaries/xsh_exit.o
 .data          0x0000000000112dc0        0x0 binaries/xsh_help.o
 .data          0x0000000000112dc0        0x0 binaries/xsh_kill.o
 .data          0x0000000000112dc0        0x0 binaries/xsh_lab2.o
 .data          0x0000000000112dc0        0x0 binaries/xsh_memdump.o
 .data          0x0000000000112dc0        0x0 binaries/xsh_memstat.o
 .data          0x0000000000112dc0       0x20 binaries/xsh_ps.o
 .data          0x0000000000112de0        0x0 binaries/xsh_sleep.o
 .data          0x0000000000112de0        0x0 binaries/xsh_uptime.o
 .data          0x0000000000112de0        0x0 binaries/clkdisp.o
 .data          0x0000000000112de0        0x0 binaries/ctxsw.o
 .data          0x0000000000112de0        0x0 binaries/intr.o
                0x0000000000112de0                _saveint
 .data          0x0000000000112de0        0x0 binaries/ttydispatch.o
                0x0000000000112de0                edata = ABSOLUTE (.)
                0x0000000000113000                . = ALIGN (0x1000)
 *fill*         0x0000000000112de0      0x220 

.got            0x0000000000113000        0x0
 .got           0x0000000000113000        0x0 binaries/start.o

.got.plt        0x0000000000113000        0xc
 .got.plt       0x0000000000113000        0xc binaries/start.o
                0x0000000000113000                _GLOBAL_OFFSET_TABLE_

.igot.plt       0x000000000011300c        0x0
 .igot.plt      0x000000000011300c        0x0 binaries/start.o

.bss            0x0000000000113020    0x1efe0
                0x0000000000113020                bss = ABSOLUTE (.)
 *(.bss .bss.*)
 .bss           0x0000000000113020        0x0 binaries/start.o
 .bss           0x0000000000113020        0x0 binaries/ascdate.o
 .bss           0x0000000000113020        0x0 binaries/bufinit.o
 .bss           0x0000000000113020        0x0 binaries/chprio.o
 .bss           0x0000000000113020        0x0 binaries/clkhandler.o
 .bss           0x0000000000113020        0x0 binaries/clkinit.o
 .bss           0x0000000000113020        0x0 binaries/close.o
 .bss           0x0000000000113020        0x0 binaries/conf.o
 .bss           0x0000000000113020        0x0 binaries/control.o
 .bss           0x0000000000113020        0x0 binaries/create.o
 .bss           0x0000000000113020        0x0 binaries/evec.o
 .bss           0x0000000000113020        0x0 binaries/exit.o
 .bss           0x0000000000113020        0x0 binaries/freebuf.o
 .bss           0x0000000000113020        0x0 binaries/freemem.o
 .bss           0x0000000000113020        0x0 binaries/getbuf.o
 .bss           0x0000000000113020        0x0 binaries/getc.o
 .bss           0x0000000000113020        0x0 binaries/getdev.o
 .bss           0x0000000000113020        0x0 binaries/getitem.o
 .bss           0x0000000000113020        0x0 binaries/getmem.o
 .bss           0x0000000000113020        0x0 binaries/getpid.o
 .bss           0x0000000000113020        0x0 binaries/getprio.o
 .bss           0x0000000000113020        0x0 binaries/getstk.o
 .bss           0x0000000000113020        0x0 binaries/getticks.o
 .bss           0x0000000000113020        0x0 binaries/gettime.o
 .bss           0x0000000000113020        0x0 binaries/getutime.o
 .bss           0x0000000000113020        0x0 binaries/init.o
 .bss           0x0000000000113020        0x0 binaries/initialize.o
 .bss           0x0000000000113020        0x0 binaries/insert.o
 .bss           0x0000000000113020        0x0 binaries/insertd.o
 .bss           0x0000000000113020        0x0 binaries/ioerr.o
 .bss           0x0000000000113020        0x0 binaries/ionull.o
 .bss           0x0000000000113020        0x0 binaries/kill.o
 .bss           0x0000000000113020        0x0 binaries/kprintf.o
 .bss           0x0000000000113020        0x0 binaries/main.o
 .bss           0x0000000000113020        0x0 binaries/mark.o
 .bss           0x0000000000113020        0x0 binaries/meminit.o
 .bss           0x0000000000113020        0x0 binaries/mkbufpool.o
 .bss           0x0000000000113020        0x0 binaries/newqueue.o
 .bss           0x0000000000113020        0x0 binaries/open.o
 .bss           0x0000000000113020        0x0 binaries/panic.o
 .bss           0x0000000000113020        0x0 binaries/platinit.o
 .bss           0x0000000000113020        0x0 binaries/ptclear.o
 .bss           0x0000000000113020        0x0 binaries/ptcount.o
 .bss           0x0000000000113020        0x0 binaries/ptcreate.o
 .bss           0x0000000000113020        0x0 binaries/ptdelete.o
 .bss           0x0000000000113020        0x0 binaries/ptinit.o
 .bss           0x0000000000113020        0x0 binaries/ptrecv.o
 .bss           0x0000000000113020        0x0 binaries/ptreset.o
 .bss           0x0000000000113020        0x0 binaries/ptsend.o
 .bss           0x0000000000113020        0x0 binaries/putc.o
 .bss           0x0000000000113020        0x0 binaries/queue.o
 .bss           0x0000000000113020        0x0 binaries/read.o
 .bss           0x0000000000113020        0x0 binaries/ready.o
 .bss           0x0000000000113020        0x0 binaries/receive.o
 .bss           0x0000000000113020        0x0 binaries/recvclr.o
 .bss           0x0000000000113020        0x0 binaries/recvtime.o
 .bss           0x0000000000113020        0x0 binaries/resched.o
 .bss           0x0000000000113020        0x0 binaries/resume.o
 .bss           0x0000000000113020        0x0 binaries/seek.o
 .bss           0x0000000000113020        0x0 binaries/semcount.o
 .bss           0x0000000000113020        0x4 binaries/semcreate.o
 .bss           0x0000000000113024        0x0 binaries/semdelete.o
 .bss           0x0000000000113024        0x0 binaries/semreset.o
 .bss           0x0000000000113024        0x0 binaries/send.o
 .bss           0x0000000000113024        0x0 binaries/signal.o
 .bss           0x0000000000113024        0x0 binaries/signaln.o
 .bss           0x0000000000113024        0x0 binaries/sleep.o
 .bss           0x0000000000113024        0x0 binaries/stacktrace.o
 .bss           0x0000000000113024        0x0 binaries/suspend.o
 .bss           0x0000000000113024        0x0 binaries/unsleep.o
 .bss           0x0000000000113024        0x0 binaries/userret.o
 .bss           0x0000000000113024        0x0 binaries/wait.o
 .bss           0x0000000000113024        0x0 binaries/wakeup.o
 .bss           0x0000000000113024        0x0 binaries/write.o
 .bss           0x0000000000113024        0x0 binaries/xdone.o
 .bss           0x0000000000113024        0x0 binaries/yield.o
 .bss           0x0000000000113024        0x0 binaries/abs.o
 .bss           0x0000000000113024        0x0 binaries/atoi.o
 .bss           0x0000000000113024        0x0 binaries/atol.o
 .bss           0x0000000000113024        0x0 binaries/bzero.o
 .bss           0x0000000000113024        0x0 binaries/ctype_.o
 .bss           0x0000000000113024        0x0 binaries/doprnt.o
 .bss           0x0000000000113024        0x0 binaries/doscan.o
 .bss           0x0000000000113024        0x0 binaries/fdoprnt.o
 .bss           0x0000000000113024        0x0 binaries/fgetc.o
 .bss           0x0000000000113024        0x0 binaries/fgets.o
 .bss           0x0000000000113024        0x0 binaries/fprintf.o
 .bss           0x0000000000113024        0x0 binaries/fputc.o
 .bss           0x0000000000113024        0x0 binaries/fputs.o
 .bss           0x0000000000113024        0x0 binaries/fscanf.o
 .bss           0x0000000000113024        0x0 binaries/getchar.o
 .bss           0x0000000000113024        0x0 binaries/labs.o
 .bss           0x0000000000113024        0x0 binaries/memchr.o
 .bss           0x0000000000113024        0x0 binaries/memcmp.o
 .bss           0x0000000000113024        0x0 binaries/memcpy.o
 .bss           0x0000000000113024        0x0 binaries/memset.o
 .bss           0x0000000000113024        0x0 binaries/printf.o
 .bss           0x0000000000113024        0x0 binaries/putchar.o
 .bss           0x0000000000113024        0x8 binaries/qsort.o
 .bss           0x000000000011302c        0x0 binaries/rand.o
 .bss           0x000000000011302c        0x0 binaries/sprintf.o
 .bss           0x000000000011302c        0x0 binaries/sscanf.o
 .bss           0x000000000011302c        0x0 binaries/strchr.o
 .bss           0x000000000011302c        0x0 binaries/strcmp.o
 .bss           0x000000000011302c        0x0 binaries/strcpy.o
 .bss           0x000000000011302c        0x0 binaries/strlen.o
 .bss           0x000000000011302c        0x0 binaries/strncat.o
 .bss           0x000000000011302c        0x0 binaries/strncmp.o
 .bss           0x000000000011302c        0x0 binaries/strncpy.o
 .bss           0x000000000011302c        0x0 binaries/strnlen.o
 .bss           0x000000000011302c        0x0 binaries/strrchr.o
 .bss           0x000000000011302c        0x0 binaries/strstr.o
 .bss           0x000000000011302c        0x0 binaries/ttycontrol.o
 .bss           0x000000000011302c        0x0 binaries/ttygetc.o
 .bss           0x000000000011302c        0x0 binaries/ttyhandle_in.o
 .bss           0x000000000011302c        0x0 binaries/ttyhandle_out.o
 .bss           0x000000000011302c        0x0 binaries/ttyhandler.o
 .bss           0x000000000011302c        0x0 binaries/ttyinit.o
 .bss           0x000000000011302c        0x0 binaries/ttykickout.o
 .bss           0x000000000011302c        0x0 binaries/ttyputc.o
 .bss           0x000000000011302c        0x0 binaries/ttyread.o
 .bss           0x000000000011302c        0x0 binaries/ttywrite.o
 .bss           0x000000000011302c        0x0 binaries/mount.o
 .bss           0x000000000011302c        0x0 binaries/naminit.o
 .bss           0x000000000011302c        0x0 binaries/nammap.o
 .bss           0x000000000011302c        0x0 binaries/namopen.o
 .bss           0x000000000011302c        0x0 binaries/ramclose.o
 .bss           0x000000000011302c        0x0 binaries/raminit.o
 .bss           0x000000000011302c        0x0 binaries/ramopen.o
 .bss           0x000000000011302c        0x0 binaries/ramread.o
 .bss           0x000000000011302c        0x0 binaries/ramwrite.o
 .bss           0x000000000011302c        0x0 binaries/lfdballoc.o
 .bss           0x000000000011302c        0x0 binaries/lfdbfree.o
 .bss           0x000000000011302c        0x0 binaries/lfflush.o
 .bss           0x000000000011302c        0x0 binaries/lfgetmode.o
 .bss           0x000000000011302c        0x0 binaries/lfiballoc.o
 .bss           0x000000000011302c        0x0 binaries/lfibclear.o
 .bss           0x000000000011302c        0x0 binaries/lfibget.o
 .bss           0x000000000011302c        0x0 binaries/lfibput.o
 .bss           0x000000000011302c        0x0 binaries/lflclose.o
 .bss           0x000000000011302c        0x0 binaries/lflcontrol.o
 .bss           0x000000000011302c        0x0 binaries/lflgetc.o
 .bss           0x000000000011302c        0x0 binaries/lflinit.o
 .bss           0x000000000011302c        0x0 binaries/lflputc.o
 .bss           0x000000000011302c        0x0 binaries/lflread.o
 .bss           0x000000000011302c        0x0 binaries/lflseek.o
 .bss           0x000000000011302c        0x0 binaries/lflwrite.o
 .bss           0x000000000011302c        0x0 binaries/lfscheck.o
 .bss           0x000000000011302c        0x0 binaries/lfsckfmt.o
 .bss           0x000000000011302c        0x0 binaries/lfscreate.o
 .bss           0x000000000011302c        0x0 binaries/lfsetup.o
 .bss           0x000000000011302c        0x0 binaries/lfsinit.o
 .bss           0x000000000011302c        0x0 binaries/lfsopen.o
 .bss           0x000000000011302c        0x0 binaries/lftruncate.o
 .bss           0x000000000011302c        0x0 binaries/addargs.o
 .bss           0x000000000011302c        0x0 binaries/lexan.o
 .bss           0x000000000011302c        0x0 binaries/shell.o
 .bss           0x000000000011302c        0x0 binaries/xsh_argecho.o
 .bss           0x000000000011302c        0x0 binaries/xsh_cat.o
 .bss           0x000000000011302c        0x0 binaries/xsh_clear.o
 .bss           0x000000000011302c        0x0 binaries/xsh_date.o
 .bss           0x000000000011302c        0x0 binaries/xsh_devdump.o
 .bss           0x000000000011302c        0x0 binaries/xsh_echo.o
 .bss           0x000000000011302c        0x0 binaries/xsh_exit.o
 .bss           0x000000000011302c        0x0 binaries/xsh_help.o
 .bss           0x000000000011302c        0x0 binaries/xsh_kill.o
 .bss           0x000000000011302c        0x0 binaries/xsh_lab2.o
 .bss           0x000000000011302c        0x0 binaries/xsh_memdump.o
 .bss           0x000000000011302c        0x0 binaries/xsh_memstat.o
 .bss           0x000000000011302c        0x0 binaries/xsh_ps.o
 .bss           0x000000000011302c        0x0 binaries/xsh_sleep.o
 .bss           0x000000000011302c        0x0 binaries/xsh_uptime.o
 .bss           0x000000000011302c        0x0 binaries/clkdisp.o
 .bss           0x000000000011302c        0x0 binaries/ctxsw.o
 .bss           0x000000000011302c        0x0 binaries/intr.o
 .bss           0x000000000011302c        0x0 binaries/ttydispatch.o
 *(COMMON)
 *fill*         0x000000000011302c       0x14 
 COMMON         0x0000000000113040       0xf4 binaries/bufinit.o
                0x0000000000113040                buftab
                0x0000000000113130                nbpools
 COMMON         0x0000000000113134       0x10 binaries/clkinit.o
                0x0000000000113134                sleepq
                0x0000000000113138                preempt
                0x000000000011313c                count1000
                0x0000000000113140                clktime
 COMMON         0x0000000000113144        0x2 binaries/evec.o
                0x0000000000113144                girmask
 *fill*         0x0000000000113146       0x1a 
 COMMON         0x0000000000113160     0x1ad8 binaries/initialize.o
                0x0000000000113160                currpid
                0x0000000000113180                proctab
                0x0000000000114760                prcount
                0x0000000000114780                semtab
                0x0000000000114c30                memlist
 *fill*         0x0000000000114c38        0x8 
 COMMON         0x0000000000114c40       0x58 binaries/mark.o
                0x0000000000114c40                marks
                0x0000000000114c90                nmarks
                0x0000000000114c94                mkmutex
 COMMON         0x0000000000114c98        0x8 binaries/meminit.o
                0x0000000000114c98                minheap
                0x0000000000114c9c                maxheap
 COMMON         0x0000000000114ca0      0x2d8 binaries/ptinit.o
                0x0000000000114ca0                porttab
                0x0000000000114f70                ptnextid
                0x0000000000114f74                ptfree
 *fill*         0x0000000000114f78        0x8 
 COMMON         0x0000000000114f80      0x980 binaries/queue.o
                0x0000000000114f80                queuetab
 COMMON         0x0000000000115900        0x2 binaries/ready.o
                0x0000000000115900                readylist
 *fill*         0x0000000000115902        0x2 
 COMMON         0x0000000000115904        0x8 binaries/resched.o
                0x0000000000115904                Defer
 *fill*         0x000000000011590c       0x14 
 COMMON         0x0000000000115920      0x110 binaries/ttyinit.o
                0x0000000000115920                ttytab
 *fill*         0x0000000000115a30       0x10 
 COMMON         0x0000000000115a40     0x19c0 binaries/naminit.o
                0x0000000000115a40                nnames
                0x0000000000115a60                nametab
 COMMON         0x0000000000117400    0x19000 binaries/raminit.o
                0x0000000000117400                Ram
 COMMON         0x0000000000130400      0xf00 binaries/lflinit.o
                0x0000000000130400                lfltab
 COMMON         0x0000000000131300      0x20c binaries/lfsinit.o
                0x0000000000131300                Lf_data
                0x000000000013150c                ebss = ABSOLUTE (.)
                0x0000000000132000                . = ALIGN (0x1000)
 *fill*         0x000000000013150c      0xaf4 
 */()
                0x0000000000132000                end = ABSOLUTE (.)
                0x0000000000132000                _end = ABSOLUTE (.)
                0x0000000000132000                . = ALIGN (0x1000)
LOAD binaries/start.o
LOAD binaries/ascdate.o
LOAD binaries/bufinit.o
LOAD binaries/chprio.o
LOAD binaries/clkhandler.o
LOAD binaries/clkinit.o
LOAD binaries/close.o
LOAD binaries/conf.o
LOAD binaries/control.o
LOAD binaries/create.o
LOAD binaries/evec.o
LOAD binaries/exit.o
LOAD binaries/freebuf.o
LOAD binaries/freemem.o
LOAD binaries/getbuf.o
LOAD binaries/getc.o
LOAD binaries/getdev.o
LOAD binaries/getitem.o
LOAD binaries/getmem.o
LOAD binaries/getpid.o
LOAD binaries/getprio.o
LOAD binaries/getstk.o
LOAD binaries/getticks.o
LOAD binaries/gettime.o
LOAD binaries/getutime.o
LOAD binaries/init.o
LOAD binaries/initialize.o
LOAD binaries/insert.o
LOAD binaries/insertd.o
LOAD binaries/ioerr.o
LOAD binaries/ionull.o
LOAD binaries/kill.o
LOAD binaries/kprintf.o
LOAD binaries/main.o
LOAD binaries/mark.o
LOAD binaries/meminit.o
LOAD binaries/mkbufpool.o
LOAD binaries/newqueue.o
LOAD binaries/open.o
LOAD binaries/panic.o
LOAD binaries/platinit.o
LOAD binaries/ptclear.o
LOAD binaries/ptcount.o
LOAD binaries/ptcreate.o
LOAD binaries/ptdelete.o
LOAD binaries/ptinit.o
LOAD binaries/ptrecv.o
LOAD binaries/ptreset.o
LOAD binaries/ptsend.o
LOAD binaries/putc.o
LOAD binaries/queue.o
LOAD binaries/read.o
LOAD binaries/ready.o
LOAD binaries/receive.o
LOAD binaries/recvclr.o
LOAD binaries/recvtime.o
LOAD binaries/resched.o
LOAD binaries/resume.o
LOAD binaries/seek.o
LOAD binaries/semcount.o
LOAD binaries/semcreate.o
LOAD binaries/semdelete.o
LOAD binaries/semreset.o
LOAD binaries/send.o
LOAD binaries/signal.o
LOAD binaries/signaln.o
LOAD binaries/sleep.o
LOAD binaries/stacktrace.o
LOAD binaries/suspend.o
LOAD binaries/unsleep.o
LOAD binaries/userret.o
LOAD binaries/wait.o
LOAD binaries/wakeup.o
LOAD binaries/write.o
LOAD binaries/xdone.o
LOAD binaries/yield.o
LOAD binaries/abs.o
LOAD binaries/atoi.o
LOAD binaries/atol.o
LOAD binaries/bzero.o
LOAD binaries/ctype_.o
LOAD binaries/doprnt.o
LOAD binaries/doscan.o
LOAD binaries/fdoprnt.o
LOAD binaries/fgetc.o
LOAD binaries/fgets.o
LOAD binaries/fprintf.o
LOAD binaries/fputc.o
LOAD binaries/fputs.o
LOAD binaries/fscanf.o
LOAD binaries/getchar.o
LOAD binaries/labs.o
LOAD binaries/memchr.o
LOAD binaries/memcmp.o
LOAD binaries/memcpy.o
LOAD binaries/memset.o
LOAD binaries/printf.o
LOAD binaries/putchar.o
LOAD binaries/qsort.o
LOAD binaries/rand.o
LOAD binaries/sprintf.o
LOAD binaries/sscanf.o
LOAD binaries/strchr.o
LOAD binaries/strcmp.o
LOAD binaries/strcpy.o
LOAD binaries/strlen.o
LOAD binaries/strncat.o
LOAD binaries/strncmp.o
LOAD binaries/strncpy.o
LOAD binaries/strnlen.o
LOAD binaries/strrchr.o
LOAD binaries/strstr.o
LOAD binaries/ttycontrol.o
LOAD binaries/ttygetc.o
LOAD binaries/ttyhandle_in.o
LOAD binaries/ttyhandle_out.o
LOAD binaries/ttyhandler.o
LOAD binaries/ttyinit.o
LOAD binaries/ttykickout.o
LOAD binaries/ttyputc.o
LOAD binaries/ttyread.o
LOAD binaries/ttywrite.o
LOAD binaries/mount.o
LOAD binaries/naminit.o
LOAD binaries/nammap.o
LOAD binaries/namopen.o
LOAD binaries/ramclose.o
LOAD binaries/raminit.o
LOAD binaries/ramopen.o
LOAD binaries/ramread.o
LOAD binaries/ramwrite.o
LOAD binaries/lfdballoc.o
LOAD binaries/lfdbfree.o
LOAD binaries/lfflush.o
LOAD binaries/lfgetmode.o
LOAD binaries/lfiballoc.o
LOAD binaries/lfibclear.o
LOAD binaries/lfibget.o
LOAD binaries/lfibput.o
LOAD binaries/lflclose.o
LOAD binaries/lflcontrol.o
LOAD binaries/lflgetc.o
LOAD binaries/lflinit.o
LOAD binaries/lflputc.o
LOAD binaries/lflread.o
LOAD binaries/lflseek.o
LOAD binaries/lflwrite.o
LOAD binaries/lfscheck.o
LOAD binaries/lfsckfmt.o
LOAD binaries/lfscreate.o
LOAD binaries/lfsetup.o
LOAD binaries/lfsinit.o
LOAD binaries/lfsopen.o
LOAD binaries/lftruncate.o
LOAD binaries/addargs.o
LOAD binaries/lexan.o
LOAD binaries/shell.o
LOAD binaries/xsh_argecho.o
LOAD binaries/xsh_cat.o
LOAD binaries/xsh_clear.o
LOAD binaries/xsh_date.o
LOAD binaries/xsh_devdump.o
LOAD binaries/xsh_echo.o
LOAD binaries/xsh_exit.o
LOAD binaries/xsh_help.o
LOAD binaries/xsh_kill.o
LOAD binaries/xsh_lab2.o
LOAD binaries/xsh_memdump.o
LOAD binaries/xsh_memstat.o
LOAD binaries/xsh_ps.o
LOAD binaries/xsh_sleep.o
LOAD binaries/xsh_uptime.o
LOAD binaries/clkdisp.o
LOAD binaries/ctxsw.o
LOAD binaries/intr.o
LOAD binaries/ttydispatch.o
OUTPUT(../compile/xinu.elf elf32-i386)

.debug_line     0x0000000000000000     0xf2eb
 .debug_line    0x0000000000000000       0xdb binaries/start.o
 .debug_line    0x00000000000000db      0x2d8 binaries/ascdate.o
 .debug_line    0x00000000000003b3      0x122 binaries/bufinit.o
 .debug_line    0x00000000000004d5      0x146 binaries/chprio.o
 .debug_line    0x000000000000061b      0x161 binaries/clkhandler.o
 .debug_line    0x000000000000077c      0x140 binaries/clkinit.o
 .debug_line    0x00000000000008bc      0x138 binaries/close.o
 .debug_line    0x00000000000009f4      0x104 binaries/conf.o
 .debug_line    0x0000000000000af8      0x13a binaries/control.o
 .debug_line    0x0000000000000c32      0x251 binaries/create.o
 .debug_line    0x0000000000000e83      0x23a binaries/evec.o
 .debug_line    0x00000000000010bd      0x11d binaries/exit.o
 .debug_line    0x00000000000011da      0x151 binaries/freebuf.o
 .debug_line    0x000000000000132b      0x1e3 binaries/freemem.o
 .debug_line    0x000000000000150e      0x152 binaries/getbuf.o
 .debug_line    0x0000000000001660      0x137 binaries/getc.o
 .debug_line    0x0000000000001797      0x147 binaries/getdev.o
 .debug_line    0x00000000000018de      0x166 binaries/getitem.o
 .debug_line    0x0000000000001a44      0x186 binaries/getmem.o
 .debug_line    0x0000000000001bca      0x11e binaries/getpid.o
 .debug_line    0x0000000000001ce8      0x144 binaries/getprio.o
 .debug_line    0x0000000000001e2c      0x182 binaries/getstk.o
 .debug_line    0x0000000000001fae      0x123 binaries/getticks.o
 .debug_line    0x00000000000020d1      0x121 binaries/gettime.o
 .debug_line    0x00000000000021f2      0x123 binaries/getutime.o
 .debug_line    0x0000000000002315      0x137 binaries/init.o
 .debug_line    0x000000000000244c      0x29d binaries/initialize.o
 .debug_line    0x00000000000026e9      0x171 binaries/insert.o
 .debug_line    0x000000000000285a      0x18a binaries/insertd.o
 .debug_line    0x00000000000029e4      0x11d binaries/ioerr.o
 .debug_line    0x0000000000002b01      0x11e binaries/ionull.o
 .debug_line    0x0000000000002c1f      0x1a5 binaries/kill.o
 .debug_line    0x0000000000002dc4      0x1f6 binaries/kprintf.o
 .debug_line    0x0000000000002fba      0x156 binaries/main.o
 .debug_line    0x0000000000003110      0x17d binaries/mark.o
 .debug_line    0x000000000000328d      0x261 binaries/meminit.o
 .debug_line    0x00000000000034ee      0x1bb binaries/mkbufpool.o
 .debug_line    0x00000000000036a9      0x152 binaries/newqueue.o
 .debug_line    0x00000000000037fb      0x137 binaries/open.o
 .debug_line    0x0000000000003932      0x123 binaries/panic.o
 .debug_line    0x0000000000003a55      0x128 binaries/platinit.o
 .debug_line    0x0000000000003b7d      0x175 binaries/ptclear.o
 .debug_line    0x0000000000003cf2      0x15c binaries/ptcount.o
 .debug_line    0x0000000000003e4e      0x188 binaries/ptcreate.o
 .debug_line    0x0000000000003fd6      0x153 binaries/ptdelete.o
 .debug_line    0x0000000000004129      0x177 binaries/ptinit.o
 .debug_line    0x00000000000042a0      0x190 binaries/ptrecv.o
 .debug_line    0x0000000000004430      0x14d binaries/ptreset.o
 .debug_line    0x000000000000457d      0x192 binaries/ptsend.o
 .debug_line    0x000000000000470f      0x137 binaries/putc.o
 .debug_line    0x0000000000004846      0x186 binaries/queue.o
 .debug_line    0x00000000000049cc      0x137 binaries/read.o
 .debug_line    0x0000000000004b03      0x141 binaries/ready.o
 .debug_line    0x0000000000004c44      0x13e binaries/receive.o
 .debug_line    0x0000000000004d82      0x13b binaries/recvclr.o
 .debug_line    0x0000000000004ebd      0x15c binaries/recvtime.o
 .debug_line    0x0000000000005019      0x1b6 binaries/resched.o
 .debug_line    0x00000000000051cf      0x150 binaries/resume.o
 .debug_line    0x000000000000531f      0x137 binaries/seek.o
 .debug_line    0x0000000000005456      0x149 binaries/semcount.o
 .debug_line    0x000000000000559f      0x17f binaries/semcreate.o
 .debug_line    0x000000000000571e      0x161 binaries/semdelete.o
 .debug_line    0x000000000000587f      0x167 binaries/semreset.o
 .debug_line    0x00000000000059e6      0x163 binaries/send.o
 .debug_line    0x0000000000005b49      0x154 binaries/signal.o
 .debug_line    0x0000000000005c9d      0x169 binaries/signaln.o
 .debug_line    0x0000000000005e06      0x164 binaries/sleep.o
 .debug_line    0x0000000000005f6a      0x1ab binaries/stacktrace.o
 .debug_line    0x0000000000006115      0x175 binaries/suspend.o
 .debug_line    0x000000000000628a      0x16e binaries/unsleep.o
 .debug_line    0x00000000000063f8      0x120 binaries/userret.o
 .debug_line    0x0000000000006518      0x166 binaries/wait.o
 .debug_line    0x000000000000667e      0x140 binaries/wakeup.o
 .debug_line    0x00000000000067be      0x138 binaries/write.o
 .debug_line    0x00000000000068f6      0x11f binaries/xdone.o
 .debug_line    0x0000000000006a15      0x124 binaries/yield.o
 .debug_line    0x0000000000006b39       0x4b binaries/abs.o
 .debug_line    0x0000000000006b84       0x96 binaries/atoi.o
 .debug_line    0x0000000000006c1a       0x94 binaries/atol.o
 .debug_line    0x0000000000006cae       0x67 binaries/bzero.o
 .debug_line    0x0000000000006d15       0x46 binaries/ctype_.o
 .debug_line    0x0000000000006d5b      0x5da binaries/doprnt.o
 .debug_line    0x0000000000007335      0x3c9 binaries/doscan.o
 .debug_line    0x00000000000076fe      0x4db binaries/fdoprnt.o
 .debug_line    0x0000000000007bd9       0x4f binaries/fgetc.o
 .debug_line    0x0000000000007c28       0x87 binaries/fgets.o
 .debug_line    0x0000000000007caf      0x12d binaries/fprintf.o
 .debug_line    0x0000000000007ddc       0x4f binaries/fputc.o
 .debug_line    0x0000000000007e2b       0x5d binaries/fputs.o
 .debug_line    0x0000000000007e88       0x82 binaries/fscanf.o
 .debug_line    0x0000000000007f0a      0x120 binaries/getchar.o
 .debug_line    0x000000000000802a       0x4c binaries/labs.o
 .debug_line    0x0000000000008076        0x0 binaries/memchr.o
 .debug_line    0x0000000000008076       0x85 binaries/memcmp.o
 .debug_line    0x00000000000080fb       0x53 binaries/memcpy.o
 .debug_line    0x000000000000814e       0x74 binaries/memset.o
 .debug_line    0x00000000000081c2      0x132 binaries/printf.o
 .debug_line    0x00000000000082f4      0x121 binaries/putchar.o
 .debug_line    0x0000000000008415      0x1ad binaries/qsort.o
 .debug_line    0x00000000000085c2       0x68 binaries/rand.o
 .debug_line    0x000000000000862a       0x8a binaries/sprintf.o
 .debug_line    0x00000000000086b4       0x94 binaries/sscanf.o
 .debug_line    0x0000000000008748       0x74 binaries/strchr.o
 .debug_line    0x00000000000087bc       0x6d binaries/strcmp.o
 .debug_line    0x0000000000008829       0x75 binaries/strcpy.o
 .debug_line    0x000000000000889e       0x5a binaries/strlen.o
 .debug_line    0x00000000000088f8       0x85 binaries/strncat.o
 .debug_line    0x000000000000897d       0x9a binaries/strncmp.o
 .debug_line    0x0000000000008a17       0x85 binaries/strncpy.o
 .debug_line    0x0000000000008a9c       0x69 binaries/strnlen.o
 .debug_line    0x0000000000008b05       0x78 binaries/strrchr.o
 .debug_line    0x0000000000008b7d       0x9f binaries/strstr.o