
Merging program properties

Removed property 0xc0000002 to merge binaries/Lab4_alloc_free.o (0x3) and binaries/start.o (not found)
Removed property 0xc0000002 to merge binaries/Lab4_alloc_free.o (not found) and binaries/Lab4_do_stk_expend.o (0x3)
Removed property 0xc0000002 to merge binaries/Lab4_alloc_free.o (not found) and binaries/Lab4_fillpgentry.o (0x3)
Removed property 0xc0000002 to merge binaries/Lab4_alloc_free.o (not found) and binaries/Lab4_getheap.o (0x3)
Removed property 0xc0000002 to merge binaries/Lab4_alloc_free.o (not found) and binaries/Lab4_invlpg.o (0x3)
Removed property 0xc0000002 to merge binaries/Lab4_alloc_free.o (not found) and binaries/Lab4_log2ph.o (0x3)
Removed property 0xc0000002 to merge binaries/Lab4_alloc_free.o (not found) and binaries/Lab4_memlib.o (0x3)
Removed property 0xc0000002 to merge binaries/Lab4_alloc_free.o (not found) and binaries/Lab4_memory_pools.o (0x3)
Removed property 0xc0000002 to merge binaries/Lab4_alloc_free.o (not found) and binaries/ascdate.o (0x3)
Removed property 0xc0000002 to merge binaries/Lab4_alloc_free.o (not found) and binaries/bufinit.o (0x3)
Removed property 0xc0000002 to merge binaries/Lab4_alloc_free.o (not found) and binaries/chprio.o (0x3)
Removed property 0xc0000002 to merge binaries/Lab4_alloc_free.o (not found) and binaries/clkhandler.o (0x3)
Removed property 0xc0000002 to merge binaries/Lab4_alloc_free.o (not found) and binaries/clkinit.o (0x3)
Removed property 0xc0000002 to merge binaries/Lab4_alloc_free.o (not found) and binaries/close.o (0x3)
Removed property 0xc0000002 to merge binaries/Lab4_alloc_free.o (not found) and binaries/conf.o (0x3)
Removed property 0xc0000002 to merge binaries/Lab4_alloc_free.o (not found) and binaries/control.o (0x3)
Removed property 0xc0000002 to merge binaries/Lab4_alloc_free.o (not found) and binaries/create.o (0x3)
Removed property 0xc0000002 to merge binaries/Lab4_alloc_free.o (not found) and binaries/evec.o (0x3)
Removed property 0xc0000002 to merge binaries/Lab4_alloc_free.o (not found) and binaries/exit.o (0x3)
Removed property 0xc0000002 to merge binaries/Lab4_alloc_free.o (not found) and binaries/freebuf.o (0x3)
Removed property 0xc0000002 to merge binaries/Lab4_alloc_free.o (not found) and binaries/freemem.o (0x3)
Removed property 0xc0000002 to merge binaries/Lab4_alloc_free.o (not found) and binaries/getbuf.o (0x3)
Removed property 0xc0000002 to merge binaries/Lab4_alloc_free.o (not found) and binaries/getc.o (0x3)
Removed property 0xc0000002 to merge binaries/Lab4_alloc_free.o (not found) and binaries/getdev.o (0x3)
Removed property 0xc0000002 to merge binaries/Lab4_alloc_free.o (not found) and binaries/getitem.o (0x3)
Removed property 0xc0000002 to merge binaries/Lab4_alloc_free.o (not found) and binaries/getmem.o (0x3)
Removed property 0xc0000002 to merge binaries/Lab4_alloc_free.o (not found) and binaries/getpid.o (0x3)
Removed property 0xc0000002 to merge binaries/Lab4_alloc_free.o (not found) and binaries/getprio.o (0x3)
Removed property 0xc0000002 to merge binaries/Lab4_alloc_free.o (not found) and binaries/getstk.o (0x3)
Removed property 0xc0000002 to merge binaries/Lab4_alloc_free.o (not found) and binaries/getticks.o (0x3)
Removed property 0xc0000002 to merge binaries/Lab4_alloc_free.o (not found) and binaries/gettime.o (0x3)
Removed property 0xc0000002 to merge binaries/Lab4_alloc_free.o (not found) and binaries/getutime.o (0x3)
Removed property 0xc0000002 to merge binaries/Lab4_alloc_free.o (not found) and binaries/init.o (0x3)
Removed property 0xc0000002 to merge binaries/Lab4_alloc_free.o (not found) and binaries/initialize.o (0x3)
Removed property 0xc0000002 to merge binaries/Lab4_alloc_free.o (not found) and binaries/insert.o (0x3)
Removed property 0xc0000002 to merge binaries/Lab4_alloc_free.o (not found) and binaries/insertd.o (0x3)
Removed property 0xc0000002 to merge binaries/Lab4_alloc_free.o (not found) and binaries/ioerr.o (0x3)
Removed property 0xc0000002 to merge binaries/Lab4_alloc_free.o (not found) and binaries/ionull.o (0x3)
Removed property 0xc0000002 to merge binaries/Lab4_alloc_free.o (not found) and binaries/kill.o (0x3)
Removed property 0xc0000002 to merge binaries/Lab4_alloc_free.o (not found) and binaries/kprintf.o (0x3)
Removed property 0xc0000002 to merge binaries/Lab4_alloc_free.o (not found) and binaries/main.o (0x3)
Removed property 0xc0000002 to merge binaries/Lab4_alloc_free.o (not found) and binaries/mark.o (0x3)
Removed property 0xc0000002 to merge binaries/Lab4_alloc_free.o (not found) and binaries/mkbufpool.o (0x3)
Removed property 0xc0000002 to merge binaries/Lab4_alloc_free.o (not found) and binaries/newqueue.o (0x3)
Removed property 0xc0000002 to merge binaries/Lab4_alloc_free.o (not found) and binaries/open.o (0x3)
Removed property 0xc0000002 to merge binaries/Lab4_alloc_free.o (not found) and binaries/panic.o (0x3)
Removed property 0xc0000002 to merge binaries/Lab4_alloc_free.o (not found) and binaries/platinit.o (0x3)
[...]
Memory Configuration

Name             Origin             Length             Attributes
*default*        0x0000000000000000 0xffffffffffffffff

Linker script and memory map

                0x0000000000100000                physbase = 0x100000
                0x0000000000100000                . = physbase
                0x0000000000100000                . = ALIGN (0x1000)

.text           0x0000000000100000    0x16000
                0x0000000000100000                text = ABSOLUTE (.)
 *(.text .text.*)
 .text          0x0000000000100000      0x171 binaries/start.o
                0x0000000000100024                start
                0x00000000001000b3                inb
                0x00000000001000bb                inw
                0x00000000001000c4                inl
                0x00000000001000cc                outb
                0x00000000001000d6                outw
                0x00000000001000e1                outl
                0x00000000001000eb                _rtcin
                0x00000000001000f6                ___udivsi3
                0x0000000000100101                ___divsi3
                0x000000000010010d                sbzero
                0x000000000010011d                insw
                0x0000000000100133                outsw
                0x0000000000100149                bcopy
                0x000000000010015d                lidt
                0x0000000000100165                cpuid
 .text          0x0000000000100171       0xde binaries/Lab4_alloc_free.o
                0x0000000000100171                physical_addr_alloc
                0x00000000001001ee                physical_addr_free
 .text.__x86.get_pc_thunk.bx
                0x000000000010024f        0x4 binaries/Lab4_alloc_free.o
                0x000000000010024f                __x86.get_pc_thunk.bx
 .text          0x0000000000100253      0x138 binaries/Lab4_do_stk_expend.o
                0x0000000000100253                _do_stk_expand
 .text          0x000000000010038b      0x1f8 binaries/Lab4_fillpgentry.o
                0x000000000010038b                isfree
                0x0000000000100477                fill_page_entry
 .text          0x0000000000100583       0xdf binaries/Lab4_getheap.o
                0x0000000000100583                getheap
 .text          0x0000000000100662       0x1a binaries/Lab4_invlpg.o
                0x0000000000100662                invlpg
 .text.__x86.get_pc_thunk.ax
                0x000000000010067c        0x4 binaries/Lab4_invlpg.o
                0x000000000010067c                __x86.get_pc_thunk.ax
 .text          0x0000000000100680       0xc7 binaries/Lab4_log2ph.o
                0x0000000000100680                log2ph
 .text          0x0000000000100747      0x196 binaries/Lab4_memlib.o
                0x0000000000100747                mem_init
                0x00000000001007ce                mem_deinit
                0x0000000000100802                mem_reset_brk
                0x0000000000100822                mem_sbrk
                0x0000000000100887                mem_heap_lo
                0x00000000001008a0                mem_heap_hi
                0x00000000001008ba                mem_heapsize
 .text          0x00000000001008dd     0x20e7 binaries/Lab4_memory_pools.o
                0x00000000001008dd                mm_init
                0x0000000000100994                mm_malloc
                0x0000000000100ae1                mm_free
                0x0000000000100b4e                mm_realloc
                0x0000000000100d2d                power2
                0x0000000000100d82                extend
                0x0000000000100e29                findFit
                0x0000000000100eb2                placeHead
                0x0000000000100ff9                placeTail
                0x0000000000101146                coalesce
                0x00000000001014a0                checkNext
                0x00000000001015ec                cmp
                0x0000000000101682                getNext
                0x000000000010171c                swap
                0x000000000010174d                swapColor
                0x0000000000101806                swapNode
                0x0000000000101c27                takeOff
                0x0000000000101c9d                RBtree_insert
                0x0000000000101d9f                RBtree_delete
                0x0000000000101f52                rotateAt
                0x00000000001020e0                connect34
                0x000000000010218c                solveDoubleRed
                0x00000000001023c7                solveDoubleBlack
                0x00000000001026de                traverse
                0x0000000000102769                print
                0x000000000010283d                mm_checkblock
 .text          0x00000000001029c4      0x408 binaries/ascdate.o
                0x00000000001029c4                ascdate
 .text.__x86.get_pc_thunk.cx
                0x0000000000102dcc        0x4 binaries/ascdate.o
                0x0000000000102dcc                __x86.get_pc_thunk.cx
 .text          0x0000000000102dd0       0x24 binaries/bufinit.o
                0x0000000000102dd0                bufinit
 .text          0x0000000000102df4       0xae binaries/chprio.o
                0x0000000000102df4                chprio
 .text          0x0000000000102ea2       0xe8 binaries/clkhandler.o
                0x0000000000102ea2                clkhandler
 .text          0x0000000000102f8a       0xa7 binaries/clkinit.o
                0x0000000000102f8a                clkinit
 .text          0x0000000000103031       0x8a binaries/close.o
                0x0000000000103031                close
 .text          0x00000000001030bb        0x0 binaries/conf.o
 .text          0x00000000001030bb       0x90 binaries/control.o
                0x00000000001030bb                control
 .text          0x000000000010314b      0x8b8 binaries/create.o
                0x000000000010314b                create
 .text          0x0000000000103a03      0x520 binaries/evec.o
                0x0000000000103a03                initevec
                0x0000000000103b42                set_evec
                0x0000000000103c1d                _8259_setirmask
                0x0000000000103c92                trap
 .text          0x0000000000103f23       0x2d binaries/exit.o
                0x0000000000103f23                exit
 .text          0x0000000000103f50       0xa5 binaries/freebuf.o
                0x0000000000103f50                freebuf
 .text          0x0000000000103ff5       0xd7 binaries/freemem.o
                0x0000000000103ff5                freemem
 .text          0x00000000001040cc       0xa3 binaries/getbuf.o
                0x00000000001040cc                getbuf
 .text          0x000000000010416f       0x8a binaries/getc.o
                0x000000000010416f                getc
 .text          0x00000000001041f9       0x8a binaries/getdev.o
                0x00000000001041f9                getdev
 .text          0x0000000000104283      0x11d binaries/getitem.o
                0x0000000000104283                getfirst
                0x00000000001042dd                getlast
                0x0000000000104339                getitem
 .text.__x86.get_pc_thunk.dx
                0x00000000001043a0        0x4 binaries/getitem.o
                0x00000000001043a0                __x86.get_pc_thunk.dx
 .text          0x00000000001043a4       0xbd binaries/getmem.o
                0x00000000001043a4                getmem
 .text          0x0000000000104461       0x1b binaries/getpid.o
                0x0000000000104461                getpid
 .text          0x000000000010447c       0x98 binaries/getprio.o
                0x000000000010447c                getprio
 .text          0x0000000000104514      0x118 binaries/getstk.o
                0x0000000000104514                getstk
 .text          0x000000000010462c       0x24 binaries/getticks.o
                0x000000000010462c                getticks
 .text          0x0000000000104650       0x18 binaries/gettime.o
                0x0000000000104650                gettime
 .text          0x0000000000104668       0x18 binaries/getutime.o
                0x0000000000104668                getutime
 .text          0x0000000000104680       0x8a binaries/init.o
                0x0000000000104680                init
 .text          0x000000000010470a      0x3b3 binaries/initialize.o
                0x000000000010470a                nulluser
                0x0000000000104a42                stop
                0x0000000000104a81                delay
 .text          0x0000000000104abd      0x10d binaries/insert.o
                0x0000000000104abd                insert
 .text          0x0000000000104bca      0x146 binaries/insertd.o
                0x0000000000104bca                insertd
 .text          0x0000000000104d10       0x18 binaries/ioerr.o
                0x0000000000104d10                ioerr
 .text          0x0000000000104d28       0x18 binaries/ionull.o
                0x0000000000104d28                ionull
 .text          0x0000000000104d40      0x29a binaries/kill.o
                0x0000000000104d40                kill
 .text          0x0000000000104fda      0x1d6 binaries/kprintf.o
                0x0000000000104fda                kputc
                0x00000000001050a6                kgetc
                0x0000000000105170                kprintf
 .text          0x00000000001051b0       0xfa binaries/main.o
                0x00000000001051b0                sndA
                0x00000000001051d7                sndB
                0x00000000001051fe                main
 .text          0x00000000001052aa       0xf6 binaries/mark.o
                0x00000000001052aa                markinit
                0x00000000001052e7                mark
 .text          0x00000000001053a0      0x196 binaries/mkbufpool.o
                0x00000000001053a0                mkbufpool
 .text          0x0000000000105536       0xbf binaries/newqueue.o
                0x0000000000105536                newqueue
 .text          0x00000000001055f5       0x90 binaries/open.o
                0x00000000001055f5                open
 .text          0x0000000000105685       0x32 binaries/panic.o
                0x0000000000105685                panic
 .text          0x00000000001056b7       0x31 binaries/platinit.o
                0x00000000001056b7                console_init
                0x00000000001056cf                platinit
 .text          0x00000000001056e8      0x109 binaries/ptclear.o
                0x00000000001056e8                _ptclear
 .text          0x00000000001057f1       0xb3 binaries/ptcount.o
                0x00000000001057f1                ptcount
 .text          0x00000000001058a4      0x138 binaries/ptcreate.o
                0x00000000001058a4                ptcreate
 .text          0x00000000001059dc       0x98 binaries/ptdelete.o
                0x00000000001059dc                ptdelete
 .text          0x0000000000105a74       0xe9 binaries/ptinit.o
                0x0000000000105a74                ptinit
 .text          0x0000000000105b5d      0x139 binaries/ptrecv.o
                0x0000000000105b5d                ptrecv
 .text          0x0000000000105c96       0x8d binaries/ptreset.o
                0x0000000000105c96                ptreset
 .text          0x0000000000105d23      0x15e binaries/ptsend.o
                0x0000000000105d23                ptsend
 .text          0x0000000000105e81       0x95 binaries/putc.o
                0x0000000000105e81                putc
 .text          0x0000000000105f16      0x153 binaries/queue.o
                0x0000000000105f16                enqueue
                0x0000000000105fe0                dequeue
 .text          0x0000000000106069       0x90 binaries/read.o
                0x0000000000106069                read
 .text          0x00000000001060f9       0x98 binaries/ready.o
                0x00000000001060f9                ready
 .text          0x0000000000106191       0x7c binaries/receive.o
                0x0000000000106191                receive
 .text          0x000000000010620d       0x78 binaries/recvclr.o
                0x000000000010620d                recvclr
 .text          0x0000000000106285       0xdd binaries/recvtime.o
                0x0000000000106285                recvtime
 .text          0x0000000000106362      0x1fc binaries/resched.o
                0x0000000000106362                resched
                0x00000000001064bd                resched_cntl
 .text          0x000000000010655e       0xcb binaries/resume.o
                0x000000000010655e                resume
 .text          0x0000000000106629       0x8e binaries/seek.o
                0x0000000000106629                seek
 .text          0x00000000001066b7       0x8b binaries/semcount.o
                0x00000000001066b7                semcount
 .text          0x0000000000106742      0x108 binaries/semcreate.o
                0x0000000000106742                semcreate
 .text          0x000000000010684a       0xe3 binaries/semdelete.o
                0x000000000010684a                semdelete
 .text          0x000000000010692d       0xe7 binaries/semreset.o
                0x000000000010692d                semreset
 .text          0x0000000000106a14      0x107 binaries/send.o
                0x0000000000106a14                send
 .text          0x0000000000106b1b       0xbe binaries/signal.o
                0x0000000000106b1b                signal
 .text          0x0000000000106bd9       0xec binaries/signaln.o
                0x0000000000106bd9                signaln
 .text          0x0000000000106cc5      0x11d binaries/sleep.o
                0x0000000000106cc5                sleep
                0x0000000000106d21                sleepms
 .text          0x0000000000106de2      0x1c0 binaries/stacktrace.o
                0x0000000000106de2                stacktrace
 .text          0x0000000000106fa2      0x101 binaries/suspend.o
                0x0000000000106fa2                suspend
 .text          0x00000000001070a3      0x10c binaries/unsleep.o
                0x00000000001070a3                unsleep
 .text          0x00000000001071af       0x2d binaries/userret.o
                0x00000000001071af                userret
 .text          0x00000000001071dc      0x4b4 binaries/vminit.o
                0x00000000001071dc                vminit
                0x0000000000107589                setsegs
 .text          0x0000000000107690      0x100 binaries/wait.o
                0x0000000000107690                wait
 .text          0x0000000000107790       0x9c binaries/wakeup.o
                0x0000000000107790                wakeup
 .text          0x000000000010782c       0x90 binaries/write.o
                0x000000000010782c                write
 .text          0x00000000001078bc       0x33 binaries/xdone.o
                0x00000000001078bc                xdone
 .text          0x00000000001078ef       0x3b binaries/yield.o
                0x00000000001078ef                yield
 .text          0x000000000010792a       0x1f binaries/abs.o
                0x000000000010792a                abs
 .text          0x0000000000107949       0x9e binaries/atoi.o
                0x0000000000107949                atoi
 .text          0x00000000001079e7       0x9e binaries/atol.o
                0x00000000001079e7                atol
 .text          0x0000000000107a85       0x40 binaries/bzero.o
                0x0000000000107a85                bzero
 .text          0x0000000000107ac5        0x0 binaries/ctype_.o
 .text          0x0000000000107ac5      0x96b binaries/doprnt.o
                0x0000000000107ac5                _doprnt
 .text          0x0000000000108430      0x709 binaries/doscan.o
                0x0000000000108430                _doscan
 .text.__x86.get_pc_thunk.di
                0x0000000000108b39        0x4 binaries/doscan.o
                0x0000000000108b39                __x86.get_pc_thunk.di
 .text          0x0000000000108b3d      0x788 binaries/fdoprnt.o
                0x0000000000108b3d                _fdoprnt
 .text          0x00000000001092c5       0x3d binaries/fgetc.o
                0x00000000001092c5                fgetc
 .text          0x0000000000109302       0x88 binaries/fgets.o
                0x0000000000109302                fgets
 .text          0x000000000010938a       0x40 binaries/fprintf.o
                0x000000000010938a                fprintf
 .text          0x00000000001093ca       0x40 binaries/fputc.o
                0x00000000001093ca                fputc
 .text          0x000000000010940a       0x56 binaries/fputs.o
                0x000000000010940a                fputs
 .text          0x0000000000109460       0xc2 binaries/fscanf.o
                0x0000000000109460                fscanf
 .text          0x0000000000109522       0x4e binaries/getchar.o
                0x0000000000109522                getchar
 .text          0x0000000000109570       0x1f binaries/labs.o
                0x0000000000109570                labs
 .text          0x000000000010958f        0x0 binaries/memchr.o
 .text          0x000000000010958f       0x5f binaries/memcmp.o
                0x000000000010958f                memcmp
 .text          0x00000000001095ee       0x34 binaries/memcpy.o
                0x00000000001095ee                memcpy
 .text          0x0000000000109622       0x3e binaries/memset.o
                0x0000000000109622                memset
 .text          0x0000000000109660       0x66 binaries/printf.o
                0x0000000000109660                printf
 .text          0x00000000001096c6       0x51 binaries/putchar.o
                0x00000000001096c6                putchar
 .text          0x0000000000109717      0x2bf binaries/qsort.o
                0x0000000000109717                qsort
 .text          0x00000000001099d6       0x8d binaries/rand.o
                0x00000000001099d6                rand
                0x00000000001099fe                rand_r
                0x0000000000109a46                srand
 .text          0x0000000000109a63       0x8a binaries/sprintf.o
                0x0000000000109a63                sprintf
 .text          0x0000000000109aed       0xa4 binaries/sscanf.o
                0x0000000000109aed                sscanf
 .text          0x0000000000109b91       0x4a binaries/strchr.o
                0x0000000000109b91                strchr
 .text          0x0000000000109bdb       0x53 binaries/strcmp.o
                0x0000000000109bdb                strcmp
 .text          0x0000000000109c2e       0x35 binaries/strcpy.o
                0x0000000000109c2e                strcpy
 .text          0x0000000000109c63       0x34 binaries/strlen.o
                0x0000000000109c63                strlen
 .text          0x0000000000109c97       0x64 binaries/strncat.o
                0x0000000000109c97                strncat
 .text          0x0000000000109cfb       0x6c binaries/strncmp.o
                0x0000000000109cfb                strncmp
 .text          0x0000000000109d67       0x5d binaries/strncpy.o
                0x0000000000109d67                strncpy
 .text          0x0000000000109dc4       0x3c binaries/strnlen.o
                0x0000000000109dc4                strnlen
 .text          0x0000000000109e00       0x53 binaries/strrchr.o
                0x0000000000109e00                strrchr
 .text          0x0000000000109e53       0x7c binaries/strstr.o
                0x0000000000109e53                strstr
 .text          0x0000000000109ecf      0x100 binaries/ttycontrol.o
                0x0000000000109ecf                ttycontrol
 .text          0x0000000000109fcf       0xaf binaries/ttygetc.o
                0x0000000000109fcf                ttygetc
 .text          0x000000000010a07e      0x933 binaries/ttyhandle_in.o
                0x000000000010a07e                ttyhandle_in
                0x000000000010a729                erase1
                0x000000000010a87f                echoch
                0x000000000010a93d                eputc
 .text          0x000000000010a9b1      0x1c5 binaries/ttyhandle_out.o
                0x000000000010a9b1                ttyhandle_out
 .text          0x000000000010ab76       0xec binaries/ttyhandler.o
                0x000000000010ab76                ttyhandler
 .text          0x000000000010ac62      0x243 binaries/ttyinit.o
                0x000000000010ac62                ttyinit
 .text          0x000000000010aea5       0x2f binaries/ttykickout.o
                0x000000000010aea5                ttykickout
 .text          0x000000000010aed4       0xcd binaries/ttyputc.o
                0x000000000010aed4                ttyputc
 .text          0x000000000010afa1      0x12f binaries/ttyread.o
                0x000000000010afa1                ttyread
 .text          0x000000000010b0d0       0x60 binaries/ttywrite.o
                0x000000000010b0d0                ttywrite
 .text          0x000000000010b130      0x17c binaries/mount.o
                0x000000000010b130                mount
                0x000000000010b268                namlen
 .text          0x000000000010b2ac      0x224 binaries/naminit.o
                0x000000000010b2ac                naminit
 .text          0x000000000010b4d0      0x24f binaries/nammap.o
                0x000000000010b4d0                nammap
                0x000000000010b571                namrepl
                0x000000000010b6c1                namcpy
 .text          0x000000000010b71f       0x61 binaries/namopen.o
                0x000000000010b71f                namopen
 .text          0x000000000010b780       0x18 binaries/ramclose.o
                0x000000000010b780                ramclose
 .text          0x000000000010b798       0x5c binaries/raminit.o
                0x000000000010b798                raminit
 .text          0x000000000010b7f4       0x18 binaries/ramopen.o
                0x000000000010b7f4                ramopen
 .text          0x000000000010b80c       0x4b binaries/ramread.o
                0x000000000010b80c                ramread
 .text          0x000000000010b857       0x4b binaries/ramwrite.o
                0x000000000010b857                ramwrite
 .text          0x000000000010b8a2       0xc8 binaries/lfdballoc.o
                0x000000000010b8a2                lfdballoc
 .text          0x000000000010b96a       0x70 binaries/lfdbfree.o
                0x000000000010b96a                lfdbfree
 .text          0x000000000010b9da       0xe4 binaries/lfflush.o
                0x000000000010b9da                lfflush
 .text          0x000000000010babe       0xed binaries/lfgetmode.o
                0x000000000010babe                lfgetmode
 .text          0x000000000010bbab       0x96 binaries/lfiballoc.o
                0x000000000010bbab                lfiballoc
 .text          0x000000000010bc41       0x49 binaries/lfibclear.o
                0x000000000010bc41                lfibclear
 .text          0x000000000010bc8a       0xc0 binaries/lfibget.o
                0x000000000010bc8a                lfibget
 .text          0x000000000010bd4a       0xef binaries/lfibput.o
                0x000000000010bd4a                lfibput
 .text          0x000000000010be39       0xbf binaries/lflclose.o
                0x000000000010be39                lflclose
 .text          0x000000000010bef8       0xf1 binaries/lflcontrol.o
                0x000000000010bef8                lflcontrol
 .text          0x000000000010bfe9      0x108 binaries/lflgetc.o
                0x000000000010bfe9                lflgetc
 .text          0x000000000010c0f1      0x104 binaries/lflinit.o
                0x000000000010c0f1                lflinit
 .text          0x000000000010c1f5      0x13e binaries/lflputc.o
                0x000000000010c1f5                lflputc
 .text          0x000000000010c333       0x83 binaries/lflread.o
                0x000000000010c333                lflread
 .text          0x000000000010c3b6       0xc2 binaries/lflseek.o
                0x000000000010c3b6                lflseek
 .text          0x000000000010c478       0x68 binaries/lflwrite.o
                0x000000000010c478                lflwrite
 .text          0x000000000010c4e0       0x70 binaries/lfscheck.o
                0x000000000010c4e0                lfscheck
 .text          0x000000000010c550      0x198 binaries/lfsckfmt.o
                0x000000000010c550                lfsckfmt
 .text          0x000000000010c6e8      0x1c2 binaries/lfscreate.o
                0x000000000010c6e8                lfscreate
 .text          0x000000000010c8aa      0x2a7 binaries/lfsetup.o
                0x000000000010c8aa                lfsetup
 .text          0x000000000010cb51       0x83 binaries/lfsinit.o
                0x000000000010cb51                lfsinit
 .text          0x000000000010cbd4      0x415 binaries/lfsopen.o
                0x000000000010cbd4                lfsopen
 .text          0x000000000010cfe9      0x18e binaries/lftruncate.o
                0x000000000010cfe9                lftruncate
 .text          0x000000000010d177      0x583 binaries/Lab5_vgacontrol.o
                0x000000000010d177                vga_putc
                0x000000000010d460                vga_erase
                0x000000000010d5bb                vga_shellbanner
 .text          0x000000000010d6fa      0x16e binaries/Lab5_vgacursor.o
                0x000000000010d6fa                set_cursor
                0x000000000010d777                get_cursor
                0x000000000010d7ed                vga_cursor_left
                0x000000000010d82a                vga_cursor_right
 .text          0x000000000010d868       0x78 binaries/Lab5_vgagetc.o
                0x000000000010d868                vgagetc
 .text          0x000000000010d8e0      0x672 binaries/Lab5_vgahandler.o
                0x000000000010d8e0                vgahandler
 .text          0x000000000010df52       0xb7 binaries/Lab5_vgainit.o
                0x000000000010df52                vgainit
 .text          0x000000000010e009       0x4e binaries/Lab5_vgaputc.o
                0x000000000010e009                vgaputc
 .text          0x000000000010e057       0x9c binaries/Lab5_vgaread.o
                0x000000000010e057                vgaread
 .text          0x000000000010e0f3       0x60 binaries/Lab5_vgawrite.o
                0x000000000010e0f3                vgawrite
 .text          0x000000000010e153       0x33 binaries/Lab5_multiinit.o
                0x000000000010e153                multiinit
 .text          0x000000000010e186       0x5b binaries/Lab5_multiputc.o
                0x000000000010e186                multiputc
 .text          0x000000000010e1e1       0x60 binaries/Lab5_multiwrite.o
                0x000000000010e1e1                multiwrite
 .text          0x000000000010e241       0x94 binaries/disk.o
                0x000000000010e241                diskinit
 .text          0x000000000010e2d5      0x16e binaries/diskflush.o
                0x000000000010e2d5                diskflush
 .text          0x000000000010e443      0x1a6 binaries/diskgetc.o
                0x000000000010e443                diskgetc
 .text          0x000000000010e5e9      0x1bb binaries/diskputc.o
                0x000000000010e5e9                diskputc
 .text          0x000000000010e7a4       0x4c binaries/diskread.o
                0x000000000010e7a4                diskread
 .text          0x000000000010e7f0       0x43 binaries/diskseek.o
                0x000000000010e7f0                diskseek
 .text          0x000000000010e833       0x7d binaries/diskwrite.o
                0x000000000010e833                diskwrite
 .text          0x000000000010e8b0      0x477 binaries/addargs.o
                0x000000000010e8b0                upload_args
                0x000000000010e98c                addargs
 .text          0x000000000010ed27      0x2df binaries/lexan.o
                0x000000000010ed27                lexan
 .text          0x000000000010f006      0x6fb binaries/shell.o
                0x000000000010f006                shell
 .text          0x000000000010f701       0x85 binaries/xsh_argecho.o
                0x000000000010f701                xsh_argecho
 .text          0x000000000010f786      0x2df binaries/xsh_cat.o
                0x000000000010f786                xsh_cat
 .text          0x000000000010fa65       0x83 binaries/xsh_clear.o
                0x000000000010fa65                xsh_clear
 .text          0x000000000010fae8      0x30c binaries/xsh_date.o
                0x000000000010fae8                xsh_date
 .text          0x000000000010fdf4       0xde binaries/xsh_devdump.o
                0x000000000010fdf4                xsh_devdump
 .text          0x000000000010fed2       0x91 binaries/xsh_echo.o
                0x000000000010fed2                xsh_echo
 .text          0x000000000010ff63       0x18 binaries/xsh_exit.o
                0x000000000010ff63                xsh_exit
 .text          0x000000000010ff7b      0x410 binaries/xsh_help.o
                0x000000000010ff7b                xsh_help
 .text          0x000000000011038b      0x2b8 binaries/xsh_kill.o
                0x000000000011038b                xsh_kill
 .text          0x0000000000110643      0x79d binaries/xsh_lab2.o
                0x0000000000110643                xsh_lab2
                0x0000000000110b77                u2021201780_printf_1
                0x0000000000110bfa                u2021201780_printf_2
                0x0000000000110c5e                u2021201780_printf_3
                0x0000000000110ca8                u2021201780_delay_run
                0x0000000000110d65                u2021201780_delay_test
 .text          0x0000000000110de0      0x2a8 binaries/xsh_lab3.o
                0x0000000000110de0                k2021201780_printf
                0x0000000000110e7e                k2021201780_fprintf
                0x0000000000110f2f                u2021201780_uptest
                0x0000000000110fbe                xsh_lab3
 .text.__x86.get_pc_thunk.si
                0x0000000000111088        0x4 binaries/xsh_lab3.o
                0x0000000000111088                __x86.get_pc_thunk.si
 .text          0x000000000011108c      0x1d8 binaries/xsh_lab4.o
                0x000000000011108c                xsh_lab4
 .text          0x0000000000111264      0x14a binaries/xsh_lab5.o
                0x0000000000111264                xsh_lab5
 .text          0x00000000001113ae      0x57f binaries/xsh_lab6.o
                0x00000000001113ae                xsh_lab6_ls
                0x000000000011144b                xsh_lab6_exec
                0x000000000011177c                xsh_lab6_fcat
                0x00000000001118b1                k2021201780_load_code
 .text          0x000000000011192d      0x5f1 binaries/xsh_memdump.o
                0x000000000011192d                xsh_memdump
 .text          0x0000000000111f1e      0x352 binaries/xsh_memstat.o
                0x0000000000111f1e                xsh_memstat
 .text          0x0000000000112270      0x254 binaries/xsh_ps.o
                0x0000000000112270                xsh_ps
 .text          0x00000000001124c4      0x28a binaries/xsh_sleep.o
                0x00000000001124c4                xsh_sleep
 .text          0x000000000011274e      0x254 binaries/xsh_uptime.o
                0x000000000011274e                xsh_uptime
 .text          0x00000000001129a2        0x8 binaries/Lab3_create.o
                0x00000000001129a2                u2021201780_create
 .text          0x00000000001129aa       0x20 binaries/Lab3_fprintf.o
                0x00000000001129aa                u2021201780_fprintf
 .text          0x00000000001129ca        0x8 binaries/Lab3_ltss.o
                0x00000000001129ca                k2021201780_ltss
 .text          0x00000000001129d2       0x19 binaries/Lab3_printf.o
                0x00000000001129d2                u2021201780_printf
 .text          0x00000000001129eb        0xf binaries/Lab3_read.o
                0x00000000001129eb                u2021201780_read
 .text          0x00000000001129fa        0x3 binaries/Lab3_receive.o
                0x00000000001129fa                u2021201780_receive
 .text          0x00000000001129fd        0x3 binaries/Lab3_recvclr.o
                0x00000000001129fd                u2021201780_recvclr
 .text          0x0000000000112a00        0x7 binaries/Lab3_resume.o
                0x0000000000112a00                u2021201780_resume
 .text          0x0000000000112a07        0x2 binaries/Lab3_ret_k2u.o
                0x0000000000112a07                k2021201780_ret_k2u
 .text          0x0000000000112a09        0x2 binaries/Lab3_ret_u2k.o
                0x0000000000112a09                u2021201780_ret_u2k
 .text          0x0000000000112a0b        0x7 binaries/Lab3_sleep.o
                0x0000000000112a0b                u2021201780_sleep
 .text          0x0000000000112a12        0x7 binaries/Lab3_sleepms.o
                0x0000000000112a12                u2021201780_sleepms
 .text          0x0000000000112a19        0x8 binaries/Lab4_addargs.o
                0x0000000000112a19                u2021201780_addargs
 .text          0x0000000000112a21       0x15 binaries/Lab4_malloc_free.o
                0x0000000000112a21                u2021201780_malloc
                0x0000000000112a28                u2021201780_free
                0x0000000000112a2f                u2021201780_heap_init
 .text          0x0000000000112a36        0xb binaries/Lab6_load_code.o
                0x0000000000112a36                u2021201780_load_code
 .text          0x0000000000112a41        0xb binaries/Lab6_seek.o
                0x0000000000112a41                u2021201780_seek
 .text          0x0000000000112a4c        0xe binaries/clkdisp.o
                0x0000000000112a4c                clkdisp
 .text          0x0000000000112a5a       0x1f binaries/ctxsw.o
                0x0000000000112a5a                ctxsw
 .text          0x0000000000112a79      0x5d1 binaries/intr.o
                0x0000000000112a79                disable
                0x0000000000112a82                restore
                0x0000000000112a90                enable
                0x0000000000112a92                pause
                0x0000000000112a99                halt
                0x0000000000112a9c                spurious_irq7
                0x0000000000112aa1                spurious_irq15
                0x0000000000112ab0                _Xint0
                0x0000000000112ab8                _Xint1
                0x0000000000112ac0                _Xint2
                0x0000000000112ac8                _Xint3
                0x0000000000112ad0                _Xint4
                0x0000000000112ad8                _Xint5
                0x0000000000112ae3                _Xint6
                0x0000000000112aeb                _Xint7
                0x0000000000112af3                _Xint8
                0x0000000000112afb                _Xint9
                0x0000000000112b03                _Xint10
                0x0000000000112b0b                _Xint11
                0x0000000000112b13                _Xint12
                0x0000000000112b1b                _Xint13
                0x0000000000112b23                _Xint14
                0x0000000000112b34                _Xint15
                0x0000000000112b3f                _Xint16
                0x0000000000112b4a                _Xint17
                0x0000000000112b55                _Xint18
                0x0000000000112b60                _Xint19
                0x0000000000112b6b                _Xint20
                0x0000000000112b76                _Xint21
                0x0000000000112b81                _Xint22
                0x0000000000112b8c                _Xint23
                0x0000000000112b97                _Xint24
                0x0000000000112ba2                _Xint25
                0x0000000000112bad                _Xint26
                0x0000000000112bb8                _Xint27
                0x0000000000112bc3                _Xint28
                0x0000000000112bce                _Xint29
                0x0000000000112bd9                _Xint30
                0x0000000000112be4                _Xint31
                0x0000000000112bef                _Xint32
                0x0000000000112bfa                _Xint33
                0x0000000000112c05                _Xint34
                0x0000000000112c10                _Xint35
                0x0000000000112c1b                _Xint36
                0x0000000000112c26                _Xint37
                0x0000000000112c31                _Xint38
                0x0000000000112c3c                _Xint40
                0x0000000000112c47                _Xint41
                0x0000000000112c52                _Xint42
                0x0000000000112c5d                _Xint43
                0x0000000000112c68                _Xint44
                0x0000000000112c73                _Xint45
                0x0000000000112c7e                _Xint46
                0x0000000000112c89                _Xint48
                0x0000000000112cc6                _Xint49
                0x0000000000112ccb                _Xint50
                0x0000000000112cee                _Xint51
                0x0000000000112d48                _Xint52
                0x0000000000112d6b                _Xint53
                0x0000000000112daa                _Xint54
                0x0000000000112dcf                _Xint55
                0x0000000000112df2                _Xint56
                0x0000000000112e13                _Xint57
                0x0000000000112e34                _Xint58
                0x0000000000112e70                _Xint59
                0x0000000000112e93                _Xint60
                0x0000000000112eb6                _Xint61
                0x0000000000112ed7                _Xint62
                0x0000000000112efc                _Xint63
                0x0000000000112f21                _Xint64
                0x0000000000112f46                defevec
 .text          0x000000000011304a       0x10 binaries/ttydispatch.o
                0x000000000011304a                ttydispatch
 .text          0x000000000011305a       0x10 binaries/Lab5_vgadispatch.o
                0x000000000011305a                vgadispatch
 .text          0x000000000011306a       0x15 binaries/Lab5_multidispatch.o
                0x000000000011306a                multidispatch
 *(.rodata .rodata.*)
 *fill*         0x000000000011307f        0x1 
 .rodata        0x0000000000113080       0x20 binaries/Lab4_alloc_free.o
 .rodata        0x00000000001130a0       0x27 binaries/Lab4_do_stk_expend.o
 *fill*         0x00000000001130c7        0x1 
 .rodata        0x00000000001130c8       0x4a binaries/Lab4_memlib.o
 *fill*         0x0000000000113112        0x2 
 .rodata        0x0000000000113114      0x17e binaries/Lab4_memory_pools.o
 *fill*         0x0000000000113292        0x2 
 .rodata        0x0000000000113294       0x8e binaries/ascdate.o
 .rodata        0x0000000000113322       0x57 binaries/conf.o
 .rodata        0x0000000000113379        0xe binaries/create.o
 *fill*         0x0000000000113387        0x1 
 .rodata        0x0000000000113388      0x231 binaries/evec.o
 *fill*         0x00000000001135b9        0x3 
 .rodata        0x00000000001135bc      0x128 binaries/initialize.o
 .rodata        0x00000000001136e4       0x20 binaries/kill.o
 .rodata        0x0000000000113704       0x2a binaries/main.o
 .rodata        0x000000000011372e        0xf binaries/panic.o
 .rodata        0x000000000011373d       0x1d binaries/ptinit.o
 *fill*         0x000000000011375a        0x2 
 .rodata        0x000000000011375c       0x25 binaries/ptsend.o
 *fill*         0x0000000000113781        0x3 
 .rodata        0x0000000000113784       0xb7 binaries/stacktrace.o
 *fill*         0x000000000011383b        0x1 
 .rodata        0x000000000011383c       0x3e binaries/vminit.o
 *fill*         0x000000000011387a        0x2 
 .rodata        0x000000000011387c       0x27 binaries/xdone.o
 *fill*         0x00000000001138a3       0x1d 
 .rodata        0x00000000001138c0       0x81 binaries/ctype_.o
                0x00000000001138c0                _ctype_
 *fill*         0x0000000000113941        0x3 
 .rodata        0x0000000000113944       0xee binaries/doprnt.o
 *fill*         0x0000000000113a32        0x2 
 .rodata        0x0000000000113a34       0xae binaries/fdoprnt.o
 *fill*         0x0000000000113ae2        0x2 
 .rodata        0x0000000000113ae4       0x20 binaries/ttycontrol.o
 .rodata        0x0000000000113b04       0x34 binaries/ttyhandler.o
 .rodata        0x0000000000113b38       0x80 binaries/naminit.o
 .rodata        0x0000000000113bb8        0x9 binaries/raminit.o
 *fill*         0x0000000000113bc1        0x3 
 .rodata        0x0000000000113bc4       0x37 binaries/lfdballoc.o
 .rodata        0x0000000000113bfb       0x14 binaries/lfiballoc.o
 *fill*         0x0000000000113c0f        0x1 
 .rodata        0x0000000000113c10       0x23 binaries/lflcontrol.o
 *fill*         0x0000000000113c33        0x1 
 .rodata        0x0000000000113c34      0x11b binaries/lfsckfmt.o
 *fill*         0x0000000000113d4f        0x1 
 .rodata        0x0000000000113d50       0x2a binaries/lfsopen.o
 *fill*         0x0000000000113d7a        0x2 
 .rodata        0x0000000000113d7c       0x50 binaries/Lab5_vgacontrol.o
 .rodata        0x0000000000113dcc      0x399 binaries/shell.o
 .rodata        0x0000000000114165       0x28 binaries/xsh_argecho.o
 *fill*         0x000000000011418d        0x3 
 .rodata        0x0000000000114190       0xc9 binaries/xsh_cat.o
 .rodata        0x0000000000114259       0x19 binaries/xsh_clear.o
 *fill*         0x0000000000114272        0x2 
 .rodata        0x0000000000114274      0x1a5 binaries/xsh_date.o
 .rodata        0x0000000000114419       0x5d binaries/xsh_devdump.o
 .rodata        0x0000000000114476        0x9 binaries/xsh_echo.o
 *fill*         0x000000000011447f        0x1 
 .rodata        0x0000000000114480      0x16a binaries/xsh_help.o
 *fill*         0x00000000001145ea        0x2 
 .rodata        0x00000000001145ec      0x12e binaries/xsh_kill.o
 *fill*         0x000000000011471a        0x2 
 .rodata        0x000000000011471c      0x3ad binaries/xsh_lab2.o
 .rodata        0x0000000000114ac9       0x44 binaries/xsh_lab3.o
 .rodata        0x0000000000114b0d       0x8a binaries/xsh_lab4.o
 .rodata        0x0000000000114b97       0x6d binaries/xsh_lab5.o
 .rodata        0x0000000000114c04       0x79 binaries/xsh_lab6.o
 *fill*         0x0000000000114c7d        0x3 
 .rodata        0x0000000000114c80      0x266 binaries/xsh_memdump.o
 *fill*         0x0000000000114ee6        0x2 
 .rodata        0x0000000000114ee8      0x225 binaries/xsh_memstat.o
 *fill*         0x000000000011510d        0x3 
 .rodata        0x0000000000115110      0x1a8 binaries/xsh_ps.o
 .rodata        0x00000000001152b8       0xeb binaries/xsh_sleep.o
 *fill*         0x00000000001153a3        0x1 
 .rodata        0x00000000001153a4      0x105 binaries/xsh_uptime.o
                0x00000000001154a9                etext = ABSOLUTE (.)
                0x0000000000116000                . = ALIGN (0x1000)
 *fill*         0x00000000001154a9      0xb57 

.eh_frame       0x0000000000116000     0x2aac
 .eh_frame      0x0000000000116000       0x74 binaries/Lab4_alloc_free.o
 .eh_frame      0x0000000000116074       0x24 binaries/Lab4_do_stk_expend.o
                                         0x50 (size before relaxing)
 .eh_frame      0x0000000000116098       0x48 binaries/Lab4_fillpgentry.o
                                         0x74 (size before relaxing)
 .eh_frame      0x00000000001160e0       0x24 binaries/Lab4_getheap.o
                                         0x50 (size before relaxing)
 .eh_frame      0x0000000000116104       0x34 binaries/Lab4_invlpg.o
                                         0x4c (size before relaxing)
 .eh_frame      0x0000000000116138       0x24 binaries/Lab4_log2ph.o
                                         0x50 (size before relaxing)
 .eh_frame      0x000000000011615c       0xec binaries/Lab4_memlib.o
                                        0x12c (size before relaxing)
 .eh_frame      0x0000000000116248      0x37c binaries/Lab4_memory_pools.o
                                        0x3bc (size before relaxing)
 .eh_frame      0x00000000001165c4       0x38 binaries/ascdate.o
                                         0x50 (size before relaxing)
 .eh_frame      0x00000000001165fc       0x20 binaries/bufinit.o
                                         0x4c (size before relaxing)
 .eh_frame      0x000000000011661c       0x24 binaries/chprio.o
                                         0x50 (size before relaxing)
 .eh_frame      0x0000000000116640       0x24 binaries/clkhandler.o
                                         0x50 (size before relaxing)
 .eh_frame      0x0000000000116664       0x24 binaries/clkinit.o
                                         0x50 (size before relaxing)
 .eh_frame      0x0000000000116688       0x24 binaries/close.o
                                         0x50 (size before relaxing)
 .eh_frame      0x00000000001166ac       0x24 binaries/control.o
                                         0x50 (size before relaxing)
 .eh_frame      0x00000000001166d0       0x48 binaries/create.o
                                         0x88 (size before relaxing)
 .eh_frame      0x0000000000116718       0x90 binaries/evec.o
                                         0xd0 (size before relaxing)
 .eh_frame      0x00000000001167a8       0x24 binaries/exit.o
                                         0x50 (size before relaxing)
 .eh_frame      0x00000000001167cc       0x24 binaries/freebuf.o
                                         0x50 (size before relaxing)
 .eh_frame      0x00000000001167f0       0x24 binaries/freemem.o
                                         0x50 (size before relaxing)
 .eh_frame      0x0000000000116814       0x24 binaries/getbuf.o
                                         0x50 (size before relaxing)
 .eh_frame      0x0000000000116838       0x24 binaries/getc.o
                                         0x50 (size before relaxing)
 .eh_frame      0x000000000011685c       0x24 binaries/getdev.o
                                         0x50 (size before relaxing)
 .eh_frame      0x0000000000116880       0x78 binaries/getitem.o
                                         0xa4 (size before relaxing)
 .eh_frame      0x00000000001168f8       0x24 binaries/getmem.o
                                         0x50 (size before relaxing)
 .eh_frame      0x000000000011691c       0x20 binaries/getpid.o
                                         0x4c (size before relaxing)
 .eh_frame      0x000000000011693c       0x24 binaries/getprio.o
                                         0x50 (size before relaxing)
 .eh_frame      0x0000000000116960       0x24 binaries/getstk.o
                                         0x50 (size before relaxing)
 .eh_frame      0x0000000000116984       0x20 binaries/getticks.o
                                         0x4c (size before relaxing)
 .eh_frame      0x00000000001169a4       0x20 binaries/gettime.o
                                         0x4c (size before relaxing)
 .eh_frame      0x00000000001169c4       0x20 binaries/getutime.o
                                         0x4c (size before relaxing)
 .eh_frame      0x00000000001169e4       0x24 binaries/init.o
                                         0x50 (size before relaxing)
 .eh_frame      0x0000000000116a08       0xa4 binaries/initialize.o
                                         0xe4 (size before relaxing)
 .eh_frame      0x0000000000116aac       0x28 binaries/insert.o
                                         0x54 (size before relaxing)
 .eh_frame      0x0000000000116ad4       0x28 binaries/insertd.o
                                         0x54 (size before relaxing)
 .eh_frame      0x0000000000116afc       0x20 binaries/ioerr.o
                                         0x4c (size before relaxing)
 .eh_frame      0x0000000000116b1c       0x20 binaries/ionull.o
                                         0x4c (size before relaxing)
 .eh_frame      0x0000000000116b3c       0x2c binaries/kill.o
                                         0x58 (size before relaxing)
 .eh_frame      0x0000000000116b68       0x6c binaries/kprintf.o
                                         0xac (size before relaxing)
 .eh_frame      0x0000000000116bd4       0x60 binaries/main.o
                                         0x8c (size before relaxing)
 .eh_frame      0x0000000000116c34       0x48 binaries/mark.o
                                         0x74 (size before relaxing)
 .eh_frame      0x0000000000116c7c       0x24 binaries/mkbufpool.o
                                         0x50 (size before relaxing)
 .eh_frame      0x0000000000116ca0       0x24 binaries/newqueue.o
                                         0x50 (size before relaxing)
 .eh_frame      0x0000000000116cc4       0x24 binaries/open.o
                                         0x50 (size before relaxing)
 .eh_frame      0x0000000000116ce8       0x1c binaries/panic.o
                                         0x48 (size before relaxing)
 .eh_frame      0x0000000000116d04       0x40 binaries/platinit.o
                                         0x6c (size before relaxing)
 .eh_frame      0x0000000000116d44       0x24 binaries/ptclear.o
                                         0x50 (size before relaxing)
 .eh_frame      0x0000000000116d68       0x24 binaries/ptcount.o
                                         0x50 (size before relaxing)
 .eh_frame      0x0000000000116d8c       0x24 binaries/ptcreate.o
                                         0x50 (size before relaxing)
 .eh_frame      0x0000000000116db0       0x24 binaries/ptdelete.o
                                         0x50 (size before relaxing)
 .eh_frame      0x0000000000116dd4       0x24 binaries/ptinit.o
                                         0x50 (size before relaxing)
 .eh_frame      0x0000000000116df8       0x24 binaries/ptrecv.o
                                         0x50 (size before relaxing)
 .eh_frame      0x0000000000116e1c       0x24 binaries/ptreset.o
                                         0x50 (size before relaxing)
 .eh_frame      0x0000000000116e40       0x24 binaries/ptsend.o
                                         0x50 (size before relaxing)
 .eh_frame      0x0000000000116e64       0x24 binaries/putc.o
                                         0x50 (size before relaxing)
 .eh_frame      0x0000000000116e88       0x48 binaries/queue.o
                                         0x88 (size before relaxing)
 .eh_frame      0x0000000000116ed0       0x24 binaries/read.o
                                         0x50 (size before relaxing)
 .eh_frame      0x0000000000116ef4       0x28 binaries/ready.o
                                         0x54 (size before relaxing)
 .eh_frame      0x0000000000116f1c       0x24 binaries/receive.o
                                         0x50 (size before relaxing)
 .eh_frame      0x0000000000116f40       0x24 binaries/recvclr.o
                                         0x50 (size before relaxing)
 .eh_frame      0x0000000000116f64       0x24 binaries/recvtime.o
                                         0x50 (size before relaxing)
 .eh_frame      0x0000000000116f88       0x48 binaries/resched.o
                                         0x88 (size before relaxing)
 .eh_frame      0x0000000000116fd0       0x24 binaries/resume.o
                                         0x50 (size before relaxing)
 .eh_frame      0x0000000000116ff4       0x24 binaries/seek.o
                                         0x50 (size before relaxing)
 .eh_frame      0x0000000000117018       0x24 binaries/semcount.o
                                         0x50 (size before relaxing)
 .eh_frame      0x000000000011703c       0x48 binaries/semcreate.o
                                         0x88 (size before relaxing)
 .eh_frame      0x0000000000117084       0x24 binaries/semdelete.o
                                         0x50 (size before relaxing)
 .eh_frame      0x00000000001170a8       0x24 binaries/semreset.o
                                         0x50 (size before relaxing)
 .eh_frame      0x00000000001170cc       0x24 binaries/send.o
                                         0x50 (size before relaxing)
 .eh_frame      0x00000000001170f0       0x24 binaries/signal.o
                                         0x50 (size before relaxing)
 .eh_frame      0x0000000000117114       0x24 binaries/signaln.o
                                         0x50 (size before relaxing)
 .eh_frame      0x0000000000117138       0x44 binaries/sleep.o
                                         0x84 (size before relaxing)
 .eh_frame      0x000000000011717c       0x24 binaries/stacktrace.o
                                         0x50 (size before relaxing)
 .eh_frame      0x00000000001171a0       0x24 binaries/suspend.o
                                         0x50 (size before relaxing)
 .eh_frame      0x00000000001171c4       0x24 binaries/unsleep.o
                                         0x50 (size before relaxing)
 .eh_frame      0x00000000001171e8       0x24 binaries/userret.o
                                         0x50 (size before relaxing)
 .eh_frame      0x000000000011720c       0x54 binaries/vminit.o
                                         0x94 (size before relaxing)
 .eh_frame      0x0000000000117260       0x24 binaries/wait.o
                                         0x50 (size before relaxing)
 .eh_frame      0x0000000000117284       0x24 binaries/wakeup.o
                                         0x50 (size before relaxing)
 .eh_frame      0x00000000001172a8       0x24 binaries/write.o
                                         0x50 (size before relaxing)
 .eh_frame      0x00000000001172cc       0x24 binaries/xdone.o
                                         0x50 (size before relaxing)
 .eh_frame      0x00000000001172f0       0x24 binaries/yield.o
                                         0x50 (size before relaxing)
 .eh_frame      0x0000000000117314       0x20 binaries/abs.o
                                         0x4c (size before relaxing)
 .eh_frame      0x0000000000117334       0x20 binaries/atoi.o
                                         0x4c (size before relaxing)
 .eh_frame      0x0000000000117354       0x20 binaries/atol.o
                                         0x4c (size before relaxing)
 .eh_frame      0x0000000000117374       0x20 binaries/bzero.o
                                         0x4c (size before relaxing)
 .eh_frame      0x0000000000117394       0xec binaries/doprnt.o
                                        0x140 (size before relaxing)
 .eh_frame      0x0000000000117480       0xc8 binaries/doscan.o
                                         0xf4 (size before relaxing)
 .eh_frame      0x0000000000117548       0xcc binaries/fdoprnt.o
                                        0x10c (size before relaxing)
 .eh_frame      0x0000000000117614       0x24 binaries/fgetc.o
                                         0x50 (size before relaxing)
 .eh_frame      0x0000000000117638       0x24 binaries/fgets.o
                                         0x50 (size before relaxing)
 .eh_frame      0x000000000011765c       0x24 binaries/fprintf.o
                                         0x50 (size before relaxing)
 .eh_frame      0x0000000000117680       0x24 binaries/fputc.o
                                         0x50 (size before relaxing)
 .eh_frame      0x00000000001176a4       0x24 binaries/fputs.o
                                         0x50 (size before relaxing)
 .eh_frame      0x00000000001176c8       0x68 binaries/fscanf.o
                                         0x94 (size before relaxing)
 .eh_frame      0x0000000000117730       0x24 binaries/getchar.o
                                         0x50 (size before relaxing)
 .eh_frame      0x0000000000117754       0x20 binaries/labs.o
                                         0x4c (size before relaxing)
 .eh_frame      0x0000000000117774       0x20 binaries/memcmp.o
                                         0x4c (size before relaxing)
 .eh_frame      0x0000000000117794       0x28 binaries/memcpy.o
                                         0x54 (size before relaxing)
 .eh_frame      0x00000000001177bc       0x24 binaries/memset.o
                                         0x50 (size before relaxing)
 .eh_frame      0x00000000001177e0       0x24 binaries/printf.o
                                         0x50 (size before relaxing)
 .eh_frame      0x0000000000117804       0x24 binaries/putchar.o
                                         0x50 (size before relaxing)
 .eh_frame      0x0000000000117828       0xa4 binaries/qsort.o
                                         0xd0 (size before relaxing)
 .eh_frame      0x00000000001178cc       0x60 binaries/rand.o
                                         0x8c (size before relaxing)
 .eh_frame      0x000000000011792c       0x44 binaries/sprintf.o
                                         0x70 (size before relaxing)
 .eh_frame      0x0000000000117970       0x64 binaries/sscanf.o
                                         0x90 (size before relaxing)
 .eh_frame      0x00000000001179d4       0x20 binaries/strchr.o
                                         0x4c (size before relaxing)
 .eh_frame      0x00000000001179f4       0x20 binaries/strcmp.o
                                         0x4c (size before relaxing)
 .eh_frame      0x0000000000117a14       0x20 binaries/strcpy.o
                                         0x4c (size before relaxing)
 .eh_frame      0x0000000000117a34       0x20 binaries/strlen.o
                                         0x4c (size before relaxing)
 .eh_frame      0x0000000000117a54       0x20 binaries/strncat.o
                                         0x4c (size before relaxing)
 .eh_frame      0x0000000000117a74       0x20 binaries/strncmp.o
                                         0x4c (size before relaxing)
 .eh_frame      0x0000000000117a94       0x28 binaries/strncpy.o
                                         0x54 (size before relaxing)
 .eh_frame      0x0000000000117abc       0x20 binaries/strnlen.o
                                         0x4c (size before relaxing)
 .eh_frame      0x0000000000117adc       0x20 binaries/strrchr.o
                                         0x4c (size before relaxing)
 .eh_frame      0x0000000000117afc       0x20 binaries/strstr.o
                                         0x4c (size before relaxing)
 .eh_frame      0x0000000000117b1c       0x24 binaries/ttycontrol.o
                                         0x50 (size before relaxing)
 .eh_frame      0x0000000000117b40       0x24 binaries/ttygetc.o
                                         0x50 (size before relaxing)
 .eh_frame      0x0000000000117b64       0x88 binaries/ttyhandle_in.o
                                         0xdc (size before relaxing)
 .eh_frame      0x0000000000117bec       0x24 binaries/ttyhandle_out.o
                                         0x50 (size before relaxing)
 .eh_frame      0x0000000000117c10       0x24 binaries/ttyhandler.o
                                         0x50 (size before relaxing)
 .eh_frame      0x0000000000117c34       0x24 binaries/ttyinit.o
                                         0x50 (size before relaxing)
 .eh_frame      0x0000000000117c58       0x24 binaries/ttykickout.o
                                         0x50 (size before relaxing)
 .eh_frame      0x0000000000117c7c       0x24 binaries/ttyputc.o
                                         0x50 (size before relaxing)
 .eh_frame      0x0000000000117ca0       0x24 binaries/ttyread.o
                                         0x50 (size before relaxing)
 .eh_frame      0x0000000000117cc4       0x24 binaries/ttywrite.o
                                         0x50 (size before relaxing)
 .eh_frame      0x0000000000117ce8       0x44 binaries/mount.o
                                         0x84 (size before relaxing)
 .eh_frame      0x0000000000117d2c       0x24 binaries/naminit.o
                                         0x50 (size before relaxing)
 .eh_frame      0x0000000000117d50       0x68 binaries/nammap.o
                                         0xa8 (size before relaxing)
 .eh_frame      0x0000000000117db8       0x24 binaries/namopen.o
                                         0x50 (size before relaxing)
 .eh_frame      0x0000000000117ddc       0x20 binaries/ramclose.o
                                         0x4c (size before relaxing)
 .eh_frame      0x0000000000117dfc       0x24 binaries/raminit.o
                                         0x50 (size before relaxing)
 .eh_frame      0x0000000000117e20       0x20 binaries/ramopen.o
                                         0x4c (size before relaxing)
 .eh_frame      0x0000000000117e40       0x24 binaries/ramread.o
                                         0x50 (size before relaxing)
 .eh_frame      0x0000000000117e64       0x24 binaries/ramwrite.o
                                         0x50 (size before relaxing)
 .eh_frame      0x0000000000117e88       0x24 binaries/lfdballoc.o
                                         0x50 (size before relaxing)
 .eh_frame      0x0000000000117eac       0x24 binaries/lfdbfree.o
                                         0x50 (size before relaxing)
 .eh_frame      0x0000000000117ed0       0x24 binaries/lfflush.o
                                         0x50 (size before relaxing)
 .eh_frame      0x0000000000117ef4       0x20 binaries/lfgetmode.o
                                         0x4c (size before relaxing)
 .eh_frame      0x0000000000117f14       0x24 binaries/lfiballoc.o
                                         0x50 (size before relaxing)
 .eh_frame      0x0000000000117f38       0x20 binaries/lfibclear.o
                                         0x4c (size before relaxing)
 .eh_frame      0x0000000000117f58       0x24 binaries/lfibget.o
                                         0x50 (size before relaxing)
 .eh_frame      0x0000000000117f7c       0x24 binaries/lfibput.o
                                         0x50 (size before relaxing)
 .eh_frame      0x0000000000117fa0       0x24 binaries/lflclose.o
                                         0x50 (size before relaxing)
 .eh_frame      0x0000000000117fc4       0x24 binaries/lflcontrol.o
                                         0x50 (size before relaxing)
 .eh_frame      0x0000000000117fe8       0x24 binaries/lflgetc.o
                                         0x50 (size before relaxing)
 .eh_frame      0x000000000011800c       0x24 binaries/lflinit.o
                                         0x50 (size before relaxing)
 .eh_frame      0x0000000000118030       0x24 binaries/lflputc.o
                                         0x50 (size before relaxing)
 .eh_frame      0x0000000000118054       0x24 binaries/lflread.o
                                         0x50 (size before relaxing)
 .eh_frame      0x0000000000118078       0x24 binaries/lflseek.o
                                         0x50 (size before relaxing)
 .eh_frame      0x000000000011809c       0x24 binaries/lflwrite.o
                                         0x50 (size before relaxing)
 .eh_frame      0x00000000001180c0       0x20 binaries/lfscheck.o
                                         0x4c (size before relaxing)
 .eh_frame      0x00000000001180e0       0x24 binaries/lfsckfmt.o
                                         0x50 (size before relaxing)
 .eh_frame      0x0000000000118104       0x24 binaries/lfscreate.o
                                         0x50 (size before relaxing)
 .eh_frame      0x0000000000118128       0x24 binaries/lfsetup.o
                                         0x50 (size before relaxing)
 .eh_frame      0x000000000011814c       0x24 binaries/lfsinit.o
                                         0x50 (size before relaxing)
 .eh_frame      0x0000000000118170       0x24 binaries/lfsopen.o
                                         0x50 (size before relaxing)
 .eh_frame      0x0000000000118194       0x24 binaries/lftruncate.o
                                         0x50 (size before relaxing)
 .eh_frame      0x00000000001181b8       0x7c binaries/Lab5_vgacontrol.o
                                         0xbc (size before relaxing)
 .eh_frame      0x0000000000118234       0x88 binaries/Lab5_vgacursor.o
                                         0xc8 (size before relaxing)
 .eh_frame      0x00000000001182bc       0x24 binaries/Lab5_vgagetc.o
                                         0x50 (size before relaxing)
 .eh_frame      0x00000000001182e0       0x24 binaries/Lab5_vgahandler.o
                                         0x50 (size before relaxing)
 .eh_frame      0x0000000000118304       0x24 binaries/Lab5_vgainit.o
                                         0x50 (size before relaxing)
 .eh_frame      0x0000000000118328       0x24 binaries/Lab5_vgaputc.o
                                         0x50 (size before relaxing)
 .eh_frame      0x000000000011834c       0x24 binaries/Lab5_vgaread.o
                                         0x50 (size before relaxing)
 .eh_frame      0x0000000000118370       0x24 binaries/Lab5_vgawrite.o
                                         0x50 (size before relaxing)
 .eh_frame      0x0000000000118394       0x24 binaries/Lab5_multiinit.o
                                         0x50 (size before relaxing)
 .eh_frame      0x00000000001183b8       0x24 binaries/Lab5_multiputc.o
                                         0x50 (size before relaxing)
 .eh_frame      0x00000000001183dc       0x24 binaries/Lab5_multiwrite.o
                                         0x50 (size before relaxing)
 .eh_frame      0x0000000000118400       0x24 binaries/disk.o
                                         0x50 (size before relaxing)
 .eh_frame      0x0000000000118424       0x24 binaries/diskflush.o
                                         0x50 (size before relaxing)
 .eh_frame      0x0000000000118448       0x24 binaries/diskgetc.o
                                         0x50 (size before relaxing)
 .eh_frame      0x000000000011846c       0x24 binaries/diskputc.o
                                         0x50 (size before relaxing)
 .eh_frame      0x0000000000118490       0x24 binaries/diskread.o
                                         0x50 (size before relaxing)
 .eh_frame      0x00000000001184b4       0x20 binaries/diskseek.o
                                         0x4c (size before relaxing)
 .eh_frame      0x00000000001184d4       0x24 binaries/diskwrite.o
                                         0x50 (size before relaxing)
 .eh_frame      0x00000000001184f8       0x48 binaries/addargs.o
                                         0x88 (size before relaxing)
 .eh_frame      0x0000000000118540       0x20 binaries/lexan.o
                                         0x4c (size before relaxing)
 .eh_frame      0x0000000000118560       0x2c binaries/shell.o
                                         0x58 (size before relaxing)
 .eh_frame      0x000000000011858c       0x24 binaries/xsh_argecho.o
                                         0x50 (size before relaxing)
 .eh_frame      0x00000000001185b0       0x2c binaries/xsh_cat.o
                                         0x58 (size before relaxing)
 .eh_frame      0x00000000001185dc       0x28 binaries/xsh_clear.o
                                         0x54 (size before relaxing)
 .eh_frame      0x0000000000118604       0x2c binaries/xsh_date.o
                                         0x58 (size before relaxing)
 .eh_frame      0x0000000000118630       0x24 binaries/xsh_devdump.o
                                         0x50 (size before relaxing)
 .eh_frame      0x0000000000118654       0x24 binaries/xsh_echo.o
                                         0x50 (size before relaxing)
 .eh_frame      0x0000000000118678       0x20 binaries/xsh_exit.o
                                         0x4c (size before relaxing)
 .eh_frame      0x0000000000118698       0x2c binaries/xsh_help.o
                                         0x58 (size before relaxing)
 .eh_frame      0x00000000001186c4       0x2c binaries/xsh_kill.o
                                         0x58 (size before relaxing)
 .eh_frame      0x00000000001186f0       0xe8 binaries/xsh_lab2.o
                                        0x114 (size before relaxing)
 .eh_frame      0x00000000001187d8       0xb4 binaries/xsh_lab3.o
                                         0xf4 (size before relaxing)
 .eh_frame      0x000000000011888c       0x24 binaries/xsh_lab4.o
                                         0x50 (size before relaxing)
 .eh_frame      0x00000000001188b0       0x24 binaries/xsh_lab5.o
                                         0x50 (size before relaxing)
 .eh_frame      0x00000000001188d4       0x90 binaries/xsh_lab6.o
                                         0xbc (size before relaxing)
 .eh_frame      0x0000000000118964       0x4c binaries/xsh_memdump.o
                                         0x8c (size before relaxing)
 .eh_frame      0x00000000001189b0       0x74 binaries/xsh_memstat.o
                                         0xa0 (size before relaxing)
 .eh_frame      0x0000000000118a24       0x30 binaries/xsh_ps.o
                                         0x5c (size before relaxing)
 .eh_frame      0x0000000000118a54       0x2c binaries/xsh_sleep.o
                                         0x58 (size before relaxing)
 .eh_frame      0x0000000000118a80       0x2c binaries/xsh_uptime.o
                                         0x58 (size before relaxing)

.iplt           0x0000000000118aac        0x0
 .iplt          0x0000000000118aac        0x0 binaries/start.o

.rel.dyn        0x0000000000118aac        0x0
 .rel.got       0x0000000000118aac        0x0 binaries/start.o
 .rel.iplt      0x0000000000118aac        0x0 binaries/start.o
 .rel.text      0x0000000000118aac        0x0 binaries/start.o

.data           0x0000000000118ac0    0x37540
                0x0000000000118ac0                data = ABSOLUTE (.)
 *(.data .data.*)
 .data          0x0000000000118ac0      0x85e binaries/start.o
                0x0000000000118ac0                gdt
                0x0000000000118b10                idt
                0x0000000000119316                kpgdir
                0x000000000011931a                cpudelay
 *fill*         0x000000000011931e        0x2 
 .data          0x0000000000119320      0x506 binaries/Lab4_alloc_free.o
 *fill*         0x0000000000119826       0x1a 
 .data          0x0000000000119840      0x506 binaries/Lab4_do_stk_expend.o
 *fill*         0x0000000000119d46       0x1a 
 .data          0x0000000000119d60      0x506 binaries/Lab4_fillpgentry.o
 *fill*         0x000000000011a266       0x1a 
 .data          0x000000000011a280      0x506 binaries/Lab4_getheap.o
 *fill*         0x000000000011a786       0x1a 
 .data          0x000000000011a7a0      0x506 binaries/Lab4_invlpg.o
 *fill*         0x000000000011aca6       0x1a 
 .data          0x000000000011acc0      0x506 binaries/Lab4_log2ph.o
 *fill*         0x000000000011b1c6       0x1a 
 .data          0x000000000011b1e0      0x506 binaries/Lab4_memlib.o
 *fill*         0x000000000011b6e6       0x1a 
 .data          0x000000000011b700      0x506 binaries/Lab4_memory_pools.o
 *fill*         0x000000000011bc06       0x1a 
 .data          0x000000000011bc20      0x506 binaries/ascdate.o
 *fill*         0x000000000011c126       0x1a 
 .data.rel.local
                0x000000000011c140       0x88 binaries/ascdate.o
                0x000000000011c140                Date
 *fill*         0x000000000011c1c8       0x18 
 .data          0x000000000011c1e0      0x506 binaries/bufinit.o
 *fill*         0x000000000011c6e6       0x1a 
 .data          0x000000000011c700      0x506 binaries/chprio.o
 *fill*         0x000000000011cc06       0x1a 
 .data          0x000000000011cc20      0x506 binaries/clkhandler.o
 *fill*         0x000000000011d126       0x1a 
 .data          0x000000000011d140      0x506 binaries/clkinit.o
 *fill*         0x000000000011d646       0x1a 
 .data          0x000000000011d660      0x506 binaries/close.o
 *fill*         0x000000000011db66       0x1a 
 .data          0x000000000011db80      0x506 binaries/conf.o
 *fill*         0x000000000011e086       0x1a 
 .data.rel      0x000000000011e0a0      0x2d0 binaries/conf.o
                0x000000000011e0a0                devtab
 *fill*         0x000000000011e370       0x10 
 .data          0x000000000011e380      0x506 binaries/control.o
 *fill*         0x000000000011e886       0x1a 
 .data          0x000000000011e8a0      0x50c binaries/create.o
 *fill*         0x000000000011edac       0x14 
 .data          0x000000000011edc0      0x506 binaries/evec.o
 *fill*         0x000000000011f2c6       0x1a 
 .data.rel.local
                0x000000000011f2e0       0x40 binaries/evec.o
                0x000000000011f2e0                inames
 .data          0x000000000011f320      0x506 binaries/exit.o
 *fill*         0x000000000011f826       0x1a 
 .data          0x000000000011f840      0x506 binaries/freebuf.o
 *fill*         0x000000000011fd46       0x1a 
 .data          0x000000000011fd60      0x506 binaries/freemem.o
 *fill*         0x0000000000120266       0x1a 
 .data          0x0000000000120280      0x506 binaries/getbuf.o
 *fill*         0x0000000000120786       0x1a 
 .data          0x00000000001207a0      0x506 binaries/getc.o
 *fill*         0x0000000000120ca6       0x1a 
 .data          0x0000000000120cc0      0x506 binaries/getdev.o
 *fill*         0x00000000001211c6       0x1a 
 .data          0x00000000001211e0      0x506 binaries/getitem.o
 *fill*         0x00000000001216e6       0x1a 
 .data          0x0000000000121700      0x506 binaries/getmem.o
 *fill*         0x0000000000121c06       0x1a 
 .data          0x0000000000121c20      0x506 binaries/getpid.o
 *fill*         0x0000000000122126       0x1a 
 .data          0x0000000000122140      0x506 binaries/getprio.o
 *fill*         0x0000000000122646       0x1a 
 .data          0x0000000000122660      0x506 binaries/getstk.o
 *fill*         0x0000000000122b66       0x1a 
 .data          0x0000000000122b80      0x506 binaries/getticks.o
 *fill*         0x0000000000123086       0x1a 
 .data          0x00000000001230a0      0x506 binaries/gettime.o
 *fill*         0x00000000001235a6       0x1a 
 .data          0x00000000001235c0      0x506 binaries/getutime.o
 *fill*         0x0000000000123ac6       0x1a 
 .data          0x0000000000123ae0      0x506 binaries/init.o
 *fill*         0x0000000000123fe6       0x1a 
 .data          0x0000000000124000      0x506 binaries/initialize.o
 *fill*         0x0000000000124506       0x1a 
 .data          0x0000000000124520      0x506 binaries/insert.o
 *fill*         0x0000000000124a26       0x1a 
 .data          0x0000000000124a40      0x506 binaries/insertd.o
 *fill*         0x0000000000124f46       0x1a 
 .data          0x0000000000124f60      0x506 binaries/ioerr.o
 *fill*         0x0000000000125466       0x1a 
 .data          0x0000000000125480      0x506 binaries/ionull.o
 *fill*         0x0000000000125986       0x1a 
 .data          0x00000000001259a0      0x506 binaries/kill.o
 *fill*         0x0000000000125ea6       0x1a 
 .data          0x0000000000125ec0      0x506 binaries/kprintf.o
 *fill*         0x00000000001263c6       0x1a 
 .data          0x00000000001263e0      0x506 binaries/main.o
 *fill*         0x00000000001268e6       0x1a 
 .data          0x0000000000126900      0x506 binaries/mark.o
 *fill*         0x0000000000126e06       0x1a 
 .data          0x0000000000126e20      0x506 binaries/mkbufpool.o
 *fill*         0x0000000000127326       0x1a 
 .data          0x0000000000127340      0x508 binaries/newqueue.o
 *fill*         0x0000000000127848       0x18 
 .data          0x0000000000127860      0x506 binaries/open.o
 *fill*         0x0000000000127d66       0x1a 
 .data          0x0000000000127d80      0x506 binaries/panic.o
 *fill*         0x0000000000128286       0x1a 
 .data          0x00000000001282a0      0x506 binaries/platinit.o
 *fill*         0x00000000001287a6       0x1a 
 .data          0x00000000001287c0      0x506 binaries/ptclear.o
 *fill*         0x0000000000128cc6       0x1a 
 .data          0x0000000000128ce0      0x506 binaries/ptcount.o
 *fill*         0x00000000001291e6       0x1a 
 .data          0x0000000000129200      0x506 binaries/ptcreate.o
 *fill*         0x0000000000129706       0x1a 
 .data          0x0000000000129720      0x506 binaries/ptdelete.o
 *fill*         0x0000000000129c26       0x1a 
 .data          0x0000000000129c40      0x506 binaries/ptinit.o
 *fill*         0x000000000012a146       0x1a 
 .data          0x000000000012a160      0x506 binaries/ptrecv.o
 *fill*         0x000000000012a666       0x1a 
 .data          0x000000000012a680      0x506 binaries/ptreset.o
 *fill*         0x000000000012ab86       0x1a 
 .data          0x000000000012aba0      0x506 binaries/ptsend.o
 *fill*         0x000000000012b0a6       0x1a 
 .data          0x000000000012b0c0      0x506 binaries/putc.o
 *fill*         0x000000000012b5c6       0x1a 
 .data          0x000000000012b5e0      0x506 binaries/queue.o
 *fill*         0x000000000012bae6       0x1a 
 .data          0x000000000012bb00      0x506 binaries/read.o
 *fill*         0x000000000012c006       0x1a 
 .data          0x000000000012c020      0x506 binaries/ready.o
 *fill*         0x000000000012c526       0x1a 
 .data          0x000000000012c540      0x506 binaries/receive.o
 *fill*         0x000000000012ca46       0x1a 
 .data          0x000000000012ca60      0x506 binaries/recvclr.o
 *fill*         0x000000000012cf66       0x1a 
 .data          0x000000000012cf80      0x506 binaries/recvtime.o
 *fill*         0x000000000012d486       0x1a 
 .data          0x000000000012d4a0      0x506 binaries/resched.o
 *fill*         0x000000000012d9a6       0x1a 
 .data          0x000000000012d9c0      0x506 binaries/resume.o
 *fill*         0x000000000012dec6       0x1a 
 .data          0x000000000012dee0      0x506 binaries/seek.o
 *fill*         0x000000000012e3e6       0x1a 
 .data          0x000000000012e400      0x506 binaries/semcount.o
 *fill*         0x000000000012e906       0x1a 
 .data          0x000000000012e920      0x506 binaries/semcreate.o
 *fill*         0x000000000012ee26       0x1a 
 .data          0x000000000012ee40      0x506 binaries/semdelete.o
 *fill*         0x000000000012f346       0x1a 
 .data          0x000000000012f360      0x506 binaries/semreset.o
 *fill*         0x000000000012f866       0x1a 
 .data          0x000000000012f880      0x506 binaries/send.o
 *fill*         0x000000000012fd86       0x1a 
 .data          0x000000000012fda0      0x506 binaries/signal.o
 *fill*         0x00000000001302a6       0x1a 
 .data          0x00000000001302c0      0x506 binaries/signaln.o
 *fill*         0x00000000001307c6       0x1a 
 .data          0x00000000001307e0      0x506 binaries/sleep.o
 *fill*         0x0000000000130ce6       0x1a 
 .data          0x0000000000130d00      0x506 binaries/stacktrace.o
 *fill*         0x0000000000131206       0x1a 
 .data          0x0000000000131220      0x506 binaries/suspend.o
 *fill*         0x0000000000131726       0x1a 
 .data          0x0000000000131740      0x506 binaries/unsleep.o
 *fill*         0x0000000000131c46       0x1a 
 .data          0x0000000000131c60      0x506 binaries/userret.o
 *fill*         0x0000000000132166       0x1a 
 .data          0x0000000000132180      0x564 binaries/vminit.o
                0x0000000000132688                bootsign
                0x000000000013268c                bootinfo
                0x00000000001326a0                gdt_copy
                0x00000000001326e0                pgdir
 *fill*         0x00000000001326e4       0x1c 
 .data          0x0000000000132700      0x506 binaries/wait.o
 *fill*         0x0000000000132c06       0x1a 
 .data          0x0000000000132c20      0x506 binaries/wakeup.o
 *fill*         0x0000000000133126       0x1a 
 .data          0x0000000000133140      0x506 binaries/write.o
 *fill*         0x0000000000133646       0x1a 
 .data          0x0000000000133660      0x506 binaries/xdone.o
 *fill*         0x0000000000133b66       0x1a 
 .data          0x0000000000133b80      0x506 binaries/yield.o
 .data          0x0000000000134086        0x0 binaries/abs.o
 .data          0x0000000000134086        0x0 binaries/atoi.o
 .data          0x0000000000134086        0x0 binaries/atol.o
 .data          0x0000000000134086        0x0 binaries/bzero.o
 .data          0x0000000000134086        0x0 binaries/ctype_.o
 .data          0x0000000000134086        0x0 binaries/doprnt.o
 *fill*         0x0000000000134086       0x1a 
 .data          0x00000000001340a0       0x80 binaries/doscan.o
                0x00000000001340a0                _sctab
 .data          0x0000000000134120        0x0 binaries/fdoprnt.o
 .data          0x0000000000134120        0x0 binaries/fgetc.o
 .data          0x0000000000134120        0x0 binaries/fgets.o
 .data          0x0000000000134120      0x506 binaries/fprintf.o
 .data          0x0000000000134626        0x0 binaries/fputc.o
 .data          0x0000000000134626        0x0 binaries/fputs.o
 .data          0x0000000000134626        0x0 binaries/fscanf.o
 *fill*         0x0000000000134626       0x1a 
 .data          0x0000000000134640      0x506 binaries/getchar.o
 .data          0x0000000000134b46        0x0 binaries/labs.o
 .data          0x0000000000134b46        0x0 binaries/memchr.o
 .data          0x0000000000134b46        0x0 binaries/memcmp.o
 .data          0x0000000000134b46        0x0 binaries/memcpy.o
 .data          0x0000000000134b46        0x0 binaries/memset.o
 *fill*         0x0000000000134b46       0x1a 
 .data          0x0000000000134b60      0x506 binaries/printf.o
 *fill*         0x0000000000135066       0x1a 
 .data          0x0000000000135080      0x506 binaries/putchar.o
 .data          0x0000000000135586        0x0 binaries/qsort.o
 *fill*         0x0000000000135586        0x2 
 .data          0x0000000000135588        0x4 binaries/rand.o
 .data          0x000000000013558c        0x0 binaries/sprintf.o
 .data          0x000000000013558c        0x0 binaries/sscanf.o
 .data          0x000000000013558c        0x0 binaries/strchr.o
 .data          0x000000000013558c        0x0 binaries/strcmp.o
 .data          0x000000000013558c        0x0 binaries/strcpy.o
 .data          0x000000000013558c        0x0 binaries/strlen.o
 .data          0x000000000013558c        0x0 binaries/strncat.o
 .data          0x000000000013558c        0x0 binaries/strncmp.o
 .data          0x000000000013558c        0x0 binaries/strncpy.o
 .data          0x000000000013558c        0x0 binaries/strnlen.o
 .data          0x000000000013558c        0x0 binaries/strrchr.o
 .data          0x000000000013558c        0x0 binaries/strstr.o
 *fill*         0x000000000013558c       0x14 
 .data          0x00000000001355a0      0x506 binaries/ttycontrol.o
 *fill*         0x0000000000135aa6       0x1a 
 .data          0x0000000000135ac0      0x506 binaries/ttygetc.o
 *fill*         0x0000000000135fc6       0x1a 
 .data          0x0000000000135fe0      0x506 binaries/ttyhandle_in.o
 *fill*         0x00000000001364e6       0x1a 
 .data          0x0000000000136500      0x506 binaries/ttyhandle_out.o
 *fill*         0x0000000000136a06       0x1a 
 .data          0x0000000000136a20      0x506 binaries/ttyhandler.o
 *fill*         0x0000000000136f26       0x1a 
 .data          0x0000000000136f40      0x506 binaries/ttyinit.o
 *fill*         0x0000000000137446       0x1a 
 .data          0x0000000000137460      0x506 binaries/ttykickout.o
 *fill*         0x0000000000137966       0x1a 
 .data          0x0000000000137980      0x506 binaries/ttyputc.o
 *fill*         0x0000000000137e86       0x1a 
 .data          0x0000000000137ea0      0x506 binaries/ttyread.o
 *fill*         0x00000000001383a6       0x1a 
 .data          0x00000000001383c0      0x506 binaries/ttywrite.o
 *fill*         0x00000000001388c6       0x1a 
 .data          0x00000000001388e0      0x506 binaries/mount.o
 *fill*         0x0000000000138de6       0x1a 
 .data          0x0000000000138e00      0x506 binaries/naminit.o
 *fill*         0x0000000000139306       0x1a 
 .data          0x0000000000139320      0x506 binaries/nammap.o
 *fill*         0x0000000000139826       0x1a 
 .data          0x0000000000139840      0x506 binaries/namopen.o
 *fill*         0x0000000000139d46       0x1a 
 .data          0x0000000000139d60      0x506 binaries/ramclose.o
 *fill*         0x000000000013a266       0x1a 
 .data          0x000000000013a280      0x506 binaries/raminit.o
 *fill*         0x000000000013a786       0x1a 
 .data          0x000000000013a7a0      0x506 binaries/ramopen.o
 *fill*         0x000000000013aca6       0x1a 
 .data          0x000000000013acc0      0x506 binaries/ramread.o
 *fill*         0x000000000013b1c6       0x1a 
 .data          0x000000000013b1e0      0x506 binaries/ramwrite.o
 *fill*         0x000000000013b6e6       0x1a 
 .data          0x000000000013b700      0x506 binaries/lfdballoc.o
 *fill*         0x000000000013bc06       0x1a 
 .data          0x000000000013bc20      0x506 binaries/lfdbfree.o
 *fill*         0x000000000013c126       0x1a 
 .data          0x000000000013c140      0x506 binaries/lfflush.o
 *fill*         0x000000000013c646       0x1a 
 .data          0x000000000013c660      0x506 binaries/lfgetmode.o
 *fill*         0x000000000013cb66       0x1a 
 .data          0x000000000013cb80      0x506 binaries/lfiballoc.o
 *fill*         0x000000000013d086       0x1a 
 .data          0x000000000013d0a0      0x506 binaries/lfibclear.o
 *fill*         0x000000000013d5a6       0x1a 
 .data          0x000000000013d5c0      0x506 binaries/lfibget.o
 *fill*         0x000000000013dac6       0x1a 
 .data          0x000000000013dae0      0x506 binaries/lfibput.o
 *fill*         0x000000000013dfe6       0x1a 
 .data          0x000000000013e000      0x506 binaries/lflclose.o
 *fill*         0x000000000013e506       0x1a 
 .data          0x000000000013e520      0x506 binaries/lflcontrol.o
 *fill*         0x000000000013ea26       0x1a 
 .data          0x000000000013ea40      0x506 binaries/lflgetc.o
 *fill*         0x000000000013ef46       0x1a 
 .data          0x000000000013ef60      0x506 binaries/lflinit.o
 *fill*         0x000000000013f466       0x1a 
 .data          0x000000000013f480      0x506 binaries/lflputc.o
 *fill*         0x000000000013f986       0x1a 
 .data          0x000000000013f9a0      0x506 binaries/lflread.o
 *fill*         0x000000000013fea6       0x1a 
 .data          0x000000000013fec0      0x506 binaries/lflseek.o
 *fill*         0x00000000001403c6       0x1a 
 .data          0x00000000001403e0      0x506 binaries/lflwrite.o
 *fill*         0x00000000001408e6       0x1a 
 .data          0x0000000000140900      0x506 binaries/lfscheck.o
 *fill*         0x0000000000140e06       0x1a 
 .data          0x0000000000140e20      0x506 binaries/lfsckfmt.o
 *fill*         0x0000000000141326       0x1a 
 .data          0x0000000000141340      0x506 binaries/lfscreate.o
 *fill*         0x0000000000141846       0x1a 
 .data          0x0000000000141860      0x506 binaries/lfsetup.o
 *fill*         0x0000000000141d66       0x1a 
 .data          0x0000000000141d80      0x506 binaries/lfsinit.o
 *fill*         0x0000000000142286       0x1a 
 .data          0x00000000001422a0      0x506 binaries/lfsopen.o
 *fill*         0x00000000001427a6       0x1a 
 .data          0x00000000001427c0      0x506 binaries/lftruncate.o
 *fill*         0x0000000000142cc6       0x1a 
 .data          0x0000000000142ce0      0x518 binaries/Lab5_vgacontrol.o
 .data.rel.local
                0x00000000001431f8        0x4 binaries/Lab5_vgacontrol.o
 *fill*         0x00000000001431fc        0x4 
 .data          0x0000000000143200      0x506 binaries/Lab5_vgacursor.o
 *fill*         0x0000000000143706       0x1a 
 .data          0x0000000000143720      0x506 binaries/Lab5_vgagetc.o
 *fill*         0x0000000000143c26       0x1a 
 .data          0x0000000000143c40      0x506 binaries/Lab5_vgahandler.o
 *fill*         0x0000000000144146        0x2 
 .data.rel.local
                0x0000000000144148       0x10 binaries/Lab5_vgahandler.o
 *fill*         0x0000000000144158        0x8 
 .data          0x0000000000144160      0x506 binaries/Lab5_vgainit.o
 *fill*         0x0000000000144666       0x1a 
 .data          0x0000000000144680      0x506 binaries/Lab5_vgaputc.o
 *fill*         0x0000000000144b86       0x1a 
 .data          0x0000000000144ba0      0x506 binaries/Lab5_vgaread.o
 *fill*         0x00000000001450a6       0x1a 
 .data          0x00000000001450c0      0x506 binaries/Lab5_vgawrite.o
 *fill*         0x00000000001455c6       0x1a 
 .data          0x00000000001455e0      0x506 binaries/Lab5_multiinit.o
 *fill*         0x0000000000145ae6       0x1a 
 .data          0x0000000000145b00      0x506 binaries/Lab5_multiputc.o
 *fill*         0x0000000000146006       0x1a 
 .data          0x0000000000146020      0x506 binaries/Lab5_multiwrite.o
 *fill*         0x0000000000146526       0x1a 
 .data          0x0000000000146540      0x506 binaries/disk.o
 *fill*         0x0000000000146a46       0x1a 
 .data          0x0000000000146a60      0x506 binaries/diskflush.o
 *fill*         0x0000000000146f66       0x1a 
 .data          0x0000000000146f80      0x506 binaries/diskgetc.o
 *fill*         0x0000000000147486       0x1a 
 .data          0x00000000001474a0      0x506 binaries/diskputc.o
 *fill*         0x00000000001479a6       0x1a 
 .data          0x00000000001479c0      0x506 binaries/diskread.o
 *fill*         0x0000000000147ec6       0x1a 
 .data          0x0000000000147ee0      0x506 binaries/diskseek.o
 *fill*         0x00000000001483e6       0x1a 
 .data          0x0000000000148400      0x506 binaries/diskwrite.o
 *fill*         0x0000000000148906       0x1a 
 .data          0x0000000000148920      0x506 binaries/addargs.o
 *fill*         0x0000000000148e26       0x1a 
 .data          0x0000000000148e40      0x506 binaries/lexan.o
 *fill*         0x0000000000149346       0x1a 
 .data          0x0000000000149360      0x50c binaries/shell.o
                0x0000000000149868                ncmd
 *fill*         0x000000000014986c       0x14 
 .data.rel.ro   0x0000000000149880      0x108 binaries/shell.o
                0x0000000000149880                cmdtab
 *fill*         0x0000000000149988       0x18 
 .data          0x00000000001499a0      0x506 binaries/xsh_argecho.o
 *fill*         0x0000000000149ea6       0x1a 
 .data          0x0000000000149ec0      0x506 binaries/xsh_cat.o
 *fill*         0x000000000014a3c6       0x1a 
 .data          0x000000000014a3e0      0x506 binaries/xsh_clear.o
 *fill*         0x000000000014a8e6       0x1a 
 .data          0x000000000014a900      0x506 binaries/xsh_date.o
 *fill*         0x000000000014ae06       0x1a 
 .data          0x000000000014ae20      0x506 binaries/xsh_devdump.o
 *fill*         0x000000000014b326       0x1a 
 .data          0x000000000014b340      0x506 binaries/xsh_echo.o
 *fill*         0x000000000014b846       0x1a 
 .data          0x000000000014b860      0x506 binaries/xsh_exit.o
 *fill*         0x000000000014bd66       0x1a 
 .data          0x000000000014bd80      0x506 binaries/xsh_help.o
 *fill*         0x000000000014c286       0x1a 
 .data          0x000000000014c2a0      0x506 binaries/xsh_kill.o
 *fill*         0x000000000014c7a6       0x1a 
 .data          0x000000000014c7c0      0x506 binaries/xsh_lab2.o
 *fill*         0x000000000014ccc6       0x1a 
 .data          0x000000000014cce0      0x506 binaries/xsh_lab3.o
 *fill*         0x000000000014d1e6       0x1a 
 .data          0x000000000014d200      0x506 binaries/xsh_lab4.o
 *fill*         0x000000000014d706       0x1a 
 .data          0x000000000014d720      0x506 binaries/xsh_lab5.o
 *fill*         0x000000000014dc26       0x1a 
 .data          0x000000000014dc40      0x506 binaries/xsh_lab6.o
 *fill*         0x000000000014e146       0x1a 
 .data          0x000000000014e160      0x506 binaries/xsh_memdump.o
 *fill*         0x000000000014e666       0x1a 
 .data          0x000000000014e680      0x506 binaries/xsh_memstat.o
 *fill*         0x000000000014eb86       0x1a 
 .data          0x000000000014eba0      0x540 binaries/xsh_ps.o
 .data          0x000000000014f0e0      0x506 binaries/xsh_sleep.o
 *fill*         0x000000000014f5e6       0x1a 
 .data          0x000000000014f600      0x506 binaries/xsh_uptime.o
 .data          0x000000000014fb06        0x0 binaries/Lab3_create.o
 .data          0x000000000014fb06        0x0 binaries/Lab3_fprintf.o
 .data          0x000000000014fb06        0x0 binaries/Lab3_ltss.o
 .data          0x000000000014fb06        0x0 binaries/Lab3_printf.o
 .data          0x000000000014fb06        0x0 binaries/Lab3_read.o
 .data          0x000000000014fb06        0x0 binaries/Lab3_receive.o
 .data          0x000000000014fb06        0x0 binaries/Lab3_recvclr.o
 .data          0x000000000014fb06        0x0 binaries/Lab3_resume.o
 .data          0x000000000014fb06        0x0 binaries/Lab3_ret_k2u.o
 .data          0x000000000014fb06        0x0 binaries/Lab3_ret_u2k.o
 .data          0x000000000014fb06        0x0 binaries/Lab3_sleep.o
 .data          0x000000000014fb06        0x0 binaries/Lab3_sleepms.o
 .data          0x000000000014fb06        0x0 binaries/Lab4_addargs.o
 .data          0x000000000014fb06        0x0 binaries/Lab4_malloc_free.o
 .data          0x000000000014fb06        0x0 binaries/Lab6_load_code.o
 .data          0x000000000014fb06        0x0 binaries/Lab6_seek.o
 .data          0x000000000014fb06        0x0 binaries/clkdisp.o
 .data          0x000000000014fb06        0x0 binaries/ctxsw.o
 .data          0x000000000014fb06        0x0 binaries/intr.o
                0x000000000014fb06                _saveint
 .data          0x000000000014fb06        0x0 binaries/ttydispatch.o