
Merging program properties

Removed property 0xc0000002 to merge binaries/Lab4_alloc_free.o (0x3) and binaries/start.o (not found)
Removed property 0xc0000002 to merge binaries/Lab4_alloc_free.o (not found) and binaries/Lab4_do_stk_expend.o (0x3)
Removed property 0xc0000002 to merge binaries/Lab4_alloc_free.o (not found) and binaries/Lab4_fillpgentry.o (0x3)
Removed property 0xc0000002 to merge binaries/Lab4_alloc_free.o (not found) and binaries/Lab4_getheap.o (0x3)
Removed property 0xc0000002 to merge binaries/Lab4_alloc_free.o (not found) and binaries/Lab4_invlpg.o (0x3)
Removed property 0xc0000002 to merge binaries/Lab4_alloc_free.o (not found) and binaries/Lab4_log2ph.o (0x3)
Removed property 0xc0000002 to merge binaries/Lab4_alloc_free.o (not found) and binaries/ascdate.o (0x3)
Removed property 0xc0000002 to merge binaries/Lab4_alloc_free.o (not found) and binaries/bufinit.o (0x3)
Removed property 0xc0000002 to merge binaries/Lab4_alloc_free.o (not found) and binaries/chprio.o (0x3)
Removed property 0xc0000002 to merge binaries/Lab4_alloc_free.o (not found) and binaries/clkhandler.o (0x3)
Removed property 0xc0000002 to merge binaries/Lab4_alloc_free.o (not found) and binaries/clkinit.o (0x3)
Removed property 0xc0000002 to merge binaries/Lab4_alloc_free.o (not found) and binaries/close.o (0x3)
Removed property 0xc0000002 to merge binaries/Lab4_alloc_free.o (not found) and binaries/conf.o (0x3)
Removed property 0xc0000002 to merge binaries/Lab4_alloc_free.o (not found) and binaries/control.o (0x3)
Removed property 0xc0000002 to merge binaries/Lab4_alloc_free.o (not found) and binaries/create.o (0x3)
Removed property 0xc0000002 to merge binaries/Lab4_alloc_free.o (not found) and binaries/evec.o (0x3)
Removed property 0xc0000002 to merge binaries/Lab4_alloc_free.o (not found) and binaries/exit.o (0x3)
Removed property 0xc0000002 to merge binaries/Lab4_alloc_free.o (not found) and binaries/freebuf.o (0x3)
Removed property 0xc0000002 to merge binaries/Lab4_alloc_free.o (not found) and binaries/freemem.o (0x3)
Removed property 0xc0000002 to merge binaries/Lab4_alloc_free.o (not found) and binaries/getbuf.o (0x3)
Removed property 0xc0000002 to merge binaries/Lab4_alloc_free.o (not found) and binaries/getc.o (0x3)
Removed property 0xc0000002 to merge binaries/Lab4_alloc_free.o (not found) and binaries/getdev.o (0x3)
Removed property 0xc0000002 to merge binaries/Lab4_alloc_free.o (not found) and binaries/getitem.o (0x3)
Removed property 0xc0000002 to merge binaries/Lab4_alloc_free.o (not found) and binaries/getmem.o (0x3)
Removed property 0xc0000002 to merge binaries/Lab4_alloc_free.o (not found) and binaries/getpid.o (0x3)
Removed property 0xc0000002 to merge binaries/Lab4_alloc_free.o (not found) and binaries/getprio.o (0x3)
Removed property 0xc0000002 to merge binaries/Lab4_alloc_free.o (not found) and binaries/getstk.o (0x3)
Removed property 0xc0000002 to merge binaries/Lab4_alloc_free.o (not found) and binaries/getticks.o (0x3)
Removed property 0xc0000002 to merge binaries/Lab4_alloc_free.o (not found) and binaries/gettime.o (0x3)
Removed property 0xc0000002 to merge binaries/Lab4_alloc_free.o (not found) and binaries/getutime.o (0x3)
Removed property 0xc0000002 to merge binaries/Lab4_alloc_free.o (not found) and binaries/init.o (0x3)
Removed property 0xc0000002 to merge binaries/Lab4_alloc_free.o (not found) and binaries/initialize.o (0x3)
Removed property 0xc0000002 to merge binaries/Lab4_alloc_free.o (not found) and binaries/insert.o (0x3)
Removed property 0xc0000002 to merge binaries/Lab4_alloc_free.o (not found) and binaries/insertd.o (0x3)
Removed property 0xc0000002 to merge binaries/Lab4_alloc_free.o (not found) and binaries/ioerr.o (0x3)
Removed property 0xc0000002 to merge binaries/Lab4_alloc_free.o (not found) and binaries/ionull.o (0x3)
Removed property 0xc0000002 to merge binaries/Lab4_alloc_free.o (not found) and binaries/kill.o (0x3)
Removed property 0xc0000002 to merge binaries/Lab4_alloc_free.o (not found) and binaries/kprintf.o (0x3)
Removed property 0xc0000002 to merge binaries/Lab4_alloc_free.o (not found) and binaries/main.o (0x3)
Removed property 0xc0000002 to merge binaries/Lab4_alloc_free.o (not found) and binaries/mark.o (0x3)
Removed property 0xc0000002 to merge binaries/Lab4_alloc_free.o (not found) and binaries/mkbufpool.o (0x3)
Removed property 0xc0000002 to merge binaries/Lab4_alloc_free.o (not found) and binaries/newqueue.o (0x3)
Removed property 0xc0000002 to merge binaries/Lab4_alloc_free.o (not found) and binaries/open.o (0x3)
Removed property 0xc0000002 to merge binaries/Lab4_alloc_free.o (not found) and binaries/panic.o (0x3)
Removed property 0xc0000002 to merge binaries/Lab4_alloc_free.o (not found) and binaries/platinit.o (0x3)
Removed property 0xc0000002 to merge binaries/Lab4_alloc_free.o (not found) and binaries/ptclear.o (0x3)
Removed property 0xc0000002 to merge binaries/Lab4_alloc_free.o (not found) and binaries/ptcount.o (0x3)
[...]
Memory Configuration

Name             Origin             Length             Attributes
*default*        0x0000000000000000 0xffffffffffffffff

Linker script and memory map

                0x0000000000100000                physbase = 0x100000
                0x0000000000100000                . = physbase
                0x0000000000100000                . = ALIGN (0x1000)

.text           0x0000000000100000    0x11000
                0x0000000000100000                text = ABSOLUTE (.)
 *(.text .text.*)
 .text          0x0000000000100000      0x171 binaries/start.o
                0x0000000000100024                start
                0x00000000001000b3                inb
                0x00000000001000bb                inw
                0x00000000001000c4                inl
                0x00000000001000cc                outb
                0x00000000001000d6                outw
                0x00000000001000e1                outl
                0x00000000001000eb                _rtcin
                0x00000000001000f6                ___udivsi3
                0x0000000000100101                ___divsi3
                0x000000000010010d                sbzero
                0x000000000010011d                insw
                0x0000000000100133                outsw
                0x0000000000100149                bcopy
                0x000000000010015d                lidt
                0x0000000000100165                cpuid
 .text          0x0000000000100171       0xde binaries/Lab4_alloc_free.o
                0x0000000000100171                physical_addr_alloc
                0x00000000001001ee                physical_addr_free
 .text.__x86.get_pc_thunk.bx
                0x000000000010024f        0x4 binaries/Lab4_alloc_free.o
                0x000000000010024f                __x86.get_pc_thunk.bx
 .text          0x0000000000100253      0x138 binaries/Lab4_do_stk_expend.o
                0x0000000000100253                _do_stk_expand
 .text          0x000000000010038b      0x1f8 binaries/Lab4_fillpgentry.o
                0x000000000010038b                isfree
                0x0000000000100477                fill_page_entry
 .text          0x0000000000100583       0xdf binaries/Lab4_getheap.o
                0x0000000000100583                getheap
 .text          0x0000000000100662       0x1a binaries/Lab4_invlpg.o
                0x0000000000100662                invlpg
 .text.__x86.get_pc_thunk.ax
                0x000000000010067c        0x4 binaries/Lab4_invlpg.o
                0x000000000010067c                __x86.get_pc_thunk.ax
 .text          0x0000000000100680       0xc7 binaries/Lab4_log2ph.o
                0x0000000000100680                log2ph
 .text          0x0000000000100747      0x408 binaries/ascdate.o
                0x0000000000100747                ascdate
 .text.__x86.get_pc_thunk.cx
                0x0000000000100b4f        0x4 binaries/ascdate.o
                0x0000000000100b4f                __x86.get_pc_thunk.cx
 .text          0x0000000000100b53       0x24 binaries/bufinit.o
                0x0000000000100b53                bufinit
 .text          0x0000000000100b77       0xae binaries/chprio.o
                0x0000000000100b77                chprio
 .text          0x0000000000100c25       0xe8 binaries/clkhandler.o
                0x0000000000100c25                clkhandler
 .text          0x0000000000100d0d       0xa7 binaries/clkinit.o
                0x0000000000100d0d                clkinit
 .text          0x0000000000100db4       0x8a binaries/close.o
                0x0000000000100db4                close
 .text          0x0000000000100e3e        0x0 binaries/conf.o
 .text          0x0000000000100e3e       0x90 binaries/control.o
                0x0000000000100e3e                control
 .text          0x0000000000100ece      0x7f7 binaries/create.o
                0x0000000000100ece                create
 .text          0x00000000001016c5      0x520 binaries/evec.o
                0x00000000001016c5                initevec
                0x0000000000101804                set_evec
                0x00000000001018df                _8259_setirmask
                0x0000000000101954                trap
 .text          0x0000000000101be5       0x2d binaries/exit.o
                0x0000000000101be5                exit
 .text          0x0000000000101c12       0xa5 binaries/freebuf.o
                0x0000000000101c12                freebuf
 .text          0x0000000000101cb7       0xd7 binaries/freemem.o
                0x0000000000101cb7                freemem
 .text          0x0000000000101d8e       0xa3 binaries/getbuf.o
                0x0000000000101d8e                getbuf
 .text          0x0000000000101e31       0x8a binaries/getc.o
                0x0000000000101e31                getc
 .text          0x0000000000101ebb       0x8a binaries/getdev.o
                0x0000000000101ebb                getdev
 .text          0x0000000000101f45      0x11d binaries/getitem.o
                0x0000000000101f45                getfirst
                0x0000000000101f9f                getlast
                0x0000000000101ffb                getitem
 .text.__x86.get_pc_thunk.dx
                0x0000000000102062        0x4 binaries/getitem.o
                0x0000000000102062                __x86.get_pc_thunk.dx
 .text          0x0000000000102066       0xbd binaries/getmem.o
                0x0000000000102066                getmem
 .text          0x0000000000102123       0x1b binaries/getpid.o
                0x0000000000102123                getpid
 .text          0x000000000010213e       0x98 binaries/getprio.o
                0x000000000010213e                getprio
 .text          0x00000000001021d6      0x118 binaries/getstk.o
                0x00000000001021d6                getstk
 .text          0x00000000001022ee       0x24 binaries/getticks.o
                0x00000000001022ee                getticks
 .text          0x0000000000102312       0x18 binaries/gettime.o
                0x0000000000102312                gettime
 .text          0x000000000010232a       0x18 binaries/getutime.o
                0x000000000010232a                getutime
 .text          0x0000000000102342       0x8a binaries/init.o
                0x0000000000102342                init
 .text          0x00000000001023cc      0x3b3 binaries/initialize.o
                0x00000000001023cc                nulluser
                0x0000000000102704                stop
                0x0000000000102743                delay
 .text          0x000000000010277f      0x10d binaries/insert.o
                0x000000000010277f                insert
 .text          0x000000000010288c      0x146 binaries/insertd.o
                0x000000000010288c                insertd
 .text          0x00000000001029d2       0x18 binaries/ioerr.o
                0x00000000001029d2                ioerr
 .text          0x00000000001029ea       0x18 binaries/ionull.o
                0x00000000001029ea                ionull
 .text          0x0000000000102a02      0x29a binaries/kill.o
                0x0000000000102a02                kill
 .text          0x0000000000102c9c      0x1d6 binaries/kprintf.o
                0x0000000000102c9c                kputc
                0x0000000000102d68                kgetc
                0x0000000000102e32                kprintf
 .text          0x0000000000102e72       0xfa binaries/main.o
                0x0000000000102e72                sndA
                0x0000000000102e99                sndB
                0x0000000000102ec0                main
 .text          0x0000000000102f6c       0xf6 binaries/mark.o
                0x0000000000102f6c                markinit
                0x0000000000102fa9                mark
 .text          0x0000000000103062      0x196 binaries/mkbufpool.o
                0x0000000000103062                mkbufpool
 .text          0x00000000001031f8       0xbf binaries/newqueue.o
                0x00000000001031f8                newqueue
 .text          0x00000000001032b7       0x90 binaries/open.o
                0x00000000001032b7                open
 .text          0x0000000000103347       0x32 binaries/panic.o
                0x0000000000103347                panic
 .text          0x0000000000103379       0x31 binaries/platinit.o
                0x0000000000103379                console_init
                0x0000000000103391                platinit
 .text          0x00000000001033aa      0x109 binaries/ptclear.o
                0x00000000001033aa                _ptclear
 .text          0x00000000001034b3       0xb3 binaries/ptcount.o
                0x00000000001034b3                ptcount
 .text          0x0000000000103566      0x138 binaries/ptcreate.o
                0x0000000000103566                ptcreate
 .text          0x000000000010369e       0x98 binaries/ptdelete.o
                0x000000000010369e                ptdelete
 .text          0x0000000000103736       0xe9 binaries/ptinit.o
                0x0000000000103736                ptinit
 .text          0x000000000010381f      0x139 binaries/ptrecv.o
                0x000000000010381f                ptrecv
 .text          0x0000000000103958       0x8d binaries/ptreset.o
                0x0000000000103958                ptreset
 .text          0x00000000001039e5      0x15e binaries/ptsend.o
                0x00000000001039e5                ptsend
 .text          0x0000000000103b43       0x95 binaries/putc.o
                0x0000000000103b43                putc
 .text          0x0000000000103bd8      0x153 binaries/queue.o
                0x0000000000103bd8                enqueue
                0x0000000000103ca2                dequeue
 .text          0x0000000000103d2b       0x90 binaries/read.o
                0x0000000000103d2b                read
 .text          0x0000000000103dbb       0x98 binaries/ready.o
                0x0000000000103dbb                ready
 .text          0x0000000000103e53       0x7c binaries/receive.o
                0x0000000000103e53                receive
 .text          0x0000000000103ecf       0x78 binaries/recvclr.o
                0x0000000000103ecf                recvclr
 .text          0x0000000000103f47       0xdd binaries/recvtime.o
                0x0000000000103f47                recvtime
 .text          0x0000000000104024      0x1fc binaries/resched.o
                0x0000000000104024                resched
                0x000000000010417f                resched_cntl
 .text          0x0000000000104220       0xcb binaries/resume.o
                0x0000000000104220                resume
 .text          0x00000000001042eb       0x8e binaries/seek.o
                0x00000000001042eb                seek
 .text          0x0000000000104379       0x8b binaries/semcount.o
                0x0000000000104379                semcount
 .text          0x0000000000104404      0x108 binaries/semcreate.o
                0x0000000000104404                semcreate
 .text          0x000000000010450c       0xe3 binaries/semdelete.o
                0x000000000010450c                semdelete
 .text          0x00000000001045ef       0xe7 binaries/semreset.o
                0x00000000001045ef                semreset
 .text          0x00000000001046d6      0x107 binaries/send.o
                0x00000000001046d6                send
 .text          0x00000000001047dd       0xbe binaries/signal.o
                0x00000000001047dd                signal
 .text          0x000000000010489b       0xec binaries/signaln.o
                0x000000000010489b                signaln
 .text          0x0000000000104987      0x11d binaries/sleep.o
                0x0000000000104987                sleep
                0x00000000001049e3                sleepms
 .text          0x0000000000104aa4      0x1c0 binaries/stacktrace.o
                0x0000000000104aa4                stacktrace
 .text          0x0000000000104c64      0x101 binaries/suspend.o
                0x0000000000104c64                suspend
 .text          0x0000000000104d65      0x10c binaries/unsleep.o
                0x0000000000104d65                unsleep
 .text          0x0000000000104e71       0x2d binaries/userret.o
                0x0000000000104e71                userret
 .text          0x0000000000104e9e      0x4b4 binaries/vminit.o
                0x0000000000104e9e                vminit
                0x000000000010524b                setsegs
 .text          0x0000000000105352      0x100 binaries/wait.o
                0x0000000000105352                wait
 .text          0x0000000000105452       0x9c binaries/wakeup.o
                0x0000000000105452                wakeup
 .text          0x00000000001054ee       0x90 binaries/write.o
                0x00000000001054ee                write
 .text          0x000000000010557e       0x33 binaries/xdone.o
                0x000000000010557e                xdone
 .text          0x00000000001055b1       0x3b binaries/yield.o
                0x00000000001055b1                yield
 .text          0x00000000001055ec       0x1f binaries/abs.o
                0x00000000001055ec                abs
 .text          0x000000000010560b       0x9e binaries/atoi.o
                0x000000000010560b                atoi
 .text          0x00000000001056a9       0x9e binaries/atol.o
                0x00000000001056a9                atol
 .text          0x0000000000105747       0x40 binaries/bzero.o
                0x0000000000105747                bzero
 .text          0x0000000000105787        0x0 binaries/ctype_.o
 .text          0x0000000000105787      0x96b binaries/doprnt.o
                0x0000000000105787                _doprnt
 .text          0x00000000001060f2      0x709 binaries/doscan.o
                0x00000000001060f2                _doscan
 .text.__x86.get_pc_thunk.di
                0x00000000001067fb        0x4 binaries/doscan.o
                0x00000000001067fb                __x86.get_pc_thunk.di
 .text          0x00000000001067ff      0x788 binaries/fdoprnt.o
                0x00000000001067ff                _fdoprnt
 .text          0x0000000000106f87       0x3d binaries/fgetc.o
                0x0000000000106f87                fgetc
 .text          0x0000000000106fc4       0x88 binaries/fgets.o
                0x0000000000106fc4                fgets
 .text          0x000000000010704c       0x40 binaries/fprintf.o
                0x000000000010704c                fprintf
 .text          0x000000000010708c       0x40 binaries/fputc.o
                0x000000000010708c                fputc
 .text          0x00000000001070cc       0x56 binaries/fputs.o
                0x00000000001070cc                fputs
 .text          0x0000000000107122       0xc2 binaries/fscanf.o
                0x0000000000107122                fscanf
 .text          0x00000000001071e4       0x4e binaries/getchar.o
                0x00000000001071e4                getchar
 .text          0x0000000000107232       0x1f binaries/labs.o
                0x0000000000107232                labs
 .text          0x0000000000107251        0x0 binaries/memchr.o
 .text          0x0000000000107251       0x5f binaries/memcmp.o
                0x0000000000107251                memcmp
 .text          0x00000000001072b0       0x34 binaries/memcpy.o
                0x00000000001072b0                memcpy
 .text          0x00000000001072e4       0x3e binaries/memset.o
                0x00000000001072e4                memset
 .text          0x0000000000107322       0x66 binaries/printf.o
                0x0000000000107322                printf
 .text          0x0000000000107388       0x51 binaries/putchar.o
                0x0000000000107388                putchar
 .text          0x00000000001073d9      0x2bf binaries/qsort.o
                0x00000000001073d9                qsort
 .text          0x0000000000107698       0x8d binaries/rand.o
                0x0000000000107698                rand
                0x00000000001076c0                rand_r
                0x0000000000107708                srand
 .text          0x0000000000107725       0x8a binaries/sprintf.o
                0x0000000000107725                sprintf
 .text          0x00000000001077af       0xa4 binaries/sscanf.o
                0x00000000001077af                sscanf
 .text          0x0000000000107853       0x4a binaries/strchr.o
                0x0000000000107853                strchr
 .text          0x000000000010789d       0x53 binaries/strcmp.o
                0x000000000010789d                strcmp
 .text          0x00000000001078f0       0x35 binaries/strcpy.o
                0x00000000001078f0                strcpy
 .text          0x0000000000107925       0x34 binaries/strlen.o
                0x0000000000107925                strlen
 .text          0x0000000000107959       0x64 binaries/strncat.o
                0x0000000000107959                strncat
 .text          0x00000000001079bd       0x6c binaries/strncmp.o
                0x00000000001079bd                strncmp
 .text          0x0000000000107a29       0x5d binaries/strncpy.o
                0x0000000000107a29                strncpy
 .text          0x0000000000107a86       0x3c binaries/strnlen.o
                0x0000000000107a86                strnlen
 .text          0x0000000000107ac2       0x53 binaries/strrchr.o
                0x0000000000107ac2                strrchr
 .text          0x0000000000107b15       0x7c binaries/strstr.o
                0x0000000000107b15                strstr
 .text          0x0000000000107b91      0x100 binaries/ttycontrol.o
                0x0000000000107b91                ttycontrol
 .text          0x0000000000107c91       0xaf binaries/ttygetc.o
                0x0000000000107c91                ttygetc
 .text          0x0000000000107d40      0x73b binaries/ttyhandle_in.o
                0x0000000000107d40                ttyhandle_in
 .text          0x000000000010847b      0x1c5 binaries/ttyhandle_out.o
                0x000000000010847b                ttyhandle_out
 .text          0x0000000000108640       0xec binaries/ttyhandler.o
                0x0000000000108640                ttyhandler
 .text          0x000000000010872c      0x243 binaries/ttyinit.o
                0x000000000010872c                ttyinit
 .text          0x000000000010896f       0x2f binaries/ttykickout.o
                0x000000000010896f                ttykickout
 .text          0x000000000010899e       0xcd binaries/ttyputc.o
                0x000000000010899e                ttyputc
 .text          0x0000000000108a6b      0x12f binaries/ttyread.o
                0x0000000000108a6b                ttyread
 .text          0x0000000000108b9a       0x60 binaries/ttywrite.o
                0x0000000000108b9a                ttywrite
 .text          0x0000000000108bfa      0x17c binaries/mount.o
                0x0000000000108bfa                mount
                0x0000000000108d32                namlen
 .text          0x0000000000108d76      0x224 binaries/naminit.o
                0x0000000000108d76                naminit
 .text          0x0000000000108f9a      0x24f binaries/nammap.o
                0x0000000000108f9a                nammap
                0x000000000010903b                namrepl
                0x000000000010918b                namcpy
 .text          0x00000000001091e9       0x61 binaries/namopen.o
                0x00000000001091e9                namopen
 .text          0x000000000010924a       0x18 binaries/ramclose.o
                0x000000000010924a                ramclose
 .text          0x0000000000109262       0x5c binaries/raminit.o
                0x0000000000109262                raminit
 .text          0x00000000001092be       0x18 binaries/ramopen.o
                0x00000000001092be                ramopen
 .text          0x00000000001092d6       0x4b binaries/ramread.o
                0x00000000001092d6                ramread
 .text          0x0000000000109321       0x4b binaries/ramwrite.o
                0x0000000000109321                ramwrite
 .text          0x000000000010936c       0xc8 binaries/lfdballoc.o
                0x000000000010936c                lfdballoc
 .text          0x0000000000109434       0x70 binaries/lfdbfree.o
                0x0000000000109434                lfdbfree
 .text          0x00000000001094a4       0xe4 binaries/lfflush.o
                0x00000000001094a4                lfflush
 .text          0x0000000000109588       0xed binaries/lfgetmode.o
                0x0000000000109588                lfgetmode
 .text          0x0000000000109675       0x96 binaries/lfiballoc.o
                0x0000000000109675                lfiballoc
 .text          0x000000000010970b       0x49 binaries/lfibclear.o
                0x000000000010970b                lfibclear
 .text          0x0000000000109754       0xc0 binaries/lfibget.o
                0x0000000000109754                lfibget
 .text          0x0000000000109814       0xef binaries/lfibput.o
                0x0000000000109814                lfibput
 .text          0x0000000000109903       0xbf binaries/lflclose.o
                0x0000000000109903                lflclose
 .text          0x00000000001099c2       0xf1 binaries/lflcontrol.o
                0x00000000001099c2                lflcontrol
 .text          0x0000000000109ab3      0x108 binaries/lflgetc.o
                0x0000000000109ab3                lflgetc
 .text          0x0000000000109bbb      0x104 binaries/lflinit.o
                0x0000000000109bbb                lflinit
 .text          0x0000000000109cbf      0x13e binaries/lflputc.o
                0x0000000000109cbf                lflputc
 .text          0x0000000000109dfd       0x83 binaries/lflread.o
                0x0000000000109dfd                lflread
 .text          0x0000000000109e80       0xc2 binaries/lflseek.o
                0x0000000000109e80                lflseek
 .text          0x0000000000109f42       0x68 binaries/lflwrite.o
                0x0000000000109f42                lflwrite
 .text          0x0000000000109faa       0x70 binaries/lfscheck.o
                0x0000000000109faa                lfscheck
 .text          0x000000000010a01a      0x198 binaries/lfsckfmt.o
                0x000000000010a01a                lfsckfmt
 .text          0x000000000010a1b2      0x1c2 binaries/lfscreate.o
                0x000000000010a1b2                lfscreate
 .text          0x000000000010a374      0x2a7 binaries/lfsetup.o
                0x000000000010a374                lfsetup
 .text          0x000000000010a61b       0x83 binaries/lfsinit.o
                0x000000000010a61b                lfsinit
 .text          0x000000000010a69e      0x415 binaries/lfsopen.o
                0x000000000010a69e                lfsopen
 .text          0x000000000010aab3      0x18e binaries/lftruncate.o
                0x000000000010aab3                lftruncate
 .text          0x000000000010ac41      0x479 binaries/addargs.o
                0x000000000010ac41                upload_args
                0x000000000010ad1d                addargs
 .text          0x000000000010b0ba      0x2df binaries/lexan.o
                0x000000000010b0ba                lexan
 .text          0x000000000010b399      0x705 binaries/shell.o
                0x000000000010b399                shell
 .text          0x000000000010ba9e       0x85 binaries/xsh_argecho.o
                0x000000000010ba9e                xsh_argecho
 .text          0x000000000010bb23      0x2df binaries/xsh_cat.o
                0x000000000010bb23                xsh_cat
 .text          0x000000000010be02       0x83 binaries/xsh_clear.o
                0x000000000010be02                xsh_clear
 .text          0x000000000010be85      0x30c binaries/xsh_date.o
                0x000000000010be85                xsh_date
 .text          0x000000000010c191       0xde binaries/xsh_devdump.o
                0x000000000010c191                xsh_devdump
 .text          0x000000000010c26f       0x91 binaries/xsh_echo.o
                0x000000000010c26f                xsh_echo
 .text          0x000000000010c300       0x18 binaries/xsh_exit.o
                0x000000000010c300                xsh_exit
 .text          0x000000000010c318      0x410 binaries/xsh_help.o
                0x000000000010c318                xsh_help
 .text          0x000000000010c728      0x2b8 binaries/xsh_kill.o
                0x000000000010c728                xsh_kill
 .text          0x000000000010c9e0      0x79d binaries/xsh_lab2.o
                0x000000000010c9e0                xsh_lab2
                0x000000000010cf14                u2021201780_printf_1
                0x000000000010cf97                u2021201780_printf_2
                0x000000000010cffb                u2021201780_printf_3
                0x000000000010d045                u2021201780_delay_run
                0x000000000010d102                u2021201780_delay_test
 .text          0x000000000010d17d      0x293 binaries/xsh_lab3.o
                0x000000000010d17d                k2021201780_printf
                0x000000000010d21b                k2021201780_fprintf
                0x000000000010d2b7                u2021201780_uptest
                0x000000000010d346                xsh_lab3
 .text.__x86.get_pc_thunk.si
                0x000000000010d410        0x4 binaries/xsh_lab3.o
                0x000000000010d410                __x86.get_pc_thunk.si
 .text          0x000000000010d414       0x9d binaries/xsh_lab4.o
                0x000000000010d414                xsh_lab4
 .text          0x000000000010d4b1      0x5f1 binaries/xsh_memdump.o
                0x000000000010d4b1                xsh_memdump
 .text          0x000000000010daa2      0x352 binaries/xsh_memstat.o
                0x000000000010daa2                xsh_memstat
 .text          0x000000000010ddf4      0x254 binaries/xsh_ps.o
                0x000000000010ddf4                xsh_ps
 .text          0x000000000010e048      0x28a binaries/xsh_sleep.o
                0x000000000010e048                xsh_sleep
 .text          0x000000000010e2d2      0x254 binaries/xsh_uptime.o
                0x000000000010e2d2                xsh_uptime
 .text          0x000000000010e526        0x8 binaries/Lab3_create.o
                0x000000000010e526                u2021201780_create
 .text          0x000000000010e52e       0x20 binaries/Lab3_fprintf.o
                0x000000000010e52e                u2021201780_fprintf
 .text          0x000000000010e54e        0x8 binaries/Lab3_ltss.o
                0x000000000010e54e                k2021201780_ltss
 .text          0x000000000010e556       0x19 binaries/Lab3_printf.o
                0x000000000010e556                u2021201780_printf
 .text          0x000000000010e56f        0xf binaries/Lab3_read.o
                0x000000000010e56f                u2021201780_read
 .text          0x000000000010e57e        0x3 binaries/Lab3_receive.o
                0x000000000010e57e                u2021201780_receive
 .text          0x000000000010e581        0x3 binaries/Lab3_recvclr.o
                0x000000000010e581                u2021201780_recvclr
 .text          0x000000000010e584        0x7 binaries/Lab3_resume.o
                0x000000000010e584                u2021201780_resume
 .text          0x000000000010e58b        0x2 binaries/Lab3_ret_k2u.o
                0x000000000010e58b                k2021201780_ret_k2u
 .text          0x000000000010e58d        0x2 binaries/Lab3_ret_u2k.o
                0x000000000010e58d                u2021201780_ret_u2k
 .text          0x000000000010e58f        0x7 binaries/Lab3_sleep.o
                0x000000000010e58f                u2021201780_sleep
 .text          0x000000000010e596        0x7 binaries/Lab3_sleepms.o
                0x000000000010e596                u2021201780_sleepms
 .text          0x000000000010e59d        0x8 binaries/Lab4_addargs.o
                0x000000000010e59d                u2021201780_addargs
 .text          0x000000000010e5a5       0x12 binaries/Lab4_malloc_free.o
                0x000000000010e5a5                u2021201780_malloc
                0x000000000010e5ac                u2021201780_free
 .text          0x000000000010e5b7        0xe binaries/clkdisp.o
                0x000000000010e5b7                clkdisp
 .text          0x000000000010e5c5       0x1f binaries/ctxsw.o
                0x000000000010e5c5                ctxsw
 .text          0x000000000010e5e4      0x533 binaries/intr.o
                0x000000000010e5e4                disable
                0x000000000010e5ed                restore
                0x000000000010e5fb                enable
                0x000000000010e5fd                pause
                0x000000000010e604                halt
                0x000000000010e607                spurious_irq7
                0x000000000010e60c                spurious_irq15
                0x000000000010e61b                _Xint0
                0x000000000010e623                _Xint1
                0x000000000010e62b                _Xint2
                0x000000000010e633                _Xint3
                0x000000000010e63b                _Xint4
                0x000000000010e643                _Xint5
                0x000000000010e64e                _Xint6
                0x000000000010e656                _Xint7
                0x000000000010e65e                _Xint8
                0x000000000010e666                _Xint9
                0x000000000010e66e                _Xint10
                0x000000000010e676                _Xint11
                0x000000000010e67e                _Xint12
                0x000000000010e686                _Xint13
                0x000000000010e68e                _Xint14
                0x000000000010e69f                _Xint15
                0x000000000010e6aa                _Xint16
                0x000000000010e6b5                _Xint17
                0x000000000010e6c0                _Xint18
                0x000000000010e6cb                _Xint19
                0x000000000010e6d6                _Xint20
                0x000000000010e6e1                _Xint21
                0x000000000010e6ec                _Xint22
                0x000000000010e6f7                _Xint23
                0x000000000010e702                _Xint24
                0x000000000010e70d                _Xint25
                0x000000000010e718                _Xint26
                0x000000000010e723                _Xint27
                0x000000000010e72e                _Xint28
                0x000000000010e739                _Xint29
                0x000000000010e744                _Xint30
                0x000000000010e74f                _Xint31
                0x000000000010e75a                _Xint32
                0x000000000010e765                _Xint33
                0x000000000010e770                _Xint34
                0x000000000010e77b                _Xint35
                0x000000000010e786                _Xint36
                0x000000000010e791                _Xint37
                0x000000000010e79c                _Xint38
                0x000000000010e7a7                _Xint40
                0x000000000010e7b2                _Xint41
                0x000000000010e7bd                _Xint42
                0x000000000010e7c8                _Xint43
                0x000000000010e7d3                _Xint44
                0x000000000010e7de                _Xint45
                0x000000000010e7e9                _Xint46
                0x000000000010e7f4                _Xint48
                0x000000000010e831                _Xint49
                0x000000000010e836                _Xint50
                0x000000000010e859                _Xint51
                0x000000000010e8b3                _Xint52
                0x000000000010e8d6                _Xint53
                0x000000000010e915                _Xint54
                0x000000000010e93a                _Xint55
                0x000000000010e95d                _Xint56
                0x000000000010e97e                _Xint57
                0x000000000010e99f                _Xint58
                0x000000000010e9db                _Xint59
                0x000000000010e9fe                _Xint60
                0x000000000010ea23                defevec
 .text          0x000000000010eb17       0x10 binaries/ttydispatch.o
                0x000000000010eb17                ttydispatch
 *(.rodata .rodata.*)
 *fill*         0x000000000010eb27        0x1 
 .rodata        0x000000000010eb28       0x20 binaries/Lab4_alloc_free.o
 .rodata        0x000000000010eb48       0x27 binaries/Lab4_do_stk_expend.o
 *fill*         0x000000000010eb6f        0x1 
 .rodata        0x000000000010eb70       0x8e binaries/ascdate.o
 .rodata        0x000000000010ebfe       0x52 binaries/conf.o
 .rodata        0x000000000010ec50        0xe binaries/create.o
 *fill*         0x000000000010ec5e        0x2 
 .rodata        0x000000000010ec60      0x231 binaries/evec.o
 *fill*         0x000000000010ee91        0x3 
 .rodata        0x000000000010ee94      0x128 binaries/initialize.o
 .rodata        0x000000000010efbc       0x20 binaries/kill.o
 .rodata        0x000000000010efdc       0x2a binaries/main.o
 .rodata        0x000000000010f006        0xf binaries/panic.o
 .rodata        0x000000000010f015       0x1d binaries/ptinit.o
 *fill*         0x000000000010f032        0x2 
 .rodata        0x000000000010f034       0x25 binaries/ptsend.o
 *fill*         0x000000000010f059        0x3 
 .rodata        0x000000000010f05c       0xb7 binaries/stacktrace.o
 *fill*         0x000000000010f113        0x1 
 .rodata        0x000000000010f114       0x3e binaries/vminit.o
 *fill*         0x000000000010f152        0x2 
 .rodata        0x000000000010f154       0x27 binaries/xdone.o
 *fill*         0x000000000010f17b        0x5 
 .rodata        0x000000000010f180       0x81 binaries/ctype_.o
                0x000000000010f180                _ctype_
 *fill*         0x000000000010f201        0x3 
 .rodata        0x000000000010f204       0xee binaries/doprnt.o
 *fill*         0x000000000010f2f2        0x2 
 .rodata        0x000000000010f2f4       0xae binaries/fdoprnt.o
 *fill*         0x000000000010f3a2        0x2 
 .rodata        0x000000000010f3a4       0x20 binaries/ttycontrol.o
 .rodata        0x000000000010f3c4       0x34 binaries/ttyhandler.o
 .rodata        0x000000000010f3f8       0x80 binaries/naminit.o
 .rodata        0x000000000010f478        0x9 binaries/raminit.o
 *fill*         0x000000000010f481        0x3 
 .rodata        0x000000000010f484       0x37 binaries/lfdballoc.o
 .rodata        0x000000000010f4bb       0x14 binaries/lfiballoc.o
 *fill*         0x000000000010f4cf        0x1 
 .rodata        0x000000000010f4d0       0x23 binaries/lflcontrol.o
 *fill*         0x000000000010f4f3        0x1 
 .rodata        0x000000000010f4f4      0x11b binaries/lfsckfmt.o
 *fill*         0x000000000010f60f        0x1 
 .rodata        0x000000000010f610       0x2a binaries/lfsopen.o
 *fill*         0x000000000010f63a        0x2 
 .rodata        0x000000000010f63c      0x2a9 binaries/shell.o
 .rodata        0x000000000010f8e5       0x28 binaries/xsh_argecho.o
 *fill*         0x000000000010f90d        0x3 
 .rodata        0x000000000010f910       0xc9 binaries/xsh_cat.o
 .rodata        0x000000000010f9d9       0x19 binaries/xsh_clear.o
 *fill*         0x000000000010f9f2        0x2 
 .rodata        0x000000000010f9f4      0x1a5 binaries/xsh_date.o
 .rodata        0x000000000010fb99       0x5d binaries/xsh_devdump.o
 .rodata        0x000000000010fbf6        0x9 binaries/xsh_echo.o
 *fill*         0x000000000010fbff        0x1 
 .rodata        0x000000000010fc00      0x16a binaries/xsh_help.o
 *fill*         0x000000000010fd6a        0x2 
 .rodata        0x000000000010fd6c      0x12e binaries/xsh_kill.o
 *fill*         0x000000000010fe9a        0x2 
 .rodata        0x000000000010fe9c      0x3ad binaries/xsh_lab2.o
 .rodata        0x0000000000110249       0x44 binaries/xsh_lab3.o
 .rodata        0x000000000011028d       0x36 binaries/xsh_lab4.o
 *fill*         0x00000000001102c3        0x1 
 .rodata        0x00000000001102c4      0x266 binaries/xsh_memdump.o
 *fill*         0x000000000011052a        0x2 
 .rodata        0x000000000011052c      0x225 binaries/xsh_memstat.o
 *fill*         0x0000000000110751        0x3 
 .rodata        0x0000000000110754      0x1a8 binaries/xsh_ps.o
 .rodata        0x00000000001108fc       0xeb binaries/xsh_sleep.o
 *fill*         0x00000000001109e7        0x1 
 .rodata        0x00000000001109e8      0x105 binaries/xsh_uptime.o
                0x0000000000110aed                etext = ABSOLUTE (.)
                0x0000000000111000                . = ALIGN (0x1000)
 *fill*         0x0000000000110aed      0x513 

.eh_frame       0x0000000000111000     0x2250
 .eh_frame      0x0000000000111000       0x74 binaries/Lab4_alloc_free.o
 .eh_frame      0x0000000000111074       0x24 binaries/Lab4_do_stk_expend.o
                                         0x50 (size before relaxing)
 .eh_frame      0x0000000000111098       0x48 binaries/Lab4_fillpgentry.o
                                         0x74 (size before relaxing)
 .eh_frame      0x00000000001110e0       0x24 binaries/Lab4_getheap.o
                                         0x50 (size before relaxing)
 .eh_frame      0x0000000000111104       0x34 binaries/Lab4_invlpg.o
                                         0x4c (size before relaxing)
 .eh_frame      0x0000000000111138       0x24 binaries/Lab4_log2ph.o
                                         0x50 (size before relaxing)
 .eh_frame      0x000000000011115c       0x38 binaries/ascdate.o
                                         0x50 (size before relaxing)
 .eh_frame      0x0000000000111194       0x20 binaries/bufinit.o
                                         0x4c (size before relaxing)
 .eh_frame      0x00000000001111b4       0x24 binaries/chprio.o
                                         0x50 (size before relaxing)
 .eh_frame      0x00000000001111d8       0x24 binaries/clkhandler.o
                                         0x50 (size before relaxing)
 .eh_frame      0x00000000001111fc       0x24 binaries/clkinit.o
                                         0x50 (size before relaxing)
 .eh_frame      0x0000000000111220       0x24 binaries/close.o
                                         0x50 (size before relaxing)
 .eh_frame      0x0000000000111244       0x24 binaries/control.o
                                         0x50 (size before relaxing)
 .eh_frame      0x0000000000111268       0x48 binaries/create.o
                                         0x88 (size before relaxing)
 .eh_frame      0x00000000001112b0       0x90 binaries/evec.o
                                         0xd0 (size before relaxing)
 .eh_frame      0x0000000000111340       0x24 binaries/exit.o
                                         0x50 (size before relaxing)
 .eh_frame      0x0000000000111364       0x24 binaries/freebuf.o
                                         0x50 (size before relaxing)
 .eh_frame      0x0000000000111388       0x24 binaries/freemem.o
                                         0x50 (size before relaxing)
 .eh_frame      0x00000000001113ac       0x24 binaries/getbuf.o
                                         0x50 (size before relaxing)
 .eh_frame      0x00000000001113d0       0x24 binaries/getc.o
                                         0x50 (size before relaxing)
 .eh_frame      0x00000000001113f4       0x24 binaries/getdev.o
                                         0x50 (size before relaxing)
 .eh_frame      0x0000000000111418       0x78 binaries/getitem.o
                                         0xa4 (size before relaxing)
 .eh_frame      0x0000000000111490       0x24 binaries/getmem.o
                                         0x50 (size before relaxing)
 .eh_frame      0x00000000001114b4       0x20 binaries/getpid.o
                                         0x4c (size before relaxing)
 .eh_frame      0x00000000001114d4       0x24 binaries/getprio.o
                                         0x50 (size before relaxing)
 .eh_frame      0x00000000001114f8       0x24 binaries/getstk.o
                                         0x50 (size before relaxing)
 .eh_frame      0x000000000011151c       0x20 binaries/getticks.o
                                         0x4c (size before relaxing)
 .eh_frame      0x000000000011153c       0x20 binaries/gettime.o
                                         0x4c (size before relaxing)
 .eh_frame      0x000000000011155c       0x20 binaries/getutime.o
                                         0x4c (size before relaxing)
 .eh_frame      0x000000000011157c       0x24 binaries/init.o
                                         0x50 (size before relaxing)
 .eh_frame      0x00000000001115a0       0xa4 binaries/initialize.o
                                         0xe4 (size before relaxing)
 .eh_frame      0x0000000000111644       0x28 binaries/insert.o
                                         0x54 (size before relaxing)
 .eh_frame      0x000000000011166c       0x28 binaries/insertd.o
                                         0x54 (size before relaxing)
 .eh_frame      0x0000000000111694       0x20 binaries/ioerr.o
                                         0x4c (size before relaxing)
 .eh_frame      0x00000000001116b4       0x20 binaries/ionull.o
                                         0x4c (size before relaxing)
 .eh_frame      0x00000000001116d4       0x2c binaries/kill.o
                                         0x58 (size before relaxing)
 .eh_frame      0x0000000000111700       0x6c binaries/kprintf.o
                                         0xac (size before relaxing)
 .eh_frame      0x000000000011176c       0x60 binaries/main.o
                                         0x8c (size before relaxing)
 .eh_frame      0x00000000001117cc       0x48 binaries/mark.o
                                         0x74 (size before relaxing)
 .eh_frame      0x0000000000111814       0x24 binaries/mkbufpool.o
                                         0x50 (size before relaxing)
 .eh_frame      0x0000000000111838       0x24 binaries/newqueue.o
                                         0x50 (size before relaxing)
 .eh_frame      0x000000000011185c       0x24 binaries/open.o
                                         0x50 (size before relaxing)
 .eh_frame      0x0000000000111880       0x1c binaries/panic.o
                                         0x48 (size before relaxing)
 .eh_frame      0x000000000011189c       0x40 binaries/platinit.o
                                         0x6c (size before relaxing)
 .eh_frame      0x00000000001118dc       0x24 binaries/ptclear.o
                                         0x50 (size before relaxing)
 .eh_frame      0x0000000000111900       0x24 binaries/ptcount.o
                                         0x50 (size before relaxing)
 .eh_frame      0x0000000000111924       0x24 binaries/ptcreate.o
                                         0x50 (size before relaxing)
 .eh_frame      0x0000000000111948       0x24 binaries/ptdelete.o
                                         0x50 (size before relaxing)
 .eh_frame      0x000000000011196c       0x24 binaries/ptinit.o
                                         0x50 (size before relaxing)
 .eh_frame      0x0000000000111990       0x24 binaries/ptrecv.o
                                         0x50 (size before relaxing)
 .eh_frame      0x00000000001119b4       0x24 binaries/ptreset.o
                                         0x50 (size before relaxing)
 .eh_frame      0x00000000001119d8       0x24 binaries/ptsend.o
                                         0x50 (size before relaxing)
 .eh_frame      0x00000000001119fc       0x24 binaries/putc.o
                                         0x50 (size before relaxing)
 .eh_frame      0x0000000000111a20       0x48 binaries/queue.o
                                         0x88 (size before relaxing)
 .eh_frame      0x0000000000111a68       0x24 binaries/read.o
                                         0x50 (size before relaxing)
 .eh_frame      0x0000000000111a8c       0x28 binaries/ready.o
                                         0x54 (size before relaxing)
 .eh_frame      0x0000000000111ab4       0x24 binaries/receive.o
                                         0x50 (size before relaxing)
 .eh_frame      0x0000000000111ad8       0x24 binaries/recvclr.o
                                         0x50 (size before relaxing)
 .eh_frame      0x0000000000111afc       0x24 binaries/recvtime.o
                                         0x50 (size before relaxing)
 .eh_frame      0x0000000000111b20       0x48 binaries/resched.o
                                         0x88 (size before relaxing)
 .eh_frame      0x0000000000111b68       0x24 binaries/resume.o
                                         0x50 (size before relaxing)
 .eh_frame      0x0000000000111b8c       0x24 binaries/seek.o
                                         0x50 (size before relaxing)
 .eh_frame      0x0000000000111bb0       0x24 binaries/semcount.o
                                         0x50 (size before relaxing)
 .eh_frame      0x0000000000111bd4       0x48 binaries/semcreate.o
                                         0x88 (size before relaxing)
 .eh_frame      0x0000000000111c1c       0x24 binaries/semdelete.o
                                         0x50 (size before relaxing)
 .eh_frame      0x0000000000111c40       0x24 binaries/semreset.o
                                         0x50 (size before relaxing)
 .eh_frame      0x0000000000111c64       0x24 binaries/send.o
                                         0x50 (size before relaxing)
 .eh_frame      0x0000000000111c88       0x24 binaries/signal.o
                                         0x50 (size before relaxing)
 .eh_frame      0x0000000000111cac       0x24 binaries/signaln.o
                                         0x50 (size before relaxing)
 .eh_frame      0x0000000000111cd0       0x44 binaries/sleep.o
                                         0x84 (size before relaxing)
 .eh_frame      0x0000000000111d14       0x24 binaries/stacktrace.o
                                         0x50 (size before relaxing)
 .eh_frame      0x0000000000111d38       0x24 binaries/suspend.o
                                         0x50 (size before relaxing)
 .eh_frame      0x0000000000111d5c       0x24 binaries/unsleep.o
                                         0x50 (size before relaxing)
 .eh_frame      0x0000000000111d80       0x24 binaries/userret.o
                                         0x50 (size before relaxing)
 .eh_frame      0x0000000000111da4       0x54 binaries/vminit.o
                                         0x94 (size before relaxing)
 .eh_frame      0x0000000000111df8       0x24 binaries/wait.o
                                         0x50 (size before relaxing)
 .eh_frame      0x0000000000111e1c       0x24 binaries/wakeup.o
                                         0x50 (size before relaxing)
 .eh_frame      0x0000000000111e40       0x24 binaries/write.o
                                         0x50 (size before relaxing)
 .eh_frame      0x0000000000111e64       0x24 binaries/xdone.o
                                         0x50 (size before relaxing)
 .eh_frame      0x0000000000111e88       0x24 binaries/yield.o
                                         0x50 (size before relaxing)
 .eh_frame      0x0000000000111eac       0x20 binaries/abs.o
                                         0x4c (size before relaxing)
 .eh_frame      0x0000000000111ecc       0x20 binaries/atoi.o
                                         0x4c (size before relaxing)
 .eh_frame      0x0000000000111eec       0x20 binaries/atol.o
                                         0x4c (size before relaxing)
 .eh_frame      0x0000000000111f0c       0x20 binaries/bzero.o
                                         0x4c (size before relaxing)
 .eh_frame      0x0000000000111f2c       0xec binaries/doprnt.o
                                        0x140 (size before relaxing)
 .eh_frame      0x0000000000112018       0xc8 binaries/doscan.o
                                         0xf4 (size before relaxing)
 .eh_frame      0x00000000001120e0       0xcc binaries/fdoprnt.o
                                        0x10c (size before relaxing)
 .eh_frame      0x00000000001121ac       0x24 binaries/fgetc.o
                                         0x50 (size before relaxing)
 .eh_frame      0x00000000001121d0       0x24 binaries/fgets.o
                                         0x50 (size before relaxing)
 .eh_frame      0x00000000001121f4       0x24 binaries/fprintf.o
                                         0x50 (size before relaxing)
 .eh_frame      0x0000000000112218       0x24 binaries/fputc.o
                                         0x50 (size before relaxing)
 .eh_frame      0x000000000011223c       0x24 binaries/fputs.o
                                         0x50 (size before relaxing)
 .eh_frame      0x0000000000112260       0x68 binaries/fscanf.o
                                         0x94 (size before relaxing)
 .eh_frame      0x00000000001122c8       0x24 binaries/getchar.o
                                         0x50 (size before relaxing)
 .eh_frame      0x00000000001122ec       0x20 binaries/labs.o
                                         0x4c (size before relaxing)
 .eh_frame      0x000000000011230c       0x20 binaries/memcmp.o
                                         0x4c (size before relaxing)
 .eh_frame      0x000000000011232c       0x28 binaries/memcpy.o
                                         0x54 (size before relaxing)
 .eh_frame      0x0000000000112354       0x24 binaries/memset.o
                                         0x50 (size before relaxing)
 .eh_frame      0x0000000000112378       0x24 binaries/printf.o
                                         0x50 (size before relaxing)
 .eh_frame      0x000000000011239c       0x24 binaries/putchar.o
                                         0x50 (size before relaxing)
 .eh_frame      0x00000000001123c0       0xa4 binaries/qsort.o
                                         0xd0 (size before relaxing)
 .eh_frame      0x0000000000112464       0x60 binaries/rand.o
                                         0x8c (size before relaxing)
 .eh_frame      0x00000000001124c4       0x44 binaries/sprintf.o
                                         0x70 (size before relaxing)
 .eh_frame      0x0000000000112508       0x64 binaries/sscanf.o
                                         0x90 (size before relaxing)
 .eh_frame      0x000000000011256c       0x20 binaries/strchr.o
                                         0x4c (size before relaxing)
 .eh_frame      0x000000000011258c       0x20 binaries/strcmp.o
                                         0x4c (size before relaxing)
 .eh_frame      0x00000000001125ac       0x20 binaries/strcpy.o
                                         0x4c (size before relaxing)
 .eh_frame      0x00000000001125cc       0x20 binaries/strlen.o
                                         0x4c (size before relaxing)
 .eh_frame      0x00000000001125ec       0x20 binaries/strncat.o
                                         0x4c (size before relaxing)
 .eh_frame      0x000000000011260c       0x20 binaries/strncmp.o
                                         0x4c (size before relaxing)
 .eh_frame      0x000000000011262c       0x28 binaries/strncpy.o
                                         0x54 (size before relaxing)
 .eh_frame      0x0000000000112654       0x20 binaries/strnlen.o
                                         0x4c (size before relaxing)
 .eh_frame      0x0000000000112674       0x20 binaries/strrchr.o
                                         0x4c (size before relaxing)
 .eh_frame      0x0000000000112694       0x20 binaries/strstr.o
                                         0x4c (size before relaxing)
 .eh_frame      0x00000000001126b4       0x24 binaries/ttycontrol.o
                                         0x50 (size before relaxing)
 .eh_frame      0x00000000001126d8       0x24 binaries/ttygetc.o
                                         0x50 (size before relaxing)
 .eh_frame      0x00000000001126fc       0x88 binaries/ttyhandle_in.o
                                         0xdc (size before relaxing)
 .eh_frame      0x0000000000112784       0x24 binaries/ttyhandle_out.o
                                         0x50 (size before relaxing)
 .eh_frame      0x00000000001127a8       0x24 binaries/ttyhandler.o
                                         0x50 (size before relaxing)
 .eh_frame      0x00000000001127cc       0x24 binaries/ttyinit.o
                                         0x50 (size before relaxing)
 .eh_frame      0x00000000001127f0       0x24 binaries/ttykickout.o
                                         0x50 (size before relaxing)
 .eh_frame      0x0000000000112814       0x24 binaries/ttyputc.o
                                         0x50 (size before relaxing)
 .eh_frame      0x0000000000112838       0x24 binaries/ttyread.o
                                         0x50 (size before relaxing)
 .eh_frame      0x000000000011285c       0x24 binaries/ttywrite.o
                                         0x50 (size before relaxing)
 .eh_frame      0x0000000000112880       0x44 binaries/mount.o
                                         0x84 (size before relaxing)
 .eh_frame      0x00000000001128c4       0x24 binaries/naminit.o
                                         0x50 (size before relaxing)
 .eh_frame      0x00000000001128e8       0x68 binaries/nammap.o
                                         0xa8 (size before relaxing)
 .eh_frame      0x0000000000112950       0x24 binaries/namopen.o
                                         0x50 (size before relaxing)
 .eh_frame      0x0000000000112974       0x20 binaries/ramclose.o
                                         0x4c (size before relaxing)
 .eh_frame      0x0000000000112994       0x24 binaries/raminit.o
                                         0x50 (size before relaxing)
 .eh_frame      0x00000000001129b8       0x20 binaries/ramopen.o
                                         0x4c (size before relaxing)
 .eh_frame      0x00000000001129d8       0x24 binaries/ramread.o
                                         0x50 (size before relaxing)
 .eh_frame      0x00000000001129fc       0x24 binaries/ramwrite.o
                                         0x50 (size before relaxing)
 .eh_frame      0x0000000000112a20       0x24 binaries/lfdballoc.o
                                         0x50 (size before relaxing)
 .eh_frame      0x0000000000112a44       0x24 binaries/lfdbfree.o
                                         0x50 (size before relaxing)
 .eh_frame      0x0000000000112a68       0x24 binaries/lfflush.o
                                         0x50 (size before relaxing)
 .eh_frame      0x0000000000112a8c       0x20 binaries/lfgetmode.o
                                         0x4c (size before relaxing)
 .eh_frame      0x0000000000112aac       0x24 binaries/lfiballoc.o
                                         0x50 (size before relaxing)
 .eh_frame      0x0000000000112ad0       0x20 binaries/lfibclear.o
                                         0x4c (size before relaxing)
 .eh_frame      0x0000000000112af0       0x24 binaries/lfibget.o
                                         0x50 (size before relaxing)
 .eh_frame      0x0000000000112b14       0x24 binaries/lfibput.o
                                         0x50 (size before relaxing)
 .eh_frame      0x0000000000112b38       0x24 binaries/lflclose.o
                                         0x50 (size before relaxing)
 .eh_frame      0x0000000000112b5c       0x24 binaries/lflcontrol.o
                                         0x50 (size before relaxing)
 .eh_frame      0x0000000000112b80       0x24 binaries/lflgetc.o
                                         0x50 (size before relaxing)
 .eh_frame      0x0000000000112ba4       0x24 binaries/lflinit.o
                                         0x50 (size before relaxing)
 .eh_frame      0x0000000000112bc8       0x24 binaries/lflputc.o
                                         0x50 (size before relaxing)
 .eh_frame      0x0000000000112bec       0x24 binaries/lflread.o
                                         0x50 (size before relaxing)
 .eh_frame      0x0000000000112c10       0x24 binaries/lflseek.o
                                         0x50 (size before relaxing)
 .eh_frame      0x0000000000112c34       0x24 binaries/lflwrite.o
                                         0x50 (size before relaxing)
 .eh_frame      0x0000000000112c58       0x20 binaries/lfscheck.o
                                         0x4c (size before relaxing)
 .eh_frame      0x0000000000112c78       0x24 binaries/lfsckfmt.o
                                         0x50 (size before relaxing)
 .eh_frame      0x0000000000112c9c       0x24 binaries/lfscreate.o
                                         0x50 (size before relaxing)
 .eh_frame      0x0000000000112cc0       0x24 binaries/lfsetup.o
                                         0x50 (size before relaxing)
 .eh_frame      0x0000000000112ce4       0x24 binaries/lfsinit.o
                                         0x50 (size before relaxing)
 .eh_frame      0x0000000000112d08       0x24 binaries/lfsopen.o
                                         0x50 (size before relaxing)
 .eh_frame      0x0000000000112d2c       0x24 binaries/lftruncate.o
                                         0x50 (size before relaxing)
 .eh_frame      0x0000000000112d50       0x48 binaries/addargs.o
                                         0x88 (size before relaxing)
 .eh_frame      0x0000000000112d98       0x20 binaries/lexan.o
                                         0x4c (size before relaxing)
 .eh_frame      0x0000000000112db8       0x2c binaries/shell.o
                                         0x58 (size before relaxing)
 .eh_frame      0x0000000000112de4       0x24 binaries/xsh_argecho.o
                                         0x50 (size before relaxing)
 .eh_frame      0x0000000000112e08       0x2c binaries/xsh_cat.o
                                         0x58 (size before relaxing)
 .eh_frame      0x0000000000112e34       0x28 binaries/xsh_clear.o
                                         0x54 (size before relaxing)
 .eh_frame      0x0000000000112e5c       0x2c binaries/xsh_date.o
                                         0x58 (size before relaxing)
 .eh_frame      0x0000000000112e88       0x24 binaries/xsh_devdump.o
                                         0x50 (size before relaxing)
 .eh_frame      0x0000000000112eac       0x24 binaries/xsh_echo.o
                                         0x50 (size before relaxing)
 .eh_frame      0x0000000000112ed0       0x20 binaries/xsh_exit.o
                                         0x4c (size before relaxing)
 .eh_frame      0x0000000000112ef0       0x2c binaries/xsh_help.o
                                         0x58 (size before relaxing)
 .eh_frame      0x0000000000112f1c       0x2c binaries/xsh_kill.o
                                         0x58 (size before relaxing)
 .eh_frame      0x0000000000112f48       0xe8 binaries/xsh_lab2.o
                                        0x114 (size before relaxing)
 .eh_frame      0x0000000000113030       0xb4 binaries/xsh_lab3.o
                                         0xf4 (size before relaxing)
 .eh_frame      0x00000000001130e4       0x24 binaries/xsh_lab4.o
                                         0x50 (size before relaxing)
 .eh_frame      0x0000000000113108       0x4c binaries/xsh_memdump.o
                                         0x8c (size before relaxing)
 .eh_frame      0x0000000000113154       0x74 binaries/xsh_memstat.o
                                         0xa0 (size before relaxing)
 .eh_frame      0x00000000001131c8       0x30 binaries/xsh_ps.o
                                         0x5c (size before relaxing)
 .eh_frame      0x00000000001131f8       0x2c binaries/xsh_sleep.o
                                         0x58 (size before relaxing)
 .eh_frame      0x0000000000113224       0x2c binaries/xsh_uptime.o
                                         0x58 (size before relaxing)

.iplt           0x0000000000113250        0x0
 .iplt          0x0000000000113250        0x0 binaries/start.o

.rel.dyn        0x0000000000113250        0x0
 .rel.got       0x0000000000113250        0x0 binaries/start.o
 .rel.iplt      0x0000000000113250        0x0 binaries/start.o
 .rel.text      0x0000000000113250        0x0 binaries/start.o

.data           0x0000000000113260     0x1da0
                0x0000000000113260                data = ABSOLUTE (.)
 *(.data .data.*)
 .data          0x0000000000113260      0x85e binaries/start.o
                0x0000000000113260                gdt
                0x00000000001132b0                idt
                0x0000000000113ab6                kpgdir
                0x0000000000113aba                cpudelay
 .data          0x0000000000113abe        0x0 binaries/Lab4_alloc_free.o
 .data          0x0000000000113abe        0x0 binaries/Lab4_do_stk_expend.o
 .data          0x0000000000113abe        0x0 binaries/Lab4_fillpgentry.o
 .data          0x0000000000113abe        0x0 binaries/Lab4_getheap.o
 .data          0x0000000000113abe        0x0 binaries/Lab4_invlpg.o
 .data          0x0000000000113abe        0x0 binaries/Lab4_log2ph.o
 .data          0x0000000000113abe        0x0 binaries/ascdate.o
 *fill*         0x0000000000113abe        0x2 
 .data.rel.local
                0x0000000000113ac0       0x88 binaries/ascdate.o
                0x0000000000113ac0                Date
 .data          0x0000000000113b48        0x0 binaries/bufinit.o
 .data          0x0000000000113b48        0x0 binaries/chprio.o
 .data          0x0000000000113b48        0x0 binaries/clkhandler.o
 .data          0x0000000000113b48        0x0 binaries/clkinit.o
 .data          0x0000000000113b48        0x0 binaries/close.o
 .data          0x0000000000113b48        0x0 binaries/conf.o
 *fill*         0x0000000000113b48       0x18 
 .data.rel      0x0000000000113b60      0x294 binaries/conf.o
                0x0000000000113b60                devtab
 .data          0x0000000000113df4        0x0 binaries/control.o
 .data          0x0000000000113df4        0x4 binaries/create.o
 .data          0x0000000000113df8        0x0 binaries/evec.o
 *fill*         0x0000000000113df8        0x8 
 .data.rel.local
                0x0000000000113e00       0x40 binaries/evec.o
                0x0000000000113e00                inames
 .data          0x0000000000113e40        0x0 binaries/exit.o
 .data          0x0000000000113e40        0x0 binaries/freebuf.o
 .data          0x0000000000113e40        0x0 binaries/freemem.o
 .data          0x0000000000113e40        0x0 binaries/getbuf.o
 .data          0x0000000000113e40        0x0 binaries/getc.o
 .data          0x0000000000113e40        0x0 binaries/getdev.o
 .data          0x0000000000113e40        0x0 binaries/getitem.o
 .data          0x0000000000113e40        0x0 binaries/getmem.o
 .data          0x0000000000113e40        0x0 binaries/getpid.o
 .data          0x0000000000113e40        0x0 binaries/getprio.o
 .data          0x0000000000113e40        0x0 binaries/getstk.o
 .data          0x0000000000113e40        0x0 binaries/getticks.o
 .data          0x0000000000113e40        0x0 binaries/gettime.o
 .data          0x0000000000113e40        0x0 binaries/getutime.o
 .data          0x0000000000113e40        0x0 binaries/init.o
 .data          0x0000000000113e40        0x0 binaries/initialize.o
 .data          0x0000000000113e40        0x0 binaries/insert.o
 .data          0x0000000000113e40        0x0 binaries/insertd.o
 .data          0x0000000000113e40        0x0 binaries/ioerr.o
 .data          0x0000000000113e40        0x0 binaries/ionull.o
 .data          0x0000000000113e40        0x0 binaries/kill.o
 .data          0x0000000000113e40        0x0 binaries/kprintf.o
 .data          0x0000000000113e40        0x0 binaries/main.o
 .data          0x0000000000113e40        0x0 binaries/mark.o
 .data          0x0000000000113e40        0x0 binaries/mkbufpool.o
 .data          0x0000000000113e40        0x2 binaries/newqueue.o
 .data          0x0000000000113e42        0x0 binaries/open.o
 .data          0x0000000000113e42        0x0 binaries/panic.o
 .data          0x0000000000113e42        0x0 binaries/platinit.o
 .data          0x0000000000113e42        0x0 binaries/ptclear.o
 .data          0x0000000000113e42        0x0 binaries/ptcount.o
 .data          0x0000000000113e42        0x0 binaries/ptcreate.o
 .data          0x0000000000113e42        0x0 binaries/ptdelete.o
 .data          0x0000000000113e42        0x0 binaries/ptinit.o
 .data          0x0000000000113e42        0x0 binaries/ptrecv.o
 .data          0x0000000000113e42        0x0 binaries/ptreset.o
 .data          0x0000000000113e42        0x0 binaries/ptsend.o
 .data          0x0000000000113e42        0x0 binaries/putc.o
 .data          0x0000000000113e42        0x0 binaries/queue.o
 .data          0x0000000000113e42        0x0 binaries/read.o
 .data          0x0000000000113e42        0x0 binaries/ready.o
 .data          0x0000000000113e42        0x0 binaries/receive.o
 .data          0x0000000000113e42        0x0 binaries/recvclr.o
 .data          0x0000000000113e42        0x0 binaries/recvtime.o
 .data          0x0000000000113e42        0x0 binaries/resched.o
 .data          0x0000000000113e42        0x0 binaries/resume.o
 .data          0x0000000000113e42        0x0 binaries/seek.o
 .data          0x0000000000113e42        0x0 binaries/semcount.o
 .data          0x0000000000113e42        0x0 binaries/semcreate.o
 .data          0x0000000000113e42        0x0 binaries/semdelete.o
 .data          0x0000000000113e42        0x0 binaries/semreset.o
 .data          0x0000000000113e42        0x0 binaries/send.o
 .data          0x0000000000113e42        0x0 binaries/signal.o
 .data          0x0000000000113e42        0x0 binaries/signaln.o
 .data          0x0000000000113e42        0x0 binaries/sleep.o
 .data          0x0000000000113e42        0x0 binaries/stacktrace.o
 .data          0x0000000000113e42        0x0 binaries/suspend.o
 .data          0x0000000000113e42        0x0 binaries/unsleep.o
 .data          0x0000000000113e42        0x0 binaries/userret.o
 *fill*         0x0000000000113e42       0x1e 
 .data          0x0000000000113e60       0x64 binaries/vminit.o
                0x0000000000113e60                bootsign
                0x0000000000113e64                bootinfo
                0x0000000000113e80                gdt_copy
                0x0000000000113ec0                pgdir
 .data          0x0000000000113ec4        0x0 binaries/wait.o
 .data          0x0000000000113ec4        0x0 binaries/wakeup.o
 .data          0x0000000000113ec4        0x0 binaries/write.o
 .data          0x0000000000113ec4        0x0 binaries/xdone.o
 .data          0x0000000000113ec4        0x0 binaries/yield.o
 .data          0x0000000000113ec4        0x0 binaries/abs.o
 .data          0x0000000000113ec4        0x0 binaries/atoi.o
 .data          0x0000000000113ec4        0x0 binaries/atol.o
 .data          0x0000000000113ec4        0x0 binaries/bzero.o
 .data          0x0000000000113ec4        0x0 binaries/ctype_.o
 .data          0x0000000000113ec4        0x0 binaries/doprnt.o
 *fill*         0x0000000000113ec4       0x1c 
 .data          0x0000000000113ee0       0x80 binaries/doscan.o
                0x0000000000113ee0                _sctab
 .data          0x0000000000113f60        0x0 binaries/fdoprnt.o
 .data          0x0000000000113f60        0x0 binaries/fgetc.o
 .data          0x0000000000113f60        0x0 binaries/fgets.o
 .data          0x0000000000113f60        0x0 binaries/fprintf.o
 .data          0x0000000000113f60        0x0 binaries/fputc.o
 .data          0x0000000000113f60        0x0 binaries/fputs.o
 .data          0x0000000000113f60        0x0 binaries/fscanf.o
 .data          0x0000000000113f60        0x0 binaries/getchar.o
 .data          0x0000000000113f60        0x0 binaries/labs.o
 .data          0x0000000000113f60        0x0 binaries/memchr.o
 .data          0x0000000000113f60        0x0 binaries/memcmp.o
 .data          0x0000000000113f60        0x0 binaries/memcpy.o
 .data          0x0000000000113f60        0x0 binaries/memset.o
 .data          0x0000000000113f60        0x0 binaries/printf.o
 .data          0x0000000000113f60        0x0 binaries/putchar.o
 .data          0x0000000000113f60        0x0 binaries/qsort.o
 .data          0x0000000000113f60        0x4 binaries/rand.o
 .data          0x0000000000113f64        0x0 binaries/sprintf.o
 .data          0x0000000000113f64        0x0 binaries/sscanf.o
 .data          0x0000000000113f64        0x0 binaries/strchr.o
 .data          0x0000000000113f64        0x0 binaries/strcmp.o
 .data          0x0000000000113f64        0x0 binaries/strcpy.o
 .data          0x0000000000113f64        0x0 binaries/strlen.o
 .data          0x0000000000113f64        0x0 binaries/strncat.o
 .data          0x0000000000113f64        0x0 binaries/strncmp.o
 .data          0x0000000000113f64        0x0 binaries/strncpy.o
 .data          0x0000000000113f64        0x0 binaries/strnlen.o
 .data          0x0000000000113f64        0x0 binaries/strrchr.o
 .data          0x0000000000113f64        0x0 binaries/strstr.o
 .data          0x0000000000113f64        0x0 binaries/ttycontrol.o
 .data          0x0000000000113f64        0x0 binaries/ttygetc.o
 .data          0x0000000000113f64        0x0 binaries/ttyhandle_in.o
 .data          0x0000000000113f64        0x0 binaries/ttyhandle_out.o
 .data          0x0000000000113f64        0x0 binaries/ttyhandler.o
 .data          0x0000000000113f64        0x0 binaries/ttyinit.o
 .data          0x0000000000113f64        0x0 binaries/ttykickout.o
 .data          0x0000000000113f64        0x0 binaries/ttyputc.o
 .data          0x0000000000113f64        0x0 binaries/ttyread.o
 .data          0x0000000000113f64        0x0 binaries/ttywrite.o
 .data          0x0000000000113f64        0x0 binaries/mount.o
 .data          0x0000000000113f64        0x0 binaries/naminit.o
 .data          0x0000000000113f64        0x0 binaries/nammap.o
 .data          0x0000000000113f64        0x0 binaries/namopen.o
 .data          0x0000000000113f64        0x0 binaries/ramclose.o
 .data          0x0000000000113f64        0x0 binaries/raminit.o
 .data          0x0000000000113f64        0x0 binaries/ramopen.o
 .data          0x0000000000113f64        0x0 binaries/ramread.o
 .data          0x0000000000113f64        0x0 binaries/ramwrite.o
 .data          0x0000000000113f64        0x0 binaries/lfdballoc.o
 .data          0x0000000000113f64        0x0 binaries/lfdbfree.o
 .data          0x0000000000113f64        0x0 binaries/lfflush.o
 .data          0x0000000000113f64        0x0 binaries/lfgetmode.o
 .data          0x0000000000113f64        0x0 binaries/lfiballoc.o
 .data          0x0000000000113f64        0x0 binaries/lfibclear.o
 .data          0x0000000000113f64        0x0 binaries/lfibget.o
 .data          0x0000000000113f64        0x0 binaries/lfibput.o
 .data          0x0000000000113f64        0x0 binaries/lflclose.o
 .data          0x0000000000113f64        0x0 binaries/lflcontrol.o
 .data          0x0000000000113f64        0x0 binaries/lflgetc.o
 .data          0x0000000000113f64        0x0 binaries/lflinit.o
 .data          0x0000000000113f64        0x0 binaries/lflputc.o
 .data          0x0000000000113f64        0x0 binaries/lflread.o
 .data          0x0000000000113f64        0x0 binaries/lflseek.o
 .data          0x0000000000113f64        0x0 binaries/lflwrite.o
 .data          0x0000000000113f64        0x0 binaries/lfscheck.o
 .data          0x0000000000113f64        0x0 binaries/lfsckfmt.o
 .data          0x0000000000113f64        0x0 binaries/lfscreate.o
 .data          0x0000000000113f64        0x0 binaries/lfsetup.o
 .data          0x0000000000113f64        0x0 binaries/lfsinit.o
 .data          0x0000000000113f64        0x0 binaries/lfsopen.o
 .data          0x0000000000113f64        0x0 binaries/lftruncate.o
 .data          0x0000000000113f64        0x0 binaries/addargs.o
 .data          0x0000000000113f64        0x0 binaries/lexan.o
 .data          0x0000000000113f64        0x4 binaries/shell.o
                0x0000000000113f64                ncmd
 *fill*         0x0000000000113f68       0x18 
 .data.rel.ro   0x0000000000113f80       0xd8 binaries/shell.o
                0x0000000000113f80                cmdtab
 .data          0x0000000000114058        0x0 binaries/xsh_argecho.o
 .data          0x0000000000114058        0x0 binaries/xsh_cat.o
 .data          0x0000000000114058        0x0 binaries/xsh_clear.o
 .data          0x0000000000114058        0x0 binaries/xsh_date.o
 .data          0x0000000000114058        0x0 binaries/xsh_devdump.o
 .data          0x0000000000114058        0x0 binaries/xsh_echo.o
 .data          0x0000000000114058        0x0 binaries/xsh_exit.o
 .data          0x0000000000114058        0x0 binaries/xsh_help.o
 .data          0x0000000000114058        0x0 binaries/xsh_kill.o
 .data          0x0000000000114058        0x0 binaries/xsh_lab2.o
 .data          0x0000000000114058        0x0 binaries/xsh_lab3.o
 .data          0x0000000000114058        0x0 binaries/xsh_lab4.o
 .data          0x0000000000114058        0x0 binaries/xsh_memdump.o
 .data          0x0000000000114058        0x0 binaries/xsh_memstat.o
 *fill*         0x0000000000114058        0x8 
 .data          0x0000000000114060       0x20 binaries/xsh_ps.o
 .data          0x0000000000114080        0x0 binaries/xsh_sleep.o
 .data          0x0000000000114080        0x0 binaries/xsh_uptime.o
 .data          0x0000000000114080        0x0 binaries/Lab3_create.o
 .data          0x0000000000114080        0x0 binaries/Lab3_fprintf.o
 .data          0x0000000000114080        0x0 binaries/Lab3_ltss.o
 .data          0x0000000000114080        0x0 binaries/Lab3_printf.o
 .data          0x0000000000114080        0x0 binaries/Lab3_read.o
 .data          0x0000000000114080        0x0 binaries/Lab3_receive.o
 .data          0x0000000000114080        0x0 binaries/Lab3_recvclr.o
 .data          0x0000000000114080        0x0 binaries/Lab3_resume.o
 .data          0x0000000000114080        0x0 binaries/Lab3_ret_k2u.o
 .data          0x0000000000114080        0x0 binaries/Lab3_ret_u2k.o
 .data          0x0000000000114080        0x0 binaries/Lab3_sleep.o
 .data          0x0000000000114080        0x0 binaries/Lab3_sleepms.o
 .data          0x0000000000114080        0x0 binaries/Lab4_addargs.o
 .data          0x0000000000114080        0x0 binaries/Lab4_malloc_free.o
 .data          0x0000000000114080        0x0 binaries/clkdisp.o
 .data          0x0000000000114080        0x0 binaries/ctxsw.o
 .data          0x0000000000114080        0x0 binaries/intr.o
                0x0000000000114080                _saveint
 .data          0x0000000000114080        0x0 binaries/ttydispatch.o
                0x0000000000114080                edata = ABSOLUTE (.)
                0x0000000000115000                . = ALIGN (0x1000)
 *fill*         0x0000000000114080      0xf80 

.got            0x0000000000115000        0x0
 .got           0x0000000000115000        0x0 binaries/start.o

.got.plt        0x0000000000115000        0xc
 .got.plt       0x0000000000115000        0xc binaries/start.o
                0x0000000000115000                _GLOBAL_OFFSET_TABLE_

.igot.plt       0x000000000011500c        0x0
 .igot.plt      0x000000000011500c        0x0 binaries/start.o

.bss            0x0000000000115020    0x1efe0
                0x0000000000115020                bss = ABSOLUTE (.)
 *(.bss .bss.*)
 .bss           0x0000000000115020        0x0 binaries/start.o
 .bss           0x0000000000115020        0x0 binaries/Lab4_alloc_free.o
 .bss           0x0000000000115020        0x0 binaries/Lab4_do_stk_expend.o
 .bss           0x0000000000115020        0x0 binaries/Lab4_fillpgentry.o
 .bss           0x0000000000115020        0x0 binaries/Lab4_getheap.o
 .bss           0x0000000000115020        0x0 binaries/Lab4_invlpg.o
 .bss           0x0000000000115020        0x0 binaries/Lab4_log2ph.o
 .bss           0x0000000000115020        0x0 binaries/ascdate.o
 .bss           0x0000000000115020        0x0 binaries/bufinit.o
 .bss           0x0000000000115020        0x0 binaries/chprio.o
 .bss           0x0000000000115020        0x0 binaries/clkhandler.o
 .bss           0x0000000000115020        0x0 binaries/clkinit.o
 .bss           0x0000000000115020        0x0 binaries/close.o
 .bss           0x0000000000115020        0x0 binaries/conf.o
 .bss           0x0000000000115020        0x0 binaries/control.o
 .bss           0x0000000000115020        0x0 binaries/create.o
 .bss           0x0000000000115020        0x0 binaries/evec.o
 .bss           0x0000000000115020        0x0 binaries/exit.o
 .bss           0x0000000000115020        0x0 binaries/freebuf.o
 .bss           0x0000000000115020        0x0 binaries/freemem.o
 .bss           0x0000000000115020        0x0 binaries/getbuf.o
 .bss           0x0000000000115020        0x0 binaries/getc.o
 .bss           0x0000000000115020        0x0 binaries/getdev.o
 .bss           0x0000000000115020        0x0 binaries/getitem.o
 .bss           0x0000000000115020        0x0 binaries/getmem.o
 .bss           0x0000000000115020        0x0 binaries/getpid.o
 .bss           0x0000000000115020        0x0 binaries/getprio.o
 .bss           0x0000000000115020        0x0 binaries/getstk.o
 .bss           0x0000000000115020        0x0 binaries/getticks.o
 .bss           0x0000000000115020        0x0 binaries/gettime.o
 .bss           0x0000000000115020        0x0 binaries/getutime.o
 .bss           0x0000000000115020        0x0 binaries/init.o
 .bss           0x0000000000115020        0x0 binaries/initialize.o
 .bss           0x0000000000115020        0x0 binaries/insert.o
 .bss           0x0000000000115020        0x0 binaries/insertd.o
 .bss           0x0000000000115020        0x0 binaries/ioerr.o
 .bss           0x0000000000115020        0x0 binaries/ionull.o
 .bss           0x0000000000115020        0x0 binaries/kill.o
 .bss           0x0000000000115020        0x0 binaries/kprintf.o
 .bss           0x0000000000115020        0x0 binaries/main.o
 .bss           0x0000000000115020        0x0 binaries/mark.o
 .bss           0x0000000000115020        0x0 binaries/mkbufpool.o
 .bss           0x0000000000115020        0x0 binaries/newqueue.o
 .bss           0x0000000000115020        0x0 binaries/open.o
 .bss           0x0000000000115020        0x0 binaries/panic.o
 .bss           0x0000000000115020        0x0 binaries/platinit.o
 .bss           0x0000000000115020        0x0 binaries/ptclear.o
 .bss           0x0000000000115020        0x0 binaries/ptcount.o
 .bss           0x0000000000115020        0x0 binaries/ptcreate.o
 .bss           0x0000000000115020        0x0 binaries/ptdelete.o
 .bss           0x0000000000115020        0x0 binaries/ptinit.o
 .bss           0x0000000000115020        0x0 binaries/ptrecv.o
 .bss           0x0000000000115020        0x0 binaries/ptreset.o
 .bss           0x0000000000115020        0x0 binaries/ptsend.o
 .bss           0x0000000000115020        0x0 binaries/putc.o
 .bss           0x0000000000115020        0x0 binaries/queue.o
 .bss           0x0000000000115020        0x0 binaries/read.o
 .bss           0x0000000000115020        0x0 binaries/ready.o
 .bss           0x0000000000115020        0x0 binaries/receive.o
 .bss           0x0000000000115020        0x0 binaries/recvclr.o
 .bss           0x0000000000115020        0x0 binaries/recvtime.o
 .bss           0x0000000000115020        0x0 binaries/resched.o
 .bss           0x0000000000115020        0x0 binaries/resume.o
 .bss           0x0000000000115020        0x0 binaries/seek.o
 .bss           0x0000000000115020        0x0 binaries/semcount.o
 .bss           0x0000000000115020        0x4 binaries/semcreate.o
 .bss           0x0000000000115024        0x0 binaries/semdelete.o
 .bss           0x0000000000115024        0x0 binaries/semreset.o
 .bss           0x0000000000115024        0x0 binaries/send.o
 .bss           0x0000000000115024        0x0 binaries/signal.o
 .bss           0x0000000000115024        0x0 binaries/signaln.o
 .bss           0x0000000000115024        0x0 binaries/sleep.o
 .bss           0x0000000000115024        0x0 binaries/stacktrace.o
 .bss           0x0000000000115024        0x0 binaries/suspend.o
 .bss           0x0000000000115024        0x0 binaries/unsleep.o
 .bss           0x0000000000115024        0x0 binaries/userret.o
 .bss           0x0000000000115024        0x0 binaries/vminit.o
 .bss           0x0000000000115024        0x0 binaries/wait.o
 .bss           0x0000000000115024        0x0 binaries/wakeup.o
 .bss           0x0000000000115024        0x0 binaries/write.o
 .bss           0x0000000000115024        0x0 binaries/xdone.o
 .bss           0x0000000000115024        0x0 binaries/yield.o
 .bss           0x0000000000115024        0x0 binaries/abs.o
 .bss           0x0000000000115024        0x0 binaries/atoi.o
 .bss           0x0000000000115024        0x0 binaries/atol.o
 .bss           0x0000000000115024        0x0 binaries/bzero.o
 .bss           0x0000000000115024        0x0 binaries/ctype_.o
 .bss           0x0000000000115024        0x0 binaries/doprnt.o
 .bss           0x0000000000115024        0x0 binaries/doscan.o
 .bss           0x0000000000115024        0x0 binaries/fdoprnt.o
 .bss           0x0000000000115024        0x0 binaries/fgetc.o
 .bss           0x0000000000115024        0x0 binaries/fgets.o
 .bss           0x0000000000115024        0x0 binaries/fprintf.o
 .bss           0x0000000000115024        0x0 binaries/fputc.o
 .bss           0x0000000000115024        0x0 binaries/fputs.o
 .bss           0x0000000000115024        0x0 binaries/fscanf.o
 .bss           0x0000000000115024        0x0 binaries/getchar.o
 .bss           0x0000000000115024        0x0 binaries/labs.o
 .bss           0x0000000000115024        0x0 binaries/memchr.o
 .bss           0x0000000000115024        0x0 binaries/memcmp.o
 .bss           0x0000000000115024        0x0 binaries/memcpy.o
 .bss           0x0000000000115024        0x0 binaries/memset.o
 .bss           0x0000000000115024        0x0 binaries/printf.o
 .bss           0x0000000000115024        0x0 binaries/putchar.o
 .bss           0x0000000000115024        0x8 binaries/qsort.o
 .bss           0x000000000011502c        0x0 binaries/rand.o
 .bss           0x000000000011502c        0x0 binaries/sprintf.o
 .bss           0x000000000011502c        0x0 binaries/sscanf.o
 .bss           0x000000000011502c        0x0 binaries/strchr.o
 .bss           0x000000000011502c        0x0 binaries/strcmp.o
 .bss           0x000000000011502c        0x0 binaries/strcpy.o
 .bss           0x000000000011502c        0x0 binaries/strlen.o
 .bss           0x000000000011502c        0x0 binaries/strncat.o
 .bss           0x000000000011502c        0x0 binaries/strncmp.o
 .bss           0x000000000011502c        0x0 binaries/strncpy.o
 .bss           0x000000000011502c        0x0 binaries/strnlen.o
 .bss           0x000000000011502c        0x0 binaries/strrchr.o
 .bss           0x000000000011502c        0x0 binaries/strstr.o
 .bss           0x000000000011502c        0x0 binaries/ttycontrol.o
 .bss           0x000000000011502c        0x0 binaries/ttygetc.o
 .bss           0x000000000011502c        0x0 binaries/ttyhandle_in.o
 .bss           0x000000000011502c        0x0 binaries/ttyhandle_out.o
 .bss           0x000000000011502c        0x0 binaries/ttyhandler.o
 .bss           0x000000000011502c        0x0 binaries/ttyinit.o
 .bss           0x000000000011502c        0x0 binaries/ttykickout.o
 .bss           0x000000000011502c        0x0 binaries/ttyputc.o
 .bss           0x000000000011502c        0x0 binaries/ttyread.o
 .bss           0x000000000011502c        0x0 binaries/ttywrite.o
 .bss           0x000000000011502c        0x0 binaries/mount.o
 .bss           0x000000000011502c        0x0 binaries/naminit.o
 .bss           0x000000000011502c        0x0 binaries/nammap.o
 .bss           0x000000000011502c        0x0 binaries/namopen.o
 .bss           0x000000000011502c        0x0 binaries/ramclose.o
 .bss           0x000000000011502c        0x0 binaries/raminit.o
 .bss           0x000000000011502c        0x0 binaries/ramopen.o
 .bss           0x000000000011502c        0x0 binaries/ramread.o
 .bss           0x000000000011502c        0x0 binaries/ramwrite.o
 .bss           0x000000000011502c        0x0 binaries/lfdballoc.o
 .bss           0x000000000011502c        0x0 binaries/lfdbfree.o
 .bss           0x000000000011502c        0x0 binaries/lfflush.o
 .bss           0x000000000011502c        0x0 binaries/lfgetmode.o
 .bss           0x000000000011502c        0x0 binaries/lfiballoc.o
 .bss           0x000000000011502c        0x0 binaries/lfibclear.o
 .bss           0x000000000011502c        0x0 binaries/lfibget.o
 .bss           0x000000000011502c        0x0 binaries/lfibput.o
 .bss           0x000000000011502c        0x0 binaries/lflclose.o
 .bss           0x000000000011502c        0x0 binaries/lflcontrol.o
 .bss           0x000000000011502c        0x0 binaries/lflgetc.o
 .bss           0x000000000011502c        0x0 binaries/lflinit.o
 .bss           0x000000000011502c        0x0 binaries/lflputc.o
 .bss           0x000000000011502c        0x0 binaries/lflread.o
 .bss           0x000000000011502c        0x0 binaries/lflseek.o
 .bss           0x000000000011502c        0x0 binaries/lflwrite.o
 .bss           0x000000000011502c        0x0 binaries/lfscheck.o
 .bss           0x000000000011502c        0x0 binaries/lfsckfmt.o
 .bss           0x000000000011502c        0x0 binaries/lfscreate.o
 .bss           0x000000000011502c        0x0 binaries/lfsetup.o
 .bss           0x000000000011502c        0x0 binaries/lfsinit.o
 .bss           0x000000000011502c        0x0 binaries/lfsopen.o
 .bss           0x000000000011502c        0x0 binaries/lftruncate.o
 .bss           0x000000000011502c        0x0 binaries/addargs.o
 .bss           0x000000000011502c        0x0 binaries/lexan.o
 .bss           0x000000000011502c        0x0 binaries/shell.o
 .bss           0x000000000011502c        0x0 binaries/xsh_argecho.o
 .bss           0x000000000011502c        0x0 binaries/xsh_cat.o
 .bss           0x000000000011502c        0x0 binaries/xsh_clear.o
 .bss           0x000000000011502c        0x0 binaries/xsh_date.o
 .bss           0x000000000011502c        0x0 binaries/xsh_devdump.o
 .bss           0x000000000011502c        0x0 binaries/xsh_echo.o
 .bss           0x000000000011502c        0x0 binaries/xsh_exit.o
 .bss           0x000000000011502c        0x0 binaries/xsh_help.o
 .bss           0x000000000011502c        0x0 binaries/xsh_kill.o
 .bss           0x000000000011502c        0x0 binaries/xsh_lab2.o
 .bss           0x000000000011502c        0x0 binaries/xsh_lab3.o
 .bss           0x000000000011502c        0x0 binaries/xsh_lab4.o
 .bss           0x000000000011502c        0x0 binaries/xsh_memdump.o
 .bss           0x000000000011502c        0x0 binaries/xsh_memstat.o
 .bss           0x000000000011502c        0x0 binaries/xsh_ps.o
 .bss           0x000000000011502c        0x0 binaries/xsh_sleep.o
 .bss           0x000000000011502c        0x0 binaries/xsh_uptime.o
 .bss           0x000000000011502c        0x0 binaries/Lab3_create.o
 .bss           0x000000000011502c        0x0 binaries/Lab3_fprintf.o
 .bss           0x000000000011502c        0x0 binaries/Lab3_ltss.o
 .bss           0x000000000011502c        0x0 binaries/Lab3_printf.o
 .bss           0x000000000011502c        0x0 binaries/Lab3_read.o
 .bss           0x000000000011502c        0x0 binaries/Lab3_receive.o
 .bss           0x000000000011502c        0x0 binaries/Lab3_recvclr.o
 .bss           0x000000000011502c        0x0 binaries/Lab3_resume.o
 .bss           0x000000000011502c        0x0 binaries/Lab3_ret_k2u.o
 .bss           0x000000000011502c        0x0 binaries/Lab3_ret_u2k.o
 .bss           0x000000000011502c        0x0 binaries/Lab3_sleep.o
 .bss           0x000000000011502c        0x0 binaries/Lab3_sleepms.o
 .bss           0x000000000011502c        0x0 binaries/Lab4_addargs.o
 .bss           0x000000000011502c        0x0 binaries/Lab4_malloc_free.o
 .bss           0x000000000011502c        0x0 binaries/clkdisp.o
 .bss           0x000000000011502c        0x0 binaries/ctxsw.o
 .bss           0x000000000011502c        0x0 binaries/intr.o
 .bss           0x000000000011502c        0x0 binaries/ttydispatch.o
 *(COMMON)
 *fill*         0x000000000011502c       0x14 
 COMMON         0x0000000000115040       0x68 binaries/Lab4_alloc_free.o
                0x0000000000115040                TSS
 *fill*         0x00000000001150a8       0x18 
 COMMON         0x00000000001150c0       0xf4 binaries/bufinit.o
                0x00000000001150c0                buftab
                0x00000000001151b0                nbpools
 COMMON         0x00000000001151b4       0x10 binaries/clkinit.o
                0x00000000001151b4                sleepq
                0x00000000001151b8                preempt
                0x00000000001151bc                count1000
                0x00000000001151c0                clktime
 COMMON         0x00000000001151c4        0x2 binaries/evec.o
                0x00000000001151c4                girmask
 *fill*         0x00000000001151c6       0x1a 
 COMMON         0x00000000001151e0     0x2298 binaries/initialize.o
                0x00000000001151e0                currpid
                0x0000000000115200                proctab
                0x0000000000116fb0                prcount
                0x0000000000116fc0                semtab
                0x0000000000117470                memlist
 *fill*         0x0000000000117478        0x8 
 COMMON         0x0000000000117480       0x58 binaries/mark.o
                0x0000000000117480                marks
                0x00000000001174d0                nmarks
                0x00000000001174d4                mkmutex
 *fill*         0x00000000001174d8        0x8 
 COMMON         0x00000000001174e0      0x2d8 binaries/ptinit.o
                0x00000000001174e0                porttab
                0x00000000001177b0                ptnextid
                0x00000000001177b4                ptfree
 *fill*         0x00000000001177b8        0x8 
 COMMON         0x00000000001177c0      0x980 binaries/queue.o
                0x00000000001177c0                queuetab
 COMMON         0x0000000000118140        0x2 binaries/ready.o
                0x0000000000118140                readylist
 *fill*         0x0000000000118142        0x2 
 COMMON         0x0000000000118144        0x8 binaries/resched.o
                0x0000000000118144                Defer
 COMMON         0x000000000011814c       0x14 binaries/vminit.o
                0x000000000011814c                minheap
                0x0000000000118150                maxheap
                0x0000000000118154                kpg
                0x000000000011815c                freelist
 COMMON         0x0000000000118160      0x110 binaries/ttyinit.o
                0x0000000000118160                ttytab
 *fill*         0x0000000000118270       0x10 
 COMMON         0x0000000000118280     0x19c0 binaries/naminit.o
                0x0000000000118280                nnames
                0x00000000001182a0                nametab
 COMMON         0x0000000000119c40    0x19000 binaries/raminit.o
                0x0000000000119c40                Ram
 COMMON         0x0000000000132c40      0xf00 binaries/lflinit.o
                0x0000000000132c40                lfltab
 COMMON         0x0000000000133b40      0x20c binaries/lfsinit.o
                0x0000000000133b40                Lf_data
                0x0000000000133d4c                ebss = ABSOLUTE (.)
                0x0000000000134000                . = ALIGN (0x1000)
 *fill*         0x0000000000133d4c      0x2b4 
 */()
                0x0000000000134000                end = ABSOLUTE (.)
                0x0000000000134000                _end = ABSOLUTE (.)
                0x0000000000134000                . = ALIGN (0x1000)
LOAD binaries/start.o
LOAD binaries/Lab4_alloc_free.o
LOAD binaries/Lab4_do_stk_expend.o
LOAD binaries/Lab4_fillpgentry.o
LOAD binaries/Lab4_getheap.o
LOAD binaries/Lab4_invlpg.o
LOAD binaries/Lab4_log2ph.o
LOAD binaries/ascdate.o
LOAD binaries/bufinit.o
LOAD binaries/chprio.o
LOAD binaries/clkhandler.o
LOAD binaries/clkinit.o
LOAD binaries/close.o
LOAD binaries/conf.o
LOAD binaries/control.o
LOAD binaries/create.o
LOAD binaries/evec.o
LOAD binaries/exit.o
LOAD binaries/freebuf.o
LOAD binaries/freemem.o
LOAD binaries/getbuf.o
LOAD binaries/getc.o
LOAD binaries/getdev.o
LOAD binaries/getitem.o
LOAD binaries/getmem.o
LOAD binaries/getpid.o
LOAD binaries/getprio.o
LOAD binaries/getstk.o
LOAD binaries/getticks.o
LOAD binaries/gettime.o
LOAD binaries/getutime.o
LOAD binaries/init.o
LOAD binaries/initialize.o
LOAD binaries/insert.o
LOAD binaries/insertd.o
LOAD binaries/ioerr.o
LOAD binaries/ionull.o
LOAD binaries/kill.o
LOAD binaries/kprintf.o
LOAD binaries/main.o
LOAD binaries/mark.o
LOAD binaries/mkbufpool.o
LOAD binaries/newqueue.o
LOAD binaries/open.o
LOAD binaries/panic.o
LOAD binaries/platinit.o
LOAD binaries/ptclear.o
LOAD binaries/ptcount.o
LOAD binaries/ptcreate.o
LOAD binaries/ptdelete.o
LOAD binaries/ptinit.o
LOAD binaries/ptrecv.o
LOAD binaries/ptreset.o
LOAD binaries/ptsend.o
LOAD binaries/putc.o
LOAD binaries/queue.o
LOAD binaries/read.o
LOAD binaries/ready.o
LOAD binaries/receive.o
LOAD binaries/recvclr.o
LOAD binaries/recvtime.o
LOAD binaries/resched.o
LOAD binaries/resume.o
LOAD binaries/seek.o
LOAD binaries/semcount.o
LOAD binaries/semcreate.o
LOAD binaries/semdelete.o
LOAD binaries/semreset.o
LOAD binaries/send.o
LOAD binaries/signal.o
LOAD binaries/signaln.o
LOAD binaries/sleep.o
LOAD binaries/stacktrace.o
LOAD binaries/suspend.o
LOAD binaries/unsleep.o
LOAD binaries/userret.o
LOAD binaries/vminit.o
LOAD binaries/wait.o
LOAD binaries/wakeup.o
LOAD binaries/write.o
LOAD binaries/xdone.o
LOAD binaries/yield.o
LOAD binaries/abs.o
LOAD binaries/atoi.o
LOAD binaries/atol.o
LOAD binaries/bzero.o
LOAD binaries/ctype_.o
LOAD binaries/doprnt.o