
Merging program properties

Removed property 0xc0000002 to merge binaries/Lab4_alloc_free.o (0x3) and binaries/start.o (not found)
Removed property 0xc0000002 to merge binaries/Lab4_alloc_free.o (not found) and binaries/Lab4_do_stk_expend.o (0x3)
Removed property 0xc0000002 to merge binaries/Lab4_alloc_free.o (not found) and binaries/Lab4_fillpgentry.o (0x3)
Removed property 0xc0000002 to merge binaries/Lab4_alloc_free.o (not found) and binaries/Lab4_getheap.o (0x3)
Removed property 0xc0000002 to merge binaries/Lab4_alloc_free.o (not found) and binaries/Lab4_invlpg.o (0x3)
Removed property 0xc0000002 to merge binaries/Lab4_alloc_free.o (not found) and binaries/Lab4_log2ph.o (0x3)
Removed property 0xc0000002 to merge binaries/Lab4_alloc_free.o (not found) and binaries/Lab4_memlib.o (0x3)
Removed property 0xc0000002 to merge binaries/Lab4_alloc_free.o (not found) and binaries/Lab4_memory_pools.o (0x3)
Removed property 0xc0000002 to merge binaries/Lab4_alloc_free.o (not found) and binaries/ascdate.o (0x3)
Removed property 0xc0000002 to merge binaries/Lab4_alloc_free.o (not found) and binaries/bufinit.o (0x3)
Removed property 0xc0000002 to merge binaries/Lab4_alloc_free.o (not found) and binaries/chprio.o (0x3)
Removed property 0xc0000002 to merge binaries/Lab4_alloc_free.o (not found) and binaries/clkhandler.o (0x3)
Removed property 0xc0000002 to merge binaries/Lab4_alloc_free.o (not found) and binaries/clkinit.o (0x3)
Removed property 0xc0000002 to merge binaries/Lab4_alloc_free.o (not found) and binaries/close.o (0x3)
Removed property 0xc0000002 to merge binaries/Lab4_alloc_free.o (not found) and binaries/conf.o (0x3)
Removed property 0xc0000002 to merge binaries/Lab4_alloc_free.o (not found) and binaries/control.o (0x3)
Removed property 0xc0000002 to merge binaries/Lab4_alloc_free.o (not found) and binaries/create.o (0x3)
Removed property 0xc0000002 to merge binaries/Lab4_alloc_free.o (not found) and binaries/evec.o (0x3)
Removed property 0xc0000002 to merge binaries/Lab4_alloc_free.o (not found) and binaries/exit.o (0x3)
Removed property 0xc0000002 to merge binaries/Lab4_alloc_free.o (not found) and binaries/freebuf.o (0x3)
Removed property 0xc0000002 to merge binaries/Lab4_alloc_free.o (not found) and binaries/freemem.o (0x3)
Removed property 0xc0000002 to merge binaries/Lab4_alloc_free.o (not found) and binaries/getbuf.o (0x3)
Removed property 0xc0000002 to merge binaries/Lab4_alloc_free.o (not found) and binaries/getc.o (0x3)
Removed property 0xc0000002 to merge binaries/Lab4_alloc_free.o (not found) and binaries/getdev.o (0x3)
Removed property 0xc0000002 to merge binaries/Lab4_alloc_free.o (not found) and binaries/getitem.o (0x3)
Removed property 0xc0000002 to merge binaries/Lab4_alloc_free.o (not found) and binaries/getmem.o (0x3)
Removed property 0xc0000002 to merge binaries/Lab4_alloc_free.o (not found) and binaries/getpid.o (0x3)
Removed property 0xc0000002 to merge binaries/Lab4_alloc_free.o (not found) and binaries/getprio.o (0x3)
Removed property 0xc0000002 to merge binaries/Lab4_alloc_free.o (not found) and binaries/getstk.o (0x3)
Removed property 0xc0000002 to merge binaries/Lab4_alloc_free.o (not found) and binaries/getticks.o (0x3)
Removed property 0xc0000002 to merge binaries/Lab4_alloc_free.o (not found) and binaries/gettime.o (0x3)
Removed property 0xc0000002 to merge binaries/Lab4_alloc_free.o (not found) and binaries/getutime.o (0x3)
Removed property 0xc0000002 to merge binaries/Lab4_alloc_free.o (not found) and binaries/init.o (0x3)
Removed property 0xc0000002 to merge binaries/Lab4_alloc_free.o (not found) and binaries/initialize.o (0x3)
Removed property 0xc0000002 to merge binaries/Lab4_alloc_free.o (not found) and binaries/insert.o (0x3)
Removed property 0xc0000002 to merge binaries/Lab4_alloc_free.o (not found) and binaries/insertd.o (0x3)
Removed property 0xc0000002 to merge binaries/Lab4_alloc_free.o (not found) and binaries/ioerr.o (0x3)
Removed property 0xc0000002 to merge binaries/Lab4_alloc_free.o (not found) and binaries/ionull.o (0x3)
Removed property 0xc0000002 to merge binaries/Lab4_alloc_free.o (not found) and binaries/kill.o (0x3)
Removed property 0xc0000002 to merge binaries/Lab4_alloc_free.o (not found) and binaries/kprintf.o (0x3)
Removed property 0xc0000002 to merge binaries/Lab4_alloc_free.o (not found) and binaries/main.o (0x3)
Removed property 0xc0000002 to merge binaries/Lab4_alloc_free.o (not found) and binaries/mark.o (0x3)
Removed property 0xc0000002 to merge binaries/Lab4_alloc_free.o (not found) and binaries/mkbufpool.o (0x3)
Removed property 0xc0000002 to merge binaries/Lab4_alloc_free.o (not found) and binaries/newqueue.o (0x3)
Removed property 0xc0000002 to merge binaries/Lab4_alloc_free.o (not found) and binaries/open.o (0x3)
Removed property 0xc0000002 to merge binaries/Lab4_alloc_free.o (not found) and binaries/panic.o (0x3)
Removed property 0xc0000002 to merge binaries/Lab4_alloc_free.o (not found) and binaries/platinit.o (0x3)
[...]
Memory Configuration

Name             Origin             Length             Attributes
*default*        0x0000000000000000 0xffffffffffffffff

Linker script and memory map

                0x0000000000100000                physbase = 0x100000
                0x0000000000100000                . = physbase
                0x0000000000100000                . = ALIGN (0x1000)

.text           0x0000000000100000    0x15000
                0x0000000000100000                text = ABSOLUTE (.)
 *(.text .text.*)
 .text          0x0000000000100000      0x171 binaries/start.o
                0x0000000000100024                start
                0x00000000001000b3                inb
                0x00000000001000bb                inw
                0x00000000001000c4                inl
                0x00000000001000cc                outb
                0x00000000001000d6                outw
                0x00000000001000e1                outl
                0x00000000001000eb                _rtcin
                0x00000000001000f6                ___udivsi3
                0x0000000000100101                ___divsi3
                0x000000000010010d                sbzero
                0x000000000010011d                insw
                0x0000000000100133                outsw
                0x0000000000100149                bcopy
                0x000000000010015d                lidt
                0x0000000000100165                cpuid
 .text          0x0000000000100171       0xde binaries/Lab4_alloc_free.o
                0x0000000000100171                physical_addr_alloc
                0x00000000001001ee                physical_addr_free
 .text.__x86.get_pc_thunk.bx
                0x000000000010024f        0x4 binaries/Lab4_alloc_free.o
                0x000000000010024f                __x86.get_pc_thunk.bx
 .text          0x0000000000100253      0x138 binaries/Lab4_do_stk_expend.o
                0x0000000000100253                _do_stk_expand
 .text          0x000000000010038b      0x1f8 binaries/Lab4_fillpgentry.o
                0x000000000010038b                isfree
                0x0000000000100477                fill_page_entry
 .text          0x0000000000100583       0xdf binaries/Lab4_getheap.o
                0x0000000000100583                getheap
 .text          0x0000000000100662       0x1a binaries/Lab4_invlpg.o
                0x0000000000100662                invlpg
 .text.__x86.get_pc_thunk.ax
                0x000000000010067c        0x4 binaries/Lab4_invlpg.o
                0x000000000010067c                __x86.get_pc_thunk.ax
 .text          0x0000000000100680       0xc7 binaries/Lab4_log2ph.o
                0x0000000000100680                log2ph
 .text          0x0000000000100747      0x1a8 binaries/Lab4_memlib.o
                0x0000000000100747                mem_init
                0x00000000001007e0                mem_deinit
                0x0000000000100814                mem_reset_brk
                0x0000000000100834                mem_sbrk
                0x0000000000100899                mem_heap_lo
                0x00000000001008b2                mem_heap_hi
                0x00000000001008cc                mem_heapsize
 .text          0x00000000001008ef     0x20e7 binaries/Lab4_memory_pools.o
                0x00000000001008ef                mm_init
                0x00000000001009a6                mm_malloc
                0x0000000000100af3                mm_free
                0x0000000000100b60                mm_realloc
                0x0000000000100d3f                power2
                0x0000000000100d94                extend
                0x0000000000100e3b                findFit
                0x0000000000100ec4                placeHead
                0x000000000010100b                placeTail
                0x0000000000101158                coalesce
                0x00000000001014b2                checkNext
                0x00000000001015fe                cmp
                0x0000000000101694                getNext
                0x000000000010172e                swap
                0x000000000010175f                swapColor
                0x0000000000101818                swapNode
                0x0000000000101c39                takeOff
                0x0000000000101caf                RBtree_insert
                0x0000000000101db1                RBtree_delete
                0x0000000000101f64                rotateAt
                0x00000000001020f2                connect34
                0x000000000010219e                solveDoubleRed
                0x00000000001023d9                solveDoubleBlack
                0x00000000001026f0                traverse
                0x000000000010277b                print
                0x000000000010284f                mm_checkblock
 .text          0x00000000001029d6      0x408 binaries/ascdate.o
                0x00000000001029d6                ascdate
 .text.__x86.get_pc_thunk.cx
                0x0000000000102dde        0x4 binaries/ascdate.o
                0x0000000000102dde                __x86.get_pc_thunk.cx
 .text          0x0000000000102de2       0x24 binaries/bufinit.o
                0x0000000000102de2                bufinit
 .text          0x0000000000102e06       0xae binaries/chprio.o
                0x0000000000102e06                chprio
 .text          0x0000000000102eb4       0xe8 binaries/clkhandler.o
                0x0000000000102eb4                clkhandler
 .text          0x0000000000102f9c       0xa7 binaries/clkinit.o
                0x0000000000102f9c                clkinit
 .text          0x0000000000103043       0x8a binaries/close.o
                0x0000000000103043                close
 .text          0x00000000001030cd        0x0 binaries/conf.o
 .text          0x00000000001030cd       0x90 binaries/control.o
                0x00000000001030cd                control
 .text          0x000000000010315d      0x7f7 binaries/create.o
                0x000000000010315d                create
 .text          0x0000000000103954      0x520 binaries/evec.o
                0x0000000000103954                initevec
                0x0000000000103a93                set_evec
                0x0000000000103b6e                _8259_setirmask
                0x0000000000103be3                trap
 .text          0x0000000000103e74       0x2d binaries/exit.o
                0x0000000000103e74                exit
 .text          0x0000000000103ea1       0xa5 binaries/freebuf.o
                0x0000000000103ea1                freebuf
 .text          0x0000000000103f46       0xd7 binaries/freemem.o
                0x0000000000103f46                freemem
 .text          0x000000000010401d       0xa3 binaries/getbuf.o
                0x000000000010401d                getbuf
 .text          0x00000000001040c0       0x8a binaries/getc.o
                0x00000000001040c0                getc
 .text          0x000000000010414a       0x8a binaries/getdev.o
                0x000000000010414a                getdev
 .text          0x00000000001041d4      0x11d binaries/getitem.o
                0x00000000001041d4                getfirst
                0x000000000010422e                getlast
                0x000000000010428a                getitem
 .text.__x86.get_pc_thunk.dx
                0x00000000001042f1        0x4 binaries/getitem.o
                0x00000000001042f1                __x86.get_pc_thunk.dx
 .text          0x00000000001042f5       0xbd binaries/getmem.o
                0x00000000001042f5                getmem
 .text          0x00000000001043b2       0x1b binaries/getpid.o
                0x00000000001043b2                getpid
 .text          0x00000000001043cd       0x98 binaries/getprio.o
                0x00000000001043cd                getprio
 .text          0x0000000000104465      0x118 binaries/getstk.o
                0x0000000000104465                getstk
 .text          0x000000000010457d       0x24 binaries/getticks.o
                0x000000000010457d                getticks
 .text          0x00000000001045a1       0x18 binaries/gettime.o
                0x00000000001045a1                gettime
 .text          0x00000000001045b9       0x18 binaries/getutime.o
                0x00000000001045b9                getutime
 .text          0x00000000001045d1       0x8a binaries/init.o
                0x00000000001045d1                init
 .text          0x000000000010465b      0x3b3 binaries/initialize.o
                0x000000000010465b                nulluser
                0x0000000000104993                stop
                0x00000000001049d2                delay
 .text          0x0000000000104a0e      0x10d binaries/insert.o
                0x0000000000104a0e                insert
 .text          0x0000000000104b1b      0x146 binaries/insertd.o
                0x0000000000104b1b                insertd
 .text          0x0000000000104c61       0x18 binaries/ioerr.o
                0x0000000000104c61                ioerr
 .text          0x0000000000104c79       0x18 binaries/ionull.o
                0x0000000000104c79                ionull
 .text          0x0000000000104c91      0x29a binaries/kill.o
                0x0000000000104c91                kill
 .text          0x0000000000104f2b      0x1d6 binaries/kprintf.o
                0x0000000000104f2b                kputc
                0x0000000000104ff7                kgetc
                0x00000000001050c1                kprintf
 .text          0x0000000000105101       0xfa binaries/main.o
                0x0000000000105101                sndA
                0x0000000000105128                sndB
                0x000000000010514f                main
 .text          0x00000000001051fb       0xf6 binaries/mark.o
                0x00000000001051fb                markinit
                0x0000000000105238                mark
 .text          0x00000000001052f1      0x196 binaries/mkbufpool.o
                0x00000000001052f1                mkbufpool
 .text          0x0000000000105487       0xbf binaries/newqueue.o
                0x0000000000105487                newqueue
 .text          0x0000000000105546       0x90 binaries/open.o
                0x0000000000105546                open
 .text          0x00000000001055d6       0x32 binaries/panic.o
                0x00000000001055d6                panic
 .text          0x0000000000105608       0x31 binaries/platinit.o
                0x0000000000105608                console_init
                0x0000000000105620                platinit
 .text          0x0000000000105639      0x109 binaries/ptclear.o
                0x0000000000105639                _ptclear
 .text          0x0000000000105742       0xb3 binaries/ptcount.o
                0x0000000000105742                ptcount
 .text          0x00000000001057f5      0x138 binaries/ptcreate.o
                0x00000000001057f5                ptcreate
 .text          0x000000000010592d       0x98 binaries/ptdelete.o
                0x000000000010592d                ptdelete
 .text          0x00000000001059c5       0xe9 binaries/ptinit.o
                0x00000000001059c5                ptinit
 .text          0x0000000000105aae      0x139 binaries/ptrecv.o
                0x0000000000105aae                ptrecv
 .text          0x0000000000105be7       0x8d binaries/ptreset.o
                0x0000000000105be7                ptreset
 .text          0x0000000000105c74      0x15e binaries/ptsend.o
                0x0000000000105c74                ptsend
 .text          0x0000000000105dd2       0x95 binaries/putc.o
                0x0000000000105dd2                putc
 .text          0x0000000000105e67      0x153 binaries/queue.o
                0x0000000000105e67                enqueue
                0x0000000000105f31                dequeue
 .text          0x0000000000105fba       0x90 binaries/read.o
                0x0000000000105fba                read
 .text          0x000000000010604a       0x98 binaries/ready.o
                0x000000000010604a                ready
 .text          0x00000000001060e2       0x7c binaries/receive.o
                0x00000000001060e2                receive
 .text          0x000000000010615e       0x78 binaries/recvclr.o
                0x000000000010615e                recvclr
 .text          0x00000000001061d6       0xdd binaries/recvtime.o
                0x00000000001061d6                recvtime
 .text          0x00000000001062b3      0x1fc binaries/resched.o
                0x00000000001062b3                resched
                0x000000000010640e                resched_cntl
 .text          0x00000000001064af       0xcb binaries/resume.o
                0x00000000001064af                resume
 .text          0x000000000010657a       0x8e binaries/seek.o
                0x000000000010657a                seek
 .text          0x0000000000106608       0x8b binaries/semcount.o
                0x0000000000106608                semcount
 .text          0x0000000000106693      0x108 binaries/semcreate.o
                0x0000000000106693                semcreate
 .text          0x000000000010679b       0xe3 binaries/semdelete.o
                0x000000000010679b                semdelete
 .text          0x000000000010687e       0xe7 binaries/semreset.o
                0x000000000010687e                semreset
 .text          0x0000000000106965      0x107 binaries/send.o
                0x0000000000106965                send
 .text          0x0000000000106a6c       0xbe binaries/signal.o
                0x0000000000106a6c                signal
 .text          0x0000000000106b2a       0xec binaries/signaln.o
                0x0000000000106b2a                signaln
 .text          0x0000000000106c16      0x11d binaries/sleep.o
                0x0000000000106c16                sleep
                0x0000000000106c72                sleepms
 .text          0x0000000000106d33      0x1c0 binaries/stacktrace.o
                0x0000000000106d33                stacktrace
 .text          0x0000000000106ef3      0x101 binaries/suspend.o
                0x0000000000106ef3                suspend
 .text          0x0000000000106ff4      0x10c binaries/unsleep.o
                0x0000000000106ff4                unsleep
 .text          0x0000000000107100       0x2d binaries/userret.o
                0x0000000000107100                userret
 .text          0x000000000010712d      0x4b4 binaries/vminit.o
                0x000000000010712d                vminit
                0x00000000001074da                setsegs
 .text          0x00000000001075e1      0x100 binaries/wait.o
                0x00000000001075e1                wait
 .text          0x00000000001076e1       0x9c binaries/wakeup.o
                0x00000000001076e1                wakeup
 .text          0x000000000010777d       0x90 binaries/write.o
                0x000000000010777d                write
 .text          0x000000000010780d       0x33 binaries/xdone.o
                0x000000000010780d                xdone
 .text          0x0000000000107840       0x3b binaries/yield.o
                0x0000000000107840                yield
 .text          0x000000000010787b       0x1f binaries/abs.o
                0x000000000010787b                abs
 .text          0x000000000010789a       0x9e binaries/atoi.o
                0x000000000010789a                atoi
 .text          0x0000000000107938       0x9e binaries/atol.o
                0x0000000000107938                atol
 .text          0x00000000001079d6       0x40 binaries/bzero.o
                0x00000000001079d6                bzero
 .text          0x0000000000107a16        0x0 binaries/ctype_.o
 .text          0x0000000000107a16      0x96b binaries/doprnt.o
                0x0000000000107a16                _doprnt
 .text          0x0000000000108381      0x709 binaries/doscan.o
                0x0000000000108381                _doscan
 .text.__x86.get_pc_thunk.di
                0x0000000000108a8a        0x4 binaries/doscan.o
                0x0000000000108a8a                __x86.get_pc_thunk.di
 .text          0x0000000000108a8e      0x788 binaries/fdoprnt.o
                0x0000000000108a8e                _fdoprnt
 .text          0x0000000000109216       0x3d binaries/fgetc.o
                0x0000000000109216                fgetc
 .text          0x0000000000109253       0x88 binaries/fgets.o
                0x0000000000109253                fgets
 .text          0x00000000001092db       0x40 binaries/fprintf.o
                0x00000000001092db                fprintf
 .text          0x000000000010931b       0x40 binaries/fputc.o
                0x000000000010931b                fputc
 .text          0x000000000010935b       0x56 binaries/fputs.o
                0x000000000010935b                fputs
 .text          0x00000000001093b1       0xc2 binaries/fscanf.o
                0x00000000001093b1                fscanf
 .text          0x0000000000109473       0x4e binaries/getchar.o
                0x0000000000109473                getchar
 .text          0x00000000001094c1       0x1f binaries/labs.o
                0x00000000001094c1                labs
 .text          0x00000000001094e0        0x0 binaries/memchr.o
 .text          0x00000000001094e0       0x5f binaries/memcmp.o
                0x00000000001094e0                memcmp
 .text          0x000000000010953f       0x34 binaries/memcpy.o
                0x000000000010953f                memcpy
 .text          0x0000000000109573       0x3e binaries/memset.o
                0x0000000000109573                memset
 .text          0x00000000001095b1       0x66 binaries/printf.o
                0x00000000001095b1                printf
 .text          0x0000000000109617       0x51 binaries/putchar.o
                0x0000000000109617                putchar
 .text          0x0000000000109668      0x2bf binaries/qsort.o
                0x0000000000109668                qsort
 .text          0x0000000000109927       0x8d binaries/rand.o
                0x0000000000109927                rand
                0x000000000010994f                rand_r
                0x0000000000109997                srand
 .text          0x00000000001099b4       0x8a binaries/sprintf.o
                0x00000000001099b4                sprintf
 .text          0x0000000000109a3e       0xa4 binaries/sscanf.o
                0x0000000000109a3e                sscanf
 .text          0x0000000000109ae2       0x4a binaries/strchr.o
                0x0000000000109ae2                strchr
 .text          0x0000000000109b2c       0x53 binaries/strcmp.o
                0x0000000000109b2c                strcmp
 .text          0x0000000000109b7f       0x35 binaries/strcpy.o
                0x0000000000109b7f                strcpy
 .text          0x0000000000109bb4       0x34 binaries/strlen.o
                0x0000000000109bb4                strlen
 .text          0x0000000000109be8       0x64 binaries/strncat.o
                0x0000000000109be8                strncat
 .text          0x0000000000109c4c       0x6c binaries/strncmp.o
                0x0000000000109c4c                strncmp
 .text          0x0000000000109cb8       0x5d binaries/strncpy.o
                0x0000000000109cb8                strncpy
 .text          0x0000000000109d15       0x3c binaries/strnlen.o
                0x0000000000109d15                strnlen
 .text          0x0000000000109d51       0x53 binaries/strrchr.o
                0x0000000000109d51                strrchr
 .text          0x0000000000109da4       0x7c binaries/strstr.o
                0x0000000000109da4                strstr
 .text          0x0000000000109e20      0x100 binaries/ttycontrol.o
                0x0000000000109e20                ttycontrol
 .text          0x0000000000109f20       0xaf binaries/ttygetc.o
                0x0000000000109f20                ttygetc
 .text          0x0000000000109fcf      0x73b binaries/ttyhandle_in.o
                0x0000000000109fcf                ttyhandle_in
 .text          0x000000000010a70a      0x1c5 binaries/ttyhandle_out.o
                0x000000000010a70a                ttyhandle_out
 .text          0x000000000010a8cf       0xec binaries/ttyhandler.o
                0x000000000010a8cf                ttyhandler
 .text          0x000000000010a9bb      0x243 binaries/ttyinit.o
                0x000000000010a9bb                ttyinit
 .text          0x000000000010abfe       0x2f binaries/ttykickout.o
                0x000000000010abfe                ttykickout
 .text          0x000000000010ac2d       0xcd binaries/ttyputc.o
                0x000000000010ac2d                ttyputc
 .text          0x000000000010acfa      0x12f binaries/ttyread.o
                0x000000000010acfa                ttyread
 .text          0x000000000010ae29       0x60 binaries/ttywrite.o
                0x000000000010ae29                ttywrite
 .text          0x000000000010ae89      0x17c binaries/mount.o
                0x000000000010ae89                mount
                0x000000000010afc1                namlen
 .text          0x000000000010b005      0x224 binaries/naminit.o
                0x000000000010b005                naminit
 .text          0x000000000010b229      0x24f binaries/nammap.o
                0x000000000010b229                nammap
                0x000000000010b2ca                namrepl
                0x000000000010b41a                namcpy
 .text          0x000000000010b478       0x61 binaries/namopen.o
                0x000000000010b478                namopen
 .text          0x000000000010b4d9       0x18 binaries/ramclose.o
                0x000000000010b4d9                ramclose
 .text          0x000000000010b4f1       0x5c binaries/raminit.o
                0x000000000010b4f1                raminit
 .text          0x000000000010b54d       0x18 binaries/ramopen.o
                0x000000000010b54d                ramopen
 .text          0x000000000010b565       0x4b binaries/ramread.o
                0x000000000010b565                ramread
 .text          0x000000000010b5b0       0x4b binaries/ramwrite.o
                0x000000000010b5b0                ramwrite
 .text          0x000000000010b5fb       0xc8 binaries/lfdballoc.o
                0x000000000010b5fb                lfdballoc
 .text          0x000000000010b6c3       0x70 binaries/lfdbfree.o
                0x000000000010b6c3                lfdbfree
 .text          0x000000000010b733       0xe4 binaries/lfflush.o
                0x000000000010b733                lfflush
 .text          0x000000000010b817       0xed binaries/lfgetmode.o
                0x000000000010b817                lfgetmode
 .text          0x000000000010b904       0x96 binaries/lfiballoc.o
                0x000000000010b904                lfiballoc
 .text          0x000000000010b99a       0x49 binaries/lfibclear.o
                0x000000000010b99a                lfibclear
 .text          0x000000000010b9e3       0xc0 binaries/lfibget.o
                0x000000000010b9e3                lfibget
 .text          0x000000000010baa3       0xef binaries/lfibput.o
                0x000000000010baa3                lfibput
 .text          0x000000000010bb92       0xbf binaries/lflclose.o
                0x000000000010bb92                lflclose
 .text          0x000000000010bc51       0xf1 binaries/lflcontrol.o
                0x000000000010bc51                lflcontrol
 .text          0x000000000010bd42      0x108 binaries/lflgetc.o
                0x000000000010bd42                lflgetc
 .text          0x000000000010be4a      0x104 binaries/lflinit.o
                0x000000000010be4a                lflinit
 .text          0x000000000010bf4e      0x13e binaries/lflputc.o
                0x000000000010bf4e                lflputc
 .text          0x000000000010c08c       0x83 binaries/lflread.o
                0x000000000010c08c                lflread
 .text          0x000000000010c10f       0xc2 binaries/lflseek.o
                0x000000000010c10f                lflseek
 .text          0x000000000010c1d1       0x68 binaries/lflwrite.o
                0x000000000010c1d1                lflwrite
 .text          0x000000000010c239       0x70 binaries/lfscheck.o
                0x000000000010c239                lfscheck
 .text          0x000000000010c2a9      0x198 binaries/lfsckfmt.o
                0x000000000010c2a9                lfsckfmt
 .text          0x000000000010c441      0x1c2 binaries/lfscreate.o
                0x000000000010c441                lfscreate
 .text          0x000000000010c603      0x2a7 binaries/lfsetup.o
                0x000000000010c603                lfsetup
 .text          0x000000000010c8aa       0x83 binaries/lfsinit.o
                0x000000000010c8aa                lfsinit
 .text          0x000000000010c92d      0x415 binaries/lfsopen.o
                0x000000000010c92d                lfsopen
 .text          0x000000000010cd42      0x18e binaries/lftruncate.o
                0x000000000010cd42                lftruncate
 .text          0x000000000010ced0      0x5d8 binaries/Lab5_kbdcontrol.o
                0x000000000010ced0                vga_init
                0x000000000010cf25                vga_putc
                0x000000000010d20e                vga_erase
 .text          0x000000000010d4a8      0x16e binaries/Lab5_kbdcursor.o
                0x000000000010d4a8                set_cursor
                0x000000000010d525                get_cursor
                0x000000000010d59b                vga_cursor_left
                0x000000000010d5d8                vga_cursor_right
 .text          0x000000000010d616       0x78 binaries/Lab5_kbdgetc.o
                0x000000000010d616                kbd_getc
 .text          0x000000000010d68e      0x595 binaries/Lab5_kbdhandler.o
                0x000000000010d68e                kbd_handler
 .text          0x000000000010dc23       0x4e binaries/Lab5_kbdputc.o
                0x000000000010dc23                kbd_putc
 .text          0x000000000010dc71       0x9c binaries/Lab5_kbdread.o
                0x000000000010dc71                kbd_read
 .text          0x000000000010dd0d       0x83 binaries/Lab5_kdbinit.o
                0x000000000010dd0d                kbd_init
 .text          0x000000000010dd90      0x477 binaries/addargs.o
                0x000000000010dd90                upload_args
                0x000000000010de6c                addargs
 .text          0x000000000010e207      0x2df binaries/lexan.o
                0x000000000010e207                lexan
 .text          0x000000000010e4e6      0x705 binaries/shell.o
                0x000000000010e4e6                shell
 .text          0x000000000010ebeb       0x85 binaries/xsh_argecho.o
                0x000000000010ebeb                xsh_argecho
 .text          0x000000000010ec70      0x2df binaries/xsh_cat.o
                0x000000000010ec70                xsh_cat
 .text          0x000000000010ef4f       0x83 binaries/xsh_clear.o
                0x000000000010ef4f                xsh_clear
 .text          0x000000000010efd2      0x30c binaries/xsh_date.o
                0x000000000010efd2                xsh_date
 .text          0x000000000010f2de       0xde binaries/xsh_devdump.o
                0x000000000010f2de                xsh_devdump
 .text          0x000000000010f3bc       0x91 binaries/xsh_echo.o
                0x000000000010f3bc                xsh_echo
 .text          0x000000000010f44d       0x18 binaries/xsh_exit.o
                0x000000000010f44d                xsh_exit
 .text          0x000000000010f465      0x410 binaries/xsh_help.o
                0x000000000010f465                xsh_help
 .text          0x000000000010f875      0x2b8 binaries/xsh_kill.o
                0x000000000010f875                xsh_kill
 .text          0x000000000010fb2d      0x79d binaries/xsh_lab2.o
                0x000000000010fb2d                xsh_lab2
                0x0000000000110061                u2021201780_printf_1
                0x00000000001100e4                u2021201780_printf_2
                0x0000000000110148                u2021201780_printf_3
                0x0000000000110192                u2021201780_delay_run
                0x000000000011024f                u2021201780_delay_test
 .text          0x00000000001102ca      0x293 binaries/xsh_lab3.o
                0x00000000001102ca                k2021201780_printf
                0x0000000000110368                k2021201780_fprintf
                0x0000000000110404                u2021201780_uptest
                0x0000000000110493                xsh_lab3
 .text.__x86.get_pc_thunk.si
                0x000000000011055d        0x4 binaries/xsh_lab3.o
                0x000000000011055d                __x86.get_pc_thunk.si
 .text          0x0000000000110561      0x1d8 binaries/xsh_lab4.o
                0x0000000000110561                xsh_lab4
 .text          0x0000000000110739      0x14a binaries/xsh_lab5.o
                0x0000000000110739                xsh_lab5
 .text          0x0000000000110883      0x5f1 binaries/xsh_memdump.o
                0x0000000000110883                xsh_memdump
 .text          0x0000000000110e74      0x352 binaries/xsh_memstat.o
                0x0000000000110e74                xsh_memstat
 .text          0x00000000001111c6      0x254 binaries/xsh_ps.o
                0x00000000001111c6                xsh_ps
 .text          0x000000000011141a      0x28a binaries/xsh_sleep.o
                0x000000000011141a                xsh_sleep
 .text          0x00000000001116a4      0x254 binaries/xsh_uptime.o
                0x00000000001116a4                xsh_uptime
 .text          0x00000000001118f8        0x8 binaries/Lab3_create.o
                0x00000000001118f8                u2021201780_create
 .text          0x0000000000111900       0x20 binaries/Lab3_fprintf.o
                0x0000000000111900                u2021201780_fprintf
 .text          0x0000000000111920        0x8 binaries/Lab3_ltss.o
                0x0000000000111920                k2021201780_ltss
 .text          0x0000000000111928       0x19 binaries/Lab3_printf.o
                0x0000000000111928                u2021201780_printf
 .text          0x0000000000111941        0xf binaries/Lab3_read.o
                0x0000000000111941                u2021201780_read
 .text          0x0000000000111950        0x3 binaries/Lab3_receive.o
                0x0000000000111950                u2021201780_receive
 .text          0x0000000000111953        0x3 binaries/Lab3_recvclr.o
                0x0000000000111953                u2021201780_recvclr
 .text          0x0000000000111956        0x7 binaries/Lab3_resume.o
                0x0000000000111956                u2021201780_resume
 .text          0x000000000011195d        0x2 binaries/Lab3_ret_k2u.o
                0x000000000011195d                k2021201780_ret_k2u
 .text          0x000000000011195f        0x2 binaries/Lab3_ret_u2k.o
                0x000000000011195f                u2021201780_ret_u2k
 .text          0x0000000000111961        0x7 binaries/Lab3_sleep.o
                0x0000000000111961                u2021201780_sleep
 .text          0x0000000000111968        0x7 binaries/Lab3_sleepms.o
                0x0000000000111968                u2021201780_sleepms
 .text          0x000000000011196f        0x8 binaries/Lab4_addargs.o
                0x000000000011196f                u2021201780_addargs
 .text          0x0000000000111977       0x15 binaries/Lab4_malloc_free.o
                0x0000000000111977                u2021201780_malloc
                0x000000000011197e                u2021201780_free
                0x0000000000111985                u2021201780_heap_init
 .text          0x000000000011198c        0xe binaries/clkdisp.o
                0x000000000011198c                clkdisp
 .text          0x000000000011199a       0x1f binaries/ctxsw.o
                0x000000000011199a                ctxsw
 .text          0x00000000001119b9      0x556 binaries/intr.o
                0x00000000001119b9                disable
                0x00000000001119c2                restore
                0x00000000001119d0                enable
                0x00000000001119d2                pause
                0x00000000001119d9                halt
                0x00000000001119dc                spurious_irq7
                0x00000000001119e1                spurious_irq15
                0x00000000001119f0                _Xint0
                0x00000000001119f8                _Xint1
                0x0000000000111a00                _Xint2
                0x0000000000111a08                _Xint3
                0x0000000000111a10                _Xint4
                0x0000000000111a18                _Xint5
                0x0000000000111a23                _Xint6
                0x0000000000111a2b                _Xint7
                0x0000000000111a33                _Xint8
                0x0000000000111a3b                _Xint9
                0x0000000000111a43                _Xint10
                0x0000000000111a4b                _Xint11
                0x0000000000111a53                _Xint12
                0x0000000000111a5b                _Xint13
                0x0000000000111a63                _Xint14
                0x0000000000111a74                _Xint15
                0x0000000000111a7f                _Xint16
                0x0000000000111a8a                _Xint17
                0x0000000000111a95                _Xint18
                0x0000000000111aa0                _Xint19
                0x0000000000111aab                _Xint20
                0x0000000000111ab6                _Xint21
                0x0000000000111ac1                _Xint22
                0x0000000000111acc                _Xint23
                0x0000000000111ad7                _Xint24
                0x0000000000111ae2                _Xint25
                0x0000000000111aed                _Xint26
                0x0000000000111af8                _Xint27
                0x0000000000111b03                _Xint28
                0x0000000000111b0e                _Xint29
                0x0000000000111b19                _Xint30
                0x0000000000111b24                _Xint31
                0x0000000000111b2f                _Xint32
                0x0000000000111b3a                _Xint33
                0x0000000000111b45                _Xint34
                0x0000000000111b50                _Xint35
                0x0000000000111b5b                _Xint36
                0x0000000000111b66                _Xint37
                0x0000000000111b71                _Xint38
                0x0000000000111b7c                _Xint40
                0x0000000000111b87                _Xint41
                0x0000000000111b92                _Xint42
                0x0000000000111b9d                _Xint43
                0x0000000000111ba8                _Xint44
                0x0000000000111bb3                _Xint45
                0x0000000000111bbe                _Xint46
                0x0000000000111bc9                _Xint48
                0x0000000000111c06                _Xint49
                0x0000000000111c0b                _Xint50
                0x0000000000111c2e                _Xint51
                0x0000000000111c88                _Xint52
                0x0000000000111cab                _Xint53
                0x0000000000111cea                _Xint54
                0x0000000000111d0f                _Xint55
                0x0000000000111d32                _Xint56
                0x0000000000111d53                _Xint57
                0x0000000000111d74                _Xint58
                0x0000000000111db0                _Xint59
                0x0000000000111dd3                _Xint60
                0x0000000000111df6                _Xint61
                0x0000000000111e17                defevec
 .text          0x0000000000111f0f       0x10 binaries/ttydispatch.o
                0x0000000000111f0f                ttydispatch
 .text          0x0000000000111f1f       0x10 binaries/Lab5_kbddispatch.o
                0x0000000000111f1f                kbd_dispatch
 *(.rodata .rodata.*)
 *fill*         0x0000000000111f2f        0x1 
 .rodata        0x0000000000111f30       0x20 binaries/Lab4_alloc_free.o
 .rodata        0x0000000000111f50       0x27 binaries/Lab4_do_stk_expend.o
 *fill*         0x0000000000111f77        0x1 
 .rodata        0x0000000000111f78       0x5a binaries/Lab4_memlib.o
 *fill*         0x0000000000111fd2        0x2 
 .rodata        0x0000000000111fd4      0x17e binaries/Lab4_memory_pools.o
 *fill*         0x0000000000112152        0x2 
 .rodata        0x0000000000112154       0x8e binaries/ascdate.o
 .rodata        0x00000000001121e2       0x52 binaries/conf.o
 .rodata        0x0000000000112234        0xe binaries/create.o
 *fill*         0x0000000000112242        0x2 
 .rodata        0x0000000000112244      0x231 binaries/evec.o
 *fill*         0x0000000000112475        0x3 
 .rodata        0x0000000000112478      0x128 binaries/initialize.o
 .rodata        0x00000000001125a0       0x20 binaries/kill.o
 .rodata        0x00000000001125c0       0x2a binaries/main.o
 .rodata        0x00000000001125ea        0xf binaries/panic.o
 .rodata        0x00000000001125f9       0x1d binaries/ptinit.o
 *fill*         0x0000000000112616        0x2 
 .rodata        0x0000000000112618       0x25 binaries/ptsend.o
 *fill*         0x000000000011263d        0x3 
 .rodata        0x0000000000112640       0xb7 binaries/stacktrace.o
 *fill*         0x00000000001126f7        0x1 
 .rodata        0x00000000001126f8       0x3e binaries/vminit.o
 *fill*         0x0000000000112736        0x2 
 .rodata        0x0000000000112738       0x27 binaries/xdone.o
 *fill*         0x000000000011275f        0x1 
 .rodata        0x0000000000112760       0x81 binaries/ctype_.o
                0x0000000000112760                _ctype_
 *fill*         0x00000000001127e1        0x3 
 .rodata        0x00000000001127e4       0xee binaries/doprnt.o
 *fill*         0x00000000001128d2        0x2 
 .rodata        0x00000000001128d4       0xae binaries/fdoprnt.o
 *fill*         0x0000000000112982        0x2 
 .rodata        0x0000000000112984       0x20 binaries/ttycontrol.o
 .rodata        0x00000000001129a4       0x34 binaries/ttyhandler.o
 .rodata        0x00000000001129d8       0x80 binaries/naminit.o
 .rodata        0x0000000000112a58        0x9 binaries/raminit.o
 *fill*         0x0000000000112a61        0x3 
 .rodata        0x0000000000112a64       0x37 binaries/lfdballoc.o
 .rodata        0x0000000000112a9b       0x14 binaries/lfiballoc.o
 *fill*         0x0000000000112aaf        0x1 
 .rodata        0x0000000000112ab0       0x23 binaries/lflcontrol.o
 *fill*         0x0000000000112ad3        0x1 
 .rodata        0x0000000000112ad4      0x11b binaries/lfsckfmt.o
 *fill*         0x0000000000112bef        0x1 
 .rodata        0x0000000000112bf0       0x2a binaries/lfsopen.o
 *fill*         0x0000000000112c1a        0x2 
 .rodata        0x0000000000112c1c       0x50 binaries/Lab5_kbdcontrol.o
 .rodata        0x0000000000112c6c      0x2b1 binaries/shell.o
 .rodata        0x0000000000112f1d       0x28 binaries/xsh_argecho.o
 *fill*         0x0000000000112f45        0x3 
 .rodata        0x0000000000112f48       0xc9 binaries/xsh_cat.o
 .rodata        0x0000000000113011       0x19 binaries/xsh_clear.o
 *fill*         0x000000000011302a        0x2 
 .rodata        0x000000000011302c      0x1a5 binaries/xsh_date.o
 .rodata        0x00000000001131d1       0x5d binaries/xsh_devdump.o
 .rodata        0x000000000011322e        0x9 binaries/xsh_echo.o
 *fill*         0x0000000000113237        0x1 
 .rodata        0x0000000000113238      0x16a binaries/xsh_help.o
 *fill*         0x00000000001133a2        0x2 
 .rodata        0x00000000001133a4      0x12e binaries/xsh_kill.o
 *fill*         0x00000000001134d2        0x2 
 .rodata        0x00000000001134d4      0x3ad binaries/xsh_lab2.o
 .rodata        0x0000000000113881       0x44 binaries/xsh_lab3.o
 .rodata        0x00000000001138c5       0x8a binaries/xsh_lab4.o
 .rodata        0x000000000011394f       0x6d binaries/xsh_lab5.o
 .rodata        0x00000000001139bc      0x266 binaries/xsh_memdump.o
 *fill*         0x0000000000113c22        0x2 
 .rodata        0x0000000000113c24      0x225 binaries/xsh_memstat.o
 *fill*         0x0000000000113e49        0x3 
 .rodata        0x0000000000113e4c      0x1a8 binaries/xsh_ps.o
 .rodata        0x0000000000113ff4       0xeb binaries/xsh_sleep.o
 *fill*         0x00000000001140df        0x1 
 .rodata        0x00000000001140e0      0x105 binaries/xsh_uptime.o
                0x00000000001141e5                etext = ABSOLUTE (.)
                0x0000000000115000                . = ALIGN (0x1000)
 *fill*         0x00000000001141e5      0xe1b 

.eh_frame       0x0000000000115000     0x28b8
 .eh_frame      0x0000000000115000       0x74 binaries/Lab4_alloc_free.o
 .eh_frame      0x0000000000115074       0x24 binaries/Lab4_do_stk_expend.o
                                         0x50 (size before relaxing)
 .eh_frame      0x0000000000115098       0x48 binaries/Lab4_fillpgentry.o
                                         0x74 (size before relaxing)
 .eh_frame      0x00000000001150e0       0x24 binaries/Lab4_getheap.o
                                         0x50 (size before relaxing)
 .eh_frame      0x0000000000115104       0x34 binaries/Lab4_invlpg.o
                                         0x4c (size before relaxing)
 .eh_frame      0x0000000000115138       0x24 binaries/Lab4_log2ph.o
                                         0x50 (size before relaxing)
 .eh_frame      0x000000000011515c       0xec binaries/Lab4_memlib.o
                                        0x12c (size before relaxing)
 .eh_frame      0x0000000000115248      0x37c binaries/Lab4_memory_pools.o
                                        0x3bc (size before relaxing)
 .eh_frame      0x00000000001155c4       0x38 binaries/ascdate.o
                                         0x50 (size before relaxing)
 .eh_frame      0x00000000001155fc       0x20 binaries/bufinit.o
                                         0x4c (size before relaxing)
 .eh_frame      0x000000000011561c       0x24 binaries/chprio.o
                                         0x50 (size before relaxing)
 .eh_frame      0x0000000000115640       0x24 binaries/clkhandler.o
                                         0x50 (size before relaxing)
 .eh_frame      0x0000000000115664       0x24 binaries/clkinit.o
                                         0x50 (size before relaxing)
 .eh_frame      0x0000000000115688       0x24 binaries/close.o
                                         0x50 (size before relaxing)
 .eh_frame      0x00000000001156ac       0x24 binaries/control.o
                                         0x50 (size before relaxing)
 .eh_frame      0x00000000001156d0       0x48 binaries/create.o
                                         0x88 (size before relaxing)
 .eh_frame      0x0000000000115718       0x90 binaries/evec.o
                                         0xd0 (size before relaxing)
 .eh_frame      0x00000000001157a8       0x24 binaries/exit.o
                                         0x50 (size before relaxing)
 .eh_frame      0x00000000001157cc       0x24 binaries/freebuf.o
                                         0x50 (size before relaxing)
 .eh_frame      0x00000000001157f0       0x24 binaries/freemem.o
                                         0x50 (size before relaxing)
 .eh_frame      0x0000000000115814       0x24 binaries/getbuf.o
                                         0x50 (size before relaxing)
 .eh_frame      0x0000000000115838       0x24 binaries/getc.o
                                         0x50 (size before relaxing)
 .eh_frame      0x000000000011585c       0x24 binaries/getdev.o
                                         0x50 (size before relaxing)
 .eh_frame      0x0000000000115880       0x78 binaries/getitem.o
                                         0xa4 (size before relaxing)
 .eh_frame      0x00000000001158f8       0x24 binaries/getmem.o
                                         0x50 (size before relaxing)
 .eh_frame      0x000000000011591c       0x20 binaries/getpid.o
                                         0x4c (size before relaxing)
 .eh_frame      0x000000000011593c       0x24 binaries/getprio.o
                                         0x50 (size before relaxing)
 .eh_frame      0x0000000000115960       0x24 binaries/getstk.o
                                         0x50 (size before relaxing)
 .eh_frame      0x0000000000115984       0x20 binaries/getticks.o
                                         0x4c (size before relaxing)
 .eh_frame      0x00000000001159a4       0x20 binaries/gettime.o
                                         0x4c (size before relaxing)
 .eh_frame      0x00000000001159c4       0x20 binaries/getutime.o
                                         0x4c (size before relaxing)
 .eh_frame      0x00000000001159e4       0x24 binaries/init.o
                                         0x50 (size before relaxing)
 .eh_frame      0x0000000000115a08       0xa4 binaries/initialize.o
                                         0xe4 (size before relaxing)
 .eh_frame      0x0000000000115aac       0x28 binaries/insert.o
                                         0x54 (size before relaxing)
 .eh_frame      0x0000000000115ad4       0x28 binaries/insertd.o
                                         0x54 (size before relaxing)
 .eh_frame      0x0000000000115afc       0x20 binaries/ioerr.o
                                         0x4c (size before relaxing)
 .eh_frame      0x0000000000115b1c       0x20 binaries/ionull.o
                                         0x4c (size before relaxing)
 .eh_frame      0x0000000000115b3c       0x2c binaries/kill.o
                                         0x58 (size before relaxing)
 .eh_frame      0x0000000000115b68       0x6c binaries/kprintf.o
                                         0xac (size before relaxing)
 .eh_frame      0x0000000000115bd4       0x60 binaries/main.o
                                         0x8c (size before relaxing)
 .eh_frame      0x0000000000115c34       0x48 binaries/mark.o
                                         0x74 (size before relaxing)
 .eh_frame      0x0000000000115c7c       0x24 binaries/mkbufpool.o
                                         0x50 (size before relaxing)
 .eh_frame      0x0000000000115ca0       0x24 binaries/newqueue.o
                                         0x50 (size before relaxing)
 .eh_frame      0x0000000000115cc4       0x24 binaries/open.o
                                         0x50 (size before relaxing)
 .eh_frame      0x0000000000115ce8       0x1c binaries/panic.o
                                         0x48 (size before relaxing)
 .eh_frame      0x0000000000115d04       0x40 binaries/platinit.o
                                         0x6c (size before relaxing)
 .eh_frame      0x0000000000115d44       0x24 binaries/ptclear.o
                                         0x50 (size before relaxing)
 .eh_frame      0x0000000000115d68       0x24 binaries/ptcount.o
                                         0x50 (size before relaxing)
 .eh_frame      0x0000000000115d8c       0x24 binaries/ptcreate.o
                                         0x50 (size before relaxing)
 .eh_frame      0x0000000000115db0       0x24 binaries/ptdelete.o
                                         0x50 (size before relaxing)
 .eh_frame      0x0000000000115dd4       0x24 binaries/ptinit.o
                                         0x50 (size before relaxing)
 .eh_frame      0x0000000000115df8       0x24 binaries/ptrecv.o
                                         0x50 (size before relaxing)
 .eh_frame      0x0000000000115e1c       0x24 binaries/ptreset.o
                                         0x50 (size before relaxing)
 .eh_frame      0x0000000000115e40       0x24 binaries/ptsend.o
                                         0x50 (size before relaxing)
 .eh_frame      0x0000000000115e64       0x24 binaries/putc.o
                                         0x50 (size before relaxing)
 .eh_frame      0x0000000000115e88       0x48 binaries/queue.o
                                         0x88 (size before relaxing)
 .eh_frame      0x0000000000115ed0       0x24 binaries/read.o
                                         0x50 (size before relaxing)
 .eh_frame      0x0000000000115ef4       0x28 binaries/ready.o
                                         0x54 (size before relaxing)
 .eh_frame      0x0000000000115f1c       0x24 binaries/receive.o
                                         0x50 (size before relaxing)
 .eh_frame      0x0000000000115f40       0x24 binaries/recvclr.o
                                         0x50 (size before relaxing)
 .eh_frame      0x0000000000115f64       0x24 binaries/recvtime.o
                                         0x50 (size before relaxing)
 .eh_frame      0x0000000000115f88       0x48 binaries/resched.o
                                         0x88 (size before relaxing)
 .eh_frame      0x0000000000115fd0       0x24 binaries/resume.o
                                         0x50 (size before relaxing)
 .eh_frame      0x0000000000115ff4       0x24 binaries/seek.o
                                         0x50 (size before relaxing)
 .eh_frame      0x0000000000116018       0x24 binaries/semcount.o
                                         0x50 (size before relaxing)
 .eh_frame      0x000000000011603c       0x48 binaries/semcreate.o
                                         0x88 (size before relaxing)
 .eh_frame      0x0000000000116084       0x24 binaries/semdelete.o
                                         0x50 (size before relaxing)
 .eh_frame      0x00000000001160a8       0x24 binaries/semreset.o
                                         0x50 (size before relaxing)
 .eh_frame      0x00000000001160cc       0x24 binaries/send.o
                                         0x50 (size before relaxing)
 .eh_frame      0x00000000001160f0       0x24 binaries/signal.o
                                         0x50 (size before relaxing)
 .eh_frame      0x0000000000116114       0x24 binaries/signaln.o
                                         0x50 (size before relaxing)
 .eh_frame      0x0000000000116138       0x44 binaries/sleep.o
                                         0x84 (size before relaxing)
 .eh_frame      0x000000000011617c       0x24 binaries/stacktrace.o
                                         0x50 (size before relaxing)
 .eh_frame      0x00000000001161a0       0x24 binaries/suspend.o
                                         0x50 (size before relaxing)
 .eh_frame      0x00000000001161c4       0x24 binaries/unsleep.o
                                         0x50 (size before relaxing)
 .eh_frame      0x00000000001161e8       0x24 binaries/userret.o
                                         0x50 (size before relaxing)
 .eh_frame      0x000000000011620c       0x54 binaries/vminit.o
                                         0x94 (size before relaxing)
 .eh_frame      0x0000000000116260       0x24 binaries/wait.o
                                         0x50 (size before relaxing)
 .eh_frame      0x0000000000116284       0x24 binaries/wakeup.o
                                         0x50 (size before relaxing)
 .eh_frame      0x00000000001162a8       0x24 binaries/write.o
                                         0x50 (size before relaxing)
 .eh_frame      0x00000000001162cc       0x24 binaries/xdone.o
                                         0x50 (size before relaxing)
 .eh_frame      0x00000000001162f0       0x24 binaries/yield.o
                                         0x50 (size before relaxing)
 .eh_frame      0x0000000000116314       0x20 binaries/abs.o
                                         0x4c (size before relaxing)
 .eh_frame      0x0000000000116334       0x20 binaries/atoi.o
                                         0x4c (size before relaxing)
 .eh_frame      0x0000000000116354       0x20 binaries/atol.o
                                         0x4c (size before relaxing)
 .eh_frame      0x0000000000116374       0x20 binaries/bzero.o
                                         0x4c (size before relaxing)
 .eh_frame      0x0000000000116394       0xec binaries/doprnt.o
                                        0x140 (size before relaxing)
 .eh_frame      0x0000000000116480       0xc8 binaries/doscan.o
                                         0xf4 (size before relaxing)
 .eh_frame      0x0000000000116548       0xcc binaries/fdoprnt.o
                                        0x10c (size before relaxing)
 .eh_frame      0x0000000000116614       0x24 binaries/fgetc.o
                                         0x50 (size before relaxing)
 .eh_frame      0x0000000000116638       0x24 binaries/fgets.o
                                         0x50 (size before relaxing)
 .eh_frame      0x000000000011665c       0x24 binaries/fprintf.o
                                         0x50 (size before relaxing)
 .eh_frame      0x0000000000116680       0x24 binaries/fputc.o
                                         0x50 (size before relaxing)
 .eh_frame      0x00000000001166a4       0x24 binaries/fputs.o
                                         0x50 (size before relaxing)
 .eh_frame      0x00000000001166c8       0x68 binaries/fscanf.o
                                         0x94 (size before relaxing)
 .eh_frame      0x0000000000116730       0x24 binaries/getchar.o
                                         0x50 (size before relaxing)
 .eh_frame      0x0000000000116754       0x20 binaries/labs.o
                                         0x4c (size before relaxing)
 .eh_frame      0x0000000000116774       0x20 binaries/memcmp.o
                                         0x4c (size before relaxing)
 .eh_frame      0x0000000000116794       0x28 binaries/memcpy.o
                                         0x54 (size before relaxing)
 .eh_frame      0x00000000001167bc       0x24 binaries/memset.o
                                         0x50 (size before relaxing)
 .eh_frame      0x00000000001167e0       0x24 binaries/printf.o
                                         0x50 (size before relaxing)
 .eh_frame      0x0000000000116804       0x24 binaries/putchar.o
                                         0x50 (size before relaxing)
 .eh_frame      0x0000000000116828       0xa4 binaries/qsort.o
                                         0xd0 (size before relaxing)
 .eh_frame      0x00000000001168cc       0x60 binaries/rand.o
                                         0x8c (size before relaxing)
 .eh_frame      0x000000000011692c       0x44 binaries/sprintf.o
                                         0x70 (size before relaxing)
 .eh_frame      0x0000000000116970       0x64 binaries/sscanf.o
                                         0x90 (size before relaxing)
 .eh_frame      0x00000000001169d4       0x20 binaries/strchr.o
                                         0x4c (size before relaxing)
 .eh_frame      0x00000000001169f4       0x20 binaries/strcmp.o
                                         0x4c (size before relaxing)
 .eh_frame      0x0000000000116a14       0x20 binaries/strcpy.o
                                         0x4c (size before relaxing)
 .eh_frame      0x0000000000116a34       0x20 binaries/strlen.o
                                         0x4c (size before relaxing)
 .eh_frame      0x0000000000116a54       0x20 binaries/strncat.o
                                         0x4c (size before relaxing)
 .eh_frame      0x0000000000116a74       0x20 binaries/strncmp.o
                                         0x4c (size before relaxing)
 .eh_frame      0x0000000000116a94       0x28 binaries/strncpy.o
                                         0x54 (size before relaxing)
 .eh_frame      0x0000000000116abc       0x20 binaries/strnlen.o
                                         0x4c (size before relaxing)
 .eh_frame      0x0000000000116adc       0x20 binaries/strrchr.o
                                         0x4c (size before relaxing)
 .eh_frame      0x0000000000116afc       0x20 binaries/strstr.o
                                         0x4c (size before relaxing)
 .eh_frame      0x0000000000116b1c       0x24 binaries/ttycontrol.o
                                         0x50 (size before relaxing)
 .eh_frame      0x0000000000116b40       0x24 binaries/ttygetc.o
                                         0x50 (size before relaxing)
 .eh_frame      0x0000000000116b64       0x88 binaries/ttyhandle_in.o
                                         0xdc (size before relaxing)
 .eh_frame      0x0000000000116bec       0x24 binaries/ttyhandle_out.o
                                         0x50 (size before relaxing)
 .eh_frame      0x0000000000116c10       0x24 binaries/ttyhandler.o
                                         0x50 (size before relaxing)
 .eh_frame      0x0000000000116c34       0x24 binaries/ttyinit.o
                                         0x50 (size before relaxing)
 .eh_frame      0x0000000000116c58       0x24 binaries/ttykickout.o
                                         0x50 (size before relaxing)
 .eh_frame      0x0000000000116c7c       0x24 binaries/ttyputc.o
                                         0x50 (size before relaxing)
 .eh_frame      0x0000000000116ca0       0x24 binaries/ttyread.o
                                         0x50 (size before relaxing)
 .eh_frame      0x0000000000116cc4       0x24 binaries/ttywrite.o
                                         0x50 (size before relaxing)
 .eh_frame      0x0000000000116ce8       0x44 binaries/mount.o
                                         0x84 (size before relaxing)
 .eh_frame      0x0000000000116d2c       0x24 binaries/naminit.o
                                         0x50 (size before relaxing)
 .eh_frame      0x0000000000116d50       0x68 binaries/nammap.o
                                         0xa8 (size before relaxing)
 .eh_frame      0x0000000000116db8       0x24 binaries/namopen.o
                                         0x50 (size before relaxing)
 .eh_frame      0x0000000000116ddc       0x20 binaries/ramclose.o
                                         0x4c (size before relaxing)
 .eh_frame      0x0000000000116dfc       0x24 binaries/raminit.o
                                         0x50 (size before relaxing)
 .eh_frame      0x0000000000116e20       0x20 binaries/ramopen.o
                                         0x4c (size before relaxing)
 .eh_frame      0x0000000000116e40       0x24 binaries/ramread.o
                                         0x50 (size before relaxing)
 .eh_frame      0x0000000000116e64       0x24 binaries/ramwrite.o
                                         0x50 (size before relaxing)
 .eh_frame      0x0000000000116e88       0x24 binaries/lfdballoc.o
                                         0x50 (size before relaxing)
 .eh_frame      0x0000000000116eac       0x24 binaries/lfdbfree.o
                                         0x50 (size before relaxing)
 .eh_frame      0x0000000000116ed0       0x24 binaries/lfflush.o
                                         0x50 (size before relaxing)
 .eh_frame      0x0000000000116ef4       0x20 binaries/lfgetmode.o
                                         0x4c (size before relaxing)
 .eh_frame      0x0000000000116f14       0x24 binaries/lfiballoc.o
                                         0x50 (size before relaxing)
 .eh_frame      0x0000000000116f38       0x20 binaries/lfibclear.o
                                         0x4c (size before relaxing)
 .eh_frame      0x0000000000116f58       0x24 binaries/lfibget.o
                                         0x50 (size before relaxing)
 .eh_frame      0x0000000000116f7c       0x24 binaries/lfibput.o
                                         0x50 (size before relaxing)
 .eh_frame      0x0000000000116fa0       0x24 binaries/lflclose.o
                                         0x50 (size before relaxing)
 .eh_frame      0x0000000000116fc4       0x24 binaries/lflcontrol.o
                                         0x50 (size before relaxing)
 .eh_frame      0x0000000000116fe8       0x24 binaries/lflgetc.o
                                         0x50 (size before relaxing)
 .eh_frame      0x000000000011700c       0x24 binaries/lflinit.o
                                         0x50 (size before relaxing)
 .eh_frame      0x0000000000117030       0x24 binaries/lflputc.o
                                         0x50 (size before relaxing)
 .eh_frame      0x0000000000117054       0x24 binaries/lflread.o
                                         0x50 (size before relaxing)
 .eh_frame      0x0000000000117078       0x24 binaries/lflseek.o
                                         0x50 (size before relaxing)
 .eh_frame      0x000000000011709c       0x24 binaries/lflwrite.o
                                         0x50 (size before relaxing)
 .eh_frame      0x00000000001170c0       0x20 binaries/lfscheck.o
                                         0x4c (size before relaxing)
 .eh_frame      0x00000000001170e0       0x24 binaries/lfsckfmt.o
                                         0x50 (size before relaxing)
 .eh_frame      0x0000000000117104       0x24 binaries/lfscreate.o
                                         0x50 (size before relaxing)
 .eh_frame      0x0000000000117128       0x24 binaries/lfsetup.o
                                         0x50 (size before relaxing)
 .eh_frame      0x000000000011714c       0x24 binaries/lfsinit.o
                                         0x50 (size before relaxing)
 .eh_frame      0x0000000000117170       0x24 binaries/lfsopen.o
                                         0x50 (size before relaxing)
 .eh_frame      0x0000000000117194       0x24 binaries/lftruncate.o
                                         0x50 (size before relaxing)
 .eh_frame      0x00000000001171b8       0xa0 binaries/Lab5_kbdcontrol.o
                                         0xe0 (size before relaxing)
 .eh_frame      0x0000000000117258       0x88 binaries/Lab5_kbdcursor.o
                                         0xc8 (size before relaxing)
 .eh_frame      0x00000000001172e0       0x24 binaries/Lab5_kbdgetc.o
                                         0x50 (size before relaxing)
 .eh_frame      0x0000000000117304       0x24 binaries/Lab5_kbdhandler.o
                                         0x50 (size before relaxing)
 .eh_frame      0x0000000000117328       0x24 binaries/Lab5_kbdputc.o
                                         0x50 (size before relaxing)
 .eh_frame      0x000000000011734c       0x24 binaries/Lab5_kbdread.o
                                         0x50 (size before relaxing)
 .eh_frame      0x0000000000117370       0x24 binaries/Lab5_kdbinit.o
                                         0x50 (size before relaxing)
 .eh_frame      0x0000000000117394       0x48 binaries/addargs.o
                                         0x88 (size before relaxing)
 .eh_frame      0x00000000001173dc       0x20 binaries/lexan.o
                                         0x4c (size before relaxing)
 .eh_frame      0x00000000001173fc       0x2c binaries/shell.o
                                         0x58 (size before relaxing)
 .eh_frame      0x0000000000117428       0x24 binaries/xsh_argecho.o
                                         0x50 (size before relaxing)
 .eh_frame      0x000000000011744c       0x2c binaries/xsh_cat.o
                                         0x58 (size before relaxing)
 .eh_frame      0x0000000000117478       0x28 binaries/xsh_clear.o
                                         0x54 (size before relaxing)
 .eh_frame      0x00000000001174a0       0x2c binaries/xsh_date.o
                                         0x58 (size before relaxing)
 .eh_frame      0x00000000001174cc       0x24 binaries/xsh_devdump.o
                                         0x50 (size before relaxing)
 .eh_frame      0x00000000001174f0       0x24 binaries/xsh_echo.o
                                         0x50 (size before relaxing)
 .eh_frame      0x0000000000117514       0x20 binaries/xsh_exit.o
                                         0x4c (size before relaxing)
 .eh_frame      0x0000000000117534       0x2c binaries/xsh_help.o
                                         0x58 (size before relaxing)
 .eh_frame      0x0000000000117560       0x2c binaries/xsh_kill.o
                                         0x58 (size before relaxing)
 .eh_frame      0x000000000011758c       0xe8 binaries/xsh_lab2.o
                                        0x114 (size before relaxing)
 .eh_frame      0x0000000000117674       0xb4 binaries/xsh_lab3.o
                                         0xf4 (size before relaxing)
 .eh_frame      0x0000000000117728       0x24 binaries/xsh_lab4.o
                                         0x50 (size before relaxing)
 .eh_frame      0x000000000011774c       0x24 binaries/xsh_lab5.o
                                         0x50 (size before relaxing)
 .eh_frame      0x0000000000117770       0x4c binaries/xsh_memdump.o
                                         0x8c (size before relaxing)
 .eh_frame      0x00000000001177bc       0x74 binaries/xsh_memstat.o
                                         0xa0 (size before relaxing)
 .eh_frame      0x0000000000117830       0x30 binaries/xsh_ps.o
                                         0x5c (size before relaxing)
 .eh_frame      0x0000000000117860       0x2c binaries/xsh_sleep.o
                                         0x58 (size before relaxing)
 .eh_frame      0x000000000011788c       0x2c binaries/xsh_uptime.o
                                         0x58 (size before relaxing)

.iplt           0x00000000001178b8        0x0
 .iplt          0x00000000001178b8        0x0 binaries/start.o

.rel.dyn        0x00000000001178b8        0x0
 .rel.got       0x00000000001178b8        0x0 binaries/start.o
 .rel.iplt      0x00000000001178b8        0x0 binaries/start.o
 .rel.text      0x00000000001178b8        0x0 binaries/start.o

.data           0x00000000001178c0    0x33740
                0x00000000001178c0                data = ABSOLUTE (.)
 *(.data .data.*)
 .data          0x00000000001178c0      0x85e binaries/start.o
                0x00000000001178c0                gdt
                0x0000000000117910                idt
                0x0000000000118116                kpgdir
                0x000000000011811a                cpudelay
 *fill*         0x000000000011811e        0x2 
 .data          0x0000000000118120      0x506 binaries/Lab4_alloc_free.o
 *fill*         0x0000000000118626       0x1a 
 .data          0x0000000000118640      0x506 binaries/Lab4_do_stk_expend.o
 *fill*         0x0000000000118b46       0x1a 
 .data          0x0000000000118b60      0x506 binaries/Lab4_fillpgentry.o
 *fill*         0x0000000000119066       0x1a 
 .data          0x0000000000119080      0x506 binaries/Lab4_getheap.o
 *fill*         0x0000000000119586       0x1a 
 .data          0x00000000001195a0      0x506 binaries/Lab4_invlpg.o
 *fill*         0x0000000000119aa6       0x1a 
 .data          0x0000000000119ac0      0x506 binaries/Lab4_log2ph.o
 *fill*         0x0000000000119fc6       0x1a 
 .data          0x0000000000119fe0      0x506 binaries/Lab4_memlib.o
 *fill*         0x000000000011a4e6       0x1a 
 .data          0x000000000011a500      0x506 binaries/Lab4_memory_pools.o
 *fill*         0x000000000011aa06       0x1a 
 .data          0x000000000011aa20      0x506 binaries/ascdate.o
 *fill*         0x000000000011af26       0x1a 
 .data.rel.local
                0x000000000011af40       0x88 binaries/ascdate.o
                0x000000000011af40                Date
 *fill*         0x000000000011afc8       0x18 
 .data          0x000000000011afe0      0x506 binaries/bufinit.o
 *fill*         0x000000000011b4e6       0x1a 
 .data          0x000000000011b500      0x506 binaries/chprio.o
 *fill*         0x000000000011ba06       0x1a 
 .data          0x000000000011ba20      0x506 binaries/clkhandler.o
 *fill*         0x000000000011bf26       0x1a 
 .data          0x000000000011bf40      0x506 binaries/clkinit.o
 *fill*         0x000000000011c446       0x1a 
 .data          0x000000000011c460      0x506 binaries/close.o
 *fill*         0x000000000011c966       0x1a 
 .data          0x000000000011c980      0x506 binaries/conf.o
 *fill*         0x000000000011ce86       0x1a 
 .data.rel      0x000000000011cea0      0x294 binaries/conf.o
                0x000000000011cea0                devtab
 *fill*         0x000000000011d134        0xc 
 .data          0x000000000011d140      0x506 binaries/control.o
 *fill*         0x000000000011d646       0x1a 
 .data          0x000000000011d660      0x50c binaries/create.o
 *fill*         0x000000000011db6c       0x14 
 .data          0x000000000011db80      0x506 binaries/evec.o
 *fill*         0x000000000011e086       0x1a 
 .data.rel.local
                0x000000000011e0a0       0x40 binaries/evec.o
                0x000000000011e0a0                inames
 .data          0x000000000011e0e0      0x506 binaries/exit.o
 *fill*         0x000000000011e5e6       0x1a 
 .data          0x000000000011e600      0x506 binaries/freebuf.o
 *fill*         0x000000000011eb06       0x1a 
 .data          0x000000000011eb20      0x506 binaries/freemem.o
 *fill*         0x000000000011f026       0x1a 
 .data          0x000000000011f040      0x506 binaries/getbuf.o
 *fill*         0x000000000011f546       0x1a 
 .data          0x000000000011f560      0x506 binaries/getc.o
 *fill*         0x000000000011fa66       0x1a 
 .data          0x000000000011fa80      0x506 binaries/getdev.o
 *fill*         0x000000000011ff86       0x1a 
 .data          0x000000000011ffa0      0x506 binaries/getitem.o
 *fill*         0x00000000001204a6       0x1a 
 .data          0x00000000001204c0      0x506 binaries/getmem.o
 *fill*         0x00000000001209c6       0x1a 
 .data          0x00000000001209e0      0x506 binaries/getpid.o
 *fill*         0x0000000000120ee6       0x1a 
 .data          0x0000000000120f00      0x506 binaries/getprio.o
 *fill*         0x0000000000121406       0x1a 
 .data          0x0000000000121420      0x506 binaries/getstk.o
 *fill*         0x0000000000121926       0x1a 
 .data          0x0000000000121940      0x506 binaries/getticks.o
 *fill*         0x0000000000121e46       0x1a 
 .data          0x0000000000121e60      0x506 binaries/gettime.o
 *fill*         0x0000000000122366       0x1a 
 .data          0x0000000000122380      0x506 binaries/getutime.o
 *fill*         0x0000000000122886       0x1a 
 .data          0x00000000001228a0      0x506 binaries/init.o
 *fill*         0x0000000000122da6       0x1a 
 .data          0x0000000000122dc0      0x506 binaries/initialize.o
 *fill*         0x00000000001232c6       0x1a 
 .data          0x00000000001232e0      0x506 binaries/insert.o
 *fill*         0x00000000001237e6       0x1a 
 .data          0x0000000000123800      0x506 binaries/insertd.o
 *fill*         0x0000000000123d06       0x1a 
 .data          0x0000000000123d20      0x506 binaries/ioerr.o
 *fill*         0x0000000000124226       0x1a 
 .data          0x0000000000124240      0x506 binaries/ionull.o
 *fill*         0x0000000000124746       0x1a 
 .data          0x0000000000124760      0x506 binaries/kill.o
 *fill*         0x0000000000124c66       0x1a 
 .data          0x0000000000124c80      0x506 binaries/kprintf.o
 *fill*         0x0000000000125186       0x1a 
 .data          0x00000000001251a0      0x506 binaries/main.o
 *fill*         0x00000000001256a6       0x1a 
 .data          0x00000000001256c0      0x506 binaries/mark.o
 *fill*         0x0000000000125bc6       0x1a 
 .data          0x0000000000125be0      0x506 binaries/mkbufpool.o
 *fill*         0x00000000001260e6       0x1a 
 .data          0x0000000000126100      0x508 binaries/newqueue.o
 *fill*         0x0000000000126608       0x18 
 .data          0x0000000000126620      0x506 binaries/open.o
 *fill*         0x0000000000126b26       0x1a 
 .data          0x0000000000126b40      0x506 binaries/panic.o
 *fill*         0x0000000000127046       0x1a 
 .data          0x0000000000127060      0x506 binaries/platinit.o
 *fill*         0x0000000000127566       0x1a 
 .data          0x0000000000127580      0x506 binaries/ptclear.o
 *fill*         0x0000000000127a86       0x1a 
 .data          0x0000000000127aa0      0x506 binaries/ptcount.o
 *fill*         0x0000000000127fa6       0x1a 
 .data          0x0000000000127fc0      0x506 binaries/ptcreate.o
 *fill*         0x00000000001284c6       0x1a 
 .data          0x00000000001284e0      0x506 binaries/ptdelete.o
 *fill*         0x00000000001289e6       0x1a 
 .data          0x0000000000128a00      0x506 binaries/ptinit.o
 *fill*         0x0000000000128f06       0x1a 
 .data          0x0000000000128f20      0x506 binaries/ptrecv.o
 *fill*         0x0000000000129426       0x1a 
 .data          0x0000000000129440      0x506 binaries/ptreset.o
 *fill*         0x0000000000129946       0x1a 
 .data          0x0000000000129960      0x506 binaries/ptsend.o
 *fill*         0x0000000000129e66       0x1a 
 .data          0x0000000000129e80      0x506 binaries/putc.o
 *fill*         0x000000000012a386       0x1a 
 .data          0x000000000012a3a0      0x506 binaries/queue.o
 *fill*         0x000000000012a8a6       0x1a 
 .data          0x000000000012a8c0      0x506 binaries/read.o
 *fill*         0x000000000012adc6       0x1a 
 .data          0x000000000012ade0      0x506 binaries/ready.o
 *fill*         0x000000000012b2e6       0x1a 
 .data          0x000000000012b300      0x506 binaries/receive.o
 *fill*         0x000000000012b806       0x1a 
 .data          0x000000000012b820      0x506 binaries/recvclr.o
 *fill*         0x000000000012bd26       0x1a 
 .data          0x000000000012bd40      0x506 binaries/recvtime.o
 *fill*         0x000000000012c246       0x1a 
 .data          0x000000000012c260      0x506 binaries/resched.o
 *fill*         0x000000000012c766       0x1a 
 .data          0x000000000012c780      0x506 binaries/resume.o
 *fill*         0x000000000012cc86       0x1a 
 .data          0x000000000012cca0      0x506 binaries/seek.o
 *fill*         0x000000000012d1a6       0x1a 
 .data          0x000000000012d1c0      0x506 binaries/semcount.o
 *fill*         0x000000000012d6c6       0x1a 
 .data          0x000000000012d6e0      0x506 binaries/semcreate.o
 *fill*         0x000000000012dbe6       0x1a 
 .data          0x000000000012dc00      0x506 binaries/semdelete.o
 *fill*         0x000000000012e106       0x1a 
 .data          0x000000000012e120      0x506 binaries/semreset.o
 *fill*         0x000000000012e626       0x1a 
 .data          0x000000000012e640      0x506 binaries/send.o
 *fill*         0x000000000012eb46       0x1a 
 .data          0x000000000012eb60      0x506 binaries/signal.o
 *fill*         0x000000000012f066       0x1a 
 .data          0x000000000012f080      0x506 binaries/signaln.o
 *fill*         0x000000000012f586       0x1a 
 .data          0x000000000012f5a0      0x506 binaries/sleep.o
 *fill*         0x000000000012faa6       0x1a 
 .data          0x000000000012fac0      0x506 binaries/stacktrace.o
 *fill*         0x000000000012ffc6       0x1a 
 .data          0x000000000012ffe0      0x506 binaries/suspend.o
 *fill*         0x00000000001304e6       0x1a 
 .data          0x0000000000130500      0x506 binaries/unsleep.o
 *fill*         0x0000000000130a06       0x1a 
 .data          0x0000000000130a20      0x506 binaries/userret.o
 *fill*         0x0000000000130f26       0x1a 
 .data          0x0000000000130f40      0x564 binaries/vminit.o
                0x0000000000131448                bootsign
                0x000000000013144c                bootinfo
                0x0000000000131460                gdt_copy
                0x00000000001314a0                pgdir
 *fill*         0x00000000001314a4       0x1c 
 .data          0x00000000001314c0      0x506 binaries/wait.o
 *fill*         0x00000000001319c6       0x1a 
 .data          0x00000000001319e0      0x506 binaries/wakeup.o
 *fill*         0x0000000000131ee6       0x1a 
 .data          0x0000000000131f00      0x506 binaries/write.o
 *fill*         0x0000000000132406       0x1a 
 .data          0x0000000000132420      0x506 binaries/xdone.o
 *fill*         0x0000000000132926       0x1a 
 .data          0x0000000000132940      0x506 binaries/yield.o
 .data          0x0000000000132e46        0x0 binaries/abs.o
 .data          0x0000000000132e46        0x0 binaries/atoi.o
 .data          0x0000000000132e46        0x0 binaries/atol.o
 .data          0x0000000000132e46        0x0 binaries/bzero.o
 .data          0x0000000000132e46        0x0 binaries/ctype_.o
 .data          0x0000000000132e46        0x0 binaries/doprnt.o
 *fill*         0x0000000000132e46       0x1a 
 .data          0x0000000000132e60       0x80 binaries/doscan.o
                0x0000000000132e60                _sctab
 .data          0x0000000000132ee0        0x0 binaries/fdoprnt.o
 .data          0x0000000000132ee0        0x0 binaries/fgetc.o
 .data          0x0000000000132ee0        0x0 binaries/fgets.o
 .data          0x0000000000132ee0      0x506 binaries/fprintf.o
 .data          0x00000000001333e6        0x0 binaries/fputc.o
 .data          0x00000000001333e6        0x0 binaries/fputs.o
 .data          0x00000000001333e6        0x0 binaries/fscanf.o
 *fill*         0x00000000001333e6       0x1a 
 .data          0x0000000000133400      0x506 binaries/getchar.o
 .data          0x0000000000133906        0x0 binaries/labs.o
 .data          0x0000000000133906        0x0 binaries/memchr.o
 .data          0x0000000000133906        0x0 binaries/memcmp.o
 .data          0x0000000000133906        0x0 binaries/memcpy.o
 .data          0x0000000000133906        0x0 binaries/memset.o
 *fill*         0x0000000000133906       0x1a 
 .data          0x0000000000133920      0x506 binaries/printf.o
 *fill*         0x0000000000133e26       0x1a 
 .data          0x0000000000133e40      0x506 binaries/putchar.o
 .data          0x0000000000134346        0x0 binaries/qsort.o
 *fill*         0x0000000000134346        0x2 
 .data          0x0000000000134348        0x4 binaries/rand.o
 .data          0x000000000013434c        0x0 binaries/sprintf.o
 .data          0x000000000013434c        0x0 binaries/sscanf.o
 .data          0x000000000013434c        0x0 binaries/strchr.o
 .data          0x000000000013434c        0x0 binaries/strcmp.o
 .data          0x000000000013434c        0x0 binaries/strcpy.o
 .data          0x000000000013434c        0x0 binaries/strlen.o
 .data          0x000000000013434c        0x0 binaries/strncat.o
 .data          0x000000000013434c        0x0 binaries/strncmp.o
 .data          0x000000000013434c        0x0 binaries/strncpy.o
 .data          0x000000000013434c        0x0 binaries/strnlen.o
 .data          0x000000000013434c        0x0 binaries/strrchr.o
 .data          0x000000000013434c        0x0 binaries/strstr.o
 *fill*         0x000000000013434c       0x14 
 .data          0x0000000000134360      0x506 binaries/ttycontrol.o
 *fill*         0x0000000000134866       0x1a 
 .data          0x0000000000134880      0x506 binaries/ttygetc.o
 *fill*         0x0000000000134d86       0x1a 
 .data          0x0000000000134da0      0x506 binaries/ttyhandle_in.o
 *fill*         0x00000000001352a6       0x1a 
 .data          0x00000000001352c0      0x506 binaries/ttyhandle_out.o
 *fill*         0x00000000001357c6       0x1a 
 .data          0x00000000001357e0      0x506 binaries/ttyhandler.o
 *fill*         0x0000000000135ce6       0x1a 
 .data          0x0000000000135d00      0x506 binaries/ttyinit.o
 *fill*         0x0000000000136206       0x1a 
 .data          0x0000000000136220      0x506 binaries/ttykickout.o
 *fill*         0x0000000000136726       0x1a 
 .data          0x0000000000136740      0x506 binaries/ttyputc.o
 *fill*         0x0000000000136c46       0x1a 
 .data          0x0000000000136c60      0x506 binaries/ttyread.o
 *fill*         0x0000000000137166       0x1a 
 .data          0x0000000000137180      0x506 binaries/ttywrite.o
 *fill*         0x0000000000137686       0x1a 
 .data          0x00000000001376a0      0x506 binaries/mount.o
 *fill*         0x0000000000137ba6       0x1a 
 .data          0x0000000000137bc0      0x506 binaries/naminit.o
 *fill*         0x00000000001380c6       0x1a 
 .data          0x00000000001380e0      0x506 binaries/nammap.o
 *fill*         0x00000000001385e6       0x1a 
 .data          0x0000000000138600      0x506 binaries/namopen.o
 *fill*         0x0000000000138b06       0x1a 
 .data          0x0000000000138b20      0x506 binaries/ramclose.o
 *fill*         0x0000000000139026       0x1a 
 .data          0x0000000000139040      0x506 binaries/raminit.o
 *fill*         0x0000000000139546       0x1a 
 .data          0x0000000000139560      0x506 binaries/ramopen.o
 *fill*         0x0000000000139a66       0x1a 
 .data          0x0000000000139a80      0x506 binaries/ramread.o
 *fill*         0x0000000000139f86       0x1a 
 .data          0x0000000000139fa0      0x506 binaries/ramwrite.o
 *fill*         0x000000000013a4a6       0x1a 
 .data          0x000000000013a4c0      0x506 binaries/lfdballoc.o
 *fill*         0x000000000013a9c6       0x1a 
 .data          0x000000000013a9e0      0x506 binaries/lfdbfree.o
 *fill*         0x000000000013aee6       0x1a 
 .data          0x000000000013af00      0x506 binaries/lfflush.o
 *fill*         0x000000000013b406       0x1a 
 .data          0x000000000013b420      0x506 binaries/lfgetmode.o
 *fill*         0x000000000013b926       0x1a 
 .data          0x000000000013b940      0x506 binaries/lfiballoc.o
 *fill*         0x000000000013be46       0x1a 
 .data          0x000000000013be60      0x506 binaries/lfibclear.o
 *fill*         0x000000000013c366       0x1a 
 .data          0x000000000013c380      0x506 binaries/lfibget.o
 *fill*         0x000000000013c886       0x1a 
 .data          0x000000000013c8a0      0x506 binaries/lfibput.o
 *fill*         0x000000000013cda6       0x1a 
 .data          0x000000000013cdc0      0x506 binaries/lflclose.o
 *fill*         0x000000000013d2c6       0x1a 
 .data          0x000000000013d2e0      0x506 binaries/lflcontrol.o
 *fill*         0x000000000013d7e6       0x1a 
 .data          0x000000000013d800      0x506 binaries/lflgetc.o
 *fill*         0x000000000013dd06       0x1a 
 .data          0x000000000013dd20      0x506 binaries/lflinit.o
 *fill*         0x000000000013e226       0x1a 
 .data          0x000000000013e240      0x506 binaries/lflputc.o
 *fill*         0x000000000013e746       0x1a 
 .data          0x000000000013e760      0x506 binaries/lflread.o
 *fill*         0x000000000013ec66       0x1a 
 .data          0x000000000013ec80      0x506 binaries/lflseek.o
 *fill*         0x000000000013f186       0x1a 
 .data          0x000000000013f1a0      0x506 binaries/lflwrite.o
 *fill*         0x000000000013f6a6       0x1a 
 .data          0x000000000013f6c0      0x506 binaries/lfscheck.o
 *fill*         0x000000000013fbc6       0x1a 
 .data          0x000000000013fbe0      0x506 binaries/lfsckfmt.o
 *fill*         0x00000000001400e6       0x1a 
 .data          0x0000000000140100      0x506 binaries/lfscreate.o
 *fill*         0x0000000000140606       0x1a 
 .data          0x0000000000140620      0x506 binaries/lfsetup.o
 *fill*         0x0000000000140b26       0x1a 
 .data          0x0000000000140b40      0x506 binaries/lfsinit.o
 *fill*         0x0000000000141046       0x1a 
 .data          0x0000000000141060      0x506 binaries/lfsopen.o
 *fill*         0x0000000000141566       0x1a 
 .data          0x0000000000141580      0x506 binaries/lftruncate.o
 *fill*         0x0000000000141a86       0x1a 
 .data          0x0000000000141aa0      0x518 binaries/Lab5_kbdcontrol.o
 .data.rel.local
                0x0000000000141fb8        0x4 binaries/Lab5_kbdcontrol.o
 *fill*         0x0000000000141fbc        0x4 
 .data          0x0000000000141fc0      0x506 binaries/Lab5_kbdcursor.o
 *fill*         0x00000000001424c6       0x1a 
 .data          0x00000000001424e0      0x506 binaries/Lab5_kbdgetc.o
 *fill*         0x00000000001429e6       0x1a 
 .data          0x0000000000142a00      0x506 binaries/Lab5_kbdhandler.o
 *fill*         0x0000000000142f06        0x2 
 .data.rel.local
                0x0000000000142f08       0x10 binaries/Lab5_kbdhandler.o
 *fill*         0x0000000000142f18        0x8 
 .data          0x0000000000142f20      0x506 binaries/Lab5_kbdputc.o
 *fill*         0x0000000000143426       0x1a 
 .data          0x0000000000143440      0x506 binaries/Lab5_kbdread.o
 *fill*         0x0000000000143946       0x1a 
 .data          0x0000000000143960      0x506 binaries/Lab5_kdbinit.o
 *fill*         0x0000000000143e66       0x1a 
 .data          0x0000000000143e80      0x506 binaries/addargs.o
 *fill*         0x0000000000144386       0x1a 
 .data          0x00000000001443a0      0x506 binaries/lexan.o
 *fill*         0x00000000001448a6       0x1a 
 .data          0x00000000001448c0      0x50c binaries/shell.o
                0x0000000000144dc8                ncmd
 *fill*         0x0000000000144dcc       0x14 
 .data.rel.ro   0x0000000000144de0       0xe4 binaries/shell.o
                0x0000000000144de0                cmdtab
 *fill*         0x0000000000144ec4       0x1c 
 .data          0x0000000000144ee0      0x506 binaries/xsh_argecho.o
 *fill*         0x00000000001453e6       0x1a 
 .data          0x0000000000145400      0x506 binaries/xsh_cat.o
 *fill*         0x0000000000145906       0x1a 
 .data          0x0000000000145920      0x506 binaries/xsh_clear.o
 *fill*         0x0000000000145e26       0x1a 
 .data          0x0000000000145e40      0x506 binaries/xsh_date.o
 *fill*         0x0000000000146346       0x1a 
 .data          0x0000000000146360      0x506 binaries/xsh_devdump.o
 *fill*         0x0000000000146866       0x1a 
 .data          0x0000000000146880      0x506 binaries/xsh_echo.o
 *fill*         0x0000000000146d86       0x1a 
 .data          0x0000000000146da0      0x506 binaries/xsh_exit.o
 *fill*         0x00000000001472a6       0x1a 
 .data          0x00000000001472c0      0x506 binaries/xsh_help.o
 *fill*         0x00000000001477c6       0x1a 
 .data          0x00000000001477e0      0x506 binaries/xsh_kill.o
 *fill*         0x0000000000147ce6       0x1a 
 .data          0x0000000000147d00      0x506 binaries/xsh_lab2.o
 *fill*         0x0000000000148206       0x1a 
 .data          0x0000000000148220      0x506 binaries/xsh_lab3.o
 *fill*         0x0000000000148726       0x1a 
 .data          0x0000000000148740      0x506 binaries/xsh_lab4.o
 *fill*         0x0000000000148c46       0x1a 
 .data          0x0000000000148c60      0x506 binaries/xsh_lab5.o
 *fill*         0x0000000000149166       0x1a 
 .data          0x0000000000149180      0x506 binaries/xsh_memdump.o
 *fill*         0x0000000000149686       0x1a 
 .data          0x00000000001496a0      0x506 binaries/xsh_memstat.o
 *fill*         0x0000000000149ba6       0x1a 
 .data          0x0000000000149bc0      0x540 binaries/xsh_ps.o
 .data          0x000000000014a100      0x506 binaries/xsh_sleep.o
 *fill*         0x000000000014a606       0x1a 
 .data          0x000000000014a620      0x506 binaries/xsh_uptime.o
 .data          0x000000000014ab26        0x0 binaries/Lab3_create.o
 .data          0x000000000014ab26        0x0 binaries/Lab3_fprintf.o
 .data          0x000000000014ab26        0x0 binaries/Lab3_ltss.o
 .data          0x000000000014ab26        0x0 binaries/Lab3_printf.o
 .data          0x000000000014ab26        0x0 binaries/Lab3_read.o
 .data          0x000000000014ab26        0x0 binaries/Lab3_receive.o
 .data          0x000000000014ab26        0x0 binaries/Lab3_recvclr.o
 .data          0x000000000014ab26        0x0 binaries/Lab3_resume.o
 .data          0x000000000014ab26        0x0 binaries/Lab3_ret_k2u.o
 .data          0x000000000014ab26        0x0 binaries/Lab3_ret_u2k.o
 .data          0x000000000014ab26        0x0 binaries/Lab3_sleep.o
 .data          0x000000000014ab26        0x0 binaries/Lab3_sleepms.o
 .data          0x000000000014ab26        0x0 binaries/Lab4_addargs.o
 .data          0x000000000014ab26        0x0 binaries/Lab4_malloc_free.o
 .data          0x000000000014ab26        0x0 binaries/clkdisp.o
 .data          0x000000000014ab26        0x0 binaries/ctxsw.o
 .data          0x000000000014ab26        0x0 binaries/intr.o
                0x000000000014ab26                _saveint
 .data          0x000000000014ab26        0x0 binaries/ttydispatch.o
 .data          0x000000000014ab26        0x0 binaries/Lab5_kbddispatch.o
                0x000000000014ab26                edata = ABSOLUTE (.)
                0x000000000014b000                . = ALIGN (0x1000)
 *fill*         0x000000000014ab26      0x4da 

.got            0x000000000014b000        0x0
 .got           0x000000000014b000        0x0 binaries/start.o

.got.plt        0x000000000014b000        0xc
 .got.plt       0x000000000014b000        0xc binaries/start.o
                0x000000000014b000                _GLOBAL_OFFSET_TABLE_

.igot.plt       0x000000000014b00c        0x0
 .igot.plt      0x000000000014b00c        0x0 binaries/start.o

.bss            0x000000000014b020    0x1efe0
                0x000000000014b020                bss = ABSOLUTE (.)
 *(.bss .bss.*)
 .bss           0x000000000014b020        0x0 binaries/start.o
 .bss           0x000000000014b020        0x0 binaries/Lab4_alloc_free.o
 .bss           0x000000000014b020        0x0 binaries/Lab4_do_stk_expend.o
 .bss           0x000000000014b020        0x0 binaries/Lab4_fillpgentry.o
 .bss           0x000000000014b020        0x0 binaries/Lab4_getheap.o
 .bss           0x000000000014b020        0x0 binaries/Lab4_invlpg.o
 .bss           0x000000000014b020        0x0 binaries/Lab4_log2ph.o
 .bss           0x000000000014b020        0xc binaries/Lab4_memlib.o
 .bss           0x000000000014b02c        0x0 binaries/Lab4_memory_pools.o
 .bss           0x000000000014b02c        0x0 binaries/ascdate.o
 .bss           0x000000000014b02c        0x0 binaries/bufinit.o
 .bss           0x000000000014b02c        0x0 binaries/chprio.o
 .bss           0x000000000014b02c        0x0 binaries/clkhandler.o
 .bss           0x000000000014b02c        0x0 binaries/clkinit.o
 .bss           0x000000000014b02c        0x0 binaries/close.o
 .bss           0x000000000014b02c        0x0 binaries/conf.o
 .bss           0x000000000014b02c        0x0 binaries/control.o
 .bss           0x000000000014b02c        0x0 binaries/create.o
 .bss           0x000000000014b02c        0x0 binaries/evec.o
 .bss           0x000000000014b02c        0x0 binaries/exit.o
 .bss           0x000000000014b02c        0x0 binaries/freebuf.o
 .bss           0x000000000014b02c        0x0 binaries/freemem.o
 .bss           0x000000000014b02c        0x0 binaries/getbuf.o
 .bss           0x000000000014b02c        0x0 binaries/getc.o
 .bss           0x000000000014b02c        0x0 binaries/getdev.o
 .bss           0x000000000014b02c        0x0 binaries/getitem.o
 .bss           0x000000000014b02c        0x0 binaries/getmem.o
 .bss           0x000000000014b02c        0x0 binaries/getpid.o
 .bss           0x000000000014b02c        0x0 binaries/getprio.o
 .bss           0x000000000014b02c        0x0 binaries/getstk.o
 .bss           0x000000000014b02c        0x0 binaries/getticks.o
 .bss           0x000000000014b02c        0x0 binaries/gettime.o
 .bss           0x000000000014b02c        0x0 binaries/getutime.o
 .bss           0x000000000014b02c        0x0 binaries/init.o
 .bss           0x000000000014b02c        0x0 binaries/initialize.o
 .bss           0x000000000014b02c        0x0 binaries/insert.o
 .bss           0x000000000014b02c        0x0 binaries/insertd.o
 .bss           0x000000000014b02c        0x0 binaries/ioerr.o
 .bss           0x000000000014b02c        0x0 binaries/ionull.o
 .bss           0x000000000014b02c        0x0 binaries/kill.o
 .bss           0x000000000014b02c        0x0 binaries/kprintf.o
 .bss           0x000000000014b02c        0x0 binaries/main.o
 .bss           0x000000000014b02c        0x0 binaries/mark.o
 .bss           0x000000000014b02c        0x0 binaries/mkbufpool.o
 .bss           0x000000000014b02c        0x0 binaries/newqueue.o
 .bss           0x000000000014b02c        0x0 binaries/open.o
 .bss           0x000000000014b02c        0x0 binaries/panic.o
 .bss           0x000000000014b02c        0x0 binaries/platinit.o
 .bss           0x000000000014b02c        0x0 binaries/ptclear.o
 .bss           0x000000000014b02c        0x0 binaries/ptcount.o
 .bss           0x000000000014b02c        0x0 binaries/ptcreate.o
 .bss           0x000000000014b02c        0x0 binaries/ptdelete.o
 .bss           0x000000000014b02c        0x0 binaries/ptinit.o
 .bss           0x000000000014b02c        0x0 binaries/ptrecv.o
 .bss           0x000000000014b02c        0x0 binaries/ptreset.o
 .bss           0x000000000014b02c        0x0 binaries/ptsend.o
 .bss           0x000000000014b02c        0x0 binaries/putc.o
 .bss           0x000000000014b02c        0x0 binaries/queue.o
 .bss           0x000000000014b02c        0x0 binaries/read.o
 .bss           0x000000000014b02c        0x0 binaries/ready.o
 .bss           0x000000000014b02c        0x0 binaries/receive.o
 .bss           0x000000000014b02c        0x0 binaries/recvclr.o
 .bss           0x000000000014b02c        0x0 binaries/recvtime.o
 .bss           0x000000000014b02c        0x0 binaries/resched.o
 .bss           0x000000000014b02c        0x0 binaries/resume.o
 .bss           0x000000000014b02c        0x0 binaries/seek.o
 .bss           0x000000000014b02c        0x0 binaries/semcount.o
 .bss           0x000000000014b02c        0x4 binaries/semcreate.o
 .bss           0x000000000014b030        0x0 binaries/semdelete.o
 .bss           0x000000000014b030        0x0 binaries/semreset.o
 .bss           0x000000000014b030        0x0 binaries/send.o
 .bss           0x000000000014b030        0x0 binaries/signal.o
 .bss           0x000000000014b030        0x0 binaries/signaln.o
 .bss           0x000000000014b030        0x0 binaries/sleep.o
 .bss           0x000000000014b030        0x0 binaries/stacktrace.o
 .bss           0x000000000014b030        0x0 binaries/suspend.o
 .bss           0x000000000014b030        0x0 binaries/unsleep.o