
Merging program properties

Removed property 0xc0000002 to merge binaries/Lab3_ucreate.o (0x3) and binaries/start.o (not found)
Removed property 0xc0000002 to merge binaries/Lab3_ucreate.o (not found) and binaries/Lab4_alloc_free.o (0x3)
Removed property 0xc0000002 to merge binaries/Lab3_ucreate.o (not found) and binaries/Lab4_fillpgentry.o (0x3)
Removed property 0xc0000002 to merge binaries/Lab3_ucreate.o (not found) and binaries/Lab4_getheap.o (0x3)
Removed property 0xc0000002 to merge binaries/Lab3_ucreate.o (not found) and binaries/Lab4_invlpg.o (0x3)
Removed property 0xc0000002 to merge binaries/Lab3_ucreate.o (not found) and binaries/Lab4_log2ph.o (0x3)
Removed property 0xc0000002 to merge binaries/Lab3_ucreate.o (not found) and binaries/ascdate.o (0x3)
Removed property 0xc0000002 to merge binaries/Lab3_ucreate.o (not found) and binaries/bufinit.o (0x3)
Removed property 0xc0000002 to merge binaries/Lab3_ucreate.o (not found) and binaries/chprio.o (0x3)
Removed property 0xc0000002 to merge binaries/Lab3_ucreate.o (not found) and binaries/clkhandler.o (0x3)
Removed property 0xc0000002 to merge binaries/Lab3_ucreate.o (not found) and binaries/clkinit.o (0x3)
Removed property 0xc0000002 to merge binaries/Lab3_ucreate.o (not found) and binaries/close.o (0x3)
Removed property 0xc0000002 to merge binaries/Lab3_ucreate.o (not found) and binaries/conf.o (0x3)
Removed property 0xc0000002 to merge binaries/Lab3_ucreate.o (not found) and binaries/control.o (0x3)
Removed property 0xc0000002 to merge binaries/Lab3_ucreate.o (not found) and binaries/create.o (0x3)
Removed property 0xc0000002 to merge binaries/Lab3_ucreate.o (not found) and binaries/evec.o (0x3)
Removed property 0xc0000002 to merge binaries/Lab3_ucreate.o (not found) and binaries/exit.o (0x3)
Removed property 0xc0000002 to merge binaries/Lab3_ucreate.o (not found) and binaries/freebuf.o (0x3)
Removed property 0xc0000002 to merge binaries/Lab3_ucreate.o (not found) and binaries/freemem.o (0x3)
Removed property 0xc0000002 to merge binaries/Lab3_ucreate.o (not found) and binaries/getbuf.o (0x3)
Removed property 0xc0000002 to merge binaries/Lab3_ucreate.o (not found) and binaries/getc.o (0x3)
Removed property 0xc0000002 to merge binaries/Lab3_ucreate.o (not found) and binaries/getdev.o (0x3)
Removed property 0xc0000002 to merge binaries/Lab3_ucreate.o (not found) and binaries/getitem.o (0x3)
Removed property 0xc0000002 to merge binaries/Lab3_ucreate.o (not found) and binaries/getmem.o (0x3)
Removed property 0xc0000002 to merge binaries/Lab3_ucreate.o (not found) and binaries/getpid.o (0x3)
Removed property 0xc0000002 to merge binaries/Lab3_ucreate.o (not found) and binaries/getprio.o (0x3)
Removed property 0xc0000002 to merge binaries/Lab3_ucreate.o (not found) and binaries/getstk.o (0x3)
Removed property 0xc0000002 to merge binaries/Lab3_ucreate.o (not found) and binaries/getticks.o (0x3)
Removed property 0xc0000002 to merge binaries/Lab3_ucreate.o (not found) and binaries/gettime.o (0x3)
Removed property 0xc0000002 to merge binaries/Lab3_ucreate.o (not found) and binaries/getutime.o (0x3)
Removed property 0xc0000002 to merge binaries/Lab3_ucreate.o (not found) and binaries/init.o (0x3)
Removed property 0xc0000002 to merge binaries/Lab3_ucreate.o (not found) and binaries/initialize.o (0x3)
Removed property 0xc0000002 to merge binaries/Lab3_ucreate.o (not found) and binaries/insert.o (0x3)
Removed property 0xc0000002 to merge binaries/Lab3_ucreate.o (not found) and binaries/insertd.o (0x3)
Removed property 0xc0000002 to merge binaries/Lab3_ucreate.o (not found) and binaries/ioerr.o (0x3)
Removed property 0xc0000002 to merge binaries/Lab3_ucreate.o (not found) and binaries/ionull.o (0x3)
Removed property 0xc0000002 to merge binaries/Lab3_ucreate.o (not found) and binaries/kill.o (0x3)
Removed property 0xc0000002 to merge binaries/Lab3_ucreate.o (not found) and binaries/kprintf.o (0x3)
Removed property 0xc0000002 to merge binaries/Lab3_ucreate.o (not found) and binaries/main.o (0x3)
Removed property 0xc0000002 to merge binaries/Lab3_ucreate.o (not found) and binaries/mark.o (0x3)
Removed property 0xc0000002 to merge binaries/Lab3_ucreate.o (not found) and binaries/meminit.o (0x3)
Removed property 0xc0000002 to merge binaries/Lab3_ucreate.o (not found) and binaries/mkbufpool.o (0x3)
Removed property 0xc0000002 to merge binaries/Lab3_ucreate.o (not found) and binaries/newqueue.o (0x3)
Removed property 0xc0000002 to merge binaries/Lab3_ucreate.o (not found) and binaries/open.o (0x3)
Removed property 0xc0000002 to merge binaries/Lab3_ucreate.o (not found) and binaries/panic.o (0x3)
Removed property 0xc0000002 to merge binaries/Lab3_ucreate.o (not found) and binaries/platinit.o (0x3)
Removed property 0xc0000002 to merge binaries/Lab3_ucreate.o (not found) and binaries/ptclear.o (0x3)
Removed property 0xc0000002 to merge binaries/Lab3_ucreate.o (not found) and binaries/ptcount.o (0x3)
[...]
Memory Configuration

Name             Origin             Length             Attributes
*default*        0x0000000000000000 0xffffffffffffffff

Linker script and memory map

                0x0000000000100000                physbase = 0x100000
                0x0000000000100000                . = physbase
                0x0000000000100000                . = ALIGN (0x1000)

.text           0x0000000000100000    0x11000
                0x0000000000100000                text = ABSOLUTE (.)
 *(.text .text.*)
 .text          0x0000000000100000      0x171 binaries/start.o
                0x0000000000100024                start
                0x00000000001000b3                inb
                0x00000000001000bb                inw
                0x00000000001000c4                inl
                0x00000000001000cc                outb
                0x00000000001000d6                outw
                0x00000000001000e1                outl
                0x00000000001000eb                _rtcin
                0x00000000001000f6                ___udivsi3
                0x0000000000100101                ___divsi3
                0x000000000010010d                sbzero
                0x000000000010011d                insw
                0x0000000000100133                outsw
                0x0000000000100149                bcopy
                0x000000000010015d                lidt
                0x0000000000100165                cpuid
 .text          0x0000000000100171      0x7b3 binaries/Lab3_ucreate.o
                0x0000000000100171                ucreate
 .text.__x86.get_pc_thunk.cx
                0x0000000000100924        0x4 binaries/Lab3_ucreate.o
                0x0000000000100924                __x86.get_pc_thunk.cx
 .text.__x86.get_pc_thunk.bx
                0x0000000000100928        0x4 binaries/Lab3_ucreate.o
                0x0000000000100928                __x86.get_pc_thunk.bx
 .text          0x000000000010092c       0xde binaries/Lab4_alloc_free.o
                0x000000000010092c                palloc
                0x00000000001009a9                pfree
 .text          0x0000000000100a0a      0x1f8 binaries/Lab4_fillpgentry.o
                0x0000000000100a0a                isfree
                0x0000000000100af6                fill_pgentry
 .text          0x0000000000100c02       0xdf binaries/Lab4_getheap.o
                0x0000000000100c02                getheap
 .text          0x0000000000100ce1       0x1a binaries/Lab4_invlpg.o
                0x0000000000100ce1                invlpg
 .text.__x86.get_pc_thunk.ax
                0x0000000000100cfb        0x4 binaries/Lab4_invlpg.o
                0x0000000000100cfb                __x86.get_pc_thunk.ax
 .text          0x0000000000100cff       0xc7 binaries/Lab4_log2ph.o
                0x0000000000100cff                log2ph
 .text          0x0000000000100dc6      0x408 binaries/ascdate.o
                0x0000000000100dc6                ascdate
 .text          0x00000000001011ce       0x24 binaries/bufinit.o
                0x00000000001011ce                bufinit
 .text          0x00000000001011f2       0xa6 binaries/chprio.o
                0x00000000001011f2                chprio
 .text          0x0000000000101298       0xe8 binaries/clkhandler.o
                0x0000000000101298                clkhandler
 .text          0x0000000000101380       0xa7 binaries/clkinit.o
                0x0000000000101380                clkinit
 .text          0x0000000000101427       0x8a binaries/close.o
                0x0000000000101427                close
 .text          0x00000000001014b1        0x0 binaries/conf.o
 .text          0x00000000001014b1       0x90 binaries/control.o
                0x00000000001014b1                control
 .text          0x0000000000101541      0x7e3 binaries/create.o
                0x0000000000101541                create
 .text          0x0000000000101d24      0x518 binaries/evec.o
                0x0000000000101d24                initevec
                0x0000000000101e63                set_evec
                0x0000000000101f3e                _8259_setirmask
                0x0000000000101fb3                trap
 .text          0x000000000010223c       0x2d binaries/exit.o
                0x000000000010223c                exit
 .text          0x0000000000102269       0xa5 binaries/freebuf.o
                0x0000000000102269                freebuf
 .text          0x000000000010230e       0xd7 binaries/freemem.o
                0x000000000010230e                freemem
 .text          0x00000000001023e5       0xa3 binaries/getbuf.o
                0x00000000001023e5                getbuf
 .text          0x0000000000102488       0x8a binaries/getc.o
                0x0000000000102488                getc
 .text          0x0000000000102512       0x8a binaries/getdev.o
                0x0000000000102512                getdev
 .text          0x000000000010259c      0x11d binaries/getitem.o
                0x000000000010259c                getfirst
                0x00000000001025f6                getlast
                0x0000000000102652                getitem
 .text.__x86.get_pc_thunk.dx
                0x00000000001026b9        0x4 binaries/getitem.o
                0x00000000001026b9                __x86.get_pc_thunk.dx
 .text          0x00000000001026bd       0xbd binaries/getmem.o
                0x00000000001026bd                getmem
 .text          0x000000000010277a       0x1b binaries/getpid.o
                0x000000000010277a                getpid
 .text          0x0000000000102795       0x90 binaries/getprio.o
                0x0000000000102795                getprio
 .text          0x0000000000102825      0x118 binaries/getstk.o
                0x0000000000102825                getstk
 .text          0x000000000010293d       0x24 binaries/getticks.o
                0x000000000010293d                getticks
 .text          0x0000000000102961       0x18 binaries/gettime.o
                0x0000000000102961                gettime
 .text          0x0000000000102979       0x18 binaries/getutime.o
                0x0000000000102979                getutime
 .text          0x0000000000102991       0x8a binaries/init.o
                0x0000000000102991                init
 .text          0x0000000000102a1b      0x3af binaries/initialize.o
                0x0000000000102a1b                nulluser
                0x0000000000102d4f                stop
                0x0000000000102d8e                delay
 .text          0x0000000000102dca      0x109 binaries/insert.o
                0x0000000000102dca                insert
 .text          0x0000000000102ed3      0x142 binaries/insertd.o
                0x0000000000102ed3                insertd
 .text          0x0000000000103015       0x18 binaries/ioerr.o
                0x0000000000103015                ioerr
 .text          0x000000000010302d       0x18 binaries/ionull.o
                0x000000000010302d                ionull
 .text          0x0000000000103045      0x292 binaries/kill.o
                0x0000000000103045                kill
 .text          0x00000000001032d7      0x1d6 binaries/kprintf.o
                0x00000000001032d7                kputc
                0x00000000001033a3                kgetc
                0x000000000010346d                kprintf
 .text          0x00000000001034ad       0xfa binaries/main.o
                0x00000000001034ad                sndA
                0x00000000001034d4                sndB
                0x00000000001034fb                main
 .text          0x00000000001035a7       0xf6 binaries/mark.o
                0x00000000001035a7                markinit
                0x00000000001035e4                mark
 .text          0x000000000010369d      0x4b4 binaries/meminit.o
                0x000000000010369d                vminit
                0x0000000000103a4a                setsegs
 .text          0x0000000000103b51      0x196 binaries/mkbufpool.o
                0x0000000000103b51                mkbufpool
 .text          0x0000000000103ce7       0xbf binaries/newqueue.o
                0x0000000000103ce7                newqueue
 .text          0x0000000000103da6       0x90 binaries/open.o
                0x0000000000103da6                open
 .text          0x0000000000103e36       0x32 binaries/panic.o
                0x0000000000103e36                panic
 .text          0x0000000000103e68       0x31 binaries/platinit.o
                0x0000000000103e68                console_init
                0x0000000000103e80                platinit
 .text          0x0000000000103e99      0x109 binaries/ptclear.o
                0x0000000000103e99                _ptclear
 .text          0x0000000000103fa2       0xb3 binaries/ptcount.o
                0x0000000000103fa2                ptcount
 .text          0x0000000000104055      0x138 binaries/ptcreate.o
                0x0000000000104055                ptcreate
 .text          0x000000000010418d       0x98 binaries/ptdelete.o
                0x000000000010418d                ptdelete
 .text          0x0000000000104225       0xe9 binaries/ptinit.o
                0x0000000000104225                ptinit
 .text          0x000000000010430e      0x139 binaries/ptrecv.o
                0x000000000010430e                ptrecv
 .text          0x0000000000104447       0x8d binaries/ptreset.o
                0x0000000000104447                ptreset
 .text          0x00000000001044d4      0x15e binaries/ptsend.o
                0x00000000001044d4                ptsend
 .text          0x0000000000104632       0x95 binaries/putc.o
                0x0000000000104632                putc
 .text          0x00000000001046c7      0x14e binaries/queue.o
                0x00000000001046c7                enqueue
                0x000000000010478c                dequeue
 .text          0x0000000000104815       0x90 binaries/read.o
                0x0000000000104815                read
 .text          0x00000000001048a5       0x90 binaries/ready.o
                0x00000000001048a5                ready
 .text          0x0000000000104935       0x78 binaries/receive.o
                0x0000000000104935                receive
 .text          0x00000000001049ad       0x74 binaries/recvclr.o
                0x00000000001049ad                recvclr
 .text          0x0000000000104a21       0xd9 binaries/recvtime.o
                0x0000000000104a21                recvtime
 .text          0x0000000000104afa      0x1f6 binaries/resched.o
                0x0000000000104afa                resched
                0x0000000000104c4f                resched_cntl
 .text          0x0000000000104cf0       0xc3 binaries/resume.o
                0x0000000000104cf0                resume
 .text          0x0000000000104db3       0x8e binaries/seek.o
                0x0000000000104db3                seek
 .text          0x0000000000104e41       0x8b binaries/semcount.o
                0x0000000000104e41                semcount
 .text          0x0000000000104ecc      0x108 binaries/semcreate.o
                0x0000000000104ecc                semcreate
 .text          0x0000000000104fd4       0xe3 binaries/semdelete.o
                0x0000000000104fd4                semdelete
 .text          0x00000000001050b7       0xe7 binaries/semreset.o
                0x00000000001050b7                semreset
 .text          0x000000000010519e       0xff binaries/send.o
                0x000000000010519e                send
 .text          0x000000000010529d       0xbe binaries/signal.o
                0x000000000010529d                signal
 .text          0x000000000010535b       0xec binaries/signaln.o
                0x000000000010535b                signaln
 .text          0x0000000000105447      0x116 binaries/sleep.o
                0x0000000000105447                sleep
                0x00000000001054a3                sleepms
 .text          0x000000000010555d      0x1b8 binaries/stacktrace.o
                0x000000000010555d                stacktrace
 .text          0x0000000000105715       0xf9 binaries/suspend.o
                0x0000000000105715                suspend
 .text          0x000000000010580e      0x104 binaries/unsleep.o
                0x000000000010580e                unsleep
 .text          0x0000000000105912       0x2d binaries/userret.o
                0x0000000000105912                userret
 .text          0x000000000010593f       0xf9 binaries/wait.o
                0x000000000010593f                wait
 .text          0x0000000000105a38       0x9c binaries/wakeup.o
                0x0000000000105a38                wakeup
 .text          0x0000000000105ad4       0x90 binaries/write.o
                0x0000000000105ad4                write
 .text          0x0000000000105b64       0x33 binaries/xdone.o
                0x0000000000105b64                xdone
 .text          0x0000000000105b97       0x3b binaries/yield.o
                0x0000000000105b97                yield
 .text          0x0000000000105bd2       0x1f binaries/abs.o
                0x0000000000105bd2                abs
 .text          0x0000000000105bf1       0x9e binaries/atoi.o
                0x0000000000105bf1                atoi
 .text          0x0000000000105c8f       0x9e binaries/atol.o
                0x0000000000105c8f                atol
 .text          0x0000000000105d2d       0x40 binaries/bzero.o
                0x0000000000105d2d                bzero
 .text          0x0000000000105d6d        0x0 binaries/ctype_.o
 .text          0x0000000000105d6d      0x96b binaries/doprnt.o
                0x0000000000105d6d                _doprnt
 .text          0x00000000001066d8      0x709 binaries/doscan.o
                0x00000000001066d8                _doscan
 .text.__x86.get_pc_thunk.di
                0x0000000000106de1        0x4 binaries/doscan.o
                0x0000000000106de1                __x86.get_pc_thunk.di
 .text          0x0000000000106de5      0x788 binaries/fdoprnt.o
                0x0000000000106de5                _fdoprnt
 .text          0x000000000010756d       0x3d binaries/fgetc.o
                0x000000000010756d                fgetc
 .text          0x00000000001075aa       0x88 binaries/fgets.o
                0x00000000001075aa                fgets
 .text          0x0000000000107632       0x40 binaries/fprintf.o
                0x0000000000107632                fprintf
 .text          0x0000000000107672       0x40 binaries/fputc.o
                0x0000000000107672                fputc
 .text          0x00000000001076b2       0x56 binaries/fputs.o
                0x00000000001076b2                fputs
 .text          0x0000000000107708       0xc2 binaries/fscanf.o
                0x0000000000107708                fscanf
 .text          0x00000000001077ca       0x4a binaries/getchar.o
                0x00000000001077ca                getchar
 .text          0x0000000000107814       0x1f binaries/labs.o
                0x0000000000107814                labs
 .text          0x0000000000107833        0x0 binaries/memchr.o
 .text          0x0000000000107833       0x5f binaries/memcmp.o
                0x0000000000107833                memcmp
 .text          0x0000000000107892       0x34 binaries/memcpy.o
                0x0000000000107892                memcpy
 .text          0x00000000001078c6       0x3e binaries/memset.o
                0x00000000001078c6                memset
 .text          0x0000000000107904       0x61 binaries/printf.o
                0x0000000000107904                printf
 .text          0x0000000000107965       0x4d binaries/putchar.o
                0x0000000000107965                putchar
 .text          0x00000000001079b2      0x2bf binaries/qsort.o
                0x00000000001079b2                qsort
 .text          0x0000000000107c71       0x8d binaries/rand.o
                0x0000000000107c71                rand
                0x0000000000107c99                rand_r
                0x0000000000107ce1                srand
 .text          0x0000000000107cfe       0x8a binaries/sprintf.o
                0x0000000000107cfe                sprintf
 .text          0x0000000000107d88       0xa4 binaries/sscanf.o
                0x0000000000107d88                sscanf
 .text          0x0000000000107e2c       0x4a binaries/strchr.o
                0x0000000000107e2c                strchr
 .text          0x0000000000107e76       0x53 binaries/strcmp.o
                0x0000000000107e76                strcmp
 .text          0x0000000000107ec9       0x35 binaries/strcpy.o
                0x0000000000107ec9                strcpy
 .text          0x0000000000107efe       0x34 binaries/strlen.o
                0x0000000000107efe                strlen
 .text          0x0000000000107f32       0x64 binaries/strncat.o
                0x0000000000107f32                strncat
 .text          0x0000000000107f96       0x6c binaries/strncmp.o
                0x0000000000107f96                strncmp
 .text          0x0000000000108002       0x5d binaries/strncpy.o
                0x0000000000108002                strncpy
 .text          0x000000000010805f       0x3c binaries/strnlen.o
                0x000000000010805f                strnlen
 .text          0x000000000010809b       0x53 binaries/strrchr.o
                0x000000000010809b                strrchr
 .text          0x00000000001080ee       0x7c binaries/strstr.o
                0x00000000001080ee                strstr
 .text          0x000000000010816a      0x100 binaries/ttycontrol.o
                0x000000000010816a                ttycontrol
 .text          0x000000000010826a       0xaf binaries/ttygetc.o
                0x000000000010826a                ttygetc
 .text          0x0000000000108319      0x73b binaries/ttyhandle_in.o
                0x0000000000108319                ttyhandle_in
 .text          0x0000000000108a54      0x1c5 binaries/ttyhandle_out.o
                0x0000000000108a54                ttyhandle_out
 .text          0x0000000000108c19       0xec binaries/ttyhandler.o
                0x0000000000108c19                ttyhandler
 .text          0x0000000000108d05      0x243 binaries/ttyinit.o
                0x0000000000108d05                ttyinit
 .text          0x0000000000108f48       0x2f binaries/ttykickout.o
                0x0000000000108f48                ttykickout
 .text          0x0000000000108f77       0xcd binaries/ttyputc.o
                0x0000000000108f77                ttyputc
 .text          0x0000000000109044      0x12f binaries/ttyread.o
                0x0000000000109044                ttyread
 .text          0x0000000000109173       0x60 binaries/ttywrite.o
                0x0000000000109173                ttywrite
 .text          0x00000000001091d3      0x17c binaries/mount.o
                0x00000000001091d3                mount
                0x000000000010930b                namlen
 .text          0x000000000010934f      0x224 binaries/naminit.o
                0x000000000010934f                naminit
 .text          0x0000000000109573      0x24f binaries/nammap.o
                0x0000000000109573                nammap
                0x0000000000109614                namrepl
                0x0000000000109764                namcpy
 .text          0x00000000001097c2       0x61 binaries/namopen.o
                0x00000000001097c2                namopen
 .text          0x0000000000109823       0x18 binaries/ramclose.o
                0x0000000000109823                ramclose
 .text          0x000000000010983b       0x5c binaries/raminit.o
                0x000000000010983b                raminit
 .text          0x0000000000109897       0x18 binaries/ramopen.o
                0x0000000000109897                ramopen
 .text          0x00000000001098af       0x4b binaries/ramread.o
                0x00000000001098af                ramread
 .text          0x00000000001098fa       0x4b binaries/ramwrite.o
                0x00000000001098fa                ramwrite
 .text          0x0000000000109945       0xc8 binaries/lfdballoc.o
                0x0000000000109945                lfdballoc
 .text          0x0000000000109a0d       0x70 binaries/lfdbfree.o
                0x0000000000109a0d                lfdbfree
 .text          0x0000000000109a7d       0xe4 binaries/lfflush.o
                0x0000000000109a7d                lfflush
 .text          0x0000000000109b61       0xed binaries/lfgetmode.o
                0x0000000000109b61                lfgetmode
 .text          0x0000000000109c4e       0x96 binaries/lfiballoc.o
                0x0000000000109c4e                lfiballoc
 .text          0x0000000000109ce4       0x49 binaries/lfibclear.o
                0x0000000000109ce4                lfibclear
 .text          0x0000000000109d2d       0xc0 binaries/lfibget.o
                0x0000000000109d2d                lfibget
 .text          0x0000000000109ded       0xef binaries/lfibput.o
                0x0000000000109ded                lfibput
 .text          0x0000000000109edc       0xbf binaries/lflclose.o
                0x0000000000109edc                lflclose
 .text          0x0000000000109f9b       0xf1 binaries/lflcontrol.o
                0x0000000000109f9b                lflcontrol
 .text          0x000000000010a08c      0x108 binaries/lflgetc.o
                0x000000000010a08c                lflgetc
 .text          0x000000000010a194      0x104 binaries/lflinit.o
                0x000000000010a194                lflinit
 .text          0x000000000010a298      0x13e binaries/lflputc.o
                0x000000000010a298                lflputc
 .text          0x000000000010a3d6       0x83 binaries/lflread.o
                0x000000000010a3d6                lflread
 .text          0x000000000010a459       0xc2 binaries/lflseek.o
                0x000000000010a459                lflseek
 .text          0x000000000010a51b       0x68 binaries/lflwrite.o
                0x000000000010a51b                lflwrite
 .text          0x000000000010a583       0x70 binaries/lfscheck.o
                0x000000000010a583                lfscheck
 .text          0x000000000010a5f3      0x198 binaries/lfsckfmt.o
                0x000000000010a5f3                lfsckfmt
 .text          0x000000000010a78b      0x1c2 binaries/lfscreate.o
                0x000000000010a78b                lfscreate
 .text          0x000000000010a94d      0x2a7 binaries/lfsetup.o
                0x000000000010a94d                lfsetup
 .text          0x000000000010abf4       0x83 binaries/lfsinit.o
                0x000000000010abf4                lfsinit
 .text          0x000000000010ac77      0x415 binaries/lfsopen.o
                0x000000000010ac77                lfsopen
 .text          0x000000000010b08c      0x18e binaries/lftruncate.o
                0x000000000010b08c                lftruncate
 .text          0x000000000010b21a      0x477 binaries/addargs.o
                0x000000000010b21a                upload_args
                0x000000000010b2f6                addargs
 .text          0x000000000010b691      0x2df binaries/lexan.o
                0x000000000010b691                lexan
 .text          0x000000000010b970      0x6fd binaries/shell.o
                0x000000000010b970                shell
 .text          0x000000000010c06d       0x82 binaries/xsh_argecho.o
                0x000000000010c06d                xsh_argecho
 .text          0x000000000010c0ef      0x2b2 binaries/xsh_cat.o
                0x000000000010c0ef                xsh_cat
 .text          0x000000000010c3a1       0x7e binaries/xsh_clear.o
                0x000000000010c3a1                xsh_clear
 .text          0x000000000010c41f      0x2e5 binaries/xsh_date.o
                0x000000000010c41f                xsh_date
 .text          0x000000000010c704       0xcf binaries/xsh_devdump.o
                0x000000000010c704                xsh_devdump
 .text          0x000000000010c7d3       0x91 binaries/xsh_echo.o
                0x000000000010c7d3                xsh_echo
 .text          0x000000000010c864       0x18 binaries/xsh_exit.o
                0x000000000010c864                xsh_exit
 .text          0x000000000010c87c      0x411 binaries/xsh_help.o
                0x000000000010c87c                xsh_help
 .text          0x000000000010cc8d      0x28b binaries/xsh_kill.o
                0x000000000010cc8d                xsh_kill
 .text          0x000000000010cf18      0x743 binaries/xsh_lab2.o
                0x000000000010cf18                xsh_lab2
                0x000000000010d3ff                u2021201780_printf_1
                0x000000000010d47c                u2021201780_printf_2
                0x000000000010d4dc                u2021201780_printf_3
                0x000000000010d524                u2021201780_delay_run
                0x000000000010d5e1                u2021201780_delay_test
 .text          0x000000000010d65b      0x318 binaries/xsh_lab3.o
                0x000000000010d65b                k2021201780_printf
                0x000000000010d6f9                k2021201780_fprintf
                0x000000000010d795                k2021201780_create
                0x000000000010d842                u2021201780_uptest
                0x000000000010d8cd                xsh_lab3
 .text.__x86.get_pc_thunk.si
                0x000000000010d973        0x4 binaries/xsh_lab3.o
                0x000000000010d973                __x86.get_pc_thunk.si
 .text          0x000000000010d977       0x86 binaries/xsh_lab4.o
                0x000000000010d977                xsh_lab4
 .text          0x000000000010d9fd      0x5b5 binaries/xsh_memdump.o
                0x000000000010d9fd                xsh_memdump
 .text          0x000000000010dfb2      0x322 binaries/xsh_memstat.o
                0x000000000010dfb2                xsh_memstat
 .text          0x000000000010e2d4      0x250 binaries/xsh_ps.o
                0x000000000010e2d4                xsh_ps
 .text          0x000000000010e524      0x269 binaries/xsh_sleep.o
                0x000000000010e524                xsh_sleep
 .text          0x000000000010e78d      0x234 binaries/xsh_uptime.o
                0x000000000010e78d                xsh_uptime
 .text          0x000000000010e9c1        0x8 binaries/Lab3_create.o
                0x000000000010e9c1                u2021201780_create
 .text          0x000000000010e9c9       0x20 binaries/Lab3_fprintf.o
                0x000000000010e9c9                u2021201780_fprintf
 .text          0x000000000010e9e9        0x8 binaries/Lab3_ltss.o
                0x000000000010e9e9                k2021201780_ltss
 .text          0x000000000010e9f1       0x19 binaries/Lab3_printf.o
                0x000000000010e9f1                u2021201780_printf
 .text          0x000000000010ea0a        0xf binaries/Lab3_read.o
                0x000000000010ea0a                u2021201780_read
 .text          0x000000000010ea19        0x3 binaries/Lab3_receive.o
                0x000000000010ea19                u2021201780_receive
 .text          0x000000000010ea1c        0x3 binaries/Lab3_recvclr.o
                0x000000000010ea1c                u2021201780_recvclr
 .text          0x000000000010ea1f        0x7 binaries/Lab3_resume.o
                0x000000000010ea1f                u2021201780_resume
 .text          0x000000000010ea26        0x2 binaries/Lab3_ret_k2u.o
                0x000000000010ea26                k2021201780_ret_k2u
 .text          0x000000000010ea28        0x2 binaries/Lab3_ret_u2k.o
                0x000000000010ea28                u2021201780_ret_u2k
 .text          0x000000000010ea2a        0x7 binaries/Lab3_sleep.o
                0x000000000010ea2a                u2021201780_sleep
 .text          0x000000000010ea31        0x7 binaries/Lab3_sleepms.o
                0x000000000010ea31                u2021201780_sleepms
 .text          0x000000000010ea38        0x8 binaries/Lab4_addargs.o
                0x000000000010ea38                u2021201780_addargs
 .text          0x000000000010ea40        0xe binaries/clkdisp.o
                0x000000000010ea40                clkdisp
 .text          0x000000000010ea4e       0x1f binaries/ctxsw.o
                0x000000000010ea4e                ctxsw
 .text          0x000000000010ea6d      0x4a6 binaries/intr.o
                0x000000000010ea6d                disable
                0x000000000010ea76                restore
                0x000000000010ea84                enable
                0x000000000010ea86                pause
                0x000000000010ea8d                halt
                0x000000000010ea90                spurious_irq7
                0x000000000010ea95                spurious_irq15
                0x000000000010eaa4                _Xint0
                0x000000000010eaac                _Xint1
                0x000000000010eab4                _Xint2
                0x000000000010eabc                _Xint3
                0x000000000010eac4                _Xint4
                0x000000000010eacc                _Xint5
                0x000000000010ead7                _Xint6
                0x000000000010eadf                _Xint7
                0x000000000010eae7                _Xint8
                0x000000000010eaef                _Xint9
                0x000000000010eaf7                _Xint10
                0x000000000010eaff                _Xint11
                0x000000000010eb07                _Xint12
                0x000000000010eb0f                _Xint13
                0x000000000010eb17                _Xint14
                0x000000000010eb22                _Xint15
                0x000000000010eb2d                _Xint16
                0x000000000010eb38                _Xint17
                0x000000000010eb43                _Xint18
                0x000000000010eb4e                _Xint19
                0x000000000010eb59                _Xint20
                0x000000000010eb64                _Xint21
                0x000000000010eb6f                _Xint22
                0x000000000010eb7a                _Xint23
                0x000000000010eb85                _Xint24
                0x000000000010eb90                _Xint25
                0x000000000010eb9b                _Xint26
                0x000000000010eba6                _Xint27
                0x000000000010ebb1                _Xint28
                0x000000000010ebbc                _Xint29
                0x000000000010ebc7                _Xint30
                0x000000000010ebd2                _Xint31
                0x000000000010ebdd                _Xint32
                0x000000000010ebe8                _Xint33
                0x000000000010ebf3                _Xint34
                0x000000000010ebfe                _Xint35
                0x000000000010ec09                _Xint36
                0x000000000010ec14                _Xint37
                0x000000000010ec1f                _Xint38
                0x000000000010ec2a                _Xint40
                0x000000000010ec35                _Xint41
                0x000000000010ec40                _Xint42
                0x000000000010ec4b                _Xint43
                0x000000000010ec56                _Xint44
                0x000000000010ec61                _Xint45
                0x000000000010ec6c                _Xint46
                0x000000000010ec77                _Xint48
                0x000000000010ecb4                _Xint49
                0x000000000010ecb9                _Xint50
                0x000000000010ecdc                _Xint51
                0x000000000010ecff                _Xint52
                0x000000000010ed22                _Xint53
                0x000000000010ed61                _Xint54
                0x000000000010ed86                _Xint55
                0x000000000010eda9                _Xint56
                0x000000000010edca                _Xint57
                0x000000000010edeb                _Xint58
                0x000000000010ee27                defevec
 .text          0x000000000010ef13       0x10 binaries/ttydispatch.o
                0x000000000010ef13                ttydispatch
 *(.rodata .rodata.*)
 .rodata        0x000000000010ef23        0xe binaries/Lab3_ucreate.o
 *fill*         0x000000000010ef31        0x3 
 .rodata        0x000000000010ef34       0x20 binaries/Lab4_alloc_free.o
 .rodata        0x000000000010ef54       0x8e binaries/ascdate.o
 .rodata        0x000000000010efe2       0x52 binaries/conf.o
 .rodata        0x000000000010f034        0xe binaries/create.o
 *fill*         0x000000000010f042        0x2 
 .rodata        0x000000000010f044      0x231 binaries/evec.o
 *fill*         0x000000000010f275        0x3 
 .rodata        0x000000000010f278      0x128 binaries/initialize.o
 .rodata        0x000000000010f3a0       0x20 binaries/kill.o
 .rodata        0x000000000010f3c0       0x2a binaries/main.o
 *fill*         0x000000000010f3ea        0x2 
 .rodata        0x000000000010f3ec       0x3e binaries/meminit.o
 .rodata        0x000000000010f42a        0xf binaries/panic.o
 .rodata        0x000000000010f439       0x1d binaries/ptinit.o
 *fill*         0x000000000010f456        0x2 
 .rodata        0x000000000010f458       0x25 binaries/ptsend.o
 *fill*         0x000000000010f47d        0x3 
 .rodata        0x000000000010f480       0xb7 binaries/stacktrace.o
 *fill*         0x000000000010f537        0x1 
 .rodata        0x000000000010f538       0x27 binaries/xdone.o
 *fill*         0x000000000010f55f        0x1 
 .rodata        0x000000000010f560       0x81 binaries/ctype_.o
                0x000000000010f560                _ctype_
 *fill*         0x000000000010f5e1        0x3 
 .rodata        0x000000000010f5e4       0xee binaries/doprnt.o
 *fill*         0x000000000010f6d2        0x2 
 .rodata        0x000000000010f6d4       0xae binaries/fdoprnt.o
 *fill*         0x000000000010f782        0x2 
 .rodata        0x000000000010f784       0x20 binaries/ttycontrol.o
 .rodata        0x000000000010f7a4       0x34 binaries/ttyhandler.o
 .rodata        0x000000000010f7d8       0x80 binaries/naminit.o
 .rodata        0x000000000010f858        0x9 binaries/raminit.o
 *fill*         0x000000000010f861        0x3 
 .rodata        0x000000000010f864       0x37 binaries/lfdballoc.o
 .rodata        0x000000000010f89b       0x14 binaries/lfiballoc.o
 *fill*         0x000000000010f8af        0x1 
 .rodata        0x000000000010f8b0       0x23 binaries/lflcontrol.o
 *fill*         0x000000000010f8d3        0x1 
 .rodata        0x000000000010f8d4      0x11b binaries/lfsckfmt.o
 *fill*         0x000000000010f9ef        0x1 
 .rodata        0x000000000010f9f0       0x2a binaries/lfsopen.o
 *fill*         0x000000000010fa1a        0x2 
 .rodata        0x000000000010fa1c      0x2a9 binaries/shell.o
 .rodata        0x000000000010fcc5       0x28 binaries/xsh_argecho.o
 *fill*         0x000000000010fced        0x3 
 .rodata        0x000000000010fcf0       0xc9 binaries/xsh_cat.o
 .rodata        0x000000000010fdb9       0x19 binaries/xsh_clear.o
 *fill*         0x000000000010fdd2        0x2 
 .rodata        0x000000000010fdd4      0x1a5 binaries/xsh_date.o
 .rodata        0x000000000010ff79       0x5d binaries/xsh_devdump.o
 .rodata        0x000000000010ffd6        0x9 binaries/xsh_echo.o
 *fill*         0x000000000010ffdf        0x1 
 .rodata        0x000000000010ffe0      0x16b binaries/xsh_help.o
 *fill*         0x000000000011014b        0x1 
 .rodata        0x000000000011014c      0x12e binaries/xsh_kill.o
 *fill*         0x000000000011027a        0x2 
 .rodata        0x000000000011027c      0x3ad binaries/xsh_lab2.o
 .rodata        0x0000000000110629       0x44 binaries/xsh_lab3.o
 .rodata        0x000000000011066d       0x2b binaries/xsh_lab4.o
 .rodata        0x0000000000110698      0x266 binaries/xsh_memdump.o
 *fill*         0x00000000001108fe        0x2 
 .rodata        0x0000000000110900      0x225 binaries/xsh_memstat.o
 *fill*         0x0000000000110b25        0x3 
 .rodata        0x0000000000110b28      0x1a8 binaries/xsh_ps.o
 .rodata        0x0000000000110cd0       0xeb binaries/xsh_sleep.o
 *fill*         0x0000000000110dbb        0x1 
 .rodata        0x0000000000110dbc      0x105 binaries/xsh_uptime.o
                0x0000000000110ec1                etext = ABSOLUTE (.)
                0x0000000000111000                . = ALIGN (0x1000)
 *fill*         0x0000000000110ec1      0x13f 

.eh_frame       0x0000000000111000     0x2294
 .eh_frame      0x0000000000111000       0x88 binaries/Lab3_ucreate.o
 .eh_frame      0x0000000000111088       0x48 binaries/Lab4_alloc_free.o
                                         0x74 (size before relaxing)
 .eh_frame      0x00000000001110d0       0x48 binaries/Lab4_fillpgentry.o
                                         0x74 (size before relaxing)
 .eh_frame      0x0000000000111118       0x24 binaries/Lab4_getheap.o
                                         0x50 (size before relaxing)
 .eh_frame      0x000000000011113c       0x34 binaries/Lab4_invlpg.o
                                         0x4c (size before relaxing)
 .eh_frame      0x0000000000111170       0x24 binaries/Lab4_log2ph.o
                                         0x50 (size before relaxing)
 .eh_frame      0x0000000000111194       0x24 binaries/ascdate.o
                                         0x50 (size before relaxing)
 .eh_frame      0x00000000001111b8       0x20 binaries/bufinit.o
                                         0x4c (size before relaxing)
 .eh_frame      0x00000000001111d8       0x24 binaries/chprio.o
                                         0x50 (size before relaxing)
 .eh_frame      0x00000000001111fc       0x24 binaries/clkhandler.o
                                         0x50 (size before relaxing)
 .eh_frame      0x0000000000111220       0x24 binaries/clkinit.o
                                         0x50 (size before relaxing)
 .eh_frame      0x0000000000111244       0x24 binaries/close.o
                                         0x50 (size before relaxing)
 .eh_frame      0x0000000000111268       0x24 binaries/control.o
                                         0x50 (size before relaxing)
 .eh_frame      0x000000000011128c       0x48 binaries/create.o
                                         0x88 (size before relaxing)
 .eh_frame      0x00000000001112d4       0x90 binaries/evec.o
                                         0xd0 (size before relaxing)
 .eh_frame      0x0000000000111364       0x24 binaries/exit.o
                                         0x50 (size before relaxing)
 .eh_frame      0x0000000000111388       0x24 binaries/freebuf.o
                                         0x50 (size before relaxing)
 .eh_frame      0x00000000001113ac       0x24 binaries/freemem.o
                                         0x50 (size before relaxing)
 .eh_frame      0x00000000001113d0       0x24 binaries/getbuf.o
                                         0x50 (size before relaxing)
 .eh_frame      0x00000000001113f4       0x24 binaries/getc.o
                                         0x50 (size before relaxing)
 .eh_frame      0x0000000000111418       0x24 binaries/getdev.o
                                         0x50 (size before relaxing)
 .eh_frame      0x000000000011143c       0x78 binaries/getitem.o
                                         0xa4 (size before relaxing)
 .eh_frame      0x00000000001114b4       0x24 binaries/getmem.o
                                         0x50 (size before relaxing)
 .eh_frame      0x00000000001114d8       0x20 binaries/getpid.o
                                         0x4c (size before relaxing)
 .eh_frame      0x00000000001114f8       0x24 binaries/getprio.o
                                         0x50 (size before relaxing)
 .eh_frame      0x000000000011151c       0x24 binaries/getstk.o
                                         0x50 (size before relaxing)
 .eh_frame      0x0000000000111540       0x20 binaries/getticks.o
                                         0x4c (size before relaxing)
 .eh_frame      0x0000000000111560       0x20 binaries/gettime.o
                                         0x4c (size before relaxing)
 .eh_frame      0x0000000000111580       0x20 binaries/getutime.o
                                         0x4c (size before relaxing)
 .eh_frame      0x00000000001115a0       0x24 binaries/init.o
                                         0x50 (size before relaxing)
 .eh_frame      0x00000000001115c4       0xa4 binaries/initialize.o
                                         0xe4 (size before relaxing)
 .eh_frame      0x0000000000111668       0x24 binaries/insert.o
                                         0x50 (size before relaxing)
 .eh_frame      0x000000000011168c       0x28 binaries/insertd.o
                                         0x54 (size before relaxing)
 .eh_frame      0x00000000001116b4       0x20 binaries/ioerr.o
                                         0x4c (size before relaxing)
 .eh_frame      0x00000000001116d4       0x20 binaries/ionull.o
                                         0x4c (size before relaxing)
 .eh_frame      0x00000000001116f4       0x2c binaries/kill.o
                                         0x58 (size before relaxing)
 .eh_frame      0x0000000000111720       0x6c binaries/kprintf.o
                                         0xac (size before relaxing)
 .eh_frame      0x000000000011178c       0x60 binaries/main.o
                                         0x8c (size before relaxing)
 .eh_frame      0x00000000001117ec       0x48 binaries/mark.o
                                         0x74 (size before relaxing)
 .eh_frame      0x0000000000111834       0x54 binaries/meminit.o
                                         0x94 (size before relaxing)
 .eh_frame      0x0000000000111888       0x24 binaries/mkbufpool.o
                                         0x50 (size before relaxing)
 .eh_frame      0x00000000001118ac       0x24 binaries/newqueue.o
                                         0x50 (size before relaxing)
 .eh_frame      0x00000000001118d0       0x24 binaries/open.o
                                         0x50 (size before relaxing)
 .eh_frame      0x00000000001118f4       0x1c binaries/panic.o
                                         0x48 (size before relaxing)
 .eh_frame      0x0000000000111910       0x40 binaries/platinit.o
                                         0x6c (size before relaxing)
 .eh_frame      0x0000000000111950       0x24 binaries/ptclear.o
                                         0x50 (size before relaxing)
 .eh_frame      0x0000000000111974       0x24 binaries/ptcount.o
                                         0x50 (size before relaxing)
 .eh_frame      0x0000000000111998       0x24 binaries/ptcreate.o
                                         0x50 (size before relaxing)
 .eh_frame      0x00000000001119bc       0x24 binaries/ptdelete.o
                                         0x50 (size before relaxing)
 .eh_frame      0x00000000001119e0       0x24 binaries/ptinit.o
                                         0x50 (size before relaxing)
 .eh_frame      0x0000000000111a04       0x24 binaries/ptrecv.o
                                         0x50 (size before relaxing)
 .eh_frame      0x0000000000111a28       0x24 binaries/ptreset.o
                                         0x50 (size before relaxing)
 .eh_frame      0x0000000000111a4c       0x24 binaries/ptsend.o
                                         0x50 (size before relaxing)
 .eh_frame      0x0000000000111a70       0x24 binaries/putc.o
                                         0x50 (size before relaxing)
 .eh_frame      0x0000000000111a94       0x48 binaries/queue.o
                                         0x88 (size before relaxing)
 .eh_frame      0x0000000000111adc       0x24 binaries/read.o
                                         0x50 (size before relaxing)
 .eh_frame      0x0000000000111b00       0x28 binaries/ready.o
                                         0x54 (size before relaxing)
 .eh_frame      0x0000000000111b28       0x24 binaries/receive.o
                                         0x50 (size before relaxing)
 .eh_frame      0x0000000000111b4c       0x24 binaries/recvclr.o
                                         0x50 (size before relaxing)
 .eh_frame      0x0000000000111b70       0x24 binaries/recvtime.o
                                         0x50 (size before relaxing)
 .eh_frame      0x0000000000111b94       0x48 binaries/resched.o
                                         0x88 (size before relaxing)
 .eh_frame      0x0000000000111bdc       0x24 binaries/resume.o
                                         0x50 (size before relaxing)
 .eh_frame      0x0000000000111c00       0x24 binaries/seek.o
                                         0x50 (size before relaxing)
 .eh_frame      0x0000000000111c24       0x24 binaries/semcount.o
                                         0x50 (size before relaxing)
 .eh_frame      0x0000000000111c48       0x48 binaries/semcreate.o
                                         0x88 (size before relaxing)
 .eh_frame      0x0000000000111c90       0x24 binaries/semdelete.o
                                         0x50 (size before relaxing)
 .eh_frame      0x0000000000111cb4       0x24 binaries/semreset.o
                                         0x50 (size before relaxing)
 .eh_frame      0x0000000000111cd8       0x24 binaries/send.o
                                         0x50 (size before relaxing)
 .eh_frame      0x0000000000111cfc       0x24 binaries/signal.o
                                         0x50 (size before relaxing)
 .eh_frame      0x0000000000111d20       0x24 binaries/signaln.o
                                         0x50 (size before relaxing)
 .eh_frame      0x0000000000111d44       0x44 binaries/sleep.o
                                         0x84 (size before relaxing)
 .eh_frame      0x0000000000111d88       0x24 binaries/stacktrace.o
                                         0x50 (size before relaxing)
 .eh_frame      0x0000000000111dac       0x24 binaries/suspend.o
                                         0x50 (size before relaxing)
 .eh_frame      0x0000000000111dd0       0x24 binaries/unsleep.o
                                         0x50 (size before relaxing)
 .eh_frame      0x0000000000111df4       0x24 binaries/userret.o
                                         0x50 (size before relaxing)
 .eh_frame      0x0000000000111e18       0x24 binaries/wait.o
                                         0x50 (size before relaxing)
 .eh_frame      0x0000000000111e3c       0x24 binaries/wakeup.o
                                         0x50 (size before relaxing)
 .eh_frame      0x0000000000111e60       0x24 binaries/write.o
                                         0x50 (size before relaxing)
 .eh_frame      0x0000000000111e84       0x24 binaries/xdone.o
                                         0x50 (size before relaxing)
 .eh_frame      0x0000000000111ea8       0x24 binaries/yield.o
                                         0x50 (size before relaxing)
 .eh_frame      0x0000000000111ecc       0x20 binaries/abs.o
                                         0x4c (size before relaxing)
 .eh_frame      0x0000000000111eec       0x20 binaries/atoi.o
                                         0x4c (size before relaxing)
 .eh_frame      0x0000000000111f0c       0x20 binaries/atol.o
                                         0x4c (size before relaxing)
 .eh_frame      0x0000000000111f2c       0x20 binaries/bzero.o
                                         0x4c (size before relaxing)
 .eh_frame      0x0000000000111f4c       0xec binaries/doprnt.o
                                        0x140 (size before relaxing)
 .eh_frame      0x0000000000112038       0xc8 binaries/doscan.o
                                         0xf4 (size before relaxing)
 .eh_frame      0x0000000000112100       0xcc binaries/fdoprnt.o
                                        0x10c (size before relaxing)
 .eh_frame      0x00000000001121cc       0x24 binaries/fgetc.o
                                         0x50 (size before relaxing)
 .eh_frame      0x00000000001121f0       0x24 binaries/fgets.o
                                         0x50 (size before relaxing)
 .eh_frame      0x0000000000112214       0x24 binaries/fprintf.o
                                         0x50 (size before relaxing)
 .eh_frame      0x0000000000112238       0x24 binaries/fputc.o
                                         0x50 (size before relaxing)
 .eh_frame      0x000000000011225c       0x24 binaries/fputs.o
                                         0x50 (size before relaxing)
 .eh_frame      0x0000000000112280       0x68 binaries/fscanf.o
                                         0x94 (size before relaxing)
 .eh_frame      0x00000000001122e8       0x24 binaries/getchar.o
                                         0x50 (size before relaxing)
 .eh_frame      0x000000000011230c       0x20 binaries/labs.o
                                         0x4c (size before relaxing)
 .eh_frame      0x000000000011232c       0x20 binaries/memcmp.o
                                         0x4c (size before relaxing)
 .eh_frame      0x000000000011234c       0x28 binaries/memcpy.o
                                         0x54 (size before relaxing)
 .eh_frame      0x0000000000112374       0x24 binaries/memset.o
                                         0x50 (size before relaxing)
 .eh_frame      0x0000000000112398       0x24 binaries/printf.o
                                         0x50 (size before relaxing)
 .eh_frame      0x00000000001123bc       0x24 binaries/putchar.o
                                         0x50 (size before relaxing)
 .eh_frame      0x00000000001123e0       0xa4 binaries/qsort.o
                                         0xd0 (size before relaxing)
 .eh_frame      0x0000000000112484       0x60 binaries/rand.o
                                         0x8c (size before relaxing)
 .eh_frame      0x00000000001124e4       0x44 binaries/sprintf.o
                                         0x70 (size before relaxing)
 .eh_frame      0x0000000000112528       0x64 binaries/sscanf.o
                                         0x90 (size before relaxing)
 .eh_frame      0x000000000011258c       0x20 binaries/strchr.o
                                         0x4c (size before relaxing)
 .eh_frame      0x00000000001125ac       0x20 binaries/strcmp.o
                                         0x4c (size before relaxing)
 .eh_frame      0x00000000001125cc       0x20 binaries/strcpy.o
                                         0x4c (size before relaxing)
 .eh_frame      0x00000000001125ec       0x20 binaries/strlen.o
                                         0x4c (size before relaxing)
 .eh_frame      0x000000000011260c       0x20 binaries/strncat.o
                                         0x4c (size before relaxing)
 .eh_frame      0x000000000011262c       0x20 binaries/strncmp.o
                                         0x4c (size before relaxing)
 .eh_frame      0x000000000011264c       0x28 binaries/strncpy.o
                                         0x54 (size before relaxing)
 .eh_frame      0x0000000000112674       0x20 binaries/strnlen.o
                                         0x4c (size before relaxing)
 .eh_frame      0x0000000000112694       0x20 binaries/strrchr.o
                                         0x4c (size before relaxing)
 .eh_frame      0x00000000001126b4       0x20 binaries/strstr.o
                                         0x4c (size before relaxing)
 .eh_frame      0x00000000001126d4       0x24 binaries/ttycontrol.o
                                         0x50 (size before relaxing)
 .eh_frame      0x00000000001126f8       0x24 binaries/ttygetc.o
                                         0x50 (size before relaxing)
 .eh_frame      0x000000000011271c       0x88 binaries/ttyhandle_in.o
                                         0xdc (size before relaxing)
 .eh_frame      0x00000000001127a4       0x24 binaries/ttyhandle_out.o
                                         0x50 (size before relaxing)
 .eh_frame      0x00000000001127c8       0x24 binaries/ttyhandler.o
                                         0x50 (size before relaxing)
 .eh_frame      0x00000000001127ec       0x24 binaries/ttyinit.o
                                         0x50 (size before relaxing)
 .eh_frame      0x0000000000112810       0x24 binaries/ttykickout.o
                                         0x50 (size before relaxing)
 .eh_frame      0x0000000000112834       0x24 binaries/ttyputc.o
                                         0x50 (size before relaxing)
 .eh_frame      0x0000000000112858       0x24 binaries/ttyread.o
                                         0x50 (size before relaxing)
 .eh_frame      0x000000000011287c       0x24 binaries/ttywrite.o
                                         0x50 (size before relaxing)
 .eh_frame      0x00000000001128a0       0x44 binaries/mount.o
                                         0x84 (size before relaxing)
 .eh_frame      0x00000000001128e4       0x24 binaries/naminit.o
                                         0x50 (size before relaxing)
 .eh_frame      0x0000000000112908       0x68 binaries/nammap.o
                                         0xa8 (size before relaxing)
 .eh_frame      0x0000000000112970       0x24 binaries/namopen.o
                                         0x50 (size before relaxing)
 .eh_frame      0x0000000000112994       0x20 binaries/ramclose.o
                                         0x4c (size before relaxing)
 .eh_frame      0x00000000001129b4       0x24 binaries/raminit.o
                                         0x50 (size before relaxing)
 .eh_frame      0x00000000001129d8       0x20 binaries/ramopen.o
                                         0x4c (size before relaxing)
 .eh_frame      0x00000000001129f8       0x24 binaries/ramread.o
                                         0x50 (size before relaxing)
 .eh_frame      0x0000000000112a1c       0x24 binaries/ramwrite.o
                                         0x50 (size before relaxing)
 .eh_frame      0x0000000000112a40       0x24 binaries/lfdballoc.o
                                         0x50 (size before relaxing)
 .eh_frame      0x0000000000112a64       0x24 binaries/lfdbfree.o
                                         0x50 (size before relaxing)
 .eh_frame      0x0000000000112a88       0x24 binaries/lfflush.o
                                         0x50 (size before relaxing)
 .eh_frame      0x0000000000112aac       0x20 binaries/lfgetmode.o
                                         0x4c (size before relaxing)
 .eh_frame      0x0000000000112acc       0x24 binaries/lfiballoc.o
                                         0x50 (size before relaxing)
 .eh_frame      0x0000000000112af0       0x20 binaries/lfibclear.o
                                         0x4c (size before relaxing)
 .eh_frame      0x0000000000112b10       0x24 binaries/lfibget.o
                                         0x50 (size before relaxing)
 .eh_frame      0x0000000000112b34       0x24 binaries/lfibput.o
                                         0x50 (size before relaxing)
 .eh_frame      0x0000000000112b58       0x24 binaries/lflclose.o
                                         0x50 (size before relaxing)
 .eh_frame      0x0000000000112b7c       0x24 binaries/lflcontrol.o
                                         0x50 (size before relaxing)
 .eh_frame      0x0000000000112ba0       0x24 binaries/lflgetc.o
                                         0x50 (size before relaxing)
 .eh_frame      0x0000000000112bc4       0x24 binaries/lflinit.o
                                         0x50 (size before relaxing)
 .eh_frame      0x0000000000112be8       0x24 binaries/lflputc.o
                                         0x50 (size before relaxing)
 .eh_frame      0x0000000000112c0c       0x24 binaries/lflread.o
                                         0x50 (size before relaxing)
 .eh_frame      0x0000000000112c30       0x24 binaries/lflseek.o
                                         0x50 (size before relaxing)
 .eh_frame      0x0000000000112c54       0x24 binaries/lflwrite.o
                                         0x50 (size before relaxing)
 .eh_frame      0x0000000000112c78       0x20 binaries/lfscheck.o
                                         0x4c (size before relaxing)
 .eh_frame      0x0000000000112c98       0x24 binaries/lfsckfmt.o
                                         0x50 (size before relaxing)
 .eh_frame      0x0000000000112cbc       0x24 binaries/lfscreate.o
                                         0x50 (size before relaxing)
 .eh_frame      0x0000000000112ce0       0x24 binaries/lfsetup.o
                                         0x50 (size before relaxing)
 .eh_frame      0x0000000000112d04       0x24 binaries/lfsinit.o
                                         0x50 (size before relaxing)
 .eh_frame      0x0000000000112d28       0x24 binaries/lfsopen.o
                                         0x50 (size before relaxing)
 .eh_frame      0x0000000000112d4c       0x24 binaries/lftruncate.o
                                         0x50 (size before relaxing)
 .eh_frame      0x0000000000112d70       0x48 binaries/addargs.o
                                         0x88 (size before relaxing)
 .eh_frame      0x0000000000112db8       0x20 binaries/lexan.o
                                         0x4c (size before relaxing)
 .eh_frame      0x0000000000112dd8       0x2c binaries/shell.o
                                         0x58 (size before relaxing)
 .eh_frame      0x0000000000112e04       0x24 binaries/xsh_argecho.o
                                         0x50 (size before relaxing)
 .eh_frame      0x0000000000112e28       0x2c binaries/xsh_cat.o
                                         0x58 (size before relaxing)
 .eh_frame      0x0000000000112e54       0x28 binaries/xsh_clear.o
                                         0x54 (size before relaxing)
 .eh_frame      0x0000000000112e7c       0x2c binaries/xsh_date.o
                                         0x58 (size before relaxing)
 .eh_frame      0x0000000000112ea8       0x24 binaries/xsh_devdump.o
                                         0x50 (size before relaxing)
 .eh_frame      0x0000000000112ecc       0x24 binaries/xsh_echo.o
                                         0x50 (size before relaxing)
 .eh_frame      0x0000000000112ef0       0x20 binaries/xsh_exit.o
                                         0x4c (size before relaxing)
 .eh_frame      0x0000000000112f10       0x2c binaries/xsh_help.o
                                         0x58 (size before relaxing)
 .eh_frame      0x0000000000112f3c       0x2c binaries/xsh_kill.o
                                         0x58 (size before relaxing)
 .eh_frame      0x0000000000112f68       0xe8 binaries/xsh_lab2.o
                                        0x114 (size before relaxing)
 .eh_frame      0x0000000000113050       0xd8 binaries/xsh_lab3.o
                                        0x118 (size before relaxing)
 .eh_frame      0x0000000000113128       0x24 binaries/xsh_lab4.o
                                         0x50 (size before relaxing)
 .eh_frame      0x000000000011314c       0x4c binaries/xsh_memdump.o
                                         0x8c (size before relaxing)
 .eh_frame      0x0000000000113198       0x74 binaries/xsh_memstat.o
                                         0xa0 (size before relaxing)
 .eh_frame      0x000000000011320c       0x30 binaries/xsh_ps.o
                                         0x5c (size before relaxing)
 .eh_frame      0x000000000011323c       0x2c binaries/xsh_sleep.o
                                         0x58 (size before relaxing)
 .eh_frame      0x0000000000113268       0x2c binaries/xsh_uptime.o
                                         0x58 (size before relaxing)

.iplt           0x0000000000113294        0x0
 .iplt          0x0000000000113294        0x0 binaries/start.o

.rel.dyn        0x0000000000113294        0x0
 .rel.got       0x0000000000113294        0x0 binaries/start.o
 .rel.iplt      0x0000000000113294        0x0 binaries/start.o
 .rel.text      0x0000000000113294        0x0 binaries/start.o

.data           0x00000000001132a0     0x1d60
                0x00000000001132a0                data = ABSOLUTE (.)
 *(.data .data.*)
 .data          0x00000000001132a0      0x85e binaries/start.o
                0x00000000001132a0                gdt
                0x00000000001132f0                idt
                0x0000000000113af6                kpgdir
                0x0000000000113afa                cpudelay
 *fill*         0x0000000000113afe        0x2 
 .data          0x0000000000113b00        0x4 binaries/Lab3_ucreate.o
 .data          0x0000000000113b04        0x0 binaries/Lab4_alloc_free.o
 .data          0x0000000000113b04        0x0 binaries/Lab4_fillpgentry.o
 .data          0x0000000000113b04        0x0 binaries/Lab4_getheap.o
 .data          0x0000000000113b04        0x0 binaries/Lab4_invlpg.o
 .data          0x0000000000113b04        0x0 binaries/Lab4_log2ph.o
 .data          0x0000000000113b04        0x0 binaries/ascdate.o
 *fill*         0x0000000000113b04       0x1c 
 .data.rel.local
                0x0000000000113b20       0x88 binaries/ascdate.o
                0x0000000000113b20                Date
 .data          0x0000000000113ba8        0x0 binaries/bufinit.o
 .data          0x0000000000113ba8        0x0 binaries/chprio.o
 .data          0x0000000000113ba8        0x0 binaries/clkhandler.o
 .data          0x0000000000113ba8        0x0 binaries/clkinit.o
 .data          0x0000000000113ba8        0x0 binaries/close.o
 .data          0x0000000000113ba8        0x0 binaries/conf.o
 *fill*         0x0000000000113ba8       0x18 
 .data.rel      0x0000000000113bc0      0x294 binaries/conf.o
                0x0000000000113bc0                devtab
 .data          0x0000000000113e54        0x0 binaries/control.o
 .data          0x0000000000113e54        0x4 binaries/create.o
 .data          0x0000000000113e58        0x0 binaries/evec.o
 *fill*         0x0000000000113e58        0x8 
 .data.rel.local
                0x0000000000113e60       0x40 binaries/evec.o
                0x0000000000113e60                inames
 .data          0x0000000000113ea0        0x0 binaries/exit.o
 .data          0x0000000000113ea0        0x0 binaries/freebuf.o
 .data          0x0000000000113ea0        0x0 binaries/freemem.o
 .data          0x0000000000113ea0        0x0 binaries/getbuf.o
 .data          0x0000000000113ea0        0x0 binaries/getc.o
 .data          0x0000000000113ea0        0x0 binaries/getdev.o
 .data          0x0000000000113ea0        0x0 binaries/getitem.o
 .data          0x0000000000113ea0        0x0 binaries/getmem.o
 .data          0x0000000000113ea0        0x0 binaries/getpid.o
 .data          0x0000000000113ea0        0x0 binaries/getprio.o
 .data          0x0000000000113ea0        0x0 binaries/getstk.o
 .data          0x0000000000113ea0        0x0 binaries/getticks.o
 .data          0x0000000000113ea0        0x0 binaries/gettime.o
 .data          0x0000000000113ea0        0x0 binaries/getutime.o
 .data          0x0000000000113ea0        0x0 binaries/init.o
 .data          0x0000000000113ea0        0x0 binaries/initialize.o
 .data          0x0000000000113ea0        0x0 binaries/insert.o
 .data          0x0000000000113ea0        0x0 binaries/insertd.o
 .data          0x0000000000113ea0        0x0 binaries/ioerr.o
 .data          0x0000000000113ea0        0x0 binaries/ionull.o
 .data          0x0000000000113ea0        0x0 binaries/kill.o
 .data          0x0000000000113ea0        0x0 binaries/kprintf.o
 .data          0x0000000000113ea0        0x0 binaries/main.o
 .data          0x0000000000113ea0        0x0 binaries/mark.o
 .data          0x0000000000113ea0       0x64 binaries/meminit.o
                0x0000000000113ea0                bootsign
                0x0000000000113ea4                bootinfo
                0x0000000000113ec0                gdt_copy
                0x0000000000113f00                pgdir
 .data          0x0000000000113f04        0x0 binaries/mkbufpool.o
 .data          0x0000000000113f04        0x2 binaries/newqueue.o
 .data          0x0000000000113f06        0x0 binaries/open.o
 .data          0x0000000000113f06        0x0 binaries/panic.o
 .data          0x0000000000113f06        0x0 binaries/platinit.o
 .data          0x0000000000113f06        0x0 binaries/ptclear.o
 .data          0x0000000000113f06        0x0 binaries/ptcount.o
 .data          0x0000000000113f06        0x0 binaries/ptcreate.o
 .data          0x0000000000113f06        0x0 binaries/ptdelete.o
 .data          0x0000000000113f06        0x0 binaries/ptinit.o
 .data          0x0000000000113f06        0x0 binaries/ptrecv.o
 .data          0x0000000000113f06        0x0 binaries/ptreset.o
 .data          0x0000000000113f06        0x0 binaries/ptsend.o
 .data          0x0000000000113f06        0x0 binaries/putc.o
 .data          0x0000000000113f06        0x0 binaries/queue.o
 .data          0x0000000000113f06        0x0 binaries/read.o
 .data          0x0000000000113f06        0x0 binaries/ready.o
 .data          0x0000000000113f06        0x0 binaries/receive.o
 .data          0x0000000000113f06        0x0 binaries/recvclr.o
 .data          0x0000000000113f06        0x0 binaries/recvtime.o
 .data          0x0000000000113f06        0x0 binaries/resched.o
 .data          0x0000000000113f06        0x0 binaries/resume.o
 .data          0x0000000000113f06        0x0 binaries/seek.o
 .data          0x0000000000113f06        0x0 binaries/semcount.o
 .data          0x0000000000113f06        0x0 binaries/semcreate.o
 .data          0x0000000000113f06        0x0 binaries/semdelete.o
 .data          0x0000000000113f06        0x0 binaries/semreset.o
 .data          0x0000000000113f06        0x0 binaries/send.o
 .data          0x0000000000113f06        0x0 binaries/signal.o
 .data          0x0000000000113f06        0x0 binaries/signaln.o
 .data          0x0000000000113f06        0x0 binaries/sleep.o
 .data          0x0000000000113f06        0x0 binaries/stacktrace.o
 .data          0x0000000000113f06        0x0 binaries/suspend.o
 .data          0x0000000000113f06        0x0 binaries/unsleep.o
 .data          0x0000000000113f06        0x0 binaries/userret.o
 .data          0x0000000000113f06        0x0 binaries/wait.o
 .data          0x0000000000113f06        0x0 binaries/wakeup.o
 .data          0x0000000000113f06        0x0 binaries/write.o
 .data          0x0000000000113f06        0x0 binaries/xdone.o
 .data          0x0000000000113f06        0x0 binaries/yield.o
 .data          0x0000000000113f06        0x0 binaries/abs.o
 .data          0x0000000000113f06        0x0 binaries/atoi.o
 .data          0x0000000000113f06        0x0 binaries/atol.o
 .data          0x0000000000113f06        0x0 binaries/bzero.o
 .data          0x0000000000113f06        0x0 binaries/ctype_.o
 .data          0x0000000000113f06        0x0 binaries/doprnt.o
 *fill*         0x0000000000113f06       0x1a 
 .data          0x0000000000113f20       0x80 binaries/doscan.o
                0x0000000000113f20                _sctab
 .data          0x0000000000113fa0        0x0 binaries/fdoprnt.o
 .data          0x0000000000113fa0        0x0 binaries/fgetc.o
 .data          0x0000000000113fa0        0x0 binaries/fgets.o
 .data          0x0000000000113fa0        0x0 binaries/fprintf.o
 .data          0x0000000000113fa0        0x0 binaries/fputc.o
 .data          0x0000000000113fa0        0x0 binaries/fputs.o
 .data          0x0000000000113fa0        0x0 binaries/fscanf.o
 .data          0x0000000000113fa0        0x0 binaries/getchar.o
 .data          0x0000000000113fa0        0x0 binaries/labs.o
 .data          0x0000000000113fa0        0x0 binaries/memchr.o
 .data          0x0000000000113fa0        0x0 binaries/memcmp.o
 .data          0x0000000000113fa0        0x0 binaries/memcpy.o
 .data          0x0000000000113fa0        0x0 binaries/memset.o
 .data          0x0000000000113fa0        0x0 binaries/printf.o
 .data          0x0000000000113fa0        0x0 binaries/putchar.o
 .data          0x0000000000113fa0        0x0 binaries/qsort.o
 .data          0x0000000000113fa0        0x4 binaries/rand.o
 .data          0x0000000000113fa4        0x0 binaries/sprintf.o
 .data          0x0000000000113fa4        0x0 binaries/sscanf.o
 .data          0x0000000000113fa4        0x0 binaries/strchr.o
 .data          0x0000000000113fa4        0x0 binaries/strcmp.o
 .data          0x0000000000113fa4        0x0 binaries/strcpy.o
 .data          0x0000000000113fa4        0x0 binaries/strlen.o
 .data          0x0000000000113fa4        0x0 binaries/strncat.o
 .data          0x0000000000113fa4        0x0 binaries/strncmp.o
 .data          0x0000000000113fa4        0x0 binaries/strncpy.o
 .data          0x0000000000113fa4        0x0 binaries/strnlen.o
 .data          0x0000000000113fa4        0x0 binaries/strrchr.o
 .data          0x0000000000113fa4        0x0 binaries/strstr.o
 .data          0x0000000000113fa4        0x0 binaries/ttycontrol.o
 .data          0x0000000000113fa4        0x0 binaries/ttygetc.o
 .data          0x0000000000113fa4        0x0 binaries/ttyhandle_in.o
 .data          0x0000000000113fa4        0x0 binaries/ttyhandle_out.o
 .data          0x0000000000113fa4        0x0 binaries/ttyhandler.o
 .data          0x0000000000113fa4        0x0 binaries/ttyinit.o
 .data          0x0000000000113fa4        0x0 binaries/ttykickout.o
 .data          0x0000000000113fa4        0x0 binaries/ttyputc.o
 .data          0x0000000000113fa4        0x0 binaries/ttyread.o
 .data          0x0000000000113fa4        0x0 binaries/ttywrite.o
 .data          0x0000000000113fa4        0x0 binaries/mount.o
 .data          0x0000000000113fa4        0x0 binaries/naminit.o
 .data          0x0000000000113fa4        0x0 binaries/nammap.o
 .data          0x0000000000113fa4        0x0 binaries/namopen.o
 .data          0x0000000000113fa4        0x0 binaries/ramclose.o
 .data          0x0000000000113fa4        0x0 binaries/raminit.o
 .data          0x0000000000113fa4        0x0 binaries/ramopen.o
 .data          0x0000000000113fa4        0x0 binaries/ramread.o
 .data          0x0000000000113fa4        0x0 binaries/ramwrite.o
 .data          0x0000000000113fa4        0x0 binaries/lfdballoc.o
 .data          0x0000000000113fa4        0x0 binaries/lfdbfree.o
 .data          0x0000000000113fa4        0x0 binaries/lfflush.o
 .data          0x0000000000113fa4        0x0 binaries/lfgetmode.o
 .data          0x0000000000113fa4        0x0 binaries/lfiballoc.o
 .data          0x0000000000113fa4        0x0 binaries/lfibclear.o
 .data          0x0000000000113fa4        0x0 binaries/lfibget.o
 .data          0x0000000000113fa4        0x0 binaries/lfibput.o
 .data          0x0000000000113fa4        0x0 binaries/lflclose.o
 .data          0x0000000000113fa4        0x0 binaries/lflcontrol.o
 .data          0x0000000000113fa4        0x0 binaries/lflgetc.o
 .data          0x0000000000113fa4        0x0 binaries/lflinit.o
 .data          0x0000000000113fa4        0x0 binaries/lflputc.o
 .data          0x0000000000113fa4        0x0 binaries/lflread.o
 .data          0x0000000000113fa4        0x0 binaries/lflseek.o
 .data          0x0000000000113fa4        0x0 binaries/lflwrite.o
 .data          0x0000000000113fa4        0x0 binaries/lfscheck.o
 .data          0x0000000000113fa4        0x0 binaries/lfsckfmt.o
 .data          0x0000000000113fa4        0x0 binaries/lfscreate.o
 .data          0x0000000000113fa4        0x0 binaries/lfsetup.o
 .data          0x0000000000113fa4        0x0 binaries/lfsinit.o
 .data          0x0000000000113fa4        0x0 binaries/lfsopen.o
 .data          0x0000000000113fa4        0x0 binaries/lftruncate.o
 .data          0x0000000000113fa4        0x0 binaries/addargs.o
 .data          0x0000000000113fa4        0x0 binaries/lexan.o
 .data          0x0000000000113fa4        0x4 binaries/shell.o
                0x0000000000113fa4                ncmd
 *fill*         0x0000000000113fa8       0x18 
 .data.rel.ro   0x0000000000113fc0       0xd8 binaries/shell.o
                0x0000000000113fc0                cmdtab
 .data          0x0000000000114098        0x0 binaries/xsh_argecho.o
 .data          0x0000000000114098        0x0 binaries/xsh_cat.o
 .data          0x0000000000114098        0x0 binaries/xsh_clear.o
 .data          0x0000000000114098        0x0 binaries/xsh_date.o
 .data          0x0000000000114098        0x0 binaries/xsh_devdump.o
 .data          0x0000000000114098        0x0 binaries/xsh_echo.o
 .data          0x0000000000114098        0x0 binaries/xsh_exit.o
 .data          0x0000000000114098        0x0 binaries/xsh_help.o
 .data          0x0000000000114098        0x0 binaries/xsh_kill.o
 .data          0x0000000000114098        0x0 binaries/xsh_lab2.o
 .data          0x0000000000114098        0x0 binaries/xsh_lab3.o
 .data          0x0000000000114098        0x0 binaries/xsh_lab4.o
 .data          0x0000000000114098        0x0 binaries/xsh_memdump.o
 .data          0x0000000000114098        0x0 binaries/xsh_memstat.o
 *fill*         0x0000000000114098        0x8 
 .data          0x00000000001140a0       0x20 binaries/xsh_ps.o
 .data          0x00000000001140c0        0x0 binaries/xsh_sleep.o
 .data          0x00000000001140c0        0x0 binaries/xsh_uptime.o
 .data          0x00000000001140c0        0x0 binaries/Lab3_create.o
 .data          0x00000000001140c0        0x0 binaries/Lab3_fprintf.o
 .data          0x00000000001140c0        0x0 binaries/Lab3_ltss.o
 .data          0x00000000001140c0        0x0 binaries/Lab3_printf.o
 .data          0x00000000001140c0        0x0 binaries/Lab3_read.o
 .data          0x00000000001140c0        0x0 binaries/Lab3_receive.o
 .data          0x00000000001140c0        0x0 binaries/Lab3_recvclr.o
 .data          0x00000000001140c0        0x0 binaries/Lab3_resume.o
 .data          0x00000000001140c0        0x0 binaries/Lab3_ret_k2u.o
 .data          0x00000000001140c0        0x0 binaries/Lab3_ret_u2k.o
 .data          0x00000000001140c0        0x0 binaries/Lab3_sleep.o
 .data          0x00000000001140c0        0x0 binaries/Lab3_sleepms.o
 .data          0x00000000001140c0        0x0 binaries/Lab4_addargs.o
 .data          0x00000000001140c0        0x0 binaries/clkdisp.o
 .data          0x00000000001140c0        0x0 binaries/ctxsw.o
 .data          0x00000000001140c0        0x0 binaries/intr.o
                0x00000000001140c0                _saveint
 .data          0x00000000001140c0        0x0 binaries/ttydispatch.o
                0x00000000001140c0                edata = ABSOLUTE (.)
                0x0000000000115000                . = ALIGN (0x1000)
 *fill*         0x00000000001140c0      0xf40 

.got            0x0000000000115000        0x0
 .got           0x0000000000115000        0x0 binaries/start.o

.got.plt        0x0000000000115000        0xc
 .got.plt       0x0000000000115000        0xc binaries/start.o
                0x0000000000115000                _GLOBAL_OFFSET_TABLE_

.igot.plt       0x000000000011500c        0x0
 .igot.plt      0x000000000011500c        0x0 binaries/start.o

.bss            0x0000000000115020    0x1efe0
                0x0000000000115020                bss = ABSOLUTE (.)
 *(.bss .bss.*)
 .bss           0x0000000000115020        0x0 binaries/start.o
 .bss           0x0000000000115020        0x0 binaries/Lab3_ucreate.o
 .bss           0x0000000000115020        0x0 binaries/Lab4_alloc_free.o
 .bss           0x0000000000115020        0x0 binaries/Lab4_fillpgentry.o
 .bss           0x0000000000115020        0x0 binaries/Lab4_getheap.o
 .bss           0x0000000000115020        0x0 binaries/Lab4_invlpg.o
 .bss           0x0000000000115020        0x0 binaries/Lab4_log2ph.o
 .bss           0x0000000000115020        0x0 binaries/ascdate.o
 .bss           0x0000000000115020        0x0 binaries/bufinit.o
 .bss           0x0000000000115020        0x0 binaries/chprio.o
 .bss           0x0000000000115020        0x0 binaries/clkhandler.o
 .bss           0x0000000000115020        0x0 binaries/clkinit.o
 .bss           0x0000000000115020        0x0 binaries/close.o
 .bss           0x0000000000115020        0x0 binaries/conf.o
 .bss           0x0000000000115020        0x0 binaries/control.o
 .bss           0x0000000000115020        0x0 binaries/create.o
 .bss           0x0000000000115020        0x0 binaries/evec.o
 .bss           0x0000000000115020        0x0 binaries/exit.o
 .bss           0x0000000000115020        0x0 binaries/freebuf.o
 .bss           0x0000000000115020        0x0 binaries/freemem.o
 .bss           0x0000000000115020        0x0 binaries/getbuf.o
 .bss           0x0000000000115020        0x0 binaries/getc.o
 .bss           0x0000000000115020        0x0 binaries/getdev.o
 .bss           0x0000000000115020        0x0 binaries/getitem.o
 .bss           0x0000000000115020        0x0 binaries/getmem.o
 .bss           0x0000000000115020        0x0 binaries/getpid.o
 .bss           0x0000000000115020        0x0 binaries/getprio.o
 .bss           0x0000000000115020        0x0 binaries/getstk.o
 .bss           0x0000000000115020        0x0 binaries/getticks.o
 .bss           0x0000000000115020        0x0 binaries/gettime.o
 .bss           0x0000000000115020        0x0 binaries/getutime.o
 .bss           0x0000000000115020        0x0 binaries/init.o
 .bss           0x0000000000115020        0x0 binaries/initialize.o
 .bss           0x0000000000115020        0x0 binaries/insert.o
 .bss           0x0000000000115020        0x0 binaries/insertd.o
 .bss           0x0000000000115020        0x0 binaries/ioerr.o
 .bss           0x0000000000115020        0x0 binaries/ionull.o
 .bss           0x0000000000115020        0x0 binaries/kill.o
 .bss           0x0000000000115020        0x0 binaries/kprintf.o
 .bss           0x0000000000115020        0x0 binaries/main.o
 .bss           0x0000000000115020        0x0 binaries/mark.o
 .bss           0x0000000000115020        0x0 binaries/meminit.o
 .bss           0x0000000000115020        0x0 binaries/mkbufpool.o
 .bss           0x0000000000115020        0x0 binaries/newqueue.o
 .bss           0x0000000000115020        0x0 binaries/open.o
 .bss           0x0000000000115020        0x0 binaries/panic.o
 .bss           0x0000000000115020        0x0 binaries/platinit.o
 .bss           0x0000000000115020        0x0 binaries/ptclear.o
 .bss           0x0000000000115020        0x0 binaries/ptcount.o
 .bss           0x0000000000115020        0x0 binaries/ptcreate.o
 .bss           0x0000000000115020        0x0 binaries/ptdelete.o
 .bss           0x0000000000115020        0x0 binaries/ptinit.o
 .bss           0x0000000000115020        0x0 binaries/ptrecv.o
 .bss           0x0000000000115020        0x0 binaries/ptreset.o
 .bss           0x0000000000115020        0x0 binaries/ptsend.o
 .bss           0x0000000000115020        0x0 binaries/putc.o
 .bss           0x0000000000115020        0x0 binaries/queue.o
 .bss           0x0000000000115020        0x0 binaries/read.o
 .bss           0x0000000000115020        0x0 binaries/ready.o
 .bss           0x0000000000115020        0x0 binaries/receive.o
 .bss           0x0000000000115020        0x0 binaries/recvclr.o
 .bss           0x0000000000115020        0x0 binaries/recvtime.o
 .bss           0x0000000000115020        0x0 binaries/resched.o
 .bss           0x0000000000115020        0x0 binaries/resume.o
 .bss           0x0000000000115020        0x0 binaries/seek.o
 .bss           0x0000000000115020        0x0 binaries/semcount.o
 .bss           0x0000000000115020        0x4 binaries/semcreate.o
 .bss           0x0000000000115024        0x0 binaries/semdelete.o
 .bss           0x0000000000115024        0x0 binaries/semreset.o
 .bss           0x0000000000115024        0x0 binaries/send.o
 .bss           0x0000000000115024        0x0 binaries/signal.o
 .bss           0x0000000000115024        0x0 binaries/signaln.o
 .bss           0x0000000000115024        0x0 binaries/sleep.o
 .bss           0x0000000000115024        0x0 binaries/stacktrace.o
 .bss           0x0000000000115024        0x0 binaries/suspend.o
 .bss           0x0000000000115024        0x0 binaries/unsleep.o
 .bss           0x0000000000115024        0x0 binaries/userret.o
 .bss           0x0000000000115024        0x0 binaries/wait.o
 .bss           0x0000000000115024        0x0 binaries/wakeup.o
 .bss           0x0000000000115024        0x0 binaries/write.o
 .bss           0x0000000000115024        0x0 binaries/xdone.o
 .bss           0x0000000000115024        0x0 binaries/yield.o
 .bss           0x0000000000115024        0x0 binaries/abs.o
 .bss           0x0000000000115024        0x0 binaries/atoi.o
 .bss           0x0000000000115024        0x0 binaries/atol.o
 .bss           0x0000000000115024        0x0 binaries/bzero.o
 .bss           0x0000000000115024        0x0 binaries/ctype_.o
 .bss           0x0000000000115024        0x0 binaries/doprnt.o
 .bss           0x0000000000115024        0x0 binaries/doscan.o
 .bss           0x0000000000115024        0x0 binaries/fdoprnt.o
 .bss           0x0000000000115024        0x0 binaries/fgetc.o
 .bss           0x0000000000115024        0x0 binaries/fgets.o
 .bss           0x0000000000115024        0x0 binaries/fprintf.o
 .bss           0x0000000000115024        0x0 binaries/fputc.o
 .bss           0x0000000000115024        0x0 binaries/fputs.o
 .bss           0x0000000000115024        0x0 binaries/fscanf.o
 .bss           0x0000000000115024        0x0 binaries/getchar.o
 .bss           0x0000000000115024        0x0 binaries/labs.o
 .bss           0x0000000000115024        0x0 binaries/memchr.o
 .bss           0x0000000000115024        0x0 binaries/memcmp.o
 .bss           0x0000000000115024        0x0 binaries/memcpy.o
 .bss           0x0000000000115024        0x0 binaries/memset.o
 .bss           0x0000000000115024        0x0 binaries/printf.o
 .bss           0x0000000000115024        0x0 binaries/putchar.o
 .bss           0x0000000000115024        0x8 binaries/qsort.o
 .bss           0x000000000011502c        0x0 binaries/rand.o
 .bss           0x000000000011502c        0x0 binaries/sprintf.o
 .bss           0x000000000011502c        0x0 binaries/sscanf.o
 .bss           0x000000000011502c        0x0 binaries/strchr.o
 .bss           0x000000000011502c        0x0 binaries/strcmp.o
 .bss           0x000000000011502c        0x0 binaries/strcpy.o
 .bss           0x000000000011502c        0x0 binaries/strlen.o
 .bss           0x000000000011502c        0x0 binaries/strncat.o
 .bss           0x000000000011502c        0x0 binaries/strncmp.o
 .bss           0x000000000011502c        0x0 binaries/strncpy.o
 .bss           0x000000000011502c        0x0 binaries/strnlen.o
 .bss           0x000000000011502c        0x0 binaries/strrchr.o
 .bss           0x000000000011502c        0x0 binaries/strstr.o
 .bss           0x000000000011502c        0x0 binaries/ttycontrol.o
 .bss           0x000000000011502c        0x0 binaries/ttygetc.o
 .bss           0x000000000011502c        0x0 binaries/ttyhandle_in.o
 .bss           0x000000000011502c        0x0 binaries/ttyhandle_out.o
 .bss           0x000000000011502c        0x0 binaries/ttyhandler.o
 .bss           0x000000000011502c        0x0 binaries/ttyinit.o
 .bss           0x000000000011502c        0x0 binaries/ttykickout.o
 .bss           0x000000000011502c        0x0 binaries/ttyputc.o
 .bss           0x000000000011502c        0x0 binaries/ttyread.o
 .bss           0x000000000011502c        0x0 binaries/ttywrite.o
 .bss           0x000000000011502c        0x0 binaries/mount.o
 .bss           0x000000000011502c        0x0 binaries/naminit.o
 .bss           0x000000000011502c        0x0 binaries/nammap.o
 .bss           0x000000000011502c        0x0 binaries/namopen.o
 .bss           0x000000000011502c        0x0 binaries/ramclose.o
 .bss           0x000000000011502c        0x0 binaries/raminit.o
 .bss           0x000000000011502c        0x0 binaries/ramopen.o
 .bss           0x000000000011502c        0x0 binaries/ramread.o
 .bss           0x000000000011502c        0x0 binaries/ramwrite.o
 .bss           0x000000000011502c        0x0 binaries/lfdballoc.o
 .bss           0x000000000011502c        0x0 binaries/lfdbfree.o
 .bss           0x000000000011502c        0x0 binaries/lfflush.o
 .bss           0x000000000011502c        0x0 binaries/lfgetmode.o
 .bss           0x000000000011502c        0x0 binaries/lfiballoc.o
 .bss           0x000000000011502c        0x0 binaries/lfibclear.o
 .bss           0x000000000011502c        0x0 binaries/lfibget.o
 .bss           0x000000000011502c        0x0 binaries/lfibput.o
 .bss           0x000000000011502c        0x0 binaries/lflclose.o
 .bss           0x000000000011502c        0x0 binaries/lflcontrol.o
 .bss           0x000000000011502c        0x0 binaries/lflgetc.o
 .bss           0x000000000011502c        0x0 binaries/lflinit.o
 .bss           0x000000000011502c        0x0 binaries/lflputc.o
 .bss           0x000000000011502c        0x0 binaries/lflread.o
 .bss           0x000000000011502c        0x0 binaries/lflseek.o
 .bss           0x000000000011502c        0x0 binaries/lflwrite.o
 .bss           0x000000000011502c        0x0 binaries/lfscheck.o
 .bss           0x000000000011502c        0x0 binaries/lfsckfmt.o
 .bss           0x000000000011502c        0x0 binaries/lfscreate.o
 .bss           0x000000000011502c        0x0 binaries/lfsetup.o
 .bss           0x000000000011502c        0x0 binaries/lfsinit.o
 .bss           0x000000000011502c        0x0 binaries/lfsopen.o
 .bss           0x000000000011502c        0x0 binaries/lftruncate.o
 .bss           0x000000000011502c        0x0 binaries/addargs.o
 .bss           0x000000000011502c        0x0 binaries/lexan.o
 .bss           0x000000000011502c        0x0 binaries/shell.o
 .bss           0x000000000011502c        0x0 binaries/xsh_argecho.o
 .bss           0x000000000011502c        0x0 binaries/xsh_cat.o
 .bss           0x000000000011502c        0x0 binaries/xsh_clear.o
 .bss           0x000000000011502c        0x0 binaries/xsh_date.o
 .bss           0x000000000011502c        0x0 binaries/xsh_devdump.o
 .bss           0x000000000011502c        0x0 binaries/xsh_echo.o
 .bss           0x000000000011502c        0x0 binaries/xsh_exit.o
 .bss           0x000000000011502c        0x0 binaries/xsh_help.o
 .bss           0x000000000011502c        0x0 binaries/xsh_kill.o
 .bss           0x000000000011502c        0x0 binaries/xsh_lab2.o
 .bss           0x000000000011502c        0x0 binaries/xsh_lab3.o
 .bss           0x000000000011502c        0x0 binaries/xsh_lab4.o
 .bss           0x000000000011502c        0x0 binaries/xsh_memdump.o
 .bss           0x000000000011502c        0x0 binaries/xsh_memstat.o
 .bss           0x000000000011502c        0x0 binaries/xsh_ps.o
 .bss           0x000000000011502c        0x0 binaries/xsh_sleep.o
 .bss           0x000000000011502c        0x0 binaries/xsh_uptime.o
 .bss           0x000000000011502c        0x0 binaries/Lab3_create.o
 .bss           0x000000000011502c        0x0 binaries/Lab3_fprintf.o
 .bss           0x000000000011502c        0x0 binaries/Lab3_ltss.o
 .bss           0x000000000011502c        0x0 binaries/Lab3_printf.o
 .bss           0x000000000011502c        0x0 binaries/Lab3_read.o
 .bss           0x000000000011502c        0x0 binaries/Lab3_receive.o
 .bss           0x000000000011502c        0x0 binaries/Lab3_recvclr.o
 .bss           0x000000000011502c        0x0 binaries/Lab3_resume.o
 .bss           0x000000000011502c        0x0 binaries/Lab3_ret_k2u.o
 .bss           0x000000000011502c        0x0 binaries/Lab3_ret_u2k.o
 .bss           0x000000000011502c        0x0 binaries/Lab3_sleep.o
 .bss           0x000000000011502c        0x0 binaries/Lab3_sleepms.o
 .bss           0x000000000011502c        0x0 binaries/Lab4_addargs.o
 .bss           0x000000000011502c        0x0 binaries/clkdisp.o
 .bss           0x000000000011502c        0x0 binaries/ctxsw.o
 .bss           0x000000000011502c        0x0 binaries/intr.o
 .bss           0x000000000011502c        0x0 binaries/ttydispatch.o
 *(COMMON)
 *fill*         0x000000000011502c       0x14 
 COMMON         0x0000000000115040       0x68 binaries/Lab3_ucreate.o
                0x0000000000115040                TSS
 *fill*         0x00000000001150a8       0x18 
 COMMON         0x00000000001150c0       0xf4 binaries/bufinit.o
                0x00000000001150c0                buftab
                0x00000000001151b0                nbpools
 COMMON         0x00000000001151b4       0x10 binaries/clkinit.o
                0x00000000001151b4                sleepq
                0x00000000001151b8                preempt
                0x00000000001151bc                count1000
                0x00000000001151c0                clktime
 COMMON         0x00000000001151c4        0x2 binaries/evec.o
                0x00000000001151c4                girmask
 *fill*         0x00000000001151c6       0x1a 
 COMMON         0x00000000001151e0     0x2118 binaries/initialize.o
                0x00000000001151e0                currpid
                0x0000000000115200                proctab
                0x0000000000116e20                prcount
                0x0000000000116e40                semtab
                0x00000000001172f0                memlist
 *fill*         0x00000000001172f8        0x8 
 COMMON         0x0000000000117300       0x58 binaries/mark.o
                0x0000000000117300                marks
                0x0000000000117350                nmarks
                0x0000000000117354                mkmutex
 COMMON         0x0000000000117358       0x14 binaries/meminit.o
                0x0000000000117358                minheap
                0x000000000011735c                maxheap
                0x0000000000117360                kpg
                0x0000000000117368                freelist
 *fill*         0x000000000011736c       0x14 
 COMMON         0x0000000000117380      0x2d8 binaries/ptinit.o
                0x0000000000117380                porttab
                0x0000000000117650                ptnextid
                0x0000000000117654                ptfree
 *fill*         0x0000000000117658        0x8 
 COMMON         0x0000000000117660      0x980 binaries/queue.o
                0x0000000000117660                queuetab
 COMMON         0x0000000000117fe0        0x2 binaries/ready.o
                0x0000000000117fe0                readylist
 *fill*         0x0000000000117fe2        0x2 
 COMMON         0x0000000000117fe4        0x8 binaries/resched.o
                0x0000000000117fe4                Defer
 *fill*         0x0000000000117fec       0x14 
 COMMON         0x0000000000118000      0x110 binaries/ttyinit.o
                0x0000000000118000                ttytab
 *fill*         0x0000000000118110       0x10 
 COMMON         0x0000000000118120     0x19c0 binaries/naminit.o
                0x0000000000118120                nnames
                0x0000000000118140                nametab
 COMMON         0x0000000000119ae0    0x19000 binaries/raminit.o
                0x0000000000119ae0                Ram
 COMMON         0x0000000000132ae0      0xf00 binaries/lflinit.o
                0x0000000000132ae0                lfltab
 COMMON         0x00000000001339e0      0x20c binaries/lfsinit.o
                0x00000000001339e0                Lf_data
                0x0000000000133bec                ebss = ABSOLUTE (.)
                0x0000000000134000                . = ALIGN (0x1000)
 *fill*         0x0000000000133bec      0x414 
 */()
                0x0000000000134000                end = ABSOLUTE (.)
                0x0000000000134000                _end = ABSOLUTE (.)
                0x0000000000134000                . = ALIGN (0x1000)
LOAD binaries/start.o
LOAD binaries/Lab3_ucreate.o
LOAD binaries/Lab4_alloc_free.o
LOAD binaries/Lab4_fillpgentry.o
LOAD binaries/Lab4_getheap.o
LOAD binaries/Lab4_invlpg.o
LOAD binaries/Lab4_log2ph.o
LOAD binaries/ascdate.o
LOAD binaries/bufinit.o
LOAD binaries/chprio.o
LOAD binaries/clkhandler.o
LOAD binaries/clkinit.o
LOAD binaries/close.o
LOAD binaries/conf.o
LOAD binaries/control.o
LOAD binaries/create.o
LOAD binaries/evec.o
LOAD binaries/exit.o
LOAD binaries/freebuf.o
LOAD binaries/freemem.o
LOAD binaries/getbuf.o
LOAD binaries/getc.o
LOAD binaries/getdev.o
LOAD binaries/getitem.o
LOAD binaries/getmem.o
LOAD binaries/getpid.o
LOAD binaries/getprio.o
LOAD binaries/getstk.o
LOAD binaries/getticks.o
LOAD binaries/gettime.o
LOAD binaries/getutime.o
LOAD binaries/init.o
LOAD binaries/initialize.o
LOAD binaries/insert.o
LOAD binaries/insertd.o
LOAD binaries/ioerr.o
LOAD binaries/ionull.o
LOAD binaries/kill.o
LOAD binaries/kprintf.o
LOAD binaries/main.o
LOAD binaries/mark.o
LOAD binaries/meminit.o
LOAD binaries/mkbufpool.o
LOAD binaries/newqueue.o
LOAD binaries/open.o
LOAD binaries/panic.o
LOAD binaries/platinit.o
LOAD binaries/ptclear.o
LOAD binaries/ptcount.o
LOAD binaries/ptcreate.o
LOAD binaries/ptdelete.o
LOAD binaries/ptinit.o
LOAD binaries/ptrecv.o
LOAD binaries/ptreset.o
LOAD binaries/ptsend.o
LOAD binaries/putc.o
LOAD binaries/queue.o
LOAD binaries/read.o
LOAD binaries/ready.o
LOAD binaries/receive.o
LOAD binaries/recvclr.o
LOAD binaries/recvtime.o
LOAD binaries/resched.o
LOAD binaries/resume.o
LOAD binaries/seek.o
LOAD binaries/semcount.o
LOAD binaries/semcreate.o
LOAD binaries/semdelete.o
LOAD binaries/semreset.o
LOAD binaries/send.o
LOAD binaries/signal.o
LOAD binaries/signaln.o
LOAD binaries/sleep.o
LOAD binaries/stacktrace.o
LOAD binaries/suspend.o
LOAD binaries/unsleep.o
LOAD binaries/userret.o
LOAD binaries/wait.o
LOAD binaries/wakeup.o
LOAD binaries/write.o
LOAD binaries/xdone.o
LOAD binaries/yield.o
LOAD binaries/abs.o
LOAD binaries/atoi.o
LOAD binaries/atol.o
LOAD binaries/bzero.o
LOAD binaries/ctype_.o
LOAD binaries/doprnt.o
LOAD binaries/doscan.o
LOAD binaries/fdoprnt.o
LOAD binaries/fgetc.o
LOAD binaries/fgets.o
LOAD binaries/fprintf.o
LOAD binaries/fputc.o
LOAD binaries/fputs.o
LOAD binaries/fscanf.o
LOAD binaries/getchar.o
LOAD binaries/labs.o
LOAD binaries/memchr.o
LOAD binaries/memcmp.o
LOAD binaries/memcpy.o
LOAD binaries/memset.o
LOAD binaries/printf.o
LOAD binaries/putchar.o
LOAD binaries/qsort.o
LOAD binaries/rand.o
LOAD binaries/sprintf.o
LOAD binaries/sscanf.o
LOAD binaries/strchr.o
LOAD binaries/strcmp.o
LOAD binaries/strcpy.o