
Merging program properties

Removed property 0xc0000002 to merge binaries/Lab3_ucreate.o (0x3) and binaries/start.o (not found)
Removed property 0xc0000002 to merge binaries/Lab3_ucreate.o (not found) and binaries/ascdate.o (0x3)
Removed property 0xc0000002 to merge binaries/Lab3_ucreate.o (not found) and binaries/bufinit.o (0x3)
Removed property 0xc0000002 to merge binaries/Lab3_ucreate.o (not found) and binaries/chprio.o (0x3)
Removed property 0xc0000002 to merge binaries/Lab3_ucreate.o (not found) and binaries/clkhandler.o (0x3)
Removed property 0xc0000002 to merge binaries/Lab3_ucreate.o (not found) and binaries/clkinit.o (0x3)
Removed property 0xc0000002 to merge binaries/Lab3_ucreate.o (not found) and binaries/close.o (0x3)
Removed property 0xc0000002 to merge binaries/Lab3_ucreate.o (not found) and binaries/conf.o (0x3)
Removed property 0xc0000002 to merge binaries/Lab3_ucreate.o (not found) and binaries/control.o (0x3)
Removed property 0xc0000002 to merge binaries/Lab3_ucreate.o (not found) and binaries/create.o (0x3)
Removed property 0xc0000002 to merge binaries/Lab3_ucreate.o (not found) and binaries/evec.o (0x3)
Removed property 0xc0000002 to merge binaries/Lab3_ucreate.o (not found) and binaries/exit.o (0x3)
Removed property 0xc0000002 to merge binaries/Lab3_ucreate.o (not found) and binaries/freebuf.o (0x3)
Removed property 0xc0000002 to merge binaries/Lab3_ucreate.o (not found) and binaries/freemem.o (0x3)
Removed property 0xc0000002 to merge binaries/Lab3_ucreate.o (not found) and binaries/getbuf.o (0x3)
Removed property 0xc0000002 to merge binaries/Lab3_ucreate.o (not found) and binaries/getc.o (0x3)
Removed property 0xc0000002 to merge binaries/Lab3_ucreate.o (not found) and binaries/getdev.o (0x3)
Removed property 0xc0000002 to merge binaries/Lab3_ucreate.o (not found) and binaries/getitem.o (0x3)
Removed property 0xc0000002 to merge binaries/Lab3_ucreate.o (not found) and binaries/getmem.o (0x3)
Removed property 0xc0000002 to merge binaries/Lab3_ucreate.o (not found) and binaries/getpid.o (0x3)
Removed property 0xc0000002 to merge binaries/Lab3_ucreate.o (not found) and binaries/getprio.o (0x3)
Removed property 0xc0000002 to merge binaries/Lab3_ucreate.o (not found) and binaries/getstk.o (0x3)
Removed property 0xc0000002 to merge binaries/Lab3_ucreate.o (not found) and binaries/getticks.o (0x3)
Removed property 0xc0000002 to merge binaries/Lab3_ucreate.o (not found) and binaries/gettime.o (0x3)
Removed property 0xc0000002 to merge binaries/Lab3_ucreate.o (not found) and binaries/getutime.o (0x3)
Removed property 0xc0000002 to merge binaries/Lab3_ucreate.o (not found) and binaries/init.o (0x3)
Removed property 0xc0000002 to merge binaries/Lab3_ucreate.o (not found) and binaries/initialize.o (0x3)
Removed property 0xc0000002 to merge binaries/Lab3_ucreate.o (not found) and binaries/insert.o (0x3)
Removed property 0xc0000002 to merge binaries/Lab3_ucreate.o (not found) and binaries/insertd.o (0x3)
Removed property 0xc0000002 to merge binaries/Lab3_ucreate.o (not found) and binaries/ioerr.o (0x3)
Removed property 0xc0000002 to merge binaries/Lab3_ucreate.o (not found) and binaries/ionull.o (0x3)
Removed property 0xc0000002 to merge binaries/Lab3_ucreate.o (not found) and binaries/kill.o (0x3)
Removed property 0xc0000002 to merge binaries/Lab3_ucreate.o (not found) and binaries/kprintf.o (0x3)
Removed property 0xc0000002 to merge binaries/Lab3_ucreate.o (not found) and binaries/main.o (0x3)
Removed property 0xc0000002 to merge binaries/Lab3_ucreate.o (not found) and binaries/mark.o (0x3)
Removed property 0xc0000002 to merge binaries/Lab3_ucreate.o (not found) and binaries/meminit.o (0x3)
Removed property 0xc0000002 to merge binaries/Lab3_ucreate.o (not found) and binaries/mkbufpool.o (0x3)
Removed property 0xc0000002 to merge binaries/Lab3_ucreate.o (not found) and binaries/newqueue.o (0x3)
Removed property 0xc0000002 to merge binaries/Lab3_ucreate.o (not found) and binaries/open.o (0x3)
Removed property 0xc0000002 to merge binaries/Lab3_ucreate.o (not found) and binaries/panic.o (0x3)
Removed property 0xc0000002 to merge binaries/Lab3_ucreate.o (not found) and binaries/platinit.o (0x3)
Removed property 0xc0000002 to merge binaries/Lab3_ucreate.o (not found) and binaries/ptclear.o (0x3)
Removed property 0xc0000002 to merge binaries/Lab3_ucreate.o (not found) and binaries/ptcount.o (0x3)
Removed property 0xc0000002 to merge binaries/Lab3_ucreate.o (not found) and binaries/ptcreate.o (0x3)
Removed property 0xc0000002 to merge binaries/Lab3_ucreate.o (not found) and binaries/ptdelete.o (0x3)
Removed property 0xc0000002 to merge binaries/Lab3_ucreate.o (not found) and binaries/ptinit.o (0x3)
Removed property 0xc0000002 to merge binaries/Lab3_ucreate.o (not found) and binaries/ptrecv.o (0x3)
Removed property 0xc0000002 to merge binaries/Lab3_ucreate.o (not found) and binaries/ptreset.o (0x3)
Removed property 0xc0000002 to merge binaries/Lab3_ucreate.o (not found) and binaries/ptsend.o (0x3)
[...]
Memory Configuration

Name             Origin             Length             Attributes
*default*        0x0000000000000000 0xffffffffffffffff

Linker script and memory map

                0x0000000000100000                physbase = 0x100000
                0x0000000000100000                . = physbase
                0x0000000000100000                . = ALIGN (0x1000)

.text           0x0000000000100000    0x10000
                0x0000000000100000                text = ABSOLUTE (.)
 *(.text .text.*)
 .text          0x0000000000100000      0x1b4 binaries/start.o
                0x0000000000100024                start
                0x00000000001000f6                inb
                0x00000000001000fe                inw
                0x0000000000100107                inl
                0x000000000010010f                outb
                0x0000000000100119                outw
                0x0000000000100124                outl
                0x000000000010012e                _rtcin
                0x0000000000100139                ___udivsi3
                0x0000000000100144                ___divsi3
                0x0000000000100150                sbzero
                0x0000000000100160                insw
                0x0000000000100176                outsw
                0x000000000010018c                bcopy
                0x00000000001001a0                lidt
                0x00000000001001a8                cpuid
 .text          0x00000000001001b4      0x3bd binaries/Lab3_ucreate.o
                0x00000000001001b4                ucreate
 .text.__x86.get_pc_thunk.cx
                0x0000000000100571        0x4 binaries/Lab3_ucreate.o
                0x0000000000100571                __x86.get_pc_thunk.cx
 .text.__x86.get_pc_thunk.bx
                0x0000000000100575        0x4 binaries/Lab3_ucreate.o
                0x0000000000100575                __x86.get_pc_thunk.bx
 .text          0x0000000000100579      0x408 binaries/ascdate.o
                0x0000000000100579                ascdate
 .text          0x0000000000100981       0x24 binaries/bufinit.o
                0x0000000000100981                bufinit
 .text.__x86.get_pc_thunk.ax
                0x00000000001009a5        0x4 binaries/bufinit.o
                0x00000000001009a5                __x86.get_pc_thunk.ax
 .text          0x00000000001009a9       0x9a binaries/chprio.o
                0x00000000001009a9                chprio
 .text          0x0000000000100a43       0xe8 binaries/clkhandler.o
                0x0000000000100a43                clkhandler
 .text          0x0000000000100b2b       0xa7 binaries/clkinit.o
                0x0000000000100b2b                clkinit
 .text          0x0000000000100bd2       0x8a binaries/close.o
                0x0000000000100bd2                close
 .text          0x0000000000100c5c        0x0 binaries/conf.o
 .text          0x0000000000100c5c       0x90 binaries/control.o
                0x0000000000100c5c                control
 .text          0x0000000000100cec      0x415 binaries/create.o
                0x0000000000100cec                create
 .text          0x0000000000101101      0x50a binaries/evec.o
                0x0000000000101101                initevec
                0x0000000000101240                set_evec
                0x000000000010131b                _8259_setirmask
                0x0000000000101390                trap
 .text          0x000000000010160b       0x2d binaries/exit.o
                0x000000000010160b                exit
 .text          0x0000000000101638       0xa5 binaries/freebuf.o
                0x0000000000101638                freebuf
 .text          0x00000000001016dd      0x199 binaries/freemem.o
                0x00000000001016dd                freemem
 .text          0x0000000000101876       0xa3 binaries/getbuf.o
                0x0000000000101876                getbuf
 .text          0x0000000000101919       0x8a binaries/getc.o
                0x0000000000101919                getc
 .text          0x00000000001019a3       0x8a binaries/getdev.o
                0x00000000001019a3                getdev
 .text          0x0000000000101a2d      0x11d binaries/getitem.o
                0x0000000000101a2d                getfirst
                0x0000000000101a87                getlast
                0x0000000000101ae3                getitem
 .text.__x86.get_pc_thunk.dx
                0x0000000000101b4a        0x4 binaries/getitem.o
                0x0000000000101b4a                __x86.get_pc_thunk.dx
 .text          0x0000000000101b4e      0x136 binaries/getmem.o
                0x0000000000101b4e                getmem
 .text          0x0000000000101c84       0x1b binaries/getpid.o
                0x0000000000101c84                getpid
 .text          0x0000000000101c9f       0x82 binaries/getprio.o
                0x0000000000101c9f                getprio
 .text          0x0000000000101d21      0x11d binaries/getstk.o
                0x0000000000101d21                getstk
 .text          0x0000000000101e3e       0x24 binaries/getticks.o
                0x0000000000101e3e                getticks
 .text          0x0000000000101e62       0x18 binaries/gettime.o
                0x0000000000101e62                gettime
 .text          0x0000000000101e7a       0x18 binaries/getutime.o
                0x0000000000101e7a                getutime
 .text          0x0000000000101e92       0x8a binaries/init.o
                0x0000000000101e92                init
 .text          0x0000000000101f1c      0x3e6 binaries/initialize.o
                0x0000000000101f1c                nulluser
                0x0000000000102287                stop
                0x00000000001022c6                delay
 .text          0x0000000000102302      0x102 binaries/insert.o
                0x0000000000102302                insert
 .text          0x0000000000102404      0x13b binaries/insertd.o
                0x0000000000102404                insertd
 .text          0x000000000010253f       0x18 binaries/ioerr.o
                0x000000000010253f                ioerr
 .text          0x0000000000102557       0x18 binaries/ionull.o
                0x0000000000102557                ionull
 .text          0x000000000010256f      0x215 binaries/kill.o
                0x000000000010256f                kill
 .text          0x0000000000102784      0x1d6 binaries/kprintf.o
                0x0000000000102784                kputc
                0x0000000000102850                kgetc
                0x000000000010291a                kprintf
 .text          0x000000000010295a       0xfc binaries/main.o
                0x000000000010295a                sndA
                0x0000000000102981                sndB
                0x00000000001029a8                main
 .text          0x0000000000102a56       0xf6 binaries/mark.o
                0x0000000000102a56                markinit
                0x0000000000102a93                mark
 .text          0x0000000000102b4c      0x369 binaries/meminit.o
                0x0000000000102b4c                meminit
                0x0000000000102dae                setsegs
 .text          0x0000000000102eb5      0x196 binaries/mkbufpool.o
                0x0000000000102eb5                mkbufpool
 .text          0x000000000010304b       0xbf binaries/newqueue.o
                0x000000000010304b                newqueue
 .text          0x000000000010310a       0x90 binaries/open.o
                0x000000000010310a                open
 .text          0x000000000010319a       0x32 binaries/panic.o
                0x000000000010319a                panic
 .text          0x00000000001031cc       0x31 binaries/platinit.o
                0x00000000001031cc                console_init
                0x00000000001031e4                platinit
 .text          0x00000000001031fd      0x109 binaries/ptclear.o
                0x00000000001031fd                _ptclear
 .text          0x0000000000103306       0xb3 binaries/ptcount.o
                0x0000000000103306                ptcount
 .text          0x00000000001033b9      0x138 binaries/ptcreate.o
                0x00000000001033b9                ptcreate
 .text          0x00000000001034f1       0x98 binaries/ptdelete.o
                0x00000000001034f1                ptdelete
 .text          0x0000000000103589       0xe9 binaries/ptinit.o
                0x0000000000103589                ptinit
 .text          0x0000000000103672      0x139 binaries/ptrecv.o
                0x0000000000103672                ptrecv
 .text          0x00000000001037ab       0x8d binaries/ptreset.o
                0x00000000001037ab                ptreset
 .text          0x0000000000103838      0x15e binaries/ptsend.o
                0x0000000000103838                ptsend
 .text          0x0000000000103996       0x95 binaries/putc.o
                0x0000000000103996                putc
 .text          0x0000000000103a2b      0x147 binaries/queue.o
                0x0000000000103a2b                enqueue
                0x0000000000103ae9                dequeue
 .text          0x0000000000103b72       0x90 binaries/read.o
                0x0000000000103b72                read
 .text          0x0000000000103c02       0x84 binaries/ready.o
                0x0000000000103c02                ready
 .text          0x0000000000103c86       0x73 binaries/receive.o
                0x0000000000103c86                receive
 .text          0x0000000000103cf9       0x6f binaries/recvclr.o
                0x0000000000103cf9                recvclr
 .text          0x0000000000103d68       0xd4 binaries/recvtime.o
                0x0000000000103d68                recvtime
 .text          0x0000000000103e3c      0x1e5 binaries/resched.o
                0x0000000000103e3c                resched
                0x0000000000103f80                resched_cntl
 .text          0x0000000000104021       0xb7 binaries/resume.o
                0x0000000000104021                resume
 .text          0x00000000001040d8       0x8e binaries/seek.o
                0x00000000001040d8                seek
 .text          0x0000000000104166       0x8b binaries/semcount.o
                0x0000000000104166                semcount
 .text          0x00000000001041f1      0x108 binaries/semcreate.o
                0x00000000001041f1                semcreate
 .text          0x00000000001042f9       0xe3 binaries/semdelete.o
                0x00000000001042f9                semdelete
 .text          0x00000000001043dc       0xe7 binaries/semreset.o
                0x00000000001043dc                semreset
 .text          0x00000000001044c3       0xf3 binaries/send.o
                0x00000000001044c3                send
 .text          0x00000000001045b6       0xbe binaries/signal.o
                0x00000000001045b6                signal
 .text          0x0000000000104674       0xec binaries/signaln.o
                0x0000000000104674                signaln
 .text          0x0000000000104760      0x10f binaries/sleep.o
                0x0000000000104760                sleep
                0x00000000001047bc                sleepms
 .text          0x000000000010486f      0x1ac binaries/stacktrace.o
                0x000000000010486f                stacktrace
 .text          0x0000000000104a1b       0xed binaries/suspend.o
                0x0000000000104a1b                suspend
 .text          0x0000000000104b08       0xf8 binaries/unsleep.o
                0x0000000000104b08                unsleep
 .text          0x0000000000104c00       0x2d binaries/userret.o
                0x0000000000104c00                userret
 .text          0x0000000000104c2d       0xf4 binaries/wait.o
                0x0000000000104c2d                wait
 .text          0x0000000000104d21       0x9c binaries/wakeup.o
                0x0000000000104d21                wakeup
 .text          0x0000000000104dbd       0x90 binaries/write.o
                0x0000000000104dbd                write
 .text          0x0000000000104e4d       0x33 binaries/xdone.o
                0x0000000000104e4d                xdone
 .text          0x0000000000104e80       0x3b binaries/yield.o
                0x0000000000104e80                yield
 .text          0x0000000000104ebb       0x1f binaries/abs.o
                0x0000000000104ebb                abs
 .text          0x0000000000104eda       0x9e binaries/atoi.o
                0x0000000000104eda                atoi
 .text          0x0000000000104f78       0x9e binaries/atol.o
                0x0000000000104f78                atol
 .text          0x0000000000105016       0x40 binaries/bzero.o
                0x0000000000105016                bzero
 .text          0x0000000000105056        0x0 binaries/ctype_.o
 .text          0x0000000000105056      0x96b binaries/doprnt.o
                0x0000000000105056                _doprnt
 .text          0x00000000001059c1      0x709 binaries/doscan.o
                0x00000000001059c1                _doscan
 .text.__x86.get_pc_thunk.di
                0x00000000001060ca        0x4 binaries/doscan.o
                0x00000000001060ca                __x86.get_pc_thunk.di
 .text          0x00000000001060ce      0x788 binaries/fdoprnt.o
                0x00000000001060ce                _fdoprnt
 .text          0x0000000000106856       0x3d binaries/fgetc.o
                0x0000000000106856                fgetc
 .text          0x0000000000106893       0x88 binaries/fgets.o
                0x0000000000106893                fgets
 .text          0x000000000010691b       0x40 binaries/fprintf.o
                0x000000000010691b                fprintf
 .text          0x000000000010695b       0x40 binaries/fputc.o
                0x000000000010695b                fputc
 .text          0x000000000010699b       0x56 binaries/fputs.o
                0x000000000010699b                fputs
 .text          0x00000000001069f1       0xc2 binaries/fscanf.o
                0x00000000001069f1                fscanf
 .text          0x0000000000106ab3       0x44 binaries/getchar.o
                0x0000000000106ab3                getchar
 .text          0x0000000000106af7       0x1f binaries/labs.o
                0x0000000000106af7                labs
 .text          0x0000000000106b16        0x0 binaries/memchr.o
 .text          0x0000000000106b16       0x5f binaries/memcmp.o
                0x0000000000106b16                memcmp
 .text          0x0000000000106b75       0x34 binaries/memcpy.o
                0x0000000000106b75                memcpy
 .text          0x0000000000106ba9       0x3e binaries/memset.o
                0x0000000000106ba9                memset
 .text          0x0000000000106be7       0x5a binaries/printf.o
                0x0000000000106be7                printf
 .text          0x0000000000106c41       0x47 binaries/putchar.o
                0x0000000000106c41                putchar
 .text          0x0000000000106c88      0x2bf binaries/qsort.o
                0x0000000000106c88                qsort
 .text          0x0000000000106f47       0x8d binaries/rand.o
                0x0000000000106f47                rand
                0x0000000000106f6f                rand_r
                0x0000000000106fb7                srand
 .text          0x0000000000106fd4       0x8a binaries/sprintf.o
                0x0000000000106fd4                sprintf
 .text          0x000000000010705e       0xa4 binaries/sscanf.o
                0x000000000010705e                sscanf
 .text          0x0000000000107102       0x4a binaries/strchr.o
                0x0000000000107102                strchr
 .text          0x000000000010714c       0x53 binaries/strcmp.o
                0x000000000010714c                strcmp
 .text          0x000000000010719f       0x35 binaries/strcpy.o
                0x000000000010719f                strcpy
 .text          0x00000000001071d4       0x34 binaries/strlen.o
                0x00000000001071d4                strlen
 .text          0x0000000000107208       0x64 binaries/strncat.o
                0x0000000000107208                strncat
 .text          0x000000000010726c       0x6c binaries/strncmp.o
                0x000000000010726c                strncmp
 .text          0x00000000001072d8       0x5d binaries/strncpy.o
                0x00000000001072d8                strncpy
 .text          0x0000000000107335       0x3c binaries/strnlen.o
                0x0000000000107335                strnlen
 .text          0x0000000000107371       0x53 binaries/strrchr.o
                0x0000000000107371                strrchr
 .text          0x00000000001073c4       0x7c binaries/strstr.o
                0x00000000001073c4                strstr
 .text          0x0000000000107440      0x100 binaries/ttycontrol.o
                0x0000000000107440                ttycontrol
 .text          0x0000000000107540       0xaf binaries/ttygetc.o
                0x0000000000107540                ttygetc
 .text          0x00000000001075ef      0x73b binaries/ttyhandle_in.o
                0x00000000001075ef                ttyhandle_in
 .text          0x0000000000107d2a      0x1c5 binaries/ttyhandle_out.o
                0x0000000000107d2a                ttyhandle_out
 .text          0x0000000000107eef       0xec binaries/ttyhandler.o
                0x0000000000107eef                ttyhandler
 .text          0x0000000000107fdb      0x243 binaries/ttyinit.o
                0x0000000000107fdb                ttyinit
 .text          0x000000000010821e       0x2f binaries/ttykickout.o
                0x000000000010821e                ttykickout
 .text          0x000000000010824d       0xcd binaries/ttyputc.o
                0x000000000010824d                ttyputc
 .text          0x000000000010831a      0x12f binaries/ttyread.o
                0x000000000010831a                ttyread
 .text          0x0000000000108449       0x60 binaries/ttywrite.o
                0x0000000000108449                ttywrite
 .text          0x00000000001084a9      0x17c binaries/mount.o
                0x00000000001084a9                mount
                0x00000000001085e1                namlen
 .text          0x0000000000108625      0x224 binaries/naminit.o
                0x0000000000108625                naminit
 .text          0x0000000000108849      0x24f binaries/nammap.o
                0x0000000000108849                nammap
                0x00000000001088ea                namrepl
                0x0000000000108a3a                namcpy
 .text          0x0000000000108a98       0x61 binaries/namopen.o
                0x0000000000108a98                namopen
 .text          0x0000000000108af9       0x18 binaries/ramclose.o
                0x0000000000108af9                ramclose
 .text          0x0000000000108b11       0x5c binaries/raminit.o
                0x0000000000108b11                raminit
 .text          0x0000000000108b6d       0x18 binaries/ramopen.o
                0x0000000000108b6d                ramopen
 .text          0x0000000000108b85       0x4b binaries/ramread.o
                0x0000000000108b85                ramread
 .text          0x0000000000108bd0       0x4b binaries/ramwrite.o
                0x0000000000108bd0                ramwrite
 .text          0x0000000000108c1b       0xc8 binaries/lfdballoc.o
                0x0000000000108c1b                lfdballoc
 .text          0x0000000000108ce3       0x70 binaries/lfdbfree.o
                0x0000000000108ce3                lfdbfree
 .text          0x0000000000108d53       0xe4 binaries/lfflush.o
                0x0000000000108d53                lfflush
 .text          0x0000000000108e37       0xed binaries/lfgetmode.o
                0x0000000000108e37                lfgetmode
 .text          0x0000000000108f24       0x96 binaries/lfiballoc.o
                0x0000000000108f24                lfiballoc
 .text          0x0000000000108fba       0x49 binaries/lfibclear.o
                0x0000000000108fba                lfibclear
 .text          0x0000000000109003       0xc0 binaries/lfibget.o
                0x0000000000109003                lfibget
 .text          0x00000000001090c3       0xef binaries/lfibput.o
                0x00000000001090c3                lfibput
 .text          0x00000000001091b2       0xbf binaries/lflclose.o
                0x00000000001091b2                lflclose
 .text          0x0000000000109271       0xf1 binaries/lflcontrol.o
                0x0000000000109271                lflcontrol
 .text          0x0000000000109362      0x108 binaries/lflgetc.o
                0x0000000000109362                lflgetc
 .text          0x000000000010946a      0x104 binaries/lflinit.o
                0x000000000010946a                lflinit
 .text          0x000000000010956e      0x13e binaries/lflputc.o
                0x000000000010956e                lflputc
 .text          0x00000000001096ac       0x83 binaries/lflread.o
                0x00000000001096ac                lflread
 .text          0x000000000010972f       0xc2 binaries/lflseek.o
                0x000000000010972f                lflseek
 .text          0x00000000001097f1       0x68 binaries/lflwrite.o
                0x00000000001097f1                lflwrite
 .text          0x0000000000109859       0x70 binaries/lfscheck.o
                0x0000000000109859                lfscheck
 .text          0x00000000001098c9      0x198 binaries/lfsckfmt.o
                0x00000000001098c9                lfsckfmt
 .text          0x0000000000109a61      0x1c2 binaries/lfscreate.o
                0x0000000000109a61                lfscreate
 .text          0x0000000000109c23      0x2a7 binaries/lfsetup.o
                0x0000000000109c23                lfsetup
 .text          0x0000000000109eca       0x83 binaries/lfsinit.o
                0x0000000000109eca                lfsinit
 .text          0x0000000000109f4d      0x415 binaries/lfsopen.o
                0x0000000000109f4d                lfsopen
 .text          0x000000000010a362      0x18e binaries/lftruncate.o
                0x000000000010a362                lftruncate
 .text          0x000000000010a4f0      0x238 binaries/addargs.o
                0x000000000010a4f0                addargs
 .text          0x000000000010a728      0x2df binaries/lexan.o
                0x000000000010a728                lexan
 .text          0x000000000010aa07      0x84e binaries/shell.o
                0x000000000010aa07                shell
 .text          0x000000000010b255       0x82 binaries/xsh_argecho.o
                0x000000000010b255                xsh_argecho
 .text          0x000000000010b2d7      0x282 binaries/xsh_cat.o
                0x000000000010b2d7                xsh_cat
 .text          0x000000000010b559       0x77 binaries/xsh_clear.o
                0x000000000010b559                xsh_clear
 .text          0x000000000010b5d0      0x2c6 binaries/xsh_date.o
                0x000000000010b5d0                xsh_date
 .text          0x000000000010b896       0xc8 binaries/xsh_devdump.o
                0x000000000010b896                xsh_devdump
 .text          0x000000000010b95e       0x91 binaries/xsh_echo.o
                0x000000000010b95e                xsh_echo
 .text          0x000000000010b9ef       0x18 binaries/xsh_exit.o
                0x000000000010b9ef                xsh_exit
 .text          0x000000000010ba07      0x3f3 binaries/xsh_help.o
                0x000000000010ba07                xsh_help
 .text          0x000000000010bdfa      0x265 binaries/xsh_kill.o
                0x000000000010bdfa                xsh_kill
 .text          0x000000000010c05f      0x72a binaries/xsh_lab2.o
                0x000000000010c05f                xsh_lab2
                0x000000000010c527                u2021201780_printf_1
                0x000000000010c5a4                u2021201780_printf_2
                0x000000000010c604                u2021201780_printf_3
                0x000000000010c64c                u2021201780_delay_run
                0x000000000010c70f                u2021201780_delay_test
 .text          0x000000000010c789      0x2ec binaries/xsh_lab3.o
                0x000000000010c789                k2021201780_printf
                0x000000000010c827                k2021201780_fprintf
                0x000000000010c8c3                k2021201780_create
                0x000000000010c970                u2021201780_uptest
                0x000000000010c9cf                xsh_lab3
 .text.__x86.get_pc_thunk.si
                0x000000000010ca75        0x4 binaries/xsh_lab3.o
                0x000000000010ca75                __x86.get_pc_thunk.si
 .text          0x000000000010ca79      0x588 binaries/xsh_memdump.o
                0x000000000010ca79                xsh_memdump
 .text          0x000000000010d001      0x306 binaries/xsh_memstat.o
                0x000000000010d001                xsh_memstat
 .text          0x000000000010d307      0x24b binaries/xsh_ps.o
                0x000000000010d307                xsh_ps
 .text          0x000000000010d552      0x243 binaries/xsh_sleep.o
                0x000000000010d552                xsh_sleep
 .text          0x000000000010d795      0x223 binaries/xsh_uptime.o
                0x000000000010d795                xsh_uptime
 .text          0x000000000010d9b8        0x8 binaries/Lab3_create.o
                0x000000000010d9b8                u2021201780_create
 .text          0x000000000010d9c0       0x20 binaries/Lab3_fprintf.o
                0x000000000010d9c0                u2021201780_fprintf
 .text          0x000000000010d9e0        0x8 binaries/Lab3_ltss.o
                0x000000000010d9e0                k2021201780_ltss
 .text          0x000000000010d9e8       0x19 binaries/Lab3_printf.o
                0x000000000010d9e8                u2021201780_printf
 .text          0x000000000010da01        0xf binaries/Lab3_read.o
                0x000000000010da01                u2021201780_read
 .text          0x000000000010da10        0x3 binaries/Lab3_receive.o
                0x000000000010da10                u2021201780_receive
 .text          0x000000000010da13        0x3 binaries/Lab3_recvclr.o
                0x000000000010da13                u2021201780_recvclr
 .text          0x000000000010da16        0x7 binaries/Lab3_resume.o
                0x000000000010da16                u2021201780_resume
 .text          0x000000000010da1d        0x2 binaries/Lab3_ret_k2u.o
                0x000000000010da1d                k2021201780_ret_k2u
 .text          0x000000000010da1f        0x2 binaries/Lab3_ret_u2k.o
                0x000000000010da1f                u2021201780_ret_u2k
 .text          0x000000000010da21        0x7 binaries/Lab3_sleep.o
                0x000000000010da21                u2021201780_sleep
 .text          0x000000000010da28        0x7 binaries/Lab3_sleepms.o
                0x000000000010da28                u2021201780_sleepms
 .text          0x000000000010da2f        0xe binaries/clkdisp.o
                0x000000000010da2f                clkdisp
 .text          0x000000000010da3d       0x19 binaries/ctxsw.o
                0x000000000010da3d                ctxsw
 .text          0x000000000010da56      0x466 binaries/intr.o
                0x000000000010da56                disable
                0x000000000010da5f                restore
                0x000000000010da6d                enable
                0x000000000010da6f                pause
                0x000000000010da76                halt
                0x000000000010da79                spurious_irq7
                0x000000000010da7e                spurious_irq15
                0x000000000010da8d                _Xint0
                0x000000000010da95                _Xint1
                0x000000000010da9d                _Xint2
                0x000000000010daa5                _Xint3
                0x000000000010daad                _Xint4
                0x000000000010dab5                _Xint5
                0x000000000010dac0                _Xint6
                0x000000000010dac8                _Xint7
                0x000000000010dad0                _Xint8
                0x000000000010dad8                _Xint9
                0x000000000010dae0                _Xint10
                0x000000000010dae8                _Xint11
                0x000000000010daf0                _Xint12
                0x000000000010daf8                _Xint13
                0x000000000010db00                _Xint14
                0x000000000010db0b                _Xint15
                0x000000000010db16                _Xint16
                0x000000000010db21                _Xint17
                0x000000000010db2c                _Xint18
                0x000000000010db37                _Xint19
                0x000000000010db42                _Xint20
                0x000000000010db4d                _Xint21
                0x000000000010db58                _Xint22
                0x000000000010db63                _Xint23
                0x000000000010db6e                _Xint24
                0x000000000010db79                _Xint25
                0x000000000010db84                _Xint26
                0x000000000010db8f                _Xint27
                0x000000000010db9a                _Xint28
                0x000000000010dba5                _Xint29
                0x000000000010dbb0                _Xint30
                0x000000000010dbbb                _Xint31
                0x000000000010dbc6                _Xint32
                0x000000000010dbd1                _Xint33
                0x000000000010dbdc                _Xint34
                0x000000000010dbe7                _Xint35
                0x000000000010dbf2                _Xint36
                0x000000000010dbfd                _Xint37
                0x000000000010dc08                _Xint38
                0x000000000010dc13                _Xint40
                0x000000000010dc1e                _Xint41
                0x000000000010dc29                _Xint42
                0x000000000010dc34                _Xint43
                0x000000000010dc3f                _Xint44
                0x000000000010dc4a                _Xint45
                0x000000000010dc55                _Xint46
                0x000000000010dc60                _Xint48
                0x000000000010dc9d                _Xint49
                0x000000000010dca2                _Xint50
                0x000000000010dcc5                _Xint51
                0x000000000010dce8                _Xint52
                0x000000000010dd0b                _Xint53
                0x000000000010dd4a                _Xint54
                0x000000000010dd6f                _Xint55
                0x000000000010dd92                _Xint56
                0x000000000010ddb3                _Xint57
                0x000000000010ddd4                defevec
 .text          0x000000000010debc       0x10 binaries/ttydispatch.o
                0x000000000010debc                ttydispatch
 *(.rodata .rodata.*)
 .rodata        0x000000000010decc        0xe binaries/Lab3_ucreate.o
 *fill*         0x000000000010deda        0x2 
 .rodata        0x000000000010dedc       0x8e binaries/ascdate.o
 .rodata        0x000000000010df6a       0x52 binaries/conf.o
 .rodata        0x000000000010dfbc        0xe binaries/create.o
 *fill*         0x000000000010dfca        0x2 
 .rodata        0x000000000010dfcc      0x231 binaries/evec.o
 *fill*         0x000000000010e1fd        0x3 
 .rodata        0x000000000010e200      0x133 binaries/initialize.o
 *fill*         0x000000000010e333        0x1 
 .rodata        0x000000000010e334       0x20 binaries/kill.o
 .rodata        0x000000000010e354       0x2a binaries/main.o
 *fill*         0x000000000010e37e        0x2 
 .rodata        0x000000000010e380       0x3e binaries/meminit.o
 .rodata        0x000000000010e3be        0xf binaries/panic.o
 .rodata        0x000000000010e3cd       0x1d binaries/ptinit.o
 *fill*         0x000000000010e3ea        0x2 
 .rodata        0x000000000010e3ec       0x25 binaries/ptsend.o
 *fill*         0x000000000010e411        0x3 
 .rodata        0x000000000010e414       0xb7 binaries/stacktrace.o
 *fill*         0x000000000010e4cb        0x1 
 .rodata        0x000000000010e4cc       0x27 binaries/xdone.o
 *fill*         0x000000000010e4f3        0xd 
 .rodata        0x000000000010e500       0x81 binaries/ctype_.o
                0x000000000010e500                _ctype_
 *fill*         0x000000000010e581        0x3 
 .rodata        0x000000000010e584       0xee binaries/doprnt.o
 *fill*         0x000000000010e672        0x2 
 .rodata        0x000000000010e674       0xae binaries/fdoprnt.o
 *fill*         0x000000000010e722        0x2 
 .rodata        0x000000000010e724       0x20 binaries/ttycontrol.o
 .rodata        0x000000000010e744       0x34 binaries/ttyhandler.o
 .rodata        0x000000000010e778       0x80 binaries/naminit.o
 .rodata        0x000000000010e7f8        0x9 binaries/raminit.o
 *fill*         0x000000000010e801        0x3 
 .rodata        0x000000000010e804       0x37 binaries/lfdballoc.o
 .rodata        0x000000000010e83b       0x14 binaries/lfiballoc.o
 *fill*         0x000000000010e84f        0x1 
 .rodata        0x000000000010e850       0x23 binaries/lflcontrol.o
 *fill*         0x000000000010e873        0x1 
 .rodata        0x000000000010e874      0x11b binaries/lfsckfmt.o
 *fill*         0x000000000010e98f        0x1 
 .rodata        0x000000000010e990       0x2a binaries/lfsopen.o
 *fill*         0x000000000010e9ba        0x2 
 .rodata        0x000000000010e9bc      0x2a5 binaries/shell.o
 .rodata        0x000000000010ec61       0x28 binaries/xsh_argecho.o
 *fill*         0x000000000010ec89        0x3 
 .rodata        0x000000000010ec8c       0xc9 binaries/xsh_cat.o
 .rodata        0x000000000010ed55       0x19 binaries/xsh_clear.o
 *fill*         0x000000000010ed6e        0x2 
 .rodata        0x000000000010ed70      0x1a5 binaries/xsh_date.o
 .rodata        0x000000000010ef15       0x5d binaries/xsh_devdump.o
 .rodata        0x000000000010ef72        0x9 binaries/xsh_echo.o
 *fill*         0x000000000010ef7b        0x1 
 .rodata        0x000000000010ef7c      0x169 binaries/xsh_help.o
 *fill*         0x000000000010f0e5        0x3 
 .rodata        0x000000000010f0e8      0x12e binaries/xsh_kill.o
 *fill*         0x000000000010f216        0x2 
 .rodata        0x000000000010f218      0x3ad binaries/xsh_lab2.o
 .rodata        0x000000000010f5c5       0x49 binaries/xsh_lab3.o
 *fill*         0x000000000010f60e        0x2 
 .rodata        0x000000000010f610      0x266 binaries/xsh_memdump.o
 *fill*         0x000000000010f876        0x2 
 .rodata        0x000000000010f878      0x225 binaries/xsh_memstat.o
 *fill*         0x000000000010fa9d        0x3 
 .rodata        0x000000000010faa0      0x1a8 binaries/xsh_ps.o
 .rodata        0x000000000010fc48       0xeb binaries/xsh_sleep.o
 *fill*         0x000000000010fd33        0x1 
 .rodata        0x000000000010fd34      0x105 binaries/xsh_uptime.o
                0x000000000010fe39                etext = ABSOLUTE (.)
                0x0000000000110000                . = ALIGN (0x1000)
 *fill*         0x000000000010fe39      0x1c7 

.eh_frame       0x0000000000110000     0x2108
 .eh_frame      0x0000000000110000       0x88 binaries/Lab3_ucreate.o
 .eh_frame      0x0000000000110088       0x24 binaries/ascdate.o
                                         0x50 (size before relaxing)
 .eh_frame      0x00000000001100ac       0x34 binaries/bufinit.o
                                         0x4c (size before relaxing)
 .eh_frame      0x00000000001100e0       0x24 binaries/chprio.o
                                         0x50 (size before relaxing)
 .eh_frame      0x0000000000110104       0x24 binaries/clkhandler.o
                                         0x50 (size before relaxing)
 .eh_frame      0x0000000000110128       0x24 binaries/clkinit.o
                                         0x50 (size before relaxing)
 .eh_frame      0x000000000011014c       0x24 binaries/close.o
                                         0x50 (size before relaxing)
 .eh_frame      0x0000000000110170       0x24 binaries/control.o
                                         0x50 (size before relaxing)
 .eh_frame      0x0000000000110194       0x48 binaries/create.o
                                         0x88 (size before relaxing)
 .eh_frame      0x00000000001101dc       0x90 binaries/evec.o
                                         0xd0 (size before relaxing)
 .eh_frame      0x000000000011026c       0x24 binaries/exit.o
                                         0x50 (size before relaxing)
 .eh_frame      0x0000000000110290       0x24 binaries/freebuf.o
                                         0x50 (size before relaxing)
 .eh_frame      0x00000000001102b4       0x24 binaries/freemem.o
                                         0x50 (size before relaxing)
 .eh_frame      0x00000000001102d8       0x24 binaries/getbuf.o
                                         0x50 (size before relaxing)
 .eh_frame      0x00000000001102fc       0x24 binaries/getc.o
                                         0x50 (size before relaxing)
 .eh_frame      0x0000000000110320       0x24 binaries/getdev.o
                                         0x50 (size before relaxing)
 .eh_frame      0x0000000000110344       0x78 binaries/getitem.o
                                         0xa4 (size before relaxing)
 .eh_frame      0x00000000001103bc       0x24 binaries/getmem.o
                                         0x50 (size before relaxing)
 .eh_frame      0x00000000001103e0       0x20 binaries/getpid.o
                                         0x4c (size before relaxing)
 .eh_frame      0x0000000000110400       0x24 binaries/getprio.o
                                         0x50 (size before relaxing)
 .eh_frame      0x0000000000110424       0x24 binaries/getstk.o
                                         0x50 (size before relaxing)
 .eh_frame      0x0000000000110448       0x20 binaries/getticks.o
                                         0x4c (size before relaxing)
 .eh_frame      0x0000000000110468       0x20 binaries/gettime.o
                                         0x4c (size before relaxing)
 .eh_frame      0x0000000000110488       0x20 binaries/getutime.o
                                         0x4c (size before relaxing)
 .eh_frame      0x00000000001104a8       0x24 binaries/init.o
                                         0x50 (size before relaxing)
 .eh_frame      0x00000000001104cc       0xa4 binaries/initialize.o
                                         0xe4 (size before relaxing)
 .eh_frame      0x0000000000110570       0x24 binaries/insert.o
                                         0x50 (size before relaxing)
 .eh_frame      0x0000000000110594       0x28 binaries/insertd.o
                                         0x54 (size before relaxing)
 .eh_frame      0x00000000001105bc       0x20 binaries/ioerr.o
                                         0x4c (size before relaxing)
 .eh_frame      0x00000000001105dc       0x20 binaries/ionull.o
                                         0x4c (size before relaxing)
 .eh_frame      0x00000000001105fc       0x2c binaries/kill.o
                                         0x58 (size before relaxing)
 .eh_frame      0x0000000000110628       0x6c binaries/kprintf.o
                                         0xac (size before relaxing)
 .eh_frame      0x0000000000110694       0x60 binaries/main.o
                                         0x8c (size before relaxing)
 .eh_frame      0x00000000001106f4       0x48 binaries/mark.o
                                         0x74 (size before relaxing)
 .eh_frame      0x000000000011073c       0x54 binaries/meminit.o
                                         0x94 (size before relaxing)
 .eh_frame      0x0000000000110790       0x24 binaries/mkbufpool.o
                                         0x50 (size before relaxing)
 .eh_frame      0x00000000001107b4       0x24 binaries/newqueue.o
                                         0x50 (size before relaxing)
 .eh_frame      0x00000000001107d8       0x24 binaries/open.o
                                         0x50 (size before relaxing)
 .eh_frame      0x00000000001107fc       0x1c binaries/panic.o
                                         0x48 (size before relaxing)
 .eh_frame      0x0000000000110818       0x40 binaries/platinit.o
                                         0x6c (size before relaxing)
 .eh_frame      0x0000000000110858       0x24 binaries/ptclear.o
                                         0x50 (size before relaxing)
 .eh_frame      0x000000000011087c       0x24 binaries/ptcount.o
                                         0x50 (size before relaxing)
 .eh_frame      0x00000000001108a0       0x24 binaries/ptcreate.o
                                         0x50 (size before relaxing)
 .eh_frame      0x00000000001108c4       0x24 binaries/ptdelete.o
                                         0x50 (size before relaxing)
 .eh_frame      0x00000000001108e8       0x24 binaries/ptinit.o
                                         0x50 (size before relaxing)
 .eh_frame      0x000000000011090c       0x24 binaries/ptrecv.o
                                         0x50 (size before relaxing)
 .eh_frame      0x0000000000110930       0x24 binaries/ptreset.o
                                         0x50 (size before relaxing)
 .eh_frame      0x0000000000110954       0x24 binaries/ptsend.o
                                         0x50 (size before relaxing)
 .eh_frame      0x0000000000110978       0x24 binaries/putc.o
                                         0x50 (size before relaxing)
 .eh_frame      0x000000000011099c       0x48 binaries/queue.o
                                         0x88 (size before relaxing)
 .eh_frame      0x00000000001109e4       0x24 binaries/read.o
                                         0x50 (size before relaxing)
 .eh_frame      0x0000000000110a08       0x28 binaries/ready.o
                                         0x54 (size before relaxing)
 .eh_frame      0x0000000000110a30       0x24 binaries/receive.o
                                         0x50 (size before relaxing)
 .eh_frame      0x0000000000110a54       0x24 binaries/recvclr.o
                                         0x50 (size before relaxing)
 .eh_frame      0x0000000000110a78       0x24 binaries/recvtime.o
                                         0x50 (size before relaxing)
 .eh_frame      0x0000000000110a9c       0x48 binaries/resched.o
                                         0x88 (size before relaxing)
 .eh_frame      0x0000000000110ae4       0x24 binaries/resume.o
                                         0x50 (size before relaxing)
 .eh_frame      0x0000000000110b08       0x24 binaries/seek.o
                                         0x50 (size before relaxing)
 .eh_frame      0x0000000000110b2c       0x24 binaries/semcount.o
                                         0x50 (size before relaxing)
 .eh_frame      0x0000000000110b50       0x48 binaries/semcreate.o
                                         0x88 (size before relaxing)
 .eh_frame      0x0000000000110b98       0x24 binaries/semdelete.o
                                         0x50 (size before relaxing)
 .eh_frame      0x0000000000110bbc       0x24 binaries/semreset.o
                                         0x50 (size before relaxing)
 .eh_frame      0x0000000000110be0       0x24 binaries/send.o
                                         0x50 (size before relaxing)
 .eh_frame      0x0000000000110c04       0x24 binaries/signal.o
                                         0x50 (size before relaxing)
 .eh_frame      0x0000000000110c28       0x24 binaries/signaln.o
                                         0x50 (size before relaxing)
 .eh_frame      0x0000000000110c4c       0x44 binaries/sleep.o
                                         0x84 (size before relaxing)
 .eh_frame      0x0000000000110c90       0x24 binaries/stacktrace.o
                                         0x50 (size before relaxing)
 .eh_frame      0x0000000000110cb4       0x24 binaries/suspend.o
                                         0x50 (size before relaxing)
 .eh_frame      0x0000000000110cd8       0x24 binaries/unsleep.o
                                         0x50 (size before relaxing)
 .eh_frame      0x0000000000110cfc       0x24 binaries/userret.o
                                         0x50 (size before relaxing)
 .eh_frame      0x0000000000110d20       0x24 binaries/wait.o
                                         0x50 (size before relaxing)
 .eh_frame      0x0000000000110d44       0x24 binaries/wakeup.o
                                         0x50 (size before relaxing)
 .eh_frame      0x0000000000110d68       0x24 binaries/write.o
                                         0x50 (size before relaxing)
 .eh_frame      0x0000000000110d8c       0x24 binaries/xdone.o
                                         0x50 (size before relaxing)
 .eh_frame      0x0000000000110db0       0x24 binaries/yield.o
                                         0x50 (size before relaxing)
 .eh_frame      0x0000000000110dd4       0x20 binaries/abs.o
                                         0x4c (size before relaxing)
 .eh_frame      0x0000000000110df4       0x20 binaries/atoi.o
                                         0x4c (size before relaxing)
 .eh_frame      0x0000000000110e14       0x20 binaries/atol.o
                                         0x4c (size before relaxing)
 .eh_frame      0x0000000000110e34       0x20 binaries/bzero.o
                                         0x4c (size before relaxing)
 .eh_frame      0x0000000000110e54       0xec binaries/doprnt.o
                                        0x140 (size before relaxing)
 .eh_frame      0x0000000000110f40       0xc8 binaries/doscan.o
                                         0xf4 (size before relaxing)
 .eh_frame      0x0000000000111008       0xcc binaries/fdoprnt.o
                                        0x10c (size before relaxing)
 .eh_frame      0x00000000001110d4       0x24 binaries/fgetc.o
                                         0x50 (size before relaxing)
 .eh_frame      0x00000000001110f8       0x24 binaries/fgets.o
                                         0x50 (size before relaxing)
 .eh_frame      0x000000000011111c       0x24 binaries/fprintf.o
                                         0x50 (size before relaxing)
 .eh_frame      0x0000000000111140       0x24 binaries/fputc.o
                                         0x50 (size before relaxing)
 .eh_frame      0x0000000000111164       0x24 binaries/fputs.o
                                         0x50 (size before relaxing)
 .eh_frame      0x0000000000111188       0x68 binaries/fscanf.o
                                         0x94 (size before relaxing)
 .eh_frame      0x00000000001111f0       0x24 binaries/getchar.o
                                         0x50 (size before relaxing)
 .eh_frame      0x0000000000111214       0x20 binaries/labs.o
                                         0x4c (size before relaxing)
 .eh_frame      0x0000000000111234       0x20 binaries/memcmp.o
                                         0x4c (size before relaxing)
 .eh_frame      0x0000000000111254       0x28 binaries/memcpy.o
                                         0x54 (size before relaxing)
 .eh_frame      0x000000000011127c       0x24 binaries/memset.o
                                         0x50 (size before relaxing)
 .eh_frame      0x00000000001112a0       0x24 binaries/printf.o
                                         0x50 (size before relaxing)
 .eh_frame      0x00000000001112c4       0x24 binaries/putchar.o
                                         0x50 (size before relaxing)
 .eh_frame      0x00000000001112e8       0xa4 binaries/qsort.o
                                         0xd0 (size before relaxing)
 .eh_frame      0x000000000011138c       0x60 binaries/rand.o
                                         0x8c (size before relaxing)
 .eh_frame      0x00000000001113ec       0x44 binaries/sprintf.o
                                         0x70 (size before relaxing)
 .eh_frame      0x0000000000111430       0x64 binaries/sscanf.o
                                         0x90 (size before relaxing)
 .eh_frame      0x0000000000111494       0x20 binaries/strchr.o
                                         0x4c (size before relaxing)
 .eh_frame      0x00000000001114b4       0x20 binaries/strcmp.o
                                         0x4c (size before relaxing)
 .eh_frame      0x00000000001114d4       0x20 binaries/strcpy.o
                                         0x4c (size before relaxing)
 .eh_frame      0x00000000001114f4       0x20 binaries/strlen.o
                                         0x4c (size before relaxing)
 .eh_frame      0x0000000000111514       0x20 binaries/strncat.o
                                         0x4c (size before relaxing)
 .eh_frame      0x0000000000111534       0x20 binaries/strncmp.o
                                         0x4c (size before relaxing)
 .eh_frame      0x0000000000111554       0x28 binaries/strncpy.o
                                         0x54 (size before relaxing)
 .eh_frame      0x000000000011157c       0x20 binaries/strnlen.o
                                         0x4c (size before relaxing)
 .eh_frame      0x000000000011159c       0x20 binaries/strrchr.o
                                         0x4c (size before relaxing)
 .eh_frame      0x00000000001115bc       0x20 binaries/strstr.o
                                         0x4c (size before relaxing)
 .eh_frame      0x00000000001115dc       0x24 binaries/ttycontrol.o
                                         0x50 (size before relaxing)
 .eh_frame      0x0000000000111600       0x24 binaries/ttygetc.o
                                         0x50 (size before relaxing)
 .eh_frame      0x0000000000111624       0x88 binaries/ttyhandle_in.o
                                         0xdc (size before relaxing)
 .eh_frame      0x00000000001116ac       0x24 binaries/ttyhandle_out.o
                                         0x50 (size before relaxing)
 .eh_frame      0x00000000001116d0       0x24 binaries/ttyhandler.o
                                         0x50 (size before relaxing)
 .eh_frame      0x00000000001116f4       0x24 binaries/ttyinit.o
                                         0x50 (size before relaxing)
 .eh_frame      0x0000000000111718       0x24 binaries/ttykickout.o
                                         0x50 (size before relaxing)
 .eh_frame      0x000000000011173c       0x24 binaries/ttyputc.o
                                         0x50 (size before relaxing)
 .eh_frame      0x0000000000111760       0x24 binaries/ttyread.o
                                         0x50 (size before relaxing)
 .eh_frame      0x0000000000111784       0x24 binaries/ttywrite.o
                                         0x50 (size before relaxing)
 .eh_frame      0x00000000001117a8       0x44 binaries/mount.o
                                         0x84 (size before relaxing)
 .eh_frame      0x00000000001117ec       0x24 binaries/naminit.o
                                         0x50 (size before relaxing)
 .eh_frame      0x0000000000111810       0x68 binaries/nammap.o
                                         0xa8 (size before relaxing)
 .eh_frame      0x0000000000111878       0x24 binaries/namopen.o
                                         0x50 (size before relaxing)
 .eh_frame      0x000000000011189c       0x20 binaries/ramclose.o
                                         0x4c (size before relaxing)
 .eh_frame      0x00000000001118bc       0x24 binaries/raminit.o
                                         0x50 (size before relaxing)
 .eh_frame      0x00000000001118e0       0x20 binaries/ramopen.o
                                         0x4c (size before relaxing)
 .eh_frame      0x0000000000111900       0x24 binaries/ramread.o
                                         0x50 (size before relaxing)
 .eh_frame      0x0000000000111924       0x24 binaries/ramwrite.o
                                         0x50 (size before relaxing)
 .eh_frame      0x0000000000111948       0x24 binaries/lfdballoc.o
                                         0x50 (size before relaxing)
 .eh_frame      0x000000000011196c       0x24 binaries/lfdbfree.o
                                         0x50 (size before relaxing)
 .eh_frame      0x0000000000111990       0x24 binaries/lfflush.o
                                         0x50 (size before relaxing)
 .eh_frame      0x00000000001119b4       0x20 binaries/lfgetmode.o
                                         0x4c (size before relaxing)
 .eh_frame      0x00000000001119d4       0x24 binaries/lfiballoc.o
                                         0x50 (size before relaxing)
 .eh_frame      0x00000000001119f8       0x20 binaries/lfibclear.o
                                         0x4c (size before relaxing)
 .eh_frame      0x0000000000111a18       0x24 binaries/lfibget.o
                                         0x50 (size before relaxing)
 .eh_frame      0x0000000000111a3c       0x24 binaries/lfibput.o
                                         0x50 (size before relaxing)
 .eh_frame      0x0000000000111a60       0x24 binaries/lflclose.o
                                         0x50 (size before relaxing)
 .eh_frame      0x0000000000111a84       0x24 binaries/lflcontrol.o
                                         0x50 (size before relaxing)
 .eh_frame      0x0000000000111aa8       0x24 binaries/lflgetc.o
                                         0x50 (size before relaxing)
 .eh_frame      0x0000000000111acc       0x24 binaries/lflinit.o
                                         0x50 (size before relaxing)
 .eh_frame      0x0000000000111af0       0x24 binaries/lflputc.o
                                         0x50 (size before relaxing)
 .eh_frame      0x0000000000111b14       0x24 binaries/lflread.o
                                         0x50 (size before relaxing)
 .eh_frame      0x0000000000111b38       0x24 binaries/lflseek.o
                                         0x50 (size before relaxing)
 .eh_frame      0x0000000000111b5c       0x24 binaries/lflwrite.o
                                         0x50 (size before relaxing)
 .eh_frame      0x0000000000111b80       0x20 binaries/lfscheck.o
                                         0x4c (size before relaxing)
 .eh_frame      0x0000000000111ba0       0x24 binaries/lfsckfmt.o
                                         0x50 (size before relaxing)
 .eh_frame      0x0000000000111bc4       0x24 binaries/lfscreate.o
                                         0x50 (size before relaxing)
 .eh_frame      0x0000000000111be8       0x24 binaries/lfsetup.o
                                         0x50 (size before relaxing)
 .eh_frame      0x0000000000111c0c       0x24 binaries/lfsinit.o
                                         0x50 (size before relaxing)
 .eh_frame      0x0000000000111c30       0x24 binaries/lfsopen.o
                                         0x50 (size before relaxing)
 .eh_frame      0x0000000000111c54       0x24 binaries/lftruncate.o
                                         0x50 (size before relaxing)
 .eh_frame      0x0000000000111c78       0x24 binaries/addargs.o
                                         0x50 (size before relaxing)
 .eh_frame      0x0000000000111c9c       0x20 binaries/lexan.o
                                         0x4c (size before relaxing)
 .eh_frame      0x0000000000111cbc       0x2c binaries/shell.o
                                         0x58 (size before relaxing)
 .eh_frame      0x0000000000111ce8       0x24 binaries/xsh_argecho.o
                                         0x50 (size before relaxing)
 .eh_frame      0x0000000000111d0c       0x24 binaries/xsh_cat.o
                                         0x50 (size before relaxing)
 .eh_frame      0x0000000000111d30       0x24 binaries/xsh_clear.o
                                         0x50 (size before relaxing)
 .eh_frame      0x0000000000111d54       0x24 binaries/xsh_date.o
                                         0x50 (size before relaxing)
 .eh_frame      0x0000000000111d78       0x24 binaries/xsh_devdump.o
                                         0x50 (size before relaxing)
 .eh_frame      0x0000000000111d9c       0x24 binaries/xsh_echo.o
                                         0x50 (size before relaxing)
 .eh_frame      0x0000000000111dc0       0x20 binaries/xsh_exit.o
                                         0x4c (size before relaxing)
 .eh_frame      0x0000000000111de0       0x24 binaries/xsh_help.o
                                         0x50 (size before relaxing)
 .eh_frame      0x0000000000111e04       0x24 binaries/xsh_kill.o
                                         0x50 (size before relaxing)
 .eh_frame      0x0000000000111e28       0xe0 binaries/xsh_lab2.o
                                        0x10c (size before relaxing)
 .eh_frame      0x0000000000111f08       0xd8 binaries/xsh_lab3.o
                                        0x118 (size before relaxing)
 .eh_frame      0x0000000000111fe0       0x44 binaries/xsh_memdump.o
                                         0x84 (size before relaxing)
 .eh_frame      0x0000000000112024       0x6c binaries/xsh_memstat.o
                                         0x98 (size before relaxing)
 .eh_frame      0x0000000000112090       0x30 binaries/xsh_ps.o
                                         0x5c (size before relaxing)
 .eh_frame      0x00000000001120c0       0x24 binaries/xsh_sleep.o
                                         0x50 (size before relaxing)
 .eh_frame      0x00000000001120e4       0x24 binaries/xsh_uptime.o
                                         0x50 (size before relaxing)

.iplt           0x0000000000112108        0x0
 .iplt          0x0000000000112108        0x0 binaries/start.o

.rel.dyn        0x0000000000112108        0x0
 .rel.got       0x0000000000112108        0x0 binaries/start.o
 .rel.iplt      0x0000000000112108        0x0 binaries/start.o
 .rel.text      0x0000000000112108        0x0 binaries/start.o

.data           0x0000000000112120      0xee0
                0x0000000000112120                data = ABSOLUTE (.)
 *(.data .data.*)
 .data          0x0000000000112120      0x85a binaries/start.o
                0x0000000000112120                gdt
                0x0000000000112170                idt
                0x0000000000112976                cpudelay
 *fill*         0x000000000011297a        0x2 
 .data          0x000000000011297c        0x4 binaries/Lab3_ucreate.o
 .data          0x0000000000112980        0x0 binaries/ascdate.o
 .data.rel.local
                0x0000000000112980       0x88 binaries/ascdate.o
                0x0000000000112980                Date
 .data          0x0000000000112a08        0x0 binaries/bufinit.o
 .data          0x0000000000112a08        0x0 binaries/chprio.o
 .data          0x0000000000112a08        0x0 binaries/clkhandler.o
 .data          0x0000000000112a08        0x0 binaries/clkinit.o
 .data          0x0000000000112a08        0x0 binaries/close.o
 .data          0x0000000000112a08        0x0 binaries/conf.o
 *fill*         0x0000000000112a08       0x18 
 .data.rel      0x0000000000112a20      0x294 binaries/conf.o
                0x0000000000112a20                devtab
 .data          0x0000000000112cb4        0x0 binaries/control.o
 .data          0x0000000000112cb4        0x4 binaries/create.o
 .data          0x0000000000112cb8        0x0 binaries/evec.o
 *fill*         0x0000000000112cb8        0x8 
 .data.rel.local
                0x0000000000112cc0       0x40 binaries/evec.o
                0x0000000000112cc0                inames
 .data          0x0000000000112d00        0x0 binaries/exit.o
 .data          0x0000000000112d00        0x0 binaries/freebuf.o
 .data          0x0000000000112d00        0x0 binaries/freemem.o
 .data          0x0000000000112d00        0x0 binaries/getbuf.o
 .data          0x0000000000112d00        0x0 binaries/getc.o
 .data          0x0000000000112d00        0x0 binaries/getdev.o
 .data          0x0000000000112d00        0x0 binaries/getitem.o
 .data          0x0000000000112d00        0x0 binaries/getmem.o
 .data          0x0000000000112d00        0x0 binaries/getpid.o
 .data          0x0000000000112d00        0x0 binaries/getprio.o
 .data          0x0000000000112d00        0x0 binaries/getstk.o
 .data          0x0000000000112d00        0x0 binaries/getticks.o
 .data          0x0000000000112d00        0x0 binaries/gettime.o
 .data          0x0000000000112d00        0x0 binaries/getutime.o
 .data          0x0000000000112d00        0x0 binaries/init.o
 .data          0x0000000000112d00        0x0 binaries/initialize.o
 .data          0x0000000000112d00        0x0 binaries/insert.o
 .data          0x0000000000112d00        0x0 binaries/insertd.o
 .data          0x0000000000112d00        0x0 binaries/ioerr.o
 .data          0x0000000000112d00        0x0 binaries/ionull.o
 .data          0x0000000000112d00        0x0 binaries/kill.o
 .data          0x0000000000112d00        0x0 binaries/kprintf.o
 .data          0x0000000000112d00        0x0 binaries/main.o
 .data          0x0000000000112d00        0x0 binaries/mark.o
 .data          0x0000000000112d00       0x60 binaries/meminit.o
                0x0000000000112d00                bootsign
                0x0000000000112d04                bootinfo
                0x0000000000112d20                gdt_copy
 .data          0x0000000000112d60        0x0 binaries/mkbufpool.o
 .data          0x0000000000112d60        0x2 binaries/newqueue.o
 .data          0x0000000000112d62        0x0 binaries/open.o
 .data          0x0000000000112d62        0x0 binaries/panic.o
 .data          0x0000000000112d62        0x0 binaries/platinit.o
 .data          0x0000000000112d62        0x0 binaries/ptclear.o
 .data          0x0000000000112d62        0x0 binaries/ptcount.o
 .data          0x0000000000112d62        0x0 binaries/ptcreate.o
 .data          0x0000000000112d62        0x0 binaries/ptdelete.o
 .data          0x0000000000112d62        0x0 binaries/ptinit.o
 .data          0x0000000000112d62        0x0 binaries/ptrecv.o
 .data          0x0000000000112d62        0x0 binaries/ptreset.o
 .data          0x0000000000112d62        0x0 binaries/ptsend.o
 .data          0x0000000000112d62        0x0 binaries/putc.o
 .data          0x0000000000112d62        0x0 binaries/queue.o
 .data          0x0000000000112d62        0x0 binaries/read.o
 .data          0x0000000000112d62        0x0 binaries/ready.o
 .data          0x0000000000112d62        0x0 binaries/receive.o
 .data          0x0000000000112d62        0x0 binaries/recvclr.o
 .data          0x0000000000112d62        0x0 binaries/recvtime.o
 .data          0x0000000000112d62        0x0 binaries/resched.o
 .data          0x0000000000112d62        0x0 binaries/resume.o
 .data          0x0000000000112d62        0x0 binaries/seek.o
 .data          0x0000000000112d62        0x0 binaries/semcount.o
 .data          0x0000000000112d62        0x0 binaries/semcreate.o
 .data          0x0000000000112d62        0x0 binaries/semdelete.o
 .data          0x0000000000112d62        0x0 binaries/semreset.o
 .data          0x0000000000112d62        0x0 binaries/send.o
 .data          0x0000000000112d62        0x0 binaries/signal.o
 .data          0x0000000000112d62        0x0 binaries/signaln.o
 .data          0x0000000000112d62        0x0 binaries/sleep.o
 .data          0x0000000000112d62        0x0 binaries/stacktrace.o
 .data          0x0000000000112d62        0x0 binaries/suspend.o
 .data          0x0000000000112d62        0x0 binaries/unsleep.o
 .data          0x0000000000112d62        0x0 binaries/userret.o
 .data          0x0000000000112d62        0x0 binaries/wait.o
 .data          0x0000000000112d62        0x0 binaries/wakeup.o
 .data          0x0000000000112d62        0x0 binaries/write.o
 .data          0x0000000000112d62        0x0 binaries/xdone.o
 .data          0x0000000000112d62        0x0 binaries/yield.o
 .data          0x0000000000112d62        0x0 binaries/abs.o
 .data          0x0000000000112d62        0x0 binaries/atoi.o
 .data          0x0000000000112d62        0x0 binaries/atol.o
 .data          0x0000000000112d62        0x0 binaries/bzero.o
 .data          0x0000000000112d62        0x0 binaries/ctype_.o
 .data          0x0000000000112d62        0x0 binaries/doprnt.o
 *fill*         0x0000000000112d62       0x1e 
 .data          0x0000000000112d80       0x80 binaries/doscan.o
                0x0000000000112d80                _sctab
 .data          0x0000000000112e00        0x0 binaries/fdoprnt.o
 .data          0x0000000000112e00        0x0 binaries/fgetc.o
 .data          0x0000000000112e00        0x0 binaries/fgets.o
 .data          0x0000000000112e00        0x0 binaries/fprintf.o
 .data          0x0000000000112e00        0x0 binaries/fputc.o
 .data          0x0000000000112e00        0x0 binaries/fputs.o
 .data          0x0000000000112e00        0x0 binaries/fscanf.o
 .data          0x0000000000112e00        0x0 binaries/getchar.o
 .data          0x0000000000112e00        0x0 binaries/labs.o
 .data          0x0000000000112e00        0x0 binaries/memchr.o
 .data          0x0000000000112e00        0x0 binaries/memcmp.o
 .data          0x0000000000112e00        0x0 binaries/memcpy.o
 .data          0x0000000000112e00        0x0 binaries/memset.o
 .data          0x0000000000112e00        0x0 binaries/printf.o
 .data          0x0000000000112e00        0x0 binaries/putchar.o
 .data          0x0000000000112e00        0x0 binaries/qsort.o
 .data          0x0000000000112e00        0x4 binaries/rand.o
 .data          0x0000000000112e04        0x0 binaries/sprintf.o
 .data          0x0000000000112e04        0x0 binaries/sscanf.o
 .data          0x0000000000112e04        0x0 binaries/strchr.o
 .data          0x0000000000112e04        0x0 binaries/strcmp.o
 .data          0x0000000000112e04        0x0 binaries/strcpy.o
 .data          0x0000000000112e04        0x0 binaries/strlen.o
 .data          0x0000000000112e04        0x0 binaries/strncat.o
 .data          0x0000000000112e04        0x0 binaries/strncmp.o
 .data          0x0000000000112e04        0x0 binaries/strncpy.o
 .data          0x0000000000112e04        0x0 binaries/strnlen.o
 .data          0x0000000000112e04        0x0 binaries/strrchr.o
 .data          0x0000000000112e04        0x0 binaries/strstr.o
 .data          0x0000000000112e04        0x0 binaries/ttycontrol.o
 .data          0x0000000000112e04        0x0 binaries/ttygetc.o
 .data          0x0000000000112e04        0x0 binaries/ttyhandle_in.o
 .data          0x0000000000112e04        0x0 binaries/ttyhandle_out.o
 .data          0x0000000000112e04        0x0 binaries/ttyhandler.o
 .data          0x0000000000112e04        0x0 binaries/ttyinit.o
 .data          0x0000000000112e04        0x0 binaries/ttykickout.o
 .data          0x0000000000112e04        0x0 binaries/ttyputc.o
 .data          0x0000000000112e04        0x0 binaries/ttyread.o
 .data          0x0000000000112e04        0x0 binaries/ttywrite.o
 .data          0x0000000000112e04        0x0 binaries/mount.o
 .data          0x0000000000112e04        0x0 binaries/naminit.o
 .data          0x0000000000112e04        0x0 binaries/nammap.o
 .data          0x0000000000112e04        0x0 binaries/namopen.o
 .data          0x0000000000112e04        0x0 binaries/ramclose.o
 .data          0x0000000000112e04        0x0 binaries/raminit.o
 .data          0x0000000000112e04        0x0 binaries/ramopen.o
 .data          0x0000000000112e04        0x0 binaries/ramread.o
 .data          0x0000000000112e04        0x0 binaries/ramwrite.o
 .data          0x0000000000112e04        0x0 binaries/lfdballoc.o
 .data          0x0000000000112e04        0x0 binaries/lfdbfree.o
 .data          0x0000000000112e04        0x0 binaries/lfflush.o
 .data          0x0000000000112e04        0x0 binaries/lfgetmode.o
 .data          0x0000000000112e04        0x0 binaries/lfiballoc.o
 .data          0x0000000000112e04        0x0 binaries/lfibclear.o
 .data          0x0000000000112e04        0x0 binaries/lfibget.o
 .data          0x0000000000112e04        0x0 binaries/lfibput.o
 .data          0x0000000000112e04        0x0 binaries/lflclose.o
 .data          0x0000000000112e04        0x0 binaries/lflcontrol.o
 .data          0x0000000000112e04        0x0 binaries/lflgetc.o
 .data          0x0000000000112e04        0x0 binaries/lflinit.o
 .data          0x0000000000112e04        0x0 binaries/lflputc.o
 .data          0x0000000000112e04        0x0 binaries/lflread.o
 .data          0x0000000000112e04        0x0 binaries/lflseek.o
 .data          0x0000000000112e04        0x0 binaries/lflwrite.o
 .data          0x0000000000112e04        0x0 binaries/lfscheck.o
 .data          0x0000000000112e04        0x0 binaries/lfsckfmt.o
 .data          0x0000000000112e04        0x0 binaries/lfscreate.o
 .data          0x0000000000112e04        0x0 binaries/lfsetup.o
 .data          0x0000000000112e04        0x0 binaries/lfsinit.o
 .data          0x0000000000112e04        0x0 binaries/lfsopen.o
 .data          0x0000000000112e04        0x0 binaries/lftruncate.o
 .data          0x0000000000112e04        0x0 binaries/addargs.o
 .data          0x0000000000112e04        0x0 binaries/lexan.o
 .data          0x0000000000112e04        0x4 binaries/shell.o
                0x0000000000112e04                ncmd
 *fill*         0x0000000000112e08       0x18 
 .data.rel.ro   0x0000000000112e20       0xcc binaries/shell.o
                0x0000000000112e20                cmdtab
 .data          0x0000000000112eec        0x0 binaries/xsh_argecho.o
 .data          0x0000000000112eec        0x0 binaries/xsh_cat.o
 .data          0x0000000000112eec        0x0 binaries/xsh_clear.o
 .data          0x0000000000112eec        0x0 binaries/xsh_date.o
 .data          0x0000000000112eec        0x0 binaries/xsh_devdump.o
 .data          0x0000000000112eec        0x0 binaries/xsh_echo.o
 .data          0x0000000000112eec        0x0 binaries/xsh_exit.o
 .data          0x0000000000112eec        0x0 binaries/xsh_help.o
 .data          0x0000000000112eec        0x0 binaries/xsh_kill.o
 .data          0x0000000000112eec        0x0 binaries/xsh_lab2.o
 .data          0x0000000000112eec        0x0 binaries/xsh_lab3.o
 .data          0x0000000000112eec        0x0 binaries/xsh_memdump.o
 .data          0x0000000000112eec        0x0 binaries/xsh_memstat.o
 *fill*         0x0000000000112eec       0x14 
 .data          0x0000000000112f00       0x20 binaries/xsh_ps.o
 .data          0x0000000000112f20        0x0 binaries/xsh_sleep.o
 .data          0x0000000000112f20        0x0 binaries/xsh_uptime.o
 .data          0x0000000000112f20        0x0 binaries/Lab3_create.o
 .data          0x0000000000112f20        0x0 binaries/Lab3_fprintf.o
 .data          0x0000000000112f20        0x0 binaries/Lab3_ltss.o
 .data          0x0000000000112f20        0x0 binaries/Lab3_printf.o
 .data          0x0000000000112f20        0x0 binaries/Lab3_read.o
 .data          0x0000000000112f20        0x0 binaries/Lab3_receive.o
 .data          0x0000000000112f20        0x0 binaries/Lab3_recvclr.o
 .data          0x0000000000112f20        0x0 binaries/Lab3_resume.o
 .data          0x0000000000112f20        0x0 binaries/Lab3_ret_k2u.o
 .data          0x0000000000112f20        0x0 binaries/Lab3_ret_u2k.o
 .data          0x0000000000112f20        0x0 binaries/Lab3_sleep.o
 .data          0x0000000000112f20        0x0 binaries/Lab3_sleepms.o
 .data          0x0000000000112f20        0x0 binaries/clkdisp.o
 .data          0x0000000000112f20        0x0 binaries/ctxsw.o
 .data          0x0000000000112f20        0x0 binaries/intr.o
                0x0000000000112f20                _saveint
 .data          0x0000000000112f20        0x0 binaries/ttydispatch.o
                0x0000000000112f20                edata = ABSOLUTE (.)
                0x0000000000113000                . = ALIGN (0x1000)
 *fill*         0x0000000000112f20       0xe0 

.got            0x0000000000113000        0x0
 .got           0x0000000000113000        0x0 binaries/start.o

.got.plt        0x0000000000113000        0xc
 .got.plt       0x0000000000113000        0xc binaries/start.o
                0x0000000000113000                _GLOBAL_OFFSET_TABLE_

.igot.plt       0x000000000011300c        0x0
 .igot.plt      0x000000000011300c        0x0 binaries/start.o

.bss            0x0000000000113020    0x1efe0
                0x0000000000113020                bss = ABSOLUTE (.)
 *(.bss .bss.*)
 .bss           0x0000000000113020        0x0 binaries/start.o
 .bss           0x0000000000113020        0x0 binaries/Lab3_ucreate.o
 .bss           0x0000000000113020        0x0 binaries/ascdate.o
 .bss           0x0000000000113020        0x0 binaries/bufinit.o
 .bss           0x0000000000113020        0x0 binaries/chprio.o
 .bss           0x0000000000113020        0x0 binaries/clkhandler.o
 .bss           0x0000000000113020        0x0 binaries/clkinit.o
 .bss           0x0000000000113020        0x0 binaries/close.o
 .bss           0x0000000000113020        0x0 binaries/conf.o
 .bss           0x0000000000113020        0x0 binaries/control.o
 .bss           0x0000000000113020        0x0 binaries/create.o
 .bss           0x0000000000113020        0x0 binaries/evec.o
 .bss           0x0000000000113020        0x0 binaries/exit.o
 .bss           0x0000000000113020        0x0 binaries/freebuf.o
 .bss           0x0000000000113020        0x0 binaries/freemem.o
 .bss           0x0000000000113020        0x0 binaries/getbuf.o
 .bss           0x0000000000113020        0x0 binaries/getc.o
 .bss           0x0000000000113020        0x0 binaries/getdev.o
 .bss           0x0000000000113020        0x0 binaries/getitem.o
 .bss           0x0000000000113020        0x0 binaries/getmem.o
 .bss           0x0000000000113020        0x0 binaries/getpid.o
 .bss           0x0000000000113020        0x0 binaries/getprio.o
 .bss           0x0000000000113020        0x0 binaries/getstk.o
 .bss           0x0000000000113020        0x0 binaries/getticks.o
 .bss           0x0000000000113020        0x0 binaries/gettime.o
 .bss           0x0000000000113020        0x0 binaries/getutime.o
 .bss           0x0000000000113020        0x0 binaries/init.o
 .bss           0x0000000000113020        0x0 binaries/initialize.o
 .bss           0x0000000000113020        0x0 binaries/insert.o
 .bss           0x0000000000113020        0x0 binaries/insertd.o
 .bss           0x0000000000113020        0x0 binaries/ioerr.o
 .bss           0x0000000000113020        0x0 binaries/ionull.o
 .bss           0x0000000000113020        0x0 binaries/kill.o
 .bss           0x0000000000113020        0x0 binaries/kprintf.o
 .bss           0x0000000000113020        0x0 binaries/main.o
 .bss           0x0000000000113020        0x0 binaries/mark.o
 .bss           0x0000000000113020        0x0 binaries/meminit.o
 .bss           0x0000000000113020        0x0 binaries/mkbufpool.o
 .bss           0x0000000000113020        0x0 binaries/newqueue.o
 .bss           0x0000000000113020        0x0 binaries/open.o
 .bss           0x0000000000113020        0x0 binaries/panic.o
 .bss           0x0000000000113020        0x0 binaries/platinit.o
 .bss           0x0000000000113020        0x0 binaries/ptclear.o
 .bss           0x0000000000113020        0x0 binaries/ptcount.o
 .bss           0x0000000000113020        0x0 binaries/ptcreate.o
 .bss           0x0000000000113020        0x0 binaries/ptdelete.o
 .bss           0x0000000000113020        0x0 binaries/ptinit.o
 .bss           0x0000000000113020        0x0 binaries/ptrecv.o
 .bss           0x0000000000113020        0x0 binaries/ptreset.o
 .bss           0x0000000000113020        0x0 binaries/ptsend.o
 .bss           0x0000000000113020        0x0 binaries/putc.o
 .bss           0x0000000000113020        0x0 binaries/queue.o
 .bss           0x0000000000113020        0x0 binaries/read.o
 .bss           0x0000000000113020        0x0 binaries/ready.o
 .bss           0x0000000000113020        0x0 binaries/receive.o
 .bss           0x0000000000113020        0x0 binaries/recvclr.o
 .bss           0x0000000000113020        0x0 binaries/recvtime.o
 .bss           0x0000000000113020        0x0 binaries/resched.o
 .bss           0x0000000000113020        0x0 binaries/resume.o
 .bss           0x0000000000113020        0x0 binaries/seek.o
 .bss           0x0000000000113020        0x0 binaries/semcount.o
 .bss           0x0000000000113020        0x4 binaries/semcreate.o
 .bss           0x0000000000113024        0x0 binaries/semdelete.o
 .bss           0x0000000000113024        0x0 binaries/semreset.o
 .bss           0x0000000000113024        0x0 binaries/send.o
 .bss           0x0000000000113024        0x0 binaries/signal.o
 .bss           0x0000000000113024        0x0 binaries/signaln.o
 .bss           0x0000000000113024        0x0 binaries/sleep.o
 .bss           0x0000000000113024        0x0 binaries/stacktrace.o
 .bss           0x0000000000113024        0x0 binaries/suspend.o
 .bss           0x0000000000113024        0x0 binaries/unsleep.o
 .bss           0x0000000000113024        0x0 binaries/userret.o
 .bss           0x0000000000113024        0x0 binaries/wait.o
 .bss           0x0000000000113024        0x0 binaries/wakeup.o
 .bss           0x0000000000113024        0x0 binaries/write.o
 .bss           0x0000000000113024        0x0 binaries/xdone.o
 .bss           0x0000000000113024        0x0 binaries/yield.o
 .bss           0x0000000000113024        0x0 binaries/abs.o
 .bss           0x0000000000113024        0x0 binaries/atoi.o
 .bss           0x0000000000113024        0x0 binaries/atol.o
 .bss           0x0000000000113024        0x0 binaries/bzero.o
 .bss           0x0000000000113024        0x0 binaries/ctype_.o
 .bss           0x0000000000113024        0x0 binaries/doprnt.o
 .bss           0x0000000000113024        0x0 binaries/doscan.o
 .bss           0x0000000000113024        0x0 binaries/fdoprnt.o
 .bss           0x0000000000113024        0x0 binaries/fgetc.o
 .bss           0x0000000000113024        0x0 binaries/fgets.o
 .bss           0x0000000000113024        0x0 binaries/fprintf.o
 .bss           0x0000000000113024        0x0 binaries/fputc.o
 .bss           0x0000000000113024        0x0 binaries/fputs.o
 .bss           0x0000000000113024        0x0 binaries/fscanf.o
 .bss           0x0000000000113024        0x0 binaries/getchar.o
 .bss           0x0000000000113024        0x0 binaries/labs.o
 .bss           0x0000000000113024        0x0 binaries/memchr.o
 .bss           0x0000000000113024        0x0 binaries/memcmp.o
 .bss           0x0000000000113024        0x0 binaries/memcpy.o
 .bss           0x0000000000113024        0x0 binaries/memset.o
 .bss           0x0000000000113024        0x0 binaries/printf.o
 .bss           0x0000000000113024        0x0 binaries/putchar.o
 .bss           0x0000000000113024        0x8 binaries/qsort.o
 .bss           0x000000000011302c        0x0 binaries/rand.o
 .bss           0x000000000011302c        0x0 binaries/sprintf.o
 .bss           0x000000000011302c        0x0 binaries/sscanf.o
 .bss           0x000000000011302c        0x0 binaries/strchr.o
 .bss           0x000000000011302c        0x0 binaries/strcmp.o
 .bss           0x000000000011302c        0x0 binaries/strcpy.o
 .bss           0x000000000011302c        0x0 binaries/strlen.o
 .bss           0x000000000011302c        0x0 binaries/strncat.o
 .bss           0x000000000011302c        0x0 binaries/strncmp.o
 .bss           0x000000000011302c        0x0 binaries/strncpy.o
 .bss           0x000000000011302c        0x0 binaries/strnlen.o
 .bss           0x000000000011302c        0x0 binaries/strrchr.o
 .bss           0x000000000011302c        0x0 binaries/strstr.o
 .bss           0x000000000011302c        0x0 binaries/ttycontrol.o
 .bss           0x000000000011302c        0x0 binaries/ttygetc.o
 .bss           0x000000000011302c        0x0 binaries/ttyhandle_in.o
 .bss           0x000000000011302c        0x0 binaries/ttyhandle_out.o
 .bss           0x000000000011302c        0x0 binaries/ttyhandler.o
 .bss           0x000000000011302c        0x0 binaries/ttyinit.o
 .bss           0x000000000011302c        0x0 binaries/ttykickout.o
 .bss           0x000000000011302c        0x0 binaries/ttyputc.o
 .bss           0x000000000011302c        0x0 binaries/ttyread.o
 .bss           0x000000000011302c        0x0 binaries/ttywrite.o
 .bss           0x000000000011302c        0x0 binaries/mount.o
 .bss           0x000000000011302c        0x0 binaries/naminit.o
 .bss           0x000000000011302c        0x0 binaries/nammap.o
 .bss           0x000000000011302c        0x0 binaries/namopen.o
 .bss           0x000000000011302c        0x0 binaries/ramclose.o
 .bss           0x000000000011302c        0x0 binaries/raminit.o
 .bss           0x000000000011302c        0x0 binaries/ramopen.o
 .bss           0x000000000011302c        0x0 binaries/ramread.o
 .bss           0x000000000011302c        0x0 binaries/ramwrite.o
 .bss           0x000000000011302c        0x0 binaries/lfdballoc.o
 .bss           0x000000000011302c        0x0 binaries/lfdbfree.o
 .bss           0x000000000011302c        0x0 binaries/lfflush.o
 .bss           0x000000000011302c        0x0 binaries/lfgetmode.o
 .bss           0x000000000011302c        0x0 binaries/lfiballoc.o
 .bss           0x000000000011302c        0x0 binaries/lfibclear.o
 .bss           0x000000000011302c        0x0 binaries/lfibget.o
 .bss           0x000000000011302c        0x0 binaries/lfibput.o
 .bss           0x000000000011302c        0x0 binaries/lflclose.o
 .bss           0x000000000011302c        0x0 binaries/lflcontrol.o
 .bss           0x000000000011302c        0x0 binaries/lflgetc.o
 .bss           0x000000000011302c        0x0 binaries/lflinit.o
 .bss           0x000000000011302c        0x0 binaries/lflputc.o
 .bss           0x000000000011302c        0x0 binaries/lflread.o
 .bss           0x000000000011302c        0x0 binaries/lflseek.o
 .bss           0x000000000011302c        0x0 binaries/lflwrite.o
 .bss           0x000000000011302c        0x0 binaries/lfscheck.o
 .bss           0x000000000011302c        0x0 binaries/lfsckfmt.o
 .bss           0x000000000011302c        0x0 binaries/lfscreate.o
 .bss           0x000000000011302c        0x0 binaries/lfsetup.o
 .bss           0x000000000011302c        0x0 binaries/lfsinit.o
 .bss           0x000000000011302c        0x0 binaries/lfsopen.o
 .bss           0x000000000011302c        0x0 binaries/lftruncate.o
 .bss           0x000000000011302c        0x0 binaries/addargs.o
 .bss           0x000000000011302c        0x0 binaries/lexan.o
 .bss           0x000000000011302c        0x0 binaries/shell.o
 .bss           0x000000000011302c        0x0 binaries/xsh_argecho.o
 .bss           0x000000000011302c        0x0 binaries/xsh_cat.o
 .bss           0x000000000011302c        0x0 binaries/xsh_clear.o
 .bss           0x000000000011302c        0x0 binaries/xsh_date.o
 .bss           0x000000000011302c        0x0 binaries/xsh_devdump.o
 .bss           0x000000000011302c        0x0 binaries/xsh_echo.o
 .bss           0x000000000011302c        0x0 binaries/xsh_exit.o
 .bss           0x000000000011302c        0x0 binaries/xsh_help.o
 .bss           0x000000000011302c        0x0 binaries/xsh_kill.o
 .bss           0x000000000011302c        0x0 binaries/xsh_lab2.o
 .bss           0x000000000011302c        0x0 binaries/xsh_lab3.o
 .bss           0x000000000011302c        0x0 binaries/xsh_memdump.o
 .bss           0x000000000011302c        0x0 binaries/xsh_memstat.o
 .bss           0x000000000011302c        0x0 binaries/xsh_ps.o
 .bss           0x000000000011302c        0x0 binaries/xsh_sleep.o
 .bss           0x000000000011302c        0x0 binaries/xsh_uptime.o
 .bss           0x000000000011302c        0x0 binaries/Lab3_create.o
 .bss           0x000000000011302c        0x0 binaries/Lab3_fprintf.o
 .bss           0x000000000011302c        0x0 binaries/Lab3_ltss.o
 .bss           0x000000000011302c        0x0 binaries/Lab3_printf.o
 .bss           0x000000000011302c        0x0 binaries/Lab3_read.o
 .bss           0x000000000011302c        0x0 binaries/Lab3_receive.o
 .bss           0x000000000011302c        0x0 binaries/Lab3_recvclr.o
 .bss           0x000000000011302c        0x0 binaries/Lab3_resume.o
 .bss           0x000000000011302c        0x0 binaries/Lab3_ret_k2u.o
 .bss           0x000000000011302c        0x0 binaries/Lab3_ret_u2k.o
 .bss           0x000000000011302c        0x0 binaries/Lab3_sleep.o
 .bss           0x000000000011302c        0x0 binaries/Lab3_sleepms.o
 .bss           0x000000000011302c        0x0 binaries/clkdisp.o
 .bss           0x000000000011302c        0x0 binaries/ctxsw.o
 .bss           0x000000000011302c        0x0 binaries/intr.o
 .bss           0x000000000011302c        0x0 binaries/ttydispatch.o
 *(COMMON)
 *fill*         0x000000000011302c       0x14 
 COMMON         0x0000000000113040       0x68 binaries/Lab3_ucreate.o
                0x0000000000113040                TSS
 *fill*         0x00000000001130a8       0x18 
 COMMON         0x00000000001130c0       0xf4 binaries/bufinit.o
                0x00000000001130c0                buftab
                0x00000000001131b0                nbpools
 COMMON         0x00000000001131b4       0x10 binaries/clkinit.o
                0x00000000001131b4                sleepq
                0x00000000001131b8                preempt
                0x00000000001131bc                count1000
                0x00000000001131c0                clktime
 COMMON         0x00000000001131c4        0x2 binaries/evec.o
                0x00000000001131c4                girmask
 *fill*         0x00000000001131c6       0x1a 
 COMMON         0x00000000001131e0     0x1df8 binaries/initialize.o
                0x00000000001131e0                currpid
                0x0000000000113200                proctab
                0x0000000000114b00                prcount
                0x0000000000114b20                semtab
                0x0000000000114fd0                memlist
 *fill*         0x0000000000114fd8        0x8 
 COMMON         0x0000000000114fe0       0x58 binaries/mark.o
                0x0000000000114fe0                marks
                0x0000000000115030                nmarks
                0x0000000000115034                mkmutex
 COMMON         0x0000000000115038        0x8 binaries/meminit.o
                0x0000000000115038                minheap
                0x000000000011503c                maxheap
 COMMON         0x0000000000115040      0x2d8 binaries/ptinit.o
                0x0000000000115040                porttab
                0x0000000000115310                ptnextid
                0x0000000000115314                ptfree
 *fill*         0x0000000000115318        0x8 
 COMMON         0x0000000000115320      0x980 binaries/queue.o
                0x0000000000115320                queuetab
 COMMON         0x0000000000115ca0        0x2 binaries/ready.o
                0x0000000000115ca0                readylist
 *fill*         0x0000000000115ca2        0x2 
 COMMON         0x0000000000115ca4        0x8 binaries/resched.o
                0x0000000000115ca4                Defer
 *fill*         0x0000000000115cac       0x14 
 COMMON         0x0000000000115cc0      0x110 binaries/ttyinit.o
                0x0000000000115cc0                ttytab
 *fill*         0x0000000000115dd0       0x10 
 COMMON         0x0000000000115de0     0x19c0 binaries/naminit.o
                0x0000000000115de0                nnames
                0x0000000000115e00                nametab
 COMMON         0x00000000001177a0    0x19000 binaries/raminit.o
                0x00000000001177a0                Ram
 COMMON         0x00000000001307a0      0xf00 binaries/lflinit.o
                0x00000000001307a0                lfltab
 COMMON         0x00000000001316a0      0x20c binaries/lfsinit.o
                0x00000000001316a0                Lf_data
                0x00000000001318ac                ebss = ABSOLUTE (.)
                0x0000000000132000                . = ALIGN (0x1000)
 *fill*         0x00000000001318ac      0x754 
 */()
                0x0000000000132000                end = ABSOLUTE (.)
                0x0000000000132000                _end = ABSOLUTE (.)
                0x0000000000132000                . = ALIGN (0x1000)
LOAD binaries/start.o
LOAD binaries/Lab3_ucreate.o
LOAD binaries/ascdate.o
LOAD binaries/bufinit.o
LOAD binaries/chprio.o
LOAD binaries/clkhandler.o
LOAD binaries/clkinit.o
LOAD binaries/close.o
LOAD binaries/conf.o
LOAD binaries/control.o
LOAD binaries/create.o
LOAD binaries/evec.o
LOAD binaries/exit.o
LOAD binaries/freebuf.o
LOAD binaries/freemem.o
LOAD binaries/getbuf.o
LOAD binaries/getc.o
LOAD binaries/getdev.o
LOAD binaries/getitem.o
LOAD binaries/getmem.o
LOAD binaries/getpid.o
LOAD binaries/getprio.o
LOAD binaries/getstk.o
LOAD binaries/getticks.o
LOAD binaries/gettime.o
LOAD binaries/getutime.o
LOAD binaries/init.o
LOAD binaries/initialize.o
LOAD binaries/insert.o
LOAD binaries/insertd.o
LOAD binaries/ioerr.o
LOAD binaries/ionull.o
LOAD binaries/kill.o
LOAD binaries/kprintf.o
LOAD binaries/main.o
LOAD binaries/mark.o
LOAD binaries/meminit.o
LOAD binaries/mkbufpool.o
LOAD binaries/newqueue.o
LOAD binaries/open.o
LOAD binaries/panic.o
LOAD binaries/platinit.o
LOAD binaries/ptclear.o
LOAD binaries/ptcount.o
LOAD binaries/ptcreate.o
LOAD binaries/ptdelete.o
LOAD binaries/ptinit.o
LOAD binaries/ptrecv.o
LOAD binaries/ptreset.o
LOAD binaries/ptsend.o
LOAD binaries/putc.o
LOAD binaries/queue.o
LOAD binaries/read.o
LOAD binaries/ready.o
LOAD binaries/receive.o
LOAD binaries/recvclr.o
LOAD binaries/recvtime.o
LOAD binaries/resched.o
LOAD binaries/resume.o
LOAD binaries/seek.o
LOAD binaries/semcount.o
LOAD binaries/semcreate.o
LOAD binaries/semdelete.o
LOAD binaries/semreset.o
LOAD binaries/send.o
LOAD binaries/signal.o
LOAD binaries/signaln.o
LOAD binaries/sleep.o
LOAD binaries/stacktrace.o
LOAD binaries/suspend.o
LOAD binaries/unsleep.o
LOAD binaries/userret.o
LOAD binaries/wait.o
LOAD binaries/wakeup.o
LOAD binaries/write.o
LOAD binaries/xdone.o
LOAD binaries/yield.o
LOAD binaries/abs.o
LOAD binaries/atoi.o
LOAD binaries/atol.o
LOAD binaries/bzero.o
LOAD binaries/ctype_.o
LOAD binaries/doprnt.o
LOAD binaries/doscan.o
LOAD binaries/fdoprnt.o
LOAD binaries/fgetc.o
LOAD binaries/fgets.o
LOAD binaries/fprintf.o
LOAD binaries/fputc.o
LOAD binaries/fputs.o
LOAD binaries/fscanf.o
LOAD binaries/getchar.o
LOAD binaries/labs.o
LOAD binaries/memchr.o
LOAD binaries/memcmp.o
LOAD binaries/memcpy.o
LOAD binaries/memset.o
LOAD binaries/printf.o
LOAD binaries/putchar.o
LOAD binaries/qsort.o
LOAD binaries/rand.o
LOAD binaries/sprintf.o
LOAD binaries/sscanf.o
LOAD binaries/strchr.o
LOAD binaries/strcmp.o
LOAD binaries/strcpy.o
LOAD binaries/strlen.o
LOAD binaries/strncat.o
LOAD binaries/strncmp.o
LOAD binaries/strncpy.o
LOAD binaries/strnlen.o
LOAD binaries/strrchr.o
LOAD binaries/strstr.o
LOAD binaries/ttycontrol.o
LOAD binaries/ttygetc.o
LOAD binaries/ttyhandle_in.o
LOAD binaries/ttyhandle_out.o
LOAD binaries/ttyhandler.o
LOAD binaries/ttyinit.o
LOAD binaries/ttykickout.o
LOAD binaries/ttyputc.o
LOAD binaries/ttyread.o
LOAD binaries/ttywrite.o
LOAD binaries/mount.o
LOAD binaries/naminit.o
LOAD binaries/nammap.o
LOAD binaries/namopen.o
LOAD binaries/ramclose.o
LOAD binaries/raminit.o
LOAD binaries/ramopen.o
LOAD binaries/ramread.o
LOAD binaries/ramwrite.o
LOAD binaries/lfdballoc.o
LOAD binaries/lfdbfree.o
LOAD binaries/lfflush.o
LOAD binaries/lfgetmode.o
LOAD binaries/lfiballoc.o
LOAD binaries/lfibclear.o
LOAD binaries/lfibget.o
LOAD binaries/lfibput.o
LOAD binaries/lflclose.o
LOAD binaries/lflcontrol.o
LOAD binaries/lflgetc.o
LOAD binaries/lflinit.o
LOAD binaries/lflputc.o
LOAD binaries/lflread.o
LOAD binaries/lflseek.o
LOAD binaries/lflwrite.o
LOAD binaries/lfscheck.o
LOAD binaries/lfsckfmt.o
LOAD binaries/lfscreate.o
LOAD binaries/lfsetup.o
LOAD binaries/lfsinit.o
LOAD binaries/lfsopen.o
LOAD binaries/lftruncate.o
LOAD binaries/addargs.o
LOAD binaries/lexan.o
LOAD binaries/shell.o
LOAD binaries/xsh_argecho.o
LOAD binaries/xsh_cat.o
LOAD binaries/xsh_clear.o
LOAD binaries/xsh_date.o
LOAD binaries/xsh_devdump.o
LOAD binaries/xsh_echo.o
LOAD binaries/xsh_exit.o
LOAD binaries/xsh_help.o
LOAD binaries/xsh_kill.o
LOAD binaries/xsh_lab2.o
LOAD binaries/xsh_lab3.o
LOAD binaries/xsh_memdump.o
LOAD binaries/xsh_memstat.o
LOAD binaries/xsh_ps.o
LOAD binaries/xsh_sleep.o
LOAD binaries/xsh_uptime.o
LOAD binaries/Lab3_create.o
LOAD binaries/Lab3_fprintf.o
LOAD binaries/Lab3_ltss.o
LOAD binaries/Lab3_printf.o
LOAD binaries/Lab3_read.o
LOAD binaries/Lab3_receive.o
LOAD binaries/Lab3_recvclr.o
LOAD binaries/Lab3_resume.o
LOAD binaries/Lab3_ret_k2u.o
LOAD binaries/Lab3_ret_u2k.o
LOAD binaries/Lab3_sleep.o
LOAD binaries/Lab3_sleepms.o
LOAD binaries/clkdisp.o
LOAD binaries/ctxsw.o
LOAD binaries/intr.o
LOAD binaries/ttydispatch.o
OUTPUT(../compile/xinu.elf elf32-i386)

.debug_line     0x0000000000000000    0x107df
 .debug_line    0x0000000000000000       0xdb binaries/start.o
 .debug_line    0x00000000000000db      0x2d5 binaries/Lab3_ucreate.o
 .debug_line    0x00000000000003b0      0x2eb binaries/ascdate.o
 .debug_line    0x000000000000069b      0x135 binaries/bufinit.o
 .debug_line    0x00000000000007d0      0x159 binaries/chprio.o
 .debug_line    0x0000000000000929      0x174 binaries/clkhandler.o
 .debug_line    0x0000000000000a9d      0x153 binaries/clkinit.o
 .debug_line    0x0000000000000bf0      0x14b binaries/close.o
 .debug_line    0x0000000000000d3b      0x117 binaries/conf.o
 .debug_line    0x0000000000000e52      0x14d binaries/control.o
 .debug_line    0x0000000000000f9f      0x2ff binaries/create.o
 .debug_line    0x000000000000129e      0x252 binaries/evec.o
 .debug_line    0x00000000000014f0      0x130 binaries/exit.o
 .debug_line    0x0000000000001620      0x164 binaries/freebuf.o
 .debug_line    0x0000000000001784      0x1f6 binaries/freemem.o
 .debug_line    0x000000000000197a      0x165 binaries/getbuf.o
 .debug_line    0x0000000000001adf      0x14a binaries/getc.o
 .debug_line    0x0000000000001c29      0x15a binaries/getdev.o
 .debug_line    0x0000000000001d83      0x179 binaries/getitem.o