
Merging program properties

Removed property 0xc0000002 to merge binaries/Lab4_alloc_free.o (0x3) and binaries/start.o (not found)
Removed property 0xc0000002 to merge binaries/Lab4_alloc_free.o (not found) and binaries/Lab4_do_stk_expend.o (0x3)
Removed property 0xc0000002 to merge binaries/Lab4_alloc_free.o (not found) and binaries/Lab4_fillpgentry.o (0x3)
Removed property 0xc0000002 to merge binaries/Lab4_alloc_free.o (not found) and binaries/Lab4_getheap.o (0x3)
Removed property 0xc0000002 to merge binaries/Lab4_alloc_free.o (not found) and binaries/Lab4_invlpg.o (0x3)
Removed property 0xc0000002 to merge binaries/Lab4_alloc_free.o (not found) and binaries/Lab4_log2ph.o (0x3)
Removed property 0xc0000002 to merge binaries/Lab4_alloc_free.o (not found) and binaries/Lab4_memlib.o (0x3)
Removed property 0xc0000002 to merge binaries/Lab4_alloc_free.o (not found) and binaries/Lab4_memory_pools.o (0x3)
Removed property 0xc0000002 to merge binaries/Lab4_alloc_free.o (not found) and binaries/ascdate.o (0x3)
Removed property 0xc0000002 to merge binaries/Lab4_alloc_free.o (not found) and binaries/bufinit.o (0x3)
Removed property 0xc0000002 to merge binaries/Lab4_alloc_free.o (not found) and binaries/chprio.o (0x3)
Removed property 0xc0000002 to merge binaries/Lab4_alloc_free.o (not found) and binaries/clkhandler.o (0x3)
Removed property 0xc0000002 to merge binaries/Lab4_alloc_free.o (not found) and binaries/clkinit.o (0x3)
Removed property 0xc0000002 to merge binaries/Lab4_alloc_free.o (not found) and binaries/close.o (0x3)
Removed property 0xc0000002 to merge binaries/Lab4_alloc_free.o (not found) and binaries/conf.o (0x3)
Removed property 0xc0000002 to merge binaries/Lab4_alloc_free.o (not found) and binaries/control.o (0x3)
Removed property 0xc0000002 to merge binaries/Lab4_alloc_free.o (not found) and binaries/create.o (0x3)
Removed property 0xc0000002 to merge binaries/Lab4_alloc_free.o (not found) and binaries/evec.o (0x3)
Removed property 0xc0000002 to merge binaries/Lab4_alloc_free.o (not found) and binaries/exit.o (0x3)
Removed property 0xc0000002 to merge binaries/Lab4_alloc_free.o (not found) and binaries/freebuf.o (0x3)
Removed property 0xc0000002 to merge binaries/Lab4_alloc_free.o (not found) and binaries/freemem.o (0x3)
Removed property 0xc0000002 to merge binaries/Lab4_alloc_free.o (not found) and binaries/getbuf.o (0x3)
Removed property 0xc0000002 to merge binaries/Lab4_alloc_free.o (not found) and binaries/getc.o (0x3)
Removed property 0xc0000002 to merge binaries/Lab4_alloc_free.o (not found) and binaries/getdev.o (0x3)
Removed property 0xc0000002 to merge binaries/Lab4_alloc_free.o (not found) and binaries/getitem.o (0x3)
Removed property 0xc0000002 to merge binaries/Lab4_alloc_free.o (not found) and binaries/getmem.o (0x3)
Removed property 0xc0000002 to merge binaries/Lab4_alloc_free.o (not found) and binaries/getpid.o (0x3)
Removed property 0xc0000002 to merge binaries/Lab4_alloc_free.o (not found) and binaries/getprio.o (0x3)
Removed property 0xc0000002 to merge binaries/Lab4_alloc_free.o (not found) and binaries/getstk.o (0x3)
Removed property 0xc0000002 to merge binaries/Lab4_alloc_free.o (not found) and binaries/getticks.o (0x3)
Removed property 0xc0000002 to merge binaries/Lab4_alloc_free.o (not found) and binaries/gettime.o (0x3)
Removed property 0xc0000002 to merge binaries/Lab4_alloc_free.o (not found) and binaries/getutime.o (0x3)
Removed property 0xc0000002 to merge binaries/Lab4_alloc_free.o (not found) and binaries/init.o (0x3)
Removed property 0xc0000002 to merge binaries/Lab4_alloc_free.o (not found) and binaries/initialize.o (0x3)
Removed property 0xc0000002 to merge binaries/Lab4_alloc_free.o (not found) and binaries/insert.o (0x3)
Removed property 0xc0000002 to merge binaries/Lab4_alloc_free.o (not found) and binaries/insertd.o (0x3)
Removed property 0xc0000002 to merge binaries/Lab4_alloc_free.o (not found) and binaries/ioerr.o (0x3)
Removed property 0xc0000002 to merge binaries/Lab4_alloc_free.o (not found) and binaries/ionull.o (0x3)
Removed property 0xc0000002 to merge binaries/Lab4_alloc_free.o (not found) and binaries/kill.o (0x3)
Removed property 0xc0000002 to merge binaries/Lab4_alloc_free.o (not found) and binaries/kprintf.o (0x3)
Removed property 0xc0000002 to merge binaries/Lab4_alloc_free.o (not found) and binaries/main.o (0x3)
Removed property 0xc0000002 to merge binaries/Lab4_alloc_free.o (not found) and binaries/mark.o (0x3)
Removed property 0xc0000002 to merge binaries/Lab4_alloc_free.o (not found) and binaries/mkbufpool.o (0x3)
Removed property 0xc0000002 to merge binaries/Lab4_alloc_free.o (not found) and binaries/newqueue.o (0x3)
Removed property 0xc0000002 to merge binaries/Lab4_alloc_free.o (not found) and binaries/open.o (0x3)
Removed property 0xc0000002 to merge binaries/Lab4_alloc_free.o (not found) and binaries/panic.o (0x3)
Removed property 0xc0000002 to merge binaries/Lab4_alloc_free.o (not found) and binaries/platinit.o (0x3)
[...]
Memory Configuration

Name             Origin             Length             Attributes
*default*        0x0000000000000000 0xffffffffffffffff

Linker script and memory map

                0x0000000000100000                physbase = 0x100000
                0x0000000000100000                . = physbase
                0x0000000000100000                . = ALIGN (0x1000)

.text           0x0000000000100000    0x14000
                0x0000000000100000                text = ABSOLUTE (.)
 *(.text .text.*)
 .text          0x0000000000100000      0x171 binaries/start.o
                0x0000000000100024                start
                0x00000000001000b3                inb
                0x00000000001000bb                inw
                0x00000000001000c4                inl
                0x00000000001000cc                outb
                0x00000000001000d6                outw
                0x00000000001000e1                outl
                0x00000000001000eb                _rtcin
                0x00000000001000f6                ___udivsi3
                0x0000000000100101                ___divsi3
                0x000000000010010d                sbzero
                0x000000000010011d                insw
                0x0000000000100133                outsw
                0x0000000000100149                bcopy
                0x000000000010015d                lidt
                0x0000000000100165                cpuid
 .text          0x0000000000100171       0xde binaries/Lab4_alloc_free.o
                0x0000000000100171                physical_addr_alloc
                0x00000000001001ee                physical_addr_free
 .text.__x86.get_pc_thunk.bx
                0x000000000010024f        0x4 binaries/Lab4_alloc_free.o
                0x000000000010024f                __x86.get_pc_thunk.bx
 .text          0x0000000000100253      0x138 binaries/Lab4_do_stk_expend.o
                0x0000000000100253                _do_stk_expand
 .text          0x000000000010038b      0x1f8 binaries/Lab4_fillpgentry.o
                0x000000000010038b                isfree
                0x0000000000100477                fill_page_entry
 .text          0x0000000000100583       0xdf binaries/Lab4_getheap.o
                0x0000000000100583                getheap
 .text          0x0000000000100662       0x1a binaries/Lab4_invlpg.o
                0x0000000000100662                invlpg
 .text.__x86.get_pc_thunk.ax
                0x000000000010067c        0x4 binaries/Lab4_invlpg.o
                0x000000000010067c                __x86.get_pc_thunk.ax
 .text          0x0000000000100680       0xc7 binaries/Lab4_log2ph.o
                0x0000000000100680                log2ph
 .text          0x0000000000100747      0x1a8 binaries/Lab4_memlib.o
                0x0000000000100747                mem_init
                0x00000000001007e0                mem_deinit
                0x0000000000100814                mem_reset_brk
                0x0000000000100834                mem_sbrk
                0x0000000000100899                mem_heap_lo
                0x00000000001008b2                mem_heap_hi
                0x00000000001008cc                mem_heapsize
 .text          0x00000000001008ef     0x20e7 binaries/Lab4_memory_pools.o
                0x00000000001008ef                mm_init
                0x00000000001009a6                mm_malloc
                0x0000000000100af3                mm_free
                0x0000000000100b60                mm_realloc
                0x0000000000100d3f                power2
                0x0000000000100d94                extend
                0x0000000000100e3b                findFit
                0x0000000000100ec4                placeHead
                0x000000000010100b                placeTail
                0x0000000000101158                coalesce
                0x00000000001014b2                checkNext
                0x00000000001015fe                cmp
                0x0000000000101694                getNext
                0x000000000010172e                swap
                0x000000000010175f                swapColor
                0x0000000000101818                swapNode
                0x0000000000101c39                takeOff
                0x0000000000101caf                RBtree_insert
                0x0000000000101db1                RBtree_delete
                0x0000000000101f64                rotateAt
                0x00000000001020f2                connect34
                0x000000000010219e                solveDoubleRed
                0x00000000001023d9                solveDoubleBlack
                0x00000000001026f0                traverse
                0x000000000010277b                print
                0x000000000010284f                mm_checkblock
 .text          0x00000000001029d6      0x408 binaries/ascdate.o
                0x00000000001029d6                ascdate
 .text.__x86.get_pc_thunk.cx
                0x0000000000102dde        0x4 binaries/ascdate.o
                0x0000000000102dde                __x86.get_pc_thunk.cx
 .text          0x0000000000102de2       0x24 binaries/bufinit.o
                0x0000000000102de2                bufinit
 .text          0x0000000000102e06       0xae binaries/chprio.o
                0x0000000000102e06                chprio
 .text          0x0000000000102eb4       0xe8 binaries/clkhandler.o
                0x0000000000102eb4                clkhandler
 .text          0x0000000000102f9c       0xa7 binaries/clkinit.o
                0x0000000000102f9c                clkinit
 .text          0x0000000000103043       0x8a binaries/close.o
                0x0000000000103043                close
 .text          0x00000000001030cd        0x0 binaries/conf.o
 .text          0x00000000001030cd       0x90 binaries/control.o
                0x00000000001030cd                control
 .text          0x000000000010315d      0x7f7 binaries/create.o
                0x000000000010315d                create
 .text          0x0000000000103954      0x520 binaries/evec.o
                0x0000000000103954                initevec
                0x0000000000103a93                set_evec
                0x0000000000103b6e                _8259_setirmask
                0x0000000000103be3                trap
 .text          0x0000000000103e74       0x2d binaries/exit.o
                0x0000000000103e74                exit
 .text          0x0000000000103ea1       0xa5 binaries/freebuf.o
                0x0000000000103ea1                freebuf
 .text          0x0000000000103f46       0xd7 binaries/freemem.o
                0x0000000000103f46                freemem
 .text          0x000000000010401d       0xa3 binaries/getbuf.o
                0x000000000010401d                getbuf
 .text          0x00000000001040c0       0x8a binaries/getc.o
                0x00000000001040c0                getc
 .text          0x000000000010414a       0x8a binaries/getdev.o
                0x000000000010414a                getdev
 .text          0x00000000001041d4      0x11d binaries/getitem.o
                0x00000000001041d4                getfirst
                0x000000000010422e                getlast
                0x000000000010428a                getitem
 .text.__x86.get_pc_thunk.dx
                0x00000000001042f1        0x4 binaries/getitem.o
                0x00000000001042f1                __x86.get_pc_thunk.dx
 .text          0x00000000001042f5       0xbd binaries/getmem.o
                0x00000000001042f5                getmem
 .text          0x00000000001043b2       0x1b binaries/getpid.o
                0x00000000001043b2                getpid
 .text          0x00000000001043cd       0x98 binaries/getprio.o
                0x00000000001043cd                getprio
 .text          0x0000000000104465      0x118 binaries/getstk.o
                0x0000000000104465                getstk
 .text          0x000000000010457d       0x24 binaries/getticks.o
                0x000000000010457d                getticks
 .text          0x00000000001045a1       0x18 binaries/gettime.o
                0x00000000001045a1                gettime
 .text          0x00000000001045b9       0x18 binaries/getutime.o
                0x00000000001045b9                getutime
 .text          0x00000000001045d1       0x8a binaries/init.o
                0x00000000001045d1                init
 .text          0x000000000010465b      0x3b3 binaries/initialize.o
                0x000000000010465b                nulluser
                0x0000000000104993                stop
                0x00000000001049d2                delay
 .text          0x0000000000104a0e      0x10d binaries/insert.o
                0x0000000000104a0e                insert
 .text          0x0000000000104b1b      0x146 binaries/insertd.o
                0x0000000000104b1b                insertd
 .text          0x0000000000104c61       0x18 binaries/ioerr.o
                0x0000000000104c61                ioerr
 .text          0x0000000000104c79       0x18 binaries/ionull.o
                0x0000000000104c79                ionull
 .text          0x0000000000104c91      0x29a binaries/kill.o
                0x0000000000104c91                kill
 .text          0x0000000000104f2b      0x1d6 binaries/kprintf.o
                0x0000000000104f2b                kputc
                0x0000000000104ff7                kgetc
                0x00000000001050c1                kprintf
 .text          0x0000000000105101       0xfa binaries/main.o
                0x0000000000105101                sndA
                0x0000000000105128                sndB
                0x000000000010514f                main
 .text          0x00000000001051fb       0xf6 binaries/mark.o
                0x00000000001051fb                markinit
                0x0000000000105238                mark
 .text          0x00000000001052f1      0x196 binaries/mkbufpool.o
                0x00000000001052f1                mkbufpool
 .text          0x0000000000105487       0xbf binaries/newqueue.o
                0x0000000000105487                newqueue
 .text          0x0000000000105546       0x90 binaries/open.o
                0x0000000000105546                open
 .text          0x00000000001055d6       0x32 binaries/panic.o
                0x00000000001055d6                panic
 .text          0x0000000000105608       0x31 binaries/platinit.o
                0x0000000000105608                console_init
                0x0000000000105620                platinit
 .text          0x0000000000105639      0x109 binaries/ptclear.o
                0x0000000000105639                _ptclear
 .text          0x0000000000105742       0xb3 binaries/ptcount.o
                0x0000000000105742                ptcount
 .text          0x00000000001057f5      0x138 binaries/ptcreate.o
                0x00000000001057f5                ptcreate
 .text          0x000000000010592d       0x98 binaries/ptdelete.o
                0x000000000010592d                ptdelete
 .text          0x00000000001059c5       0xe9 binaries/ptinit.o
                0x00000000001059c5                ptinit
 .text          0x0000000000105aae      0x139 binaries/ptrecv.o
                0x0000000000105aae                ptrecv
 .text          0x0000000000105be7       0x8d binaries/ptreset.o
                0x0000000000105be7                ptreset
 .text          0x0000000000105c74      0x15e binaries/ptsend.o
                0x0000000000105c74                ptsend
 .text          0x0000000000105dd2       0x95 binaries/putc.o
                0x0000000000105dd2                putc
 .text          0x0000000000105e67      0x153 binaries/queue.o
                0x0000000000105e67                enqueue
                0x0000000000105f31                dequeue
 .text          0x0000000000105fba       0x90 binaries/read.o
                0x0000000000105fba                read
 .text          0x000000000010604a       0x98 binaries/ready.o
                0x000000000010604a                ready
 .text          0x00000000001060e2       0x7c binaries/receive.o
                0x00000000001060e2                receive
 .text          0x000000000010615e       0x78 binaries/recvclr.o
                0x000000000010615e                recvclr
 .text          0x00000000001061d6       0xdd binaries/recvtime.o
                0x00000000001061d6                recvtime
 .text          0x00000000001062b3      0x1fc binaries/resched.o
                0x00000000001062b3                resched
                0x000000000010640e                resched_cntl
 .text          0x00000000001064af       0xcb binaries/resume.o
                0x00000000001064af                resume
 .text          0x000000000010657a       0x8e binaries/seek.o
                0x000000000010657a                seek
 .text          0x0000000000106608       0x8b binaries/semcount.o
                0x0000000000106608                semcount
 .text          0x0000000000106693      0x108 binaries/semcreate.o
                0x0000000000106693                semcreate
 .text          0x000000000010679b       0xe3 binaries/semdelete.o
                0x000000000010679b                semdelete
 .text          0x000000000010687e       0xe7 binaries/semreset.o
                0x000000000010687e                semreset
 .text          0x0000000000106965      0x107 binaries/send.o
                0x0000000000106965                send
 .text          0x0000000000106a6c       0xbe binaries/signal.o
                0x0000000000106a6c                signal
 .text          0x0000000000106b2a       0xec binaries/signaln.o
                0x0000000000106b2a                signaln
 .text          0x0000000000106c16      0x11d binaries/sleep.o
                0x0000000000106c16                sleep
                0x0000000000106c72                sleepms
 .text          0x0000000000106d33      0x1c0 binaries/stacktrace.o
                0x0000000000106d33                stacktrace
 .text          0x0000000000106ef3      0x101 binaries/suspend.o
                0x0000000000106ef3                suspend
 .text          0x0000000000106ff4      0x10c binaries/unsleep.o
                0x0000000000106ff4                unsleep
 .text          0x0000000000107100       0x2d binaries/userret.o
                0x0000000000107100                userret
 .text          0x000000000010712d      0x4b4 binaries/vminit.o
                0x000000000010712d                vminit
                0x00000000001074da                setsegs
 .text          0x00000000001075e1      0x100 binaries/wait.o
                0x00000000001075e1                wait
 .text          0x00000000001076e1       0x9c binaries/wakeup.o
                0x00000000001076e1                wakeup
 .text          0x000000000010777d       0x90 binaries/write.o
                0x000000000010777d                write
 .text          0x000000000010780d       0x33 binaries/xdone.o
                0x000000000010780d                xdone
 .text          0x0000000000107840       0x3b binaries/yield.o
                0x0000000000107840                yield
 .text          0x000000000010787b       0x1f binaries/abs.o
                0x000000000010787b                abs
 .text          0x000000000010789a       0x9e binaries/atoi.o
                0x000000000010789a                atoi
 .text          0x0000000000107938       0x9e binaries/atol.o
                0x0000000000107938                atol
 .text          0x00000000001079d6       0x40 binaries/bzero.o
                0x00000000001079d6                bzero
 .text          0x0000000000107a16        0x0 binaries/ctype_.o
 .text          0x0000000000107a16      0x96b binaries/doprnt.o
                0x0000000000107a16                _doprnt
 .text          0x0000000000108381      0x709 binaries/doscan.o
                0x0000000000108381                _doscan
 .text.__x86.get_pc_thunk.di
                0x0000000000108a8a        0x4 binaries/doscan.o
                0x0000000000108a8a                __x86.get_pc_thunk.di
 .text          0x0000000000108a8e      0x788 binaries/fdoprnt.o
                0x0000000000108a8e                _fdoprnt
 .text          0x0000000000109216       0x3d binaries/fgetc.o
                0x0000000000109216                fgetc
 .text          0x0000000000109253       0x88 binaries/fgets.o
                0x0000000000109253                fgets
 .text          0x00000000001092db       0x40 binaries/fprintf.o
                0x00000000001092db                fprintf
 .text          0x000000000010931b       0x40 binaries/fputc.o
                0x000000000010931b                fputc
 .text          0x000000000010935b       0x56 binaries/fputs.o
                0x000000000010935b                fputs
 .text          0x00000000001093b1       0xc2 binaries/fscanf.o
                0x00000000001093b1                fscanf
 .text          0x0000000000109473       0x4e binaries/getchar.o
                0x0000000000109473                getchar
 .text          0x00000000001094c1       0x1f binaries/labs.o
                0x00000000001094c1                labs
 .text          0x00000000001094e0        0x0 binaries/memchr.o
 .text          0x00000000001094e0       0x5f binaries/memcmp.o
                0x00000000001094e0                memcmp
 .text          0x000000000010953f       0x34 binaries/memcpy.o
                0x000000000010953f                memcpy
 .text          0x0000000000109573       0x3e binaries/memset.o
                0x0000000000109573                memset
 .text          0x00000000001095b1       0x66 binaries/printf.o
                0x00000000001095b1                printf
 .text          0x0000000000109617       0x51 binaries/putchar.o
                0x0000000000109617                putchar
 .text          0x0000000000109668      0x2bf binaries/qsort.o
                0x0000000000109668                qsort
 .text          0x0000000000109927       0x8d binaries/rand.o
                0x0000000000109927                rand
                0x000000000010994f                rand_r
                0x0000000000109997                srand
 .text          0x00000000001099b4       0x8a binaries/sprintf.o
                0x00000000001099b4                sprintf
 .text          0x0000000000109a3e       0xa4 binaries/sscanf.o
                0x0000000000109a3e                sscanf
 .text          0x0000000000109ae2       0x4a binaries/strchr.o
                0x0000000000109ae2                strchr
 .text          0x0000000000109b2c       0x53 binaries/strcmp.o
                0x0000000000109b2c                strcmp
 .text          0x0000000000109b7f       0x35 binaries/strcpy.o
                0x0000000000109b7f                strcpy
 .text          0x0000000000109bb4       0x34 binaries/strlen.o
                0x0000000000109bb4                strlen
 .text          0x0000000000109be8       0x64 binaries/strncat.o
                0x0000000000109be8                strncat
 .text          0x0000000000109c4c       0x6c binaries/strncmp.o
                0x0000000000109c4c                strncmp
 .text          0x0000000000109cb8       0x5d binaries/strncpy.o
                0x0000000000109cb8                strncpy
 .text          0x0000000000109d15       0x3c binaries/strnlen.o
                0x0000000000109d15                strnlen
 .text          0x0000000000109d51       0x53 binaries/strrchr.o
                0x0000000000109d51                strrchr
 .text          0x0000000000109da4       0x7c binaries/strstr.o
                0x0000000000109da4                strstr
 .text          0x0000000000109e20      0x100 binaries/ttycontrol.o
                0x0000000000109e20                ttycontrol
 .text          0x0000000000109f20       0xaf binaries/ttygetc.o
                0x0000000000109f20                ttygetc
 .text          0x0000000000109fcf      0x73b binaries/ttyhandle_in.o
                0x0000000000109fcf                ttyhandle_in
 .text          0x000000000010a70a      0x1c5 binaries/ttyhandle_out.o
                0x000000000010a70a                ttyhandle_out
 .text          0x000000000010a8cf       0xec binaries/ttyhandler.o
                0x000000000010a8cf                ttyhandler
 .text          0x000000000010a9bb      0x243 binaries/ttyinit.o
                0x000000000010a9bb                ttyinit
 .text          0x000000000010abfe       0x2f binaries/ttykickout.o
                0x000000000010abfe                ttykickout
 .text          0x000000000010ac2d       0xcd binaries/ttyputc.o
                0x000000000010ac2d                ttyputc
 .text          0x000000000010acfa      0x12f binaries/ttyread.o
                0x000000000010acfa                ttyread
 .text          0x000000000010ae29       0x60 binaries/ttywrite.o
                0x000000000010ae29                ttywrite
 .text          0x000000000010ae89      0x17c binaries/mount.o
                0x000000000010ae89                mount
                0x000000000010afc1                namlen
 .text          0x000000000010b005      0x224 binaries/naminit.o
                0x000000000010b005                naminit
 .text          0x000000000010b229      0x24f binaries/nammap.o
                0x000000000010b229                nammap
                0x000000000010b2ca                namrepl
                0x000000000010b41a                namcpy
 .text          0x000000000010b478       0x61 binaries/namopen.o
                0x000000000010b478                namopen
 .text          0x000000000010b4d9       0x18 binaries/ramclose.o
                0x000000000010b4d9                ramclose
 .text          0x000000000010b4f1       0x5c binaries/raminit.o
                0x000000000010b4f1                raminit
 .text          0x000000000010b54d       0x18 binaries/ramopen.o
                0x000000000010b54d                ramopen
 .text          0x000000000010b565       0x4b binaries/ramread.o
                0x000000000010b565                ramread
 .text          0x000000000010b5b0       0x4b binaries/ramwrite.o
                0x000000000010b5b0                ramwrite
 .text          0x000000000010b5fb       0xc8 binaries/lfdballoc.o
                0x000000000010b5fb                lfdballoc
 .text          0x000000000010b6c3       0x70 binaries/lfdbfree.o
                0x000000000010b6c3                lfdbfree
 .text          0x000000000010b733       0xe4 binaries/lfflush.o
                0x000000000010b733                lfflush
 .text          0x000000000010b817       0xed binaries/lfgetmode.o
                0x000000000010b817                lfgetmode
 .text          0x000000000010b904       0x96 binaries/lfiballoc.o
                0x000000000010b904                lfiballoc
 .text          0x000000000010b99a       0x49 binaries/lfibclear.o
                0x000000000010b99a                lfibclear
 .text          0x000000000010b9e3       0xc0 binaries/lfibget.o
                0x000000000010b9e3                lfibget
 .text          0x000000000010baa3       0xef binaries/lfibput.o
                0x000000000010baa3                lfibput
 .text          0x000000000010bb92       0xbf binaries/lflclose.o
                0x000000000010bb92                lflclose
 .text          0x000000000010bc51       0xf1 binaries/lflcontrol.o
                0x000000000010bc51                lflcontrol
 .text          0x000000000010bd42      0x108 binaries/lflgetc.o
                0x000000000010bd42                lflgetc
 .text          0x000000000010be4a      0x104 binaries/lflinit.o
                0x000000000010be4a                lflinit
 .text          0x000000000010bf4e      0x13e binaries/lflputc.o
                0x000000000010bf4e                lflputc
 .text          0x000000000010c08c       0x83 binaries/lflread.o
                0x000000000010c08c                lflread
 .text          0x000000000010c10f       0xc2 binaries/lflseek.o
                0x000000000010c10f                lflseek
 .text          0x000000000010c1d1       0x68 binaries/lflwrite.o
                0x000000000010c1d1                lflwrite
 .text          0x000000000010c239       0x70 binaries/lfscheck.o
                0x000000000010c239                lfscheck
 .text          0x000000000010c2a9      0x198 binaries/lfsckfmt.o
                0x000000000010c2a9                lfsckfmt
 .text          0x000000000010c441      0x1c2 binaries/lfscreate.o
                0x000000000010c441                lfscreate
 .text          0x000000000010c603      0x2a7 binaries/lfsetup.o
                0x000000000010c603                lfsetup
 .text          0x000000000010c8aa       0x83 binaries/lfsinit.o
                0x000000000010c8aa                lfsinit
 .text          0x000000000010c92d      0x415 binaries/lfsopen.o
                0x000000000010c92d                lfsopen
 .text          0x000000000010cd42      0x18e binaries/lftruncate.o
                0x000000000010cd42                lftruncate
 .text          0x000000000010ced0      0x477 binaries/addargs.o
                0x000000000010ced0                upload_args
                0x000000000010cfac                addargs
 .text          0x000000000010d347      0x2df binaries/lexan.o
                0x000000000010d347                lexan
 .text          0x000000000010d626      0x705 binaries/shell.o
                0x000000000010d626                shell
 .text          0x000000000010dd2b       0x85 binaries/xsh_argecho.o
                0x000000000010dd2b                xsh_argecho
 .text          0x000000000010ddb0      0x2df binaries/xsh_cat.o
                0x000000000010ddb0                xsh_cat
 .text          0x000000000010e08f       0x83 binaries/xsh_clear.o
                0x000000000010e08f                xsh_clear
 .text          0x000000000010e112      0x30c binaries/xsh_date.o
                0x000000000010e112                xsh_date
 .text          0x000000000010e41e       0xde binaries/xsh_devdump.o
                0x000000000010e41e                xsh_devdump
 .text          0x000000000010e4fc       0x91 binaries/xsh_echo.o
                0x000000000010e4fc                xsh_echo
 .text          0x000000000010e58d       0x18 binaries/xsh_exit.o
                0x000000000010e58d                xsh_exit
 .text          0x000000000010e5a5      0x410 binaries/xsh_help.o
                0x000000000010e5a5                xsh_help
 .text          0x000000000010e9b5      0x2b8 binaries/xsh_kill.o
                0x000000000010e9b5                xsh_kill
 .text          0x000000000010ec6d      0x79d binaries/xsh_lab2.o
                0x000000000010ec6d                xsh_lab2
                0x000000000010f1a1                u2021201780_printf_1
                0x000000000010f224                u2021201780_printf_2
                0x000000000010f288                u2021201780_printf_3
                0x000000000010f2d2                u2021201780_delay_run
                0x000000000010f38f                u2021201780_delay_test
 .text          0x000000000010f40a      0x293 binaries/xsh_lab3.o
                0x000000000010f40a                k2021201780_printf
                0x000000000010f4a8                k2021201780_fprintf
                0x000000000010f544                u2021201780_uptest
                0x000000000010f5d3                xsh_lab3
 .text.__x86.get_pc_thunk.si
                0x000000000010f69d        0x4 binaries/xsh_lab3.o
                0x000000000010f69d                __x86.get_pc_thunk.si
 .text          0x000000000010f6a1      0x1d8 binaries/xsh_lab4.o
                0x000000000010f6a1                xsh_lab4
 .text          0x000000000010f879      0x5f1 binaries/xsh_memdump.o
                0x000000000010f879                xsh_memdump
 .text          0x000000000010fe6a      0x352 binaries/xsh_memstat.o
                0x000000000010fe6a                xsh_memstat
 .text          0x00000000001101bc      0x254 binaries/xsh_ps.o
                0x00000000001101bc                xsh_ps
 .text          0x0000000000110410      0x28a binaries/xsh_sleep.o
                0x0000000000110410                xsh_sleep
 .text          0x000000000011069a      0x254 binaries/xsh_uptime.o
                0x000000000011069a                xsh_uptime
 .text          0x00000000001108ee        0x8 binaries/Lab3_create.o
                0x00000000001108ee                u2021201780_create
 .text          0x00000000001108f6       0x20 binaries/Lab3_fprintf.o
                0x00000000001108f6                u2021201780_fprintf
 .text          0x0000000000110916        0x8 binaries/Lab3_ltss.o
                0x0000000000110916                k2021201780_ltss
 .text          0x000000000011091e       0x19 binaries/Lab3_printf.o
                0x000000000011091e                u2021201780_printf
 .text          0x0000000000110937        0xf binaries/Lab3_read.o
                0x0000000000110937                u2021201780_read
 .text          0x0000000000110946        0x3 binaries/Lab3_receive.o
                0x0000000000110946                u2021201780_receive
 .text          0x0000000000110949        0x3 binaries/Lab3_recvclr.o
                0x0000000000110949                u2021201780_recvclr
 .text          0x000000000011094c        0x7 binaries/Lab3_resume.o
                0x000000000011094c                u2021201780_resume
 .text          0x0000000000110953        0x2 binaries/Lab3_ret_k2u.o
                0x0000000000110953                k2021201780_ret_k2u
 .text          0x0000000000110955        0x2 binaries/Lab3_ret_u2k.o
                0x0000000000110955                u2021201780_ret_u2k
 .text          0x0000000000110957        0x7 binaries/Lab3_sleep.o
                0x0000000000110957                u2021201780_sleep
 .text          0x000000000011095e        0x7 binaries/Lab3_sleepms.o
                0x000000000011095e                u2021201780_sleepms
 .text          0x0000000000110965        0x8 binaries/Lab4_addargs.o
                0x0000000000110965                u2021201780_addargs
 .text          0x000000000011096d       0x15 binaries/Lab4_malloc_free.o
                0x000000000011096d                u2021201780_malloc
                0x0000000000110974                u2021201780_free
                0x000000000011097b                u2021201780_heap_init
 .text          0x0000000000110982        0xe binaries/clkdisp.o
                0x0000000000110982                clkdisp
 .text          0x0000000000110990       0x1f binaries/ctxsw.o
                0x0000000000110990                ctxsw
 .text          0x00000000001109af      0x556 binaries/intr.o
                0x00000000001109af                disable
                0x00000000001109b8                restore
                0x00000000001109c6                enable
                0x00000000001109c8                pause
                0x00000000001109cf                halt
                0x00000000001109d2                spurious_irq7
                0x00000000001109d7                spurious_irq15
                0x00000000001109e6                _Xint0
                0x00000000001109ee                _Xint1
                0x00000000001109f6                _Xint2
                0x00000000001109fe                _Xint3
                0x0000000000110a06                _Xint4
                0x0000000000110a0e                _Xint5
                0x0000000000110a19                _Xint6
                0x0000000000110a21                _Xint7
                0x0000000000110a29                _Xint8
                0x0000000000110a31                _Xint9
                0x0000000000110a39                _Xint10
                0x0000000000110a41                _Xint11
                0x0000000000110a49                _Xint12
                0x0000000000110a51                _Xint13
                0x0000000000110a59                _Xint14
                0x0000000000110a6a                _Xint15
                0x0000000000110a75                _Xint16
                0x0000000000110a80                _Xint17
                0x0000000000110a8b                _Xint18
                0x0000000000110a96                _Xint19
                0x0000000000110aa1                _Xint20
                0x0000000000110aac                _Xint21
                0x0000000000110ab7                _Xint22
                0x0000000000110ac2                _Xint23
                0x0000000000110acd                _Xint24
                0x0000000000110ad8                _Xint25
                0x0000000000110ae3                _Xint26
                0x0000000000110aee                _Xint27
                0x0000000000110af9                _Xint28
                0x0000000000110b04                _Xint29
                0x0000000000110b0f                _Xint30
                0x0000000000110b1a                _Xint31
                0x0000000000110b25                _Xint32
                0x0000000000110b30                _Xint33
                0x0000000000110b3b                _Xint34
                0x0000000000110b46                _Xint35
                0x0000000000110b51                _Xint36
                0x0000000000110b5c                _Xint37
                0x0000000000110b67                _Xint38
                0x0000000000110b72                _Xint40
                0x0000000000110b7d                _Xint41
                0x0000000000110b88                _Xint42
                0x0000000000110b93                _Xint43
                0x0000000000110b9e                _Xint44
                0x0000000000110ba9                _Xint45
                0x0000000000110bb4                _Xint46
                0x0000000000110bbf                _Xint48
                0x0000000000110bfc                _Xint49
                0x0000000000110c01                _Xint50
                0x0000000000110c24                _Xint51
                0x0000000000110c7e                _Xint52
                0x0000000000110ca1                _Xint53
                0x0000000000110ce0                _Xint54
                0x0000000000110d05                _Xint55
                0x0000000000110d28                _Xint56
                0x0000000000110d49                _Xint57
                0x0000000000110d6a                _Xint58
                0x0000000000110da6                _Xint59
                0x0000000000110dc9                _Xint60
                0x0000000000110dec                _Xint61
                0x0000000000110e0d                defevec
 .text          0x0000000000110f05       0x10 binaries/ttydispatch.o
                0x0000000000110f05                ttydispatch
 *(.rodata .rodata.*)
 *fill*         0x0000000000110f15        0x3 
 .rodata        0x0000000000110f18       0x20 binaries/Lab4_alloc_free.o
 .rodata        0x0000000000110f38       0x27 binaries/Lab4_do_stk_expend.o
 *fill*         0x0000000000110f5f        0x1 
 .rodata        0x0000000000110f60       0x5a binaries/Lab4_memlib.o
 *fill*         0x0000000000110fba        0x2 
 .rodata        0x0000000000110fbc      0x17e binaries/Lab4_memory_pools.o
 *fill*         0x000000000011113a        0x2 
 .rodata        0x000000000011113c       0x8e binaries/ascdate.o
 .rodata        0x00000000001111ca       0x52 binaries/conf.o
 .rodata        0x000000000011121c        0xe binaries/create.o
 *fill*         0x000000000011122a        0x2 
 .rodata        0x000000000011122c      0x231 binaries/evec.o
 *fill*         0x000000000011145d        0x3 
 .rodata        0x0000000000111460      0x128 binaries/initialize.o
 .rodata        0x0000000000111588       0x20 binaries/kill.o
 .rodata        0x00000000001115a8       0x2a binaries/main.o
 .rodata        0x00000000001115d2        0xf binaries/panic.o
 .rodata        0x00000000001115e1       0x1d binaries/ptinit.o
 *fill*         0x00000000001115fe        0x2 
 .rodata        0x0000000000111600       0x25 binaries/ptsend.o
 *fill*         0x0000000000111625        0x3 
 .rodata        0x0000000000111628       0xb7 binaries/stacktrace.o
 *fill*         0x00000000001116df        0x1 
 .rodata        0x00000000001116e0       0x3e binaries/vminit.o
 *fill*         0x000000000011171e        0x2 
 .rodata        0x0000000000111720       0x27 binaries/xdone.o
 *fill*         0x0000000000111747       0x19 
 .rodata        0x0000000000111760       0x81 binaries/ctype_.o
                0x0000000000111760                _ctype_
 *fill*         0x00000000001117e1        0x3 
 .rodata        0x00000000001117e4       0xee binaries/doprnt.o
 *fill*         0x00000000001118d2        0x2 
 .rodata        0x00000000001118d4       0xae binaries/fdoprnt.o
 *fill*         0x0000000000111982        0x2 
 .rodata        0x0000000000111984       0x20 binaries/ttycontrol.o
 .rodata        0x00000000001119a4       0x34 binaries/ttyhandler.o
 .rodata        0x00000000001119d8       0x80 binaries/naminit.o
 .rodata        0x0000000000111a58        0x9 binaries/raminit.o
 *fill*         0x0000000000111a61        0x3 
 .rodata        0x0000000000111a64       0x37 binaries/lfdballoc.o
 .rodata        0x0000000000111a9b       0x14 binaries/lfiballoc.o
 *fill*         0x0000000000111aaf        0x1 
 .rodata        0x0000000000111ab0       0x23 binaries/lflcontrol.o
 *fill*         0x0000000000111ad3        0x1 
 .rodata        0x0000000000111ad4      0x11b binaries/lfsckfmt.o
 *fill*         0x0000000000111bef        0x1 
 .rodata        0x0000000000111bf0       0x2a binaries/lfsopen.o
 *fill*         0x0000000000111c1a        0x2 
 .rodata        0x0000000000111c1c      0x2a9 binaries/shell.o
 .rodata        0x0000000000111ec5       0x28 binaries/xsh_argecho.o
 *fill*         0x0000000000111eed        0x3 
 .rodata        0x0000000000111ef0       0xc9 binaries/xsh_cat.o
 .rodata        0x0000000000111fb9       0x19 binaries/xsh_clear.o
 *fill*         0x0000000000111fd2        0x2 
 .rodata        0x0000000000111fd4      0x1a5 binaries/xsh_date.o
 .rodata        0x0000000000112179       0x5d binaries/xsh_devdump.o
 .rodata        0x00000000001121d6        0x9 binaries/xsh_echo.o
 *fill*         0x00000000001121df        0x1 
 .rodata        0x00000000001121e0      0x16a binaries/xsh_help.o
 *fill*         0x000000000011234a        0x2 
 .rodata        0x000000000011234c      0x12e binaries/xsh_kill.o
 *fill*         0x000000000011247a        0x2 
 .rodata        0x000000000011247c      0x3ad binaries/xsh_lab2.o
 .rodata        0x0000000000112829       0x44 binaries/xsh_lab3.o
 .rodata        0x000000000011286d       0x8a binaries/xsh_lab4.o
 *fill*         0x00000000001128f7        0x1 
 .rodata        0x00000000001128f8      0x266 binaries/xsh_memdump.o
 *fill*         0x0000000000112b5e        0x2 
 .rodata        0x0000000000112b60      0x225 binaries/xsh_memstat.o
 *fill*         0x0000000000112d85        0x3 
 .rodata        0x0000000000112d88      0x1a8 binaries/xsh_ps.o
 .rodata        0x0000000000112f30       0xeb binaries/xsh_sleep.o
 *fill*         0x000000000011301b        0x1 
 .rodata        0x000000000011301c      0x105 binaries/xsh_uptime.o
                0x0000000000113121                etext = ABSOLUTE (.)
                0x0000000000114000                . = ALIGN (0x1000)
 *fill*         0x0000000000113121      0xedf 

.eh_frame       0x0000000000114000     0x26b8
 .eh_frame      0x0000000000114000       0x74 binaries/Lab4_alloc_free.o
 .eh_frame      0x0000000000114074       0x24 binaries/Lab4_do_stk_expend.o
                                         0x50 (size before relaxing)
 .eh_frame      0x0000000000114098       0x48 binaries/Lab4_fillpgentry.o
                                         0x74 (size before relaxing)
 .eh_frame      0x00000000001140e0       0x24 binaries/Lab4_getheap.o
                                         0x50 (size before relaxing)
 .eh_frame      0x0000000000114104       0x34 binaries/Lab4_invlpg.o
                                         0x4c (size before relaxing)
 .eh_frame      0x0000000000114138       0x24 binaries/Lab4_log2ph.o
                                         0x50 (size before relaxing)
 .eh_frame      0x000000000011415c       0xec binaries/Lab4_memlib.o
                                        0x12c (size before relaxing)
 .eh_frame      0x0000000000114248      0x37c binaries/Lab4_memory_pools.o
                                        0x3bc (size before relaxing)
 .eh_frame      0x00000000001145c4       0x38 binaries/ascdate.o
                                         0x50 (size before relaxing)
 .eh_frame      0x00000000001145fc       0x20 binaries/bufinit.o
                                         0x4c (size before relaxing)
 .eh_frame      0x000000000011461c       0x24 binaries/chprio.o
                                         0x50 (size before relaxing)
 .eh_frame      0x0000000000114640       0x24 binaries/clkhandler.o
                                         0x50 (size before relaxing)
 .eh_frame      0x0000000000114664       0x24 binaries/clkinit.o
                                         0x50 (size before relaxing)
 .eh_frame      0x0000000000114688       0x24 binaries/close.o
                                         0x50 (size before relaxing)
 .eh_frame      0x00000000001146ac       0x24 binaries/control.o
                                         0x50 (size before relaxing)
 .eh_frame      0x00000000001146d0       0x48 binaries/create.o
                                         0x88 (size before relaxing)
 .eh_frame      0x0000000000114718       0x90 binaries/evec.o
                                         0xd0 (size before relaxing)
 .eh_frame      0x00000000001147a8       0x24 binaries/exit.o
                                         0x50 (size before relaxing)
 .eh_frame      0x00000000001147cc       0x24 binaries/freebuf.o
                                         0x50 (size before relaxing)
 .eh_frame      0x00000000001147f0       0x24 binaries/freemem.o
                                         0x50 (size before relaxing)
 .eh_frame      0x0000000000114814       0x24 binaries/getbuf.o
                                         0x50 (size before relaxing)
 .eh_frame      0x0000000000114838       0x24 binaries/getc.o
                                         0x50 (size before relaxing)
 .eh_frame      0x000000000011485c       0x24 binaries/getdev.o
                                         0x50 (size before relaxing)
 .eh_frame      0x0000000000114880       0x78 binaries/getitem.o
                                         0xa4 (size before relaxing)
 .eh_frame      0x00000000001148f8       0x24 binaries/getmem.o
                                         0x50 (size before relaxing)
 .eh_frame      0x000000000011491c       0x20 binaries/getpid.o
                                         0x4c (size before relaxing)
 .eh_frame      0x000000000011493c       0x24 binaries/getprio.o
                                         0x50 (size before relaxing)
 .eh_frame      0x0000000000114960       0x24 binaries/getstk.o
                                         0x50 (size before relaxing)
 .eh_frame      0x0000000000114984       0x20 binaries/getticks.o
                                         0x4c (size before relaxing)
 .eh_frame      0x00000000001149a4       0x20 binaries/gettime.o
                                         0x4c (size before relaxing)
 .eh_frame      0x00000000001149c4       0x20 binaries/getutime.o
                                         0x4c (size before relaxing)
 .eh_frame      0x00000000001149e4       0x24 binaries/init.o
                                         0x50 (size before relaxing)
 .eh_frame      0x0000000000114a08       0xa4 binaries/initialize.o
                                         0xe4 (size before relaxing)
 .eh_frame      0x0000000000114aac       0x28 binaries/insert.o
                                         0x54 (size before relaxing)
 .eh_frame      0x0000000000114ad4       0x28 binaries/insertd.o
                                         0x54 (size before relaxing)
 .eh_frame      0x0000000000114afc       0x20 binaries/ioerr.o
                                         0x4c (size before relaxing)
 .eh_frame      0x0000000000114b1c       0x20 binaries/ionull.o
                                         0x4c (size before relaxing)
 .eh_frame      0x0000000000114b3c       0x2c binaries/kill.o
                                         0x58 (size before relaxing)
 .eh_frame      0x0000000000114b68       0x6c binaries/kprintf.o
                                         0xac (size before relaxing)
 .eh_frame      0x0000000000114bd4       0x60 binaries/main.o
                                         0x8c (size before relaxing)
 .eh_frame      0x0000000000114c34       0x48 binaries/mark.o
                                         0x74 (size before relaxing)
 .eh_frame      0x0000000000114c7c       0x24 binaries/mkbufpool.o
                                         0x50 (size before relaxing)
 .eh_frame      0x0000000000114ca0       0x24 binaries/newqueue.o
                                         0x50 (size before relaxing)
 .eh_frame      0x0000000000114cc4       0x24 binaries/open.o
                                         0x50 (size before relaxing)
 .eh_frame      0x0000000000114ce8       0x1c binaries/panic.o
                                         0x48 (size before relaxing)
 .eh_frame      0x0000000000114d04       0x40 binaries/platinit.o
                                         0x6c (size before relaxing)
 .eh_frame      0x0000000000114d44       0x24 binaries/ptclear.o
                                         0x50 (size before relaxing)
 .eh_frame      0x0000000000114d68       0x24 binaries/ptcount.o
                                         0x50 (size before relaxing)
 .eh_frame      0x0000000000114d8c       0x24 binaries/ptcreate.o
                                         0x50 (size before relaxing)
 .eh_frame      0x0000000000114db0       0x24 binaries/ptdelete.o
                                         0x50 (size before relaxing)
 .eh_frame      0x0000000000114dd4       0x24 binaries/ptinit.o
                                         0x50 (size before relaxing)
 .eh_frame      0x0000000000114df8       0x24 binaries/ptrecv.o
                                         0x50 (size before relaxing)
 .eh_frame      0x0000000000114e1c       0x24 binaries/ptreset.o
                                         0x50 (size before relaxing)
 .eh_frame      0x0000000000114e40       0x24 binaries/ptsend.o
                                         0x50 (size before relaxing)
 .eh_frame      0x0000000000114e64       0x24 binaries/putc.o
                                         0x50 (size before relaxing)
 .eh_frame      0x0000000000114e88       0x48 binaries/queue.o
                                         0x88 (size before relaxing)
 .eh_frame      0x0000000000114ed0       0x24 binaries/read.o
                                         0x50 (size before relaxing)
 .eh_frame      0x0000000000114ef4       0x28 binaries/ready.o
                                         0x54 (size before relaxing)
 .eh_frame      0x0000000000114f1c       0x24 binaries/receive.o
                                         0x50 (size before relaxing)
 .eh_frame      0x0000000000114f40       0x24 binaries/recvclr.o
                                         0x50 (size before relaxing)
 .eh_frame      0x0000000000114f64       0x24 binaries/recvtime.o
                                         0x50 (size before relaxing)
 .eh_frame      0x0000000000114f88       0x48 binaries/resched.o
                                         0x88 (size before relaxing)
 .eh_frame      0x0000000000114fd0       0x24 binaries/resume.o
                                         0x50 (size before relaxing)
 .eh_frame      0x0000000000114ff4       0x24 binaries/seek.o
                                         0x50 (size before relaxing)
 .eh_frame      0x0000000000115018       0x24 binaries/semcount.o
                                         0x50 (size before relaxing)
 .eh_frame      0x000000000011503c       0x48 binaries/semcreate.o
                                         0x88 (size before relaxing)
 .eh_frame      0x0000000000115084       0x24 binaries/semdelete.o
                                         0x50 (size before relaxing)
 .eh_frame      0x00000000001150a8       0x24 binaries/semreset.o
                                         0x50 (size before relaxing)
 .eh_frame      0x00000000001150cc       0x24 binaries/send.o
                                         0x50 (size before relaxing)
 .eh_frame      0x00000000001150f0       0x24 binaries/signal.o
                                         0x50 (size before relaxing)
 .eh_frame      0x0000000000115114       0x24 binaries/signaln.o
                                         0x50 (size before relaxing)
 .eh_frame      0x0000000000115138       0x44 binaries/sleep.o
                                         0x84 (size before relaxing)
 .eh_frame      0x000000000011517c       0x24 binaries/stacktrace.o
                                         0x50 (size before relaxing)
 .eh_frame      0x00000000001151a0       0x24 binaries/suspend.o
                                         0x50 (size before relaxing)
 .eh_frame      0x00000000001151c4       0x24 binaries/unsleep.o
                                         0x50 (size before relaxing)
 .eh_frame      0x00000000001151e8       0x24 binaries/userret.o
                                         0x50 (size before relaxing)
 .eh_frame      0x000000000011520c       0x54 binaries/vminit.o
                                         0x94 (size before relaxing)
 .eh_frame      0x0000000000115260       0x24 binaries/wait.o
                                         0x50 (size before relaxing)
 .eh_frame      0x0000000000115284       0x24 binaries/wakeup.o
                                         0x50 (size before relaxing)
 .eh_frame      0x00000000001152a8       0x24 binaries/write.o
                                         0x50 (size before relaxing)
 .eh_frame      0x00000000001152cc       0x24 binaries/xdone.o
                                         0x50 (size before relaxing)
 .eh_frame      0x00000000001152f0       0x24 binaries/yield.o
                                         0x50 (size before relaxing)
 .eh_frame      0x0000000000115314       0x20 binaries/abs.o
                                         0x4c (size before relaxing)
 .eh_frame      0x0000000000115334       0x20 binaries/atoi.o
                                         0x4c (size before relaxing)
 .eh_frame      0x0000000000115354       0x20 binaries/atol.o
                                         0x4c (size before relaxing)
 .eh_frame      0x0000000000115374       0x20 binaries/bzero.o
                                         0x4c (size before relaxing)
 .eh_frame      0x0000000000115394       0xec binaries/doprnt.o
                                        0x140 (size before relaxing)
 .eh_frame      0x0000000000115480       0xc8 binaries/doscan.o
                                         0xf4 (size before relaxing)
 .eh_frame      0x0000000000115548       0xcc binaries/fdoprnt.o
                                        0x10c (size before relaxing)
 .eh_frame      0x0000000000115614       0x24 binaries/fgetc.o
                                         0x50 (size before relaxing)
 .eh_frame      0x0000000000115638       0x24 binaries/fgets.o
                                         0x50 (size before relaxing)
 .eh_frame      0x000000000011565c       0x24 binaries/fprintf.o
                                         0x50 (size before relaxing)
 .eh_frame      0x0000000000115680       0x24 binaries/fputc.o
                                         0x50 (size before relaxing)
 .eh_frame      0x00000000001156a4       0x24 binaries/fputs.o
                                         0x50 (size before relaxing)
 .eh_frame      0x00000000001156c8       0x68 binaries/fscanf.o
                                         0x94 (size before relaxing)
 .eh_frame      0x0000000000115730       0x24 binaries/getchar.o
                                         0x50 (size before relaxing)
 .eh_frame      0x0000000000115754       0x20 binaries/labs.o
                                         0x4c (size before relaxing)
 .eh_frame      0x0000000000115774       0x20 binaries/memcmp.o
                                         0x4c (size before relaxing)
 .eh_frame      0x0000000000115794       0x28 binaries/memcpy.o
                                         0x54 (size before relaxing)
 .eh_frame      0x00000000001157bc       0x24 binaries/memset.o
                                         0x50 (size before relaxing)
 .eh_frame      0x00000000001157e0       0x24 binaries/printf.o
                                         0x50 (size before relaxing)
 .eh_frame      0x0000000000115804       0x24 binaries/putchar.o
                                         0x50 (size before relaxing)
 .eh_frame      0x0000000000115828       0xa4 binaries/qsort.o
                                         0xd0 (size before relaxing)
 .eh_frame      0x00000000001158cc       0x60 binaries/rand.o
                                         0x8c (size before relaxing)
 .eh_frame      0x000000000011592c       0x44 binaries/sprintf.o
                                         0x70 (size before relaxing)
 .eh_frame      0x0000000000115970       0x64 binaries/sscanf.o
                                         0x90 (size before relaxing)
 .eh_frame      0x00000000001159d4       0x20 binaries/strchr.o
                                         0x4c (size before relaxing)
 .eh_frame      0x00000000001159f4       0x20 binaries/strcmp.o
                                         0x4c (size before relaxing)
 .eh_frame      0x0000000000115a14       0x20 binaries/strcpy.o
                                         0x4c (size before relaxing)
 .eh_frame      0x0000000000115a34       0x20 binaries/strlen.o
                                         0x4c (size before relaxing)
 .eh_frame      0x0000000000115a54       0x20 binaries/strncat.o
                                         0x4c (size before relaxing)
 .eh_frame      0x0000000000115a74       0x20 binaries/strncmp.o
                                         0x4c (size before relaxing)
 .eh_frame      0x0000000000115a94       0x28 binaries/strncpy.o
                                         0x54 (size before relaxing)
 .eh_frame      0x0000000000115abc       0x20 binaries/strnlen.o
                                         0x4c (size before relaxing)
 .eh_frame      0x0000000000115adc       0x20 binaries/strrchr.o
                                         0x4c (size before relaxing)
 .eh_frame      0x0000000000115afc       0x20 binaries/strstr.o
                                         0x4c (size before relaxing)
 .eh_frame      0x0000000000115b1c       0x24 binaries/ttycontrol.o
                                         0x50 (size before relaxing)
 .eh_frame      0x0000000000115b40       0x24 binaries/ttygetc.o
                                         0x50 (size before relaxing)
 .eh_frame      0x0000000000115b64       0x88 binaries/ttyhandle_in.o
                                         0xdc (size before relaxing)
 .eh_frame      0x0000000000115bec       0x24 binaries/ttyhandle_out.o
                                         0x50 (size before relaxing)
 .eh_frame      0x0000000000115c10       0x24 binaries/ttyhandler.o
                                         0x50 (size before relaxing)
 .eh_frame      0x0000000000115c34       0x24 binaries/ttyinit.o
                                         0x50 (size before relaxing)
 .eh_frame      0x0000000000115c58       0x24 binaries/ttykickout.o
                                         0x50 (size before relaxing)
 .eh_frame      0x0000000000115c7c       0x24 binaries/ttyputc.o
                                         0x50 (size before relaxing)
 .eh_frame      0x0000000000115ca0       0x24 binaries/ttyread.o
                                         0x50 (size before relaxing)
 .eh_frame      0x0000000000115cc4       0x24 binaries/ttywrite.o
                                         0x50 (size before relaxing)
 .eh_frame      0x0000000000115ce8       0x44 binaries/mount.o
                                         0x84 (size before relaxing)
 .eh_frame      0x0000000000115d2c       0x24 binaries/naminit.o
                                         0x50 (size before relaxing)
 .eh_frame      0x0000000000115d50       0x68 binaries/nammap.o
                                         0xa8 (size before relaxing)
 .eh_frame      0x0000000000115db8       0x24 binaries/namopen.o
                                         0x50 (size before relaxing)
 .eh_frame      0x0000000000115ddc       0x20 binaries/ramclose.o
                                         0x4c (size before relaxing)
 .eh_frame      0x0000000000115dfc       0x24 binaries/raminit.o
                                         0x50 (size before relaxing)
 .eh_frame      0x0000000000115e20       0x20 binaries/ramopen.o
                                         0x4c (size before relaxing)
 .eh_frame      0x0000000000115e40       0x24 binaries/ramread.o
                                         0x50 (size before relaxing)
 .eh_frame      0x0000000000115e64       0x24 binaries/ramwrite.o
                                         0x50 (size before relaxing)
 .eh_frame      0x0000000000115e88       0x24 binaries/lfdballoc.o
                                         0x50 (size before relaxing)
 .eh_frame      0x0000000000115eac       0x24 binaries/lfdbfree.o
                                         0x50 (size before relaxing)
 .eh_frame      0x0000000000115ed0       0x24 binaries/lfflush.o
                                         0x50 (size before relaxing)
 .eh_frame      0x0000000000115ef4       0x20 binaries/lfgetmode.o
                                         0x4c (size before relaxing)
 .eh_frame      0x0000000000115f14       0x24 binaries/lfiballoc.o
                                         0x50 (size before relaxing)
 .eh_frame      0x0000000000115f38       0x20 binaries/lfibclear.o
                                         0x4c (size before relaxing)
 .eh_frame      0x0000000000115f58       0x24 binaries/lfibget.o
                                         0x50 (size before relaxing)
 .eh_frame      0x0000000000115f7c       0x24 binaries/lfibput.o
                                         0x50 (size before relaxing)
 .eh_frame      0x0000000000115fa0       0x24 binaries/lflclose.o
                                         0x50 (size before relaxing)
 .eh_frame      0x0000000000115fc4       0x24 binaries/lflcontrol.o
                                         0x50 (size before relaxing)
 .eh_frame      0x0000000000115fe8       0x24 binaries/lflgetc.o
                                         0x50 (size before relaxing)
 .eh_frame      0x000000000011600c       0x24 binaries/lflinit.o
                                         0x50 (size before relaxing)
 .eh_frame      0x0000000000116030       0x24 binaries/lflputc.o
                                         0x50 (size before relaxing)
 .eh_frame      0x0000000000116054       0x24 binaries/lflread.o
                                         0x50 (size before relaxing)
 .eh_frame      0x0000000000116078       0x24 binaries/lflseek.o
                                         0x50 (size before relaxing)
 .eh_frame      0x000000000011609c       0x24 binaries/lflwrite.o
                                         0x50 (size before relaxing)
 .eh_frame      0x00000000001160c0       0x20 binaries/lfscheck.o
                                         0x4c (size before relaxing)
 .eh_frame      0x00000000001160e0       0x24 binaries/lfsckfmt.o
                                         0x50 (size before relaxing)
 .eh_frame      0x0000000000116104       0x24 binaries/lfscreate.o
                                         0x50 (size before relaxing)
 .eh_frame      0x0000000000116128       0x24 binaries/lfsetup.o
                                         0x50 (size before relaxing)
 .eh_frame      0x000000000011614c       0x24 binaries/lfsinit.o
                                         0x50 (size before relaxing)
 .eh_frame      0x0000000000116170       0x24 binaries/lfsopen.o
                                         0x50 (size before relaxing)
 .eh_frame      0x0000000000116194       0x24 binaries/lftruncate.o
                                         0x50 (size before relaxing)
 .eh_frame      0x00000000001161b8       0x48 binaries/addargs.o
                                         0x88 (size before relaxing)
 .eh_frame      0x0000000000116200       0x20 binaries/lexan.o
                                         0x4c (size before relaxing)
 .eh_frame      0x0000000000116220       0x2c binaries/shell.o
                                         0x58 (size before relaxing)
 .eh_frame      0x000000000011624c       0x24 binaries/xsh_argecho.o
                                         0x50 (size before relaxing)
 .eh_frame      0x0000000000116270       0x2c binaries/xsh_cat.o
                                         0x58 (size before relaxing)
 .eh_frame      0x000000000011629c       0x28 binaries/xsh_clear.o
                                         0x54 (size before relaxing)
 .eh_frame      0x00000000001162c4       0x2c binaries/xsh_date.o
                                         0x58 (size before relaxing)
 .eh_frame      0x00000000001162f0       0x24 binaries/xsh_devdump.o
                                         0x50 (size before relaxing)
 .eh_frame      0x0000000000116314       0x24 binaries/xsh_echo.o
                                         0x50 (size before relaxing)
 .eh_frame      0x0000000000116338       0x20 binaries/xsh_exit.o
                                         0x4c (size before relaxing)
 .eh_frame      0x0000000000116358       0x2c binaries/xsh_help.o
                                         0x58 (size before relaxing)
 .eh_frame      0x0000000000116384       0x2c binaries/xsh_kill.o
                                         0x58 (size before relaxing)
 .eh_frame      0x00000000001163b0       0xe8 binaries/xsh_lab2.o
                                        0x114 (size before relaxing)
 .eh_frame      0x0000000000116498       0xb4 binaries/xsh_lab3.o
                                         0xf4 (size before relaxing)
 .eh_frame      0x000000000011654c       0x24 binaries/xsh_lab4.o
                                         0x50 (size before relaxing)
 .eh_frame      0x0000000000116570       0x4c binaries/xsh_memdump.o
                                         0x8c (size before relaxing)
 .eh_frame      0x00000000001165bc       0x74 binaries/xsh_memstat.o
                                         0xa0 (size before relaxing)
 .eh_frame      0x0000000000116630       0x30 binaries/xsh_ps.o
                                         0x5c (size before relaxing)
 .eh_frame      0x0000000000116660       0x2c binaries/xsh_sleep.o
                                         0x58 (size before relaxing)
 .eh_frame      0x000000000011668c       0x2c binaries/xsh_uptime.o
                                         0x58 (size before relaxing)

.iplt           0x00000000001166b8        0x0
 .iplt          0x00000000001166b8        0x0 binaries/start.o

.rel.dyn        0x00000000001166b8        0x0
 .rel.got       0x00000000001166b8        0x0 binaries/start.o
 .rel.iplt      0x00000000001166b8        0x0 binaries/start.o
 .rel.text      0x00000000001166b8        0x0 binaries/start.o

.data           0x00000000001166c0     0x1940
                0x00000000001166c0                data = ABSOLUTE (.)
 *(.data .data.*)
 .data          0x00000000001166c0      0x85e binaries/start.o
                0x00000000001166c0                gdt
                0x0000000000116710                idt
                0x0000000000116f16                kpgdir
                0x0000000000116f1a                cpudelay
 .data          0x0000000000116f1e        0x0 binaries/Lab4_alloc_free.o
 .data          0x0000000000116f1e        0x0 binaries/Lab4_do_stk_expend.o
 .data          0x0000000000116f1e        0x0 binaries/Lab4_fillpgentry.o
 .data          0x0000000000116f1e        0x0 binaries/Lab4_getheap.o
 .data          0x0000000000116f1e        0x0 binaries/Lab4_invlpg.o
 .data          0x0000000000116f1e        0x0 binaries/Lab4_log2ph.o
 .data          0x0000000000116f1e        0x0 binaries/Lab4_memlib.o
 .data          0x0000000000116f1e        0x0 binaries/Lab4_memory_pools.o
 .data          0x0000000000116f1e        0x0 binaries/ascdate.o
 *fill*         0x0000000000116f1e        0x2 
 .data.rel.local
                0x0000000000116f20       0x88 binaries/ascdate.o
                0x0000000000116f20                Date
 .data          0x0000000000116fa8        0x0 binaries/bufinit.o
 .data          0x0000000000116fa8        0x0 binaries/chprio.o
 .data          0x0000000000116fa8        0x0 binaries/clkhandler.o
 .data          0x0000000000116fa8        0x0 binaries/clkinit.o
 .data          0x0000000000116fa8        0x0 binaries/close.o
 .data          0x0000000000116fa8        0x0 binaries/conf.o
 *fill*         0x0000000000116fa8       0x18 
 .data.rel      0x0000000000116fc0      0x294 binaries/conf.o
                0x0000000000116fc0                devtab
 .data          0x0000000000117254        0x0 binaries/control.o
 .data          0x0000000000117254        0x4 binaries/create.o
 .data          0x0000000000117258        0x0 binaries/evec.o
 *fill*         0x0000000000117258        0x8 
 .data.rel.local
                0x0000000000117260       0x40 binaries/evec.o
                0x0000000000117260                inames
 .data          0x00000000001172a0        0x0 binaries/exit.o
 .data          0x00000000001172a0        0x0 binaries/freebuf.o
 .data          0x00000000001172a0        0x0 binaries/freemem.o
 .data          0x00000000001172a0        0x0 binaries/getbuf.o
 .data          0x00000000001172a0        0x0 binaries/getc.o
 .data          0x00000000001172a0        0x0 binaries/getdev.o
 .data          0x00000000001172a0        0x0 binaries/getitem.o
 .data          0x00000000001172a0        0x0 binaries/getmem.o
 .data          0x00000000001172a0        0x0 binaries/getpid.o
 .data          0x00000000001172a0        0x0 binaries/getprio.o
 .data          0x00000000001172a0        0x0 binaries/getstk.o
 .data          0x00000000001172a0        0x0 binaries/getticks.o
 .data          0x00000000001172a0        0x0 binaries/gettime.o
 .data          0x00000000001172a0        0x0 binaries/getutime.o
 .data          0x00000000001172a0        0x0 binaries/init.o
 .data          0x00000000001172a0        0x0 binaries/initialize.o
 .data          0x00000000001172a0        0x0 binaries/insert.o
 .data          0x00000000001172a0        0x0 binaries/insertd.o
 .data          0x00000000001172a0        0x0 binaries/ioerr.o
 .data          0x00000000001172a0        0x0 binaries/ionull.o
 .data          0x00000000001172a0        0x0 binaries/kill.o
 .data          0x00000000001172a0        0x0 binaries/kprintf.o
 .data          0x00000000001172a0        0x0 binaries/main.o
 .data          0x00000000001172a0        0x0 binaries/mark.o
 .data          0x00000000001172a0        0x0 binaries/mkbufpool.o
 .data          0x00000000001172a0        0x2 binaries/newqueue.o
 .data          0x00000000001172a2        0x0 binaries/open.o
 .data          0x00000000001172a2        0x0 binaries/panic.o
 .data          0x00000000001172a2        0x0 binaries/platinit.o
 .data          0x00000000001172a2        0x0 binaries/ptclear.o
 .data          0x00000000001172a2        0x0 binaries/ptcount.o
 .data          0x00000000001172a2        0x0 binaries/ptcreate.o
 .data          0x00000000001172a2        0x0 binaries/ptdelete.o
 .data          0x00000000001172a2        0x0 binaries/ptinit.o
 .data          0x00000000001172a2        0x0 binaries/ptrecv.o
 .data          0x00000000001172a2        0x0 binaries/ptreset.o
 .data          0x00000000001172a2        0x0 binaries/ptsend.o
 .data          0x00000000001172a2        0x0 binaries/putc.o
 .data          0x00000000001172a2        0x0 binaries/queue.o
 .data          0x00000000001172a2        0x0 binaries/read.o
 .data          0x00000000001172a2        0x0 binaries/ready.o
 .data          0x00000000001172a2        0x0 binaries/receive.o
 .data          0x00000000001172a2        0x0 binaries/recvclr.o
 .data          0x00000000001172a2        0x0 binaries/recvtime.o
 .data          0x00000000001172a2        0x0 binaries/resched.o
 .data          0x00000000001172a2        0x0 binaries/resume.o
 .data          0x00000000001172a2        0x0 binaries/seek.o
 .data          0x00000000001172a2        0x0 binaries/semcount.o
 .data          0x00000000001172a2        0x0 binaries/semcreate.o
 .data          0x00000000001172a2        0x0 binaries/semdelete.o
 .data          0x00000000001172a2        0x0 binaries/semreset.o
 .data          0x00000000001172a2        0x0 binaries/send.o
 .data          0x00000000001172a2        0x0 binaries/signal.o
 .data          0x00000000001172a2        0x0 binaries/signaln.o
 .data          0x00000000001172a2        0x0 binaries/sleep.o
 .data          0x00000000001172a2        0x0 binaries/stacktrace.o
 .data          0x00000000001172a2        0x0 binaries/suspend.o
 .data          0x00000000001172a2        0x0 binaries/unsleep.o
 .data          0x00000000001172a2        0x0 binaries/userret.o
 *fill*         0x00000000001172a2       0x1e 
 .data          0x00000000001172c0       0x64 binaries/vminit.o
                0x00000000001172c0                bootsign
                0x00000000001172c4                bootinfo
                0x00000000001172e0                gdt_copy
                0x0000000000117320                pgdir
 .data          0x0000000000117324        0x0 binaries/wait.o
 .data          0x0000000000117324        0x0 binaries/wakeup.o
 .data          0x0000000000117324        0x0 binaries/write.o
 .data          0x0000000000117324        0x0 binaries/xdone.o
 .data          0x0000000000117324        0x0 binaries/yield.o
 .data          0x0000000000117324        0x0 binaries/abs.o
 .data          0x0000000000117324        0x0 binaries/atoi.o
 .data          0x0000000000117324        0x0 binaries/atol.o
 .data          0x0000000000117324        0x0 binaries/bzero.o
 .data          0x0000000000117324        0x0 binaries/ctype_.o
 .data          0x0000000000117324        0x0 binaries/doprnt.o
 *fill*         0x0000000000117324       0x1c 
 .data          0x0000000000117340       0x80 binaries/doscan.o
                0x0000000000117340                _sctab
 .data          0x00000000001173c0        0x0 binaries/fdoprnt.o
 .data          0x00000000001173c0        0x0 binaries/fgetc.o
 .data          0x00000000001173c0        0x0 binaries/fgets.o
 .data          0x00000000001173c0        0x0 binaries/fprintf.o
 .data          0x00000000001173c0        0x0 binaries/fputc.o
 .data          0x00000000001173c0        0x0 binaries/fputs.o
 .data          0x00000000001173c0        0x0 binaries/fscanf.o
 .data          0x00000000001173c0        0x0 binaries/getchar.o
 .data          0x00000000001173c0        0x0 binaries/labs.o
 .data          0x00000000001173c0        0x0 binaries/memchr.o
 .data          0x00000000001173c0        0x0 binaries/memcmp.o
 .data          0x00000000001173c0        0x0 binaries/memcpy.o
 .data          0x00000000001173c0        0x0 binaries/memset.o
 .data          0x00000000001173c0        0x0 binaries/printf.o
 .data          0x00000000001173c0        0x0 binaries/putchar.o
 .data          0x00000000001173c0        0x0 binaries/qsort.o
 .data          0x00000000001173c0        0x4 binaries/rand.o
 .data          0x00000000001173c4        0x0 binaries/sprintf.o
 .data          0x00000000001173c4        0x0 binaries/sscanf.o
 .data          0x00000000001173c4        0x0 binaries/strchr.o
 .data          0x00000000001173c4        0x0 binaries/strcmp.o
 .data          0x00000000001173c4        0x0 binaries/strcpy.o
 .data          0x00000000001173c4        0x0 binaries/strlen.o
 .data          0x00000000001173c4        0x0 binaries/strncat.o
 .data          0x00000000001173c4        0x0 binaries/strncmp.o
 .data          0x00000000001173c4        0x0 binaries/strncpy.o
 .data          0x00000000001173c4        0x0 binaries/strnlen.o
 .data          0x00000000001173c4        0x0 binaries/strrchr.o
 .data          0x00000000001173c4        0x0 binaries/strstr.o
 .data          0x00000000001173c4        0x0 binaries/ttycontrol.o
 .data          0x00000000001173c4        0x0 binaries/ttygetc.o
 .data          0x00000000001173c4        0x0 binaries/ttyhandle_in.o
 .data          0x00000000001173c4        0x0 binaries/ttyhandle_out.o
 .data          0x00000000001173c4        0x0 binaries/ttyhandler.o
 .data          0x00000000001173c4        0x0 binaries/ttyinit.o
 .data          0x00000000001173c4        0x0 binaries/ttykickout.o
 .data          0x00000000001173c4        0x0 binaries/ttyputc.o
 .data          0x00000000001173c4        0x0 binaries/ttyread.o
 .data          0x00000000001173c4        0x0 binaries/ttywrite.o
 .data          0x00000000001173c4        0x0 binaries/mount.o
 .data          0x00000000001173c4        0x0 binaries/naminit.o
 .data          0x00000000001173c4        0x0 binaries/nammap.o
 .data          0x00000000001173c4        0x0 binaries/namopen.o
 .data          0x00000000001173c4        0x0 binaries/ramclose.o
 .data          0x00000000001173c4        0x0 binaries/raminit.o
 .data          0x00000000001173c4        0x0 binaries/ramopen.o
 .data          0x00000000001173c4        0x0 binaries/ramread.o
 .data          0x00000000001173c4        0x0 binaries/ramwrite.o
 .data          0x00000000001173c4        0x0 binaries/lfdballoc.o
 .data          0x00000000001173c4        0x0 binaries/lfdbfree.o
 .data          0x00000000001173c4        0x0 binaries/lfflush.o
 .data          0x00000000001173c4        0x0 binaries/lfgetmode.o
 .data          0x00000000001173c4        0x0 binaries/lfiballoc.o
 .data          0x00000000001173c4        0x0 binaries/lfibclear.o
 .data          0x00000000001173c4        0x0 binaries/lfibget.o
 .data          0x00000000001173c4        0x0 binaries/lfibput.o
 .data          0x00000000001173c4        0x0 binaries/lflclose.o
 .data          0x00000000001173c4        0x0 binaries/lflcontrol.o
 .data          0x00000000001173c4        0x0 binaries/lflgetc.o
 .data          0x00000000001173c4        0x0 binaries/lflinit.o
 .data          0x00000000001173c4        0x0 binaries/lflputc.o
 .data          0x00000000001173c4        0x0 binaries/lflread.o
 .data          0x00000000001173c4        0x0 binaries/lflseek.o
 .data          0x00000000001173c4        0x0 binaries/lflwrite.o
 .data          0x00000000001173c4        0x0 binaries/lfscheck.o
 .data          0x00000000001173c4        0x0 binaries/lfsckfmt.o
 .data          0x00000000001173c4        0x0 binaries/lfscreate.o
 .data          0x00000000001173c4        0x0 binaries/lfsetup.o
 .data          0x00000000001173c4        0x0 binaries/lfsinit.o
 .data          0x00000000001173c4        0x0 binaries/lfsopen.o
 .data          0x00000000001173c4        0x0 binaries/lftruncate.o
 .data          0x00000000001173c4        0x0 binaries/addargs.o
 .data          0x00000000001173c4        0x0 binaries/lexan.o
 .data          0x00000000001173c4        0x4 binaries/shell.o
                0x00000000001173c4                ncmd
 *fill*         0x00000000001173c8       0x18 
 .data.rel.ro   0x00000000001173e0       0xd8 binaries/shell.o
                0x00000000001173e0                cmdtab
 .data          0x00000000001174b8        0x0 binaries/xsh_argecho.o
 .data          0x00000000001174b8        0x0 binaries/xsh_cat.o
 .data          0x00000000001174b8        0x0 binaries/xsh_clear.o
 .data          0x00000000001174b8        0x0 binaries/xsh_date.o
 .data          0x00000000001174b8        0x0 binaries/xsh_devdump.o
 .data          0x00000000001174b8        0x0 binaries/xsh_echo.o
 .data          0x00000000001174b8        0x0 binaries/xsh_exit.o
 .data          0x00000000001174b8        0x0 binaries/xsh_help.o
 .data          0x00000000001174b8        0x0 binaries/xsh_kill.o
 .data          0x00000000001174b8        0x0 binaries/xsh_lab2.o
 .data          0x00000000001174b8        0x0 binaries/xsh_lab3.o
 .data          0x00000000001174b8        0x0 binaries/xsh_lab4.o
 .data          0x00000000001174b8        0x0 binaries/xsh_memdump.o
 .data          0x00000000001174b8        0x0 binaries/xsh_memstat.o
 *fill*         0x00000000001174b8        0x8 
 .data          0x00000000001174c0       0x20 binaries/xsh_ps.o
 .data          0x00000000001174e0        0x0 binaries/xsh_sleep.o
 .data          0x00000000001174e0        0x0 binaries/xsh_uptime.o
 .data          0x00000000001174e0        0x0 binaries/Lab3_create.o
 .data          0x00000000001174e0        0x0 binaries/Lab3_fprintf.o
 .data          0x00000000001174e0        0x0 binaries/Lab3_ltss.o
 .data          0x00000000001174e0        0x0 binaries/Lab3_printf.o
 .data          0x00000000001174e0        0x0 binaries/Lab3_read.o
 .data          0x00000000001174e0        0x0 binaries/Lab3_receive.o
 .data          0x00000000001174e0        0x0 binaries/Lab3_recvclr.o
 .data          0x00000000001174e0        0x0 binaries/Lab3_resume.o
 .data          0x00000000001174e0        0x0 binaries/Lab3_ret_k2u.o
 .data          0x00000000001174e0        0x0 binaries/Lab3_ret_u2k.o
 .data          0x00000000001174e0        0x0 binaries/Lab3_sleep.o
 .data          0x00000000001174e0        0x0 binaries/Lab3_sleepms.o
 .data          0x00000000001174e0        0x0 binaries/Lab4_addargs.o
 .data          0x00000000001174e0        0x0 binaries/Lab4_malloc_free.o
 .data          0x00000000001174e0        0x0 binaries/clkdisp.o
 .data          0x00000000001174e0        0x0 binaries/ctxsw.o
 .data          0x00000000001174e0        0x0 binaries/intr.o
                0x00000000001174e0                _saveint
 .data          0x00000000001174e0        0x0 binaries/ttydispatch.o
                0x00000000001174e0                edata = ABSOLUTE (.)
                0x0000000000118000                . = ALIGN (0x1000)
 *fill*         0x00000000001174e0      0xb20 

.got            0x0000000000118000        0x0
 .got           0x0000000000118000        0x0 binaries/start.o

.got.plt        0x0000000000118000        0xc
 .got.plt       0x0000000000118000        0xc binaries/start.o
                0x0000000000118000                _GLOBAL_OFFSET_TABLE_

.igot.plt       0x000000000011800c        0x0
 .igot.plt      0x000000000011800c        0x0 binaries/start.o

.bss            0x0000000000118020    0x1efe0
                0x0000000000118020                bss = ABSOLUTE (.)
 *(.bss .bss.*)
 .bss           0x0000000000118020        0x0 binaries/start.o
 .bss           0x0000000000118020        0x0 binaries/Lab4_alloc_free.o
 .bss           0x0000000000118020        0x0 binaries/Lab4_do_stk_expend.o
 .bss           0x0000000000118020        0x0 binaries/Lab4_fillpgentry.o
 .bss           0x0000000000118020        0x0 binaries/Lab4_getheap.o
 .bss           0x0000000000118020        0x0 binaries/Lab4_invlpg.o
 .bss           0x0000000000118020        0x0 binaries/Lab4_log2ph.o
 .bss           0x0000000000118020        0xc binaries/Lab4_memlib.o
 .bss           0x000000000011802c        0x0 binaries/Lab4_memory_pools.o
 .bss           0x000000000011802c        0x0 binaries/ascdate.o
 .bss           0x000000000011802c        0x0 binaries/bufinit.o
 .bss           0x000000000011802c        0x0 binaries/chprio.o
 .bss           0x000000000011802c        0x0 binaries/clkhandler.o
 .bss           0x000000000011802c        0x0 binaries/clkinit.o
 .bss           0x000000000011802c        0x0 binaries/close.o
 .bss           0x000000000011802c        0x0 binaries/conf.o
 .bss           0x000000000011802c        0x0 binaries/control.o
 .bss           0x000000000011802c        0x0 binaries/create.o
 .bss           0x000000000011802c        0x0 binaries/evec.o
 .bss           0x000000000011802c        0x0 binaries/exit.o
 .bss           0x000000000011802c        0x0 binaries/freebuf.o
 .bss           0x000000000011802c        0x0 binaries/freemem.o
 .bss           0x000000000011802c        0x0 binaries/getbuf.o
 .bss           0x000000000011802c        0x0 binaries/getc.o
 .bss           0x000000000011802c        0x0 binaries/getdev.o
 .bss           0x000000000011802c        0x0 binaries/getitem.o
 .bss           0x000000000011802c        0x0 binaries/getmem.o
 .bss           0x000000000011802c        0x0 binaries/getpid.o
 .bss           0x000000000011802c        0x0 binaries/getprio.o
 .bss           0x000000000011802c        0x0 binaries/getstk.o
 .bss           0x000000000011802c        0x0 binaries/getticks.o
 .bss           0x000000000011802c        0x0 binaries/gettime.o
 .bss           0x000000000011802c        0x0 binaries/getutime.o
 .bss           0x000000000011802c        0x0 binaries/init.o
 .bss           0x000000000011802c        0x0 binaries/initialize.o
 .bss           0x000000000011802c        0x0 binaries/insert.o
 .bss           0x000000000011802c        0x0 binaries/insertd.o
 .bss           0x000000000011802c        0x0 binaries/ioerr.o
 .bss           0x000000000011802c        0x0 binaries/ionull.o
 .bss           0x000000000011802c        0x0 binaries/kill.o
 .bss           0x000000000011802c        0x0 binaries/kprintf.o
 .bss           0x000000000011802c        0x0 binaries/main.o
 .bss           0x000000000011802c        0x0 binaries/mark.o
 .bss           0x000000000011802c        0x0 binaries/mkbufpool.o
 .bss           0x000000000011802c        0x0 binaries/newqueue.o
 .bss           0x000000000011802c        0x0 binaries/open.o
 .bss           0x000000000011802c        0x0 binaries/panic.o
 .bss           0x000000000011802c        0x0 binaries/platinit.o
 .bss           0x000000000011802c        0x0 binaries/ptclear.o
 .bss           0x000000000011802c        0x0 binaries/ptcount.o
 .bss           0x000000000011802c        0x0 binaries/ptcreate.o
 .bss           0x000000000011802c        0x0 binaries/ptdelete.o
 .bss           0x000000000011802c        0x0 binaries/ptinit.o
 .bss           0x000000000011802c        0x0 binaries/ptrecv.o
 .bss           0x000000000011802c        0x0 binaries/ptreset.o
 .bss           0x000000000011802c        0x0 binaries/ptsend.o
 .bss           0x000000000011802c        0x0 binaries/putc.o
 .bss           0x000000000011802c        0x0 binaries/queue.o
 .bss           0x000000000011802c        0x0 binaries/read.o
 .bss           0x000000000011802c        0x0 binaries/ready.o
 .bss           0x000000000011802c        0x0 binaries/receive.o
 .bss           0x000000000011802c        0x0 binaries/recvclr.o
 .bss           0x000000000011802c        0x0 binaries/recvtime.o
 .bss           0x000000000011802c        0x0 binaries/resched.o
 .bss           0x000000000011802c        0x0 binaries/resume.o
 .bss           0x000000000011802c        0x0 binaries/seek.o
 .bss           0x000000000011802c        0x0 binaries/semcount.o
 .bss           0x000000000011802c        0x4 binaries/semcreate.o
 .bss           0x0000000000118030        0x0 binaries/semdelete.o
 .bss           0x0000000000118030        0x0 binaries/semreset.o
 .bss           0x0000000000118030        0x0 binaries/send.o
 .bss           0x0000000000118030        0x0 binaries/signal.o
 .bss           0x0000000000118030        0x0 binaries/signaln.o
 .bss           0x0000000000118030        0x0 binaries/sleep.o
 .bss           0x0000000000118030        0x0 binaries/stacktrace.o
 .bss           0x0000000000118030        0x0 binaries/suspend.o
 .bss           0x0000000000118030        0x0 binaries/unsleep.o
 .bss           0x0000000000118030        0x0 binaries/userret.o
 .bss           0x0000000000118030        0x0 binaries/vminit.o
 .bss           0x0000000000118030        0x0 binaries/wait.o
 .bss           0x0000000000118030        0x0 binaries/wakeup.o
 .bss           0x0000000000118030        0x0 binaries/write.o
 .bss           0x0000000000118030        0x0 binaries/xdone.o
 .bss           0x0000000000118030        0x0 binaries/yield.o
 .bss           0x0000000000118030        0x0 binaries/abs.o
 .bss           0x0000000000118030        0x0 binaries/atoi.o
 .bss           0x0000000000118030        0x0 binaries/atol.o
 .bss           0x0000000000118030        0x0 binaries/bzero.o
 .bss           0x0000000000118030        0x0 binaries/ctype_.o
 .bss           0x0000000000118030        0x0 binaries/doprnt.o
 .bss           0x0000000000118030        0x0 binaries/doscan.o
 .bss           0x0000000000118030        0x0 binaries/fdoprnt.o
 .bss           0x0000000000118030        0x0 binaries/fgetc.o
 .bss           0x0000000000118030        0x0 binaries/fgets.o
 .bss           0x0000000000118030        0x0 binaries/fprintf.o
 .bss           0x0000000000118030        0x0 binaries/fputc.o
 .bss           0x0000000000118030        0x0 binaries/fputs.o
 .bss           0x0000000000118030        0x0 binaries/fscanf.o
 .bss           0x0000000000118030        0x0 binaries/getchar.o
 .bss           0x0000000000118030        0x0 binaries/labs.o
 .bss           0x0000000000118030        0x0 binaries/memchr.o
 .bss           0x0000000000118030        0x0 binaries/memcmp.o
 .bss           0x0000000000118030        0x0 binaries/memcpy.o
 .bss           0x0000000000118030        0x0 binaries/memset.o
 .bss           0x0000000000118030        0x0 binaries/printf.o
 .bss           0x0000000000118030        0x0 binaries/putchar.o
 .bss           0x0000000000118030        0x8 binaries/qsort.o
 .bss           0x0000000000118038        0x0 binaries/rand.o
 .bss           0x0000000000118038        0x0 binaries/sprintf.o
 .bss           0x0000000000118038        0x0 binaries/sscanf.o
 .bss           0x0000000000118038        0x0 binaries/strchr.o
 .bss           0x0000000000118038        0x0 binaries/strcmp.o
 .bss           0x0000000000118038        0x0 binaries/strcpy.o
 .bss           0x0000000000118038        0x0 binaries/strlen.o
 .bss           0x0000000000118038        0x0 binaries/strncat.o
 .bss           0x0000000000118038        0x0 binaries/strncmp.o
 .bss           0x0000000000118038        0x0 binaries/strncpy.o
 .bss           0x0000000000118038        0x0 binaries/strnlen.o
 .bss           0x0000000000118038        0x0 binaries/strrchr.o
 .bss           0x0000000000118038        0x0 binaries/strstr.o
 .bss           0x0000000000118038        0x0 binaries/ttycontrol.o
 .bss           0x0000000000118038        0x0 binaries/ttygetc.o
 .bss           0x0000000000118038        0x0 binaries/ttyhandle_in.o
 .bss           0x0000000000118038        0x0 binaries/ttyhandle_out.o
 .bss           0x0000000000118038        0x0 binaries/ttyhandler.o
 .bss           0x0000000000118038        0x0 binaries/ttyinit.o
 .bss           0x0000000000118038        0x0 binaries/ttykickout.o
 .bss           0x0000000000118038        0x0 binaries/ttyputc.o
 .bss           0x0000000000118038        0x0 binaries/ttyread.o
 .bss           0x0000000000118038        0x0 binaries/ttywrite.o
 .bss           0x0000000000118038        0x0 binaries/mount.o
 .bss           0x0000000000118038        0x0 binaries/naminit.o
 .bss           0x0000000000118038        0x0 binaries/nammap.o
 .bss           0x0000000000118038        0x0 binaries/namopen.o
 .bss           0x0000000000118038        0x0 binaries/ramclose.o
 .bss           0x0000000000118038        0x0 binaries/raminit.o
 .bss           0x0000000000118038        0x0 binaries/ramopen.o
 .bss           0x0000000000118038        0x0 binaries/ramread.o
 .bss           0x0000000000118038        0x0 binaries/ramwrite.o
 .bss           0x0000000000118038        0x0 binaries/lfdballoc.o
 .bss           0x0000000000118038        0x0 binaries/lfdbfree.o
 .bss           0x0000000000118038        0x0 binaries/lfflush.o
 .bss           0x0000000000118038        0x0 binaries/lfgetmode.o
 .bss           0x0000000000118038        0x0 binaries/lfiballoc.o
 .bss           0x0000000000118038        0x0 binaries/lfibclear.o
 .bss           0x0000000000118038        0x0 binaries/lfibget.o
 .bss           0x0000000000118038        0x0 binaries/lfibput.o
 .bss           0x0000000000118038        0x0 binaries/lflclose.o
 .bss           0x0000000000118038        0x0 binaries/lflcontrol.o
 .bss           0x0000000000118038        0x0 binaries/lflgetc.o
 .bss           0x0000000000118038        0x0 binaries/lflinit.o
 .bss           0x0000000000118038        0x0 binaries/lflputc.o
 .bss           0x0000000000118038        0x0 binaries/lflread.o
 .bss           0x0000000000118038        0x0 binaries/lflseek.o
 .bss           0x0000000000118038        0x0 binaries/lflwrite.o
 .bss           0x0000000000118038        0x0 binaries/lfscheck.o
 .bss           0x0000000000118038        0x0 binaries/lfsckfmt.o
 .bss           0x0000000000118038        0x0 binaries/lfscreate.o
 .bss           0x0000000000118038        0x0 binaries/lfsetup.o
 .bss           0x0000000000118038        0x0 binaries/lfsinit.o
 .bss           0x0000000000118038        0x0 binaries/lfsopen.o
 .bss           0x0000000000118038        0x0 binaries/lftruncate.o
 .bss           0x0000000000118038        0x0 binaries/addargs.o
 .bss           0x0000000000118038        0x0 binaries/lexan.o
 .bss           0x0000000000118038        0x0 binaries/shell.o
 .bss           0x0000000000118038        0x0 binaries/xsh_argecho.o
 .bss           0x0000000000118038        0x0 binaries/xsh_cat.o
 .bss           0x0000000000118038        0x0 binaries/xsh_clear.o
 .bss           0x0000000000118038        0x0 binaries/xsh_date.o
 .bss           0x0000000000118038        0x0 binaries/xsh_devdump.o
 .bss           0x0000000000118038        0x0 binaries/xsh_echo.o
 .bss           0x0000000000118038        0x0 binaries/xsh_exit.o
 .bss           0x0000000000118038        0x0 binaries/xsh_help.o
 .bss           0x0000000000118038        0x0 binaries/xsh_kill.o
 .bss           0x0000000000118038        0x0 binaries/xsh_lab2.o
 .bss           0x0000000000118038        0x0 binaries/xsh_lab3.o
 .bss           0x0000000000118038        0x0 binaries/xsh_lab4.o
 .bss           0x0000000000118038        0x0 binaries/xsh_memdump.o
 .bss           0x0000000000118038        0x0 binaries/xsh_memstat.o
 .bss           0x0000000000118038        0x0 binaries/xsh_ps.o
 .bss           0x0000000000118038        0x0 binaries/xsh_sleep.o
 .bss           0x0000000000118038        0x0 binaries/xsh_uptime.o
 .bss           0x0000000000118038        0x0 binaries/Lab3_create.o
 .bss           0x0000000000118038        0x0 binaries/Lab3_fprintf.o
 .bss           0x0000000000118038        0x0 binaries/Lab3_ltss.o
 .bss           0x0000000000118038        0x0 binaries/Lab3_printf.o
 .bss           0x0000000000118038        0x0 binaries/Lab3_read.o
 .bss           0x0000000000118038        0x0 binaries/Lab3_receive.o
 .bss           0x0000000000118038        0x0 binaries/Lab3_recvclr.o
 .bss           0x0000000000118038        0x0 binaries/Lab3_resume.o
 .bss           0x0000000000118038        0x0 binaries/Lab3_ret_k2u.o
 .bss           0x0000000000118038        0x0 binaries/Lab3_ret_u2k.o
 .bss           0x0000000000118038        0x0 binaries/Lab3_sleep.o
 .bss           0x0000000000118038        0x0 binaries/Lab3_sleepms.o
 .bss           0x0000000000118038        0x0 binaries/Lab4_addargs.o
 .bss           0x0000000000118038        0x0 binaries/Lab4_malloc_free.o
 .bss           0x0000000000118038        0x0 binaries/clkdisp.o
 .bss           0x0000000000118038        0x0 binaries/ctxsw.o
 .bss           0x0000000000118038        0x0 binaries/intr.o
 .bss           0x0000000000118038        0x0 binaries/ttydispatch.o
 *(COMMON)
 *fill*         0x0000000000118038        0x8 
 COMMON         0x0000000000118040       0x68 binaries/Lab4_alloc_free.o
                0x0000000000118040                TSS
 *fill*         0x00000000001180a8       0x18 
 COMMON         0x00000000001180c0       0xf4 binaries/bufinit.o
                0x00000000001180c0                buftab
                0x00000000001181b0                nbpools
 COMMON         0x00000000001181b4       0x10 binaries/clkinit.o
                0x00000000001181b4                sleepq
                0x00000000001181b8                preempt
                0x00000000001181bc                count1000
                0x00000000001181c0                clktime
 COMMON         0x00000000001181c4        0x2 binaries/evec.o
                0x00000000001181c4                girmask
 *fill*         0x00000000001181c6       0x1a 
 COMMON         0x00000000001181e0     0x2298 binaries/initialize.o
                0x00000000001181e0                currpid
                0x0000000000118200                proctab
                0x0000000000119fb0                prcount
                0x0000000000119fc0                semtab
                0x000000000011a470                memlist
 *fill*         0x000000000011a478        0x8 
 COMMON         0x000000000011a480       0x58 binaries/mark.o
                0x000000000011a480                marks
                0x000000000011a4d0                nmarks
                0x000000000011a4d4                mkmutex
 *fill*         0x000000000011a4d8        0x8 
 COMMON         0x000000000011a4e0      0x2d8 binaries/ptinit.o
                0x000000000011a4e0                porttab
                0x000000000011a7b0                ptnextid
                0x000000000011a7b4                ptfree
 *fill*         0x000000000011a7b8        0x8 
 COMMON         0x000000000011a7c0      0x980 binaries/queue.o
                0x000000000011a7c0                queuetab
 COMMON         0x000000000011b140        0x2 binaries/ready.o
                0x000000000011b140                readylist
 *fill*         0x000000000011b142        0x2 
 COMMON         0x000000000011b144        0x8 binaries/resched.o
                0x000000000011b144                Defer
 COMMON         0x000000000011b14c       0x14 binaries/vminit.o
                0x000000000011b14c                minheap
                0x000000000011b150                maxheap
                0x000000000011b154                kpg
                0x000000000011b15c                freelist
 COMMON         0x000000000011b160      0x110 binaries/ttyinit.o
                0x000000000011b160                ttytab